
> ai-powered-client-personas@1.0.0 test
> vitest run --silent


 RUN  v3.2.4 /Users/nikhilsrinivasan/Projects/ProjectAgents

 ❯ src/client/hooks/useChat.test.ts (19 tests | 7 failed) 90ms
   × useChat > initialization > should initialize with default state 23ms
     → expected true to be false // Object.is equality
   ✓ useChat > initialization > should auto-load history when autoLoad is true 7ms
   ✓ useChat > initialization > should not auto-load history when autoLoad is false 2ms
   × useChat > loadHistory > should load chat history successfully 3ms
     → expected 'msg-2' to be 'msg-1' // Object.is equality
   × useChat > loadHistory > should handle API errors when loading history 4ms
     → expected 'Network error' to be 'Failed to load chat history' // Object.is equality
   ✓ useChat > loadHistory > should handle HTTP error responses 2ms
   × useChat > loadHistory > should update hasMore flag correctly 2ms
     → expected false to be true // Object.is equality
   × useChat > loadMore > should load more messages for pagination 4ms
     → expected false to be true // Object.is equality
   × useChat > loadMore > should not load more if hasMore is false 7ms
     → expected "spy" to not be called at all, but actually been called 1 times[90m

Received: 

[1m  1st spy call:

[22m    Array [
      "http://localhost:3000/api/chat/history/project-123?limit=50&offset=50",
      Object {
        "headers": Object {
          "Authorization": "Bearer test-token",
          "Content-Type": "application/json",
        },
      },
    ]
[39m[90m

Number of calls: [1m1[22m
[39m
   ✓ useChat > searchMessages > should search messages successfully 3ms
   ✓ useChat > searchMessages > should return empty array for empty query 2ms
   ✓ useChat > searchMessages > should handle search errors gracefully 6ms
   × useChat > message operations > should mark message as read 2ms
     → expected [] to have a length of 1 but got +0
   ✓ useChat > message operations > should delete message successfully 3ms
   ✓ useChat > message operations > should handle delete message failure 3ms
   ✓ useChat > message operations > should clear messages 5ms
   ✓ useChat > real-time updates > should handle new messages from WebSocket 2ms
   ✓ useChat > real-time updates > should handle typing indicators 2ms
   ✓ useChat > real-time updates > should handle user presence updates 4ms
 ❯ src/server/middleware/roleCheck.test.ts (37 tests | 1 failed) 33ms
   ✓ Role-Based Access Control (RBAC) > Permission Checking Functions > hasPermission > should return true for student with project:read permission 3ms
   ✓ Role-Based Access Control (RBAC) > Permission Checking Functions > hasPermission > should return false for student with project:delete permission 0ms
   ✓ Role-Based Access Control (RBAC) > Permission Checking Functions > hasPermission > should return true for instructor with project:manage permission 0ms
   ✓ Role-Based Access Control (RBAC) > Permission Checking Functions > hasPermission > should return true for administrator with system:admin permission 0ms
   ✓ Role-Based Access Control (RBAC) > Permission Checking Functions > hasAnyPermission > should return true if user has any of the required permissions 0ms
   ✓ Role-Based Access Control (RBAC) > Permission Checking Functions > hasAnyPermission > should return false if user has none of the required permissions 0ms
   ✓ Role-Based Access Control (RBAC) > Permission Checking Functions > hasAllPermissions > should return true if user has all required permissions 0ms
   ✓ Role-Based Access Control (RBAC) > Permission Checking Functions > hasAllPermissions > should return false if user is missing any required permission 0ms
   ✓ Role-Based Access Control (RBAC) > Permission Checking Functions > getUserPermissions > should return correct permissions for student 0ms
   ✓ Role-Based Access Control (RBAC) > Permission Checking Functions > getUserPermissions > should return correct permissions for instructor 0ms
   ✓ Role-Based Access Control (RBAC) > Permission Checking Functions > getUserPermissions > should return correct permissions for administrator 0ms
   ✓ Role-Based Access Control (RBAC) > Resource Access Functions > canAccessResource > should return true for administrator regardless of resource 0ms
   ✓ Role-Based Access Control (RBAC) > Resource Access Functions > canAccessResource > should return false for student without permission 0ms
   ✓ Role-Based Access Control (RBAC) > Resource Access Functions > canAccessResource > should return true for student with permission and project access 0ms
   ✓ Role-Based Access Control (RBAC) > Resource Access Functions > canAccessResource > should return false for student with permission but no project access 0ms
   ✓ Role-Based Access Control (RBAC) > Resource Access Functions > canAccessResource > should allow users to access their own profile 0ms
   × Role-Based Access Control (RBAC) > Resource Access Functions > canAccessResource > should allow instructors to access other user profiles with user:manage permission 9ms
     → expected false to be true // Object.is equality
   ✓ Role-Based Access Control (RBAC) > Resource Access Functions > canPerformAction > should return true for user with permission and no resource check 0ms
   ✓ Role-Based Access Control (RBAC) > Resource Access Functions > canPerformAction > should return false for user without permission 0ms
   ✓ Role-Based Access Control (RBAC) > Resource Access Functions > canPerformAction > should check resource access when resource type and ID provided 0ms
   ✓ Role-Based Access Control (RBAC) > Middleware Functions > requirePermission > should call next() for user with required permission 0ms
   ✓ Role-Based Access Control (RBAC) > Middleware Functions > requirePermission > should return 403 for user without required permission 1ms
   ✓ Role-Based Access Control (RBAC) > Middleware Functions > requirePermission > should return 401 for unauthenticated user 0ms
   ✓ Role-Based Access Control (RBAC) > Middleware Functions > requireAnyPermission > should call next() for user with any required permission 0ms
   ✓ Role-Based Access Control (RBAC) > Middleware Functions > requireAnyPermission > should return 403 for user without any required permission 1ms
   ✓ Role-Based Access Control (RBAC) > Middleware Functions > requireAllPermissions > should call next() for user with all required permissions 0ms
   ✓ Role-Based Access Control (RBAC) > Middleware Functions > requireAllPermissions > should return 403 for user missing any required permission 0ms
   ✓ Role-Based Access Control (RBAC) > Middleware Functions > requireRole > should call next() for user with required role 0ms
   ✓ Role-Based Access Control (RBAC) > Middleware Functions > requireRole > should return 403 for user without required role 4ms
   ✓ Role-Based Access Control (RBAC) > Middleware Functions > requireResourceAccess > should call next() for user with resource access 7ms
   ✓ Role-Based Access Control (RBAC) > Middleware Functions > requireResourceAccess > should return 403 for user without resource access 1ms
   ✓ Role-Based Access Control (RBAC) > Middleware Functions > requireResourceAccess > should return 400 for missing resource ID 1ms
   ✓ Role-Based Access Control (RBAC) > Middleware Functions > requireResourceAccess > should return 500 for database error 0ms
   ✓ Role-Based Access Control (RBAC) > Permission Constants > should export correct permission constants 0ms
   ✓ Role-Based Access Control (RBAC) > Role Permissions Mapping > should have correct permissions for student role 0ms
   ✓ Role-Based Access Control (RBAC) > Role Permissions Mapping > should have correct permissions for instructor role 0ms
   ✓ Role-Based Access Control (RBAC) > Role Permissions Mapping > should have correct permissions for administrator role 0ms
 ❯ src/client/hooks/useWebSocket.test.ts (25 tests | 11 failed) 55ms
   × useWebSocket > initialization > should create socket with correct configuration 19ms
     → expected "lookup" to be called with arguments: [ 'ws://localhost:3000', { …(7) } ][90m

Number of calls: [1m0[22m
[39m
   ✓ useWebSocket > initialization > should auto-connect when autoConnect is true 3ms
   ✓ useWebSocket > initialization > should not auto-connect when autoConnect is false 1ms
   × useWebSocket > initialization > should set error when auth token is missing 4ms
     → expected null to be 'Authentication token required' // Object.is equality
   ✓ useWebSocket > connection management > should connect successfully 1ms
   ✓ useWebSocket > connection management > should handle successful connection 2ms
   ✓ useWebSocket > connection management > should handle connection error 4ms
   ✓ useWebSocket > connection management > should handle disconnection 2ms
   ✓ useWebSocket > connection management > should disconnect properly 4ms
   ✓ useWebSocket > project room management > should join project room 2ms
   ✓ useWebSocket > project room management > should leave project room 1ms
   ✓ useWebSocket > project room management > should not emit events when socket is not connected 0ms
   ✓ useWebSocket > message sending > should send chat message 1ms
   ✓ useWebSocket > message sending > should send message with custom type 0ms
   ✓ useWebSocket > message sending > should send typing indicators 3ms
   ✓ useWebSocket > message sending > should send presence updates 1ms
   × useWebSocket > event callbacks > should register message callback 1ms
     → jest is not defined
   × useWebSocket > event callbacks > should register typing callback 0ms
     → jest is not defined
   × useWebSocket > event callbacks > should register presence callback 1ms
     → jest is not defined
   × useWebSocket > event callbacks > should register error callback 0ms
     → jest is not defined
   × useWebSocket > event callbacks > should register connect callback 0ms
     → jest is not defined
   × useWebSocket > event callbacks > should register disconnect callback 0ms
     → jest is not defined
   × useWebSocket > reconnection > should attempt reconnection on disconnect 0ms
     → jest is not defined
   × useWebSocket > reconnection > should stop reconnection attempts after max attempts 0ms
     → jest is not defined
   × useWebSocket > cleanup > should disconnect socket on unmount 2ms
     → expected "spy" to be called at least once
 ✓ src/client/components/Personas/MidProjectPersonaAddition.test.tsx (15 tests) 452ms
 ✓ src/server/services/personaService.test.ts (18 tests) 210ms
 ✓ src/server/config/websocket.test.ts (16 tests) 15ms
 ✓ src/client/components/Personas/PersonaMoodConsistency.test.tsx (11 tests) 128ms
 ✓ src/client/components/Personas/PersonaEditModal.test.tsx (11 tests) 124ms
 ✓ src/server/config/database.test.ts (3 tests) 4ms
 ✓ src/server/services/chatService.test.ts (21 tests | 3 skipped) 34ms
 ✓ src/debug.test.js (1 test) 2ms
 ✓ src/basic.test.ts (2 tests) 1ms
 ❯ src/client/components/Personas/PersonaCustomization.test.tsx (21 tests | 3 failed) 3313ms
   ✓ PersonaCustomization > renders the customization interface with persona data 64ms
   ✓ PersonaCustomization > loads persona data on mount 8ms
   ✓ PersonaCustomization > displays tab navigation 18ms
   ✓ PersonaCustomization > switches between tabs 39ms
   ✓ PersonaCustomization > updates personality consistency level 42ms
   × PersonaCustomization > updates mood baseline 1024ms
     → Found multiple elements with the display value: 50.

Here are the matching elements:

Ignored nodes: comments, script, style
[36m<input[39m
  [33mclass[39m=[32m"w-full"[39m
  [33mmax[39m=[32m"100"[39m
  [33mmin[39m=[32m"-100"[39m
  [33mtype[39m=[32m"range"[39m
  [33mvalue[39m=[32m"50"[39m
[36m/>[39m

Ignored nodes: comments, script, style
[36m<input[39m
  [33mclass[39m=[32m"w-full"[39m
  [33mmax[39m=[32m"100"[39m
  [33mmin[39m=[32m"0"[39m
  [33mtype[39m=[32m"range"[39m
  [33mvalue[39m=[32m"50"[39m
[36m/>[39m

(If this is intentional, then use the `*AllBy*` variant of the query (like `queryAllByText`, `getAllByText`, or `findAllByText`)).

Ignored nodes: comments, script, style
[36m<body>[39m
  [36m<div>[39m
    [36m<div[39m
      [33mclass[39m=[32m"max-w-6xl mx-auto p-6 bg-white rounded-lg shadow-lg"[39m
    [36m>[39m
      [36m<div[39m
        [33mclass[39m=[32m"flex justify-between items-center mb-6"[39m
      [36m>[39m
        [36m<h2[39m
          [33mclass[39m=[32m"text-2xl font-bold text-gray-800"[39m
        [36m>[39m
          [0mCustomize Persona: [0m
          [0mJohn Doe[0m
        [36m</h2>[39m
        [36m<div[39m
          [33mclass[39m=[32m"text-sm text-gray-600"[39m
        [36m>[39m
          [0mRole: [0m
          [0mProduct Manager[0m
        [36m</div>[39m
      [36m</div>[39m
      [36m<div[39m
        [33mclass[39m=[32m"border-b border-gray-200 mb-6"[39m
      [36m>[39m
        [36m<nav[39m
          [33mclass[39m=[32m"flex space-x-8"[39m
        [36m>[39m
          [36m<button[39m
            [33mclass[39m=[32m"py-2 px-1 border-b-2 font-medium text-sm border-transparent text-gray-500 hover:text-gray-700 hover:border-gray-300"[39m
          [36m>[39m
            [0mPersonality[0m
          [36m</button>[39m
          [36m<button[39m
            [33mclass[39m=[32m"py-2 px-1 border-b-2 font-medium text-sm border-blue-500 text-blue-600"[39m
          [36m>[39m
            [0mMood & Behavior[0m
          [36m</button>[39m
          [36m<button[39m
            [33mclass[39m=[32m"py-2 px-1 border-b-2 font-medium text-sm border-transparent text-gray-500 hover:text-gray-700 hover:border-gray-300"[39m
          [36m>[39m
            [0mResponse Style[0m
          [36m</button>[39m
          [36m<button[39m
            [33mclass[39m=[32m"py-2 px-1 border-b-2 font-medium text-sm border-transparent text-gray-500 hover:text-gray-700 hover:border-gray-300"[39m
          [36m>[39m
            [0mAI Configuration[0m
          [36m</button>[39m
          [36m<button[39m
            [33mclass[39m=[32m"py-2 px-1 border-b-2 font-medium text-sm border-transparent text-gray-500 hover:text-gray-700 hover:border-gray-300"[39m
          [36m>[39m
            [0mScenarios[0m
          [36m</button>[39m
          [36m<button[39m
            [33mclass[39m=[32m"py-2 px-1 border-b-2 font-medium text-sm border-transparent text-gray-500 hover:text-gray-700 hover:border-gray-300"[39m
          [36m>[39m
            [0mAvailability[0m
          [36m</button>[39m
        [36m</nav>[39m
      [36m</div>[39m
      [36m<form[39m
        [33mclass[39m=[32m"space-y-6"[39m
      [36m>[39m
        [36m<div[39m
          [33mclass[39m=[32m"space-y-6"[39m
        [36m>[39m
          [36m<div[39m
            [33mclass[39m=[32m"grid grid-cols-1 md:grid-cols-2 gap-6"[39m
          [36m>[39m
            [36m<div>[39m
              [36m<label[39m
                [33mclass[39m=[32m"block text-sm font-medium text-gray-700 mb-2"[39m
              [36m>[39m
                [0mBaseline Mood: [0m
                [0m50[0m
              [36m</label>[39m
              [36m<input[39m
                [33mclass[39m=[32m"w-full"[39m
                [33mmax[39m=[32m"100"[39m
                [33mmin[39m=[32m"-100"[39m
                [33mtype[39m=[32m"range"[39m
                [33mvalue[39m=[32m"50"[39m
              [36m/>[39m
              [36m<div[39m
                [33mclass[39m=[32m"flex justify-between text-xs text-gray-500"[39m
              [36m>[39m
                [36m<span>[39m
                  [0mNegative[0m
                [36m</span>[39m
                [36m<span>[39m
                  [0mNeutral[0m
                [36m</span>[39m
                [36m<span>[39m
                  [0mPositive[0m
                [36m</span>[39m
              [36m</div>[39m
            [36m</div>[39m
            [36m<div>[39m
              [36m<label[39m
                [33mclass[39m=[32m"block text-sm font-medium text-gray-700 mb-2"[39m
              [36m>[39m
                [0mMood Volatility: [0m
                [0m30[0m
                [0m%[0m
              [36m</label>[39m
              [36m<input[39m
                [33mclass[39m=[32m"w-full"[39m
                [33mmax[39m=[32m"100"[39m
                [33mmin[39m=[32m"0"[39m
                [33mtype[39m=[32m"range"[39m
                [33mvalue[39m=[32m"30"[39m
              [36m/>[39m
              [36m<div[39m
                [33mclass[39m=[32m"flex justify-between text-xs text-gray-500"[39m
              [36m>[39m
                [36m<span>[39m
                  [0mStable[0m
                [36m</span>[39m
                [36m<span>[39m
                  [0mVariable[0m
                [36m</span>[39m
              [36m</div>[39m
            [36m</div>[39m
          [36m</div>[39m
          [36m<div>[39m
            [36m<label[39m
              [33mclass[39m=[32m"block text-sm font-medium text-gray-700 mb-2"[39m
            [36m>[39m
              [0mMood Recovery Rate: [0m
              [0m50[0m
              [0m%[0m
            [36m</label>[39m
            [36m<input[39m
              [33mclass[39m=[32m"w-full"[39m
              [33mmax[39m=[32m"100"[39m
              [33mmin[39m=[32m"0"[39m
              [33mtype[39m=[32m"range"[39m
              [33mvalue[39m=[32m"50"[39m
            [36m/>[39m
            [36m<div[39m
              [33mclass[39m=[32m"flex justify-between text-xs text-gray-500"[39m
            [36m>[39m
              [36m<span>[39m
                [0mSlow[0m
              [36m</span>[39m
              [36m<span>[39m
                [0mFast[0m
              [36m</span>[39m
            [36m</div>[39m
          [36m</div>[39m
          [36m<div>[39m
            [36m<h3[39m
              [33mclass[39m=[32m"text-lg font-semibold text-gray-800 mb-3"[39m
            [36m>[39m
              [0mMood Triggers[0m
            [36m</h3>[39m
            [36m<div[39m
              [33mclass[39m=[32m"space-y-3"[39m
            [36m/>[39m
            [36m<div[39m
              [33mclass[39m=[32m"mt-4 p-4 border border-gray-300 rounded"[39m
            [36m>[39m
              [36m<h4[39m
                [33mclass[39m=[32m"font-medium mb-3"[39m
              [36m>[39m
                [0mAdd New Trigger[0m
              [36m</h4>[39m
              [36m<div[39m
                [33mclass[39m=[32m"grid grid-cols-1 md:grid-cols-3 gap-3 mb-3"[39m
              [36m>[39m
                [36m<input[39m
                  [33mclass[39m=[32m"px-3 py-2 border border-gray-300 rounded-md"[39m
                  [33mplaceholder[39m=[32m"Trigger type"[39m
                  [33mtype[39m=[32m"text"[39m
                  [33mvalue[39m=[32m""[39m
                [36m/>[39m
                [36m<input[39m
                  [33mclass[39m=[32m"px-3 py-2 border border-gray-300 rounded-md"[39m
                  [33mplaceholder[39m=[32m"Description"[39m
                  [33mtype[39m=[32m"text"[39m
                  [33mvalue[39m=[32m""[39m
                [36m/>[39m
                [36m<input[39m
                  [33mclass[39m=[32m"px-3 py-2 border border-gray-300 rounded-md"[39m
                  [33mplaceholder[39m=[32m"Impact (-100 to 100)"[39m
                  [33mtype[39m=[32m"number"[39m
                  [33mvalue[39m=[32m"0"[39m
                [36m/>[39m
              [36m</div>[39m
              [36m<button[39m
                [33mclass[39m=[32m"px-4 py-2 bg-blue-500 text-white rounded-md hover:bg-blue-600 disabled:bg-gray-300"[39m
                [33mdisabled[39m=[32m""[39m
                [33mtype[39m=[32m"button"[39m
              [36m>[39m
                [0mAdd Trigger[0m
              [36m</button>[39m
            [36m</div>[39m
          [36m</div>[39m
        [36m</div>[39m
        [36m<div[39m
          [33mclass[39m=[32m"flex justify-end gap-4 pt-6 border-t"[39m
        [36m>[39m
          [36m<button[39m
            [33mclass[39m=[32m"px-6 py-2 border border-gray-300 text-gray-700 rounded-md hover:bg-gray-50 transition-colors"[39m
            [33mtype[39m=[32m"button"[39m
          [36m>[39m
            [0mCancel[0m
          [36m</button>[39m
          [36m<button[39m
            [33mclass[39m=[32m"px-6 py-2 bg-blue-500 text-white rounded-md hover:bg-blue-600 disabled:bg-gray-300 disabled:cursor-not-allowed transition-colors"[39m
            [33mtype[39m=[32m"submit"[39m
          [36m>[39m
            [0mSave Customization[0m
          [36m</button>[39m
        [36m</div>[39m
      [36m</form>[39m
    [36m</div>[39m
  [36m</div>[39m
[36m</body>[39m

Ignored nodes: comments, script, style
[36m<html>[39m
  [36m<head />[39m
  [36m<body>[39m
    [36m<div>[39m
      [36m<div[39m
        [33mclass[39m=[32m"max-w-6xl mx-auto p-6 bg-white rounded-lg shadow-lg"[39m
      [36m>[39m
        [36m<div[39m
          [33mclass[39m=[32m"flex justify-between items-center mb-6"[39m
        [36m>[39m
          [36m<h2[39m
            [33mclass[39m=[32m"text-2xl font-bold text-gray-800"[39m
          [36m>[39m
            [0mCustomize Persona: [0m
            [0mJohn Doe[0m
          [36m</h2>[39m
          [36m<div[39m
            [33mclass[39m=[32m"text-sm text-gray-600"[39m
          [36m>[39m
            [0mRole: [0m
            [0mProduct Manager[0m
          [36m</div>[39m
        [36m</div>[39m
        [36m<div[39m
          [33mclass[39m=[32m"border-b border-gray-200 mb-6"[39m
        [36m>[39m
          [36m<nav[39m
            [33mclass[39m=[32m"flex space-x-8"[39m
          [36m>[39m
            [36m<button[39m
              [33mclass[39m=[32m"py-2 px-1 border-b-2 font-medium text-sm border-transparent text-gray-500 hover:text-gray-700 hover:border-gray-300"[39m
            [36m>[39m
              [0mPersonality[0m
            [36m</button>[39m
            [36m<button[39m
              [33mclass[39m=[32m"py-2 px-1 border-b-2 font-medium text-sm border-blue-500 text-blue-600"[39m
            [36m>[39m
              [0mMood & Behavior[0m
            [36m</button>[39m
            [36m<button[39m
              [33mclass[39m=[32m"py-2 px-1 border-b-2 font-medium text-sm border-transparent text-gray-500 hover:text-gray-700 hover:border-gray-300"[39m
            [36m>[39m
              [0mResponse Style[0m
            [36m</button>[39m
            [36m<button[39m
              [33mclass[39m=[32m"py-2 px-1 border-b-2 font-medium text-sm border-transparent text-gray-500 hover:text-gray-700 hover:border-gray-300"[39m
            [36m>[39m
              [0mAI Configuration[0m
            [36m</button>[39m
            [36m<button[39m
              [33mclass[39m=[32m"py-2 px-1 border-b-2 font-medium text-sm border-transparent text-gray-500 hover:text-gray-700 hover:border-gray-300"[39m
            [36m>[39m
              [0mScenarios[0m
            [36m</button>[39m
            [36m<button[39m
              [33mclass[39m=[32m"py-2 px-1 border-b-2 font-medium text-sm border-transparent text-gray-500 hover:text-gray-700 hover:border-gray-300"[39m
            [36m>[39m
              [0mAvailability[0m
            [36m</button>[39m
          [36m</nav>[39m
        [36m</div>[39m
        [36m<form[39m
          [33mclass[39m=[32m"space-y-6"[39m
        [36m>[39m
          [36m<div[39m
            [33mclass[39m=[32m"space-y-6"[39m
          [36m>[39m
            [36m<div[39m
              [33mclass[39m=[32m"grid grid-cols-1 md:grid-cols-2 gap-6"[39m
            [36m>[39m
              [36m<div>[39m
                [36m<label[39m
                  [33mclass[39m=[32m"block text-sm font-medium text-gray-700 mb-2"[39m
                [36m>[39m
                  [0mBaseline Mood: [0m
                  [0m50[0m
                [36m</label>[39m
                [36m<input[39m
                  [33mclass[39m=[32m"w-full"[39m
                  [33mmax[39m=[32m"100"[39m
                  [33mmin[39m=[32m"-100"[39m
                  [33mtype[39m=[32m"range"[39m
                  [33mvalue[39m=[32m"50"[39m
                [36m/>[39m
                [36m<div[39m
                  [33mclass[39m=[32m"flex justify-between text-xs text-gray-500"[39m
                [36m>[39m
                  [36m<span>[39m
                    [0mNegative[0m
                  [36m</span>[39m
                  [36m<span>[39m
                    [0mNeutral[0m
                  [36m</span>[39m
                  [36m<span>[39m
                    [0mPositive[0m
                  [36m</span>[39m
                [36m</div>[39m
              [36m</div>[39m
              [36m<div>[39m
                [36m<label[39m
                  [33mclass[39m=[32m"block text-sm font-medium text-gray-700 mb-2"[39m
                [36m>[39m
                  [0mMood Volatility: [0m
                  [0m30[0m
                  [0m%[0m
                [36m</label>[39m
                [36m<input[39m
                  [33mclass[39m=[32m"w-full"[39m
                  [33mmax[39m=[32m"100"[39m
                  [33mmin[39m=[32m"0"[39m
                  [33mtype[39m=[32m"range"[39m
                  [33mvalue[39m=[32m"30"[39m
                [36m/>[39m
                [36m<div[39m
                  [33mclass[39m=[32m"flex justify-between text-xs text-gray-500"[39m
                [36m>[39m
                  [36m<span>[39m
                    [0mStable[0m
                  [36m</span>[39m
                  [36m<span>[39m
                    [0mVariable[0m
                  [36m</span>[39m
                [36m</div>[39m
              [36m</div>[39m
            [36m</div>[39m
            [36m<div>[39m
              [36m<label[39m
                [33mclass[39m=[32m"block text-sm font-medium text-gray-700 mb-2"[39m
              [36m>[39m
                [0mMood Recovery Rate: [0m
                [0m50[0m
                [0m%[0m
              [36m</label>[39m
              [36m<input[39m
                [33mclass[39m=[32m"w-full"[39m
                [33mmax[39m=[32m"100"[39m
                [33mmin[39m=[32m"0"[39m
                [33mtype[39m=[32m"range"[39m
                [33mvalue[39m=[32m"50"[39m
              [36m/>[39m
              [36m<div[39m
                [33mclass[39m=[32m"flex justify-between text-xs text-gray-500"[39m
              [36m>[39m
                [36m<span>[39m
                  [0mSlow[0m
                [36m</span>[39m
                [36m<span>[39m
                  [0mFast[0m
                [36m</span>[39m
              [36m</div>[39m
            [36m</div>[39m
            [36m<div>[39m
              [36m<h3[39m
                [33mclass[39m=[32m"text-lg font-semibold text-gray-800 mb-3"[39m
              [36m>[39m
                [0mMood Triggers[0m
              [36m</h3>[39m
              [36m<div[39m
                [33mclass[39m=[32m"space-y-3"[39m
              [36m/>[39m
              [36m<div[39m
                [33mclass[39m=[32m"mt-4 p-4 border border-gray-300 rounded"[39m
              [36m>[39m
                [36m<h4[39m
                  [33mclass[39m=[32m"font-medium mb-3"[39m
                [36m>[39m
                  [0mAdd New Trigger[0m
                [36m</h4>[39m
                [36m<div[39m
                  [33mclass[39m=[32m"grid grid-cols-1 md:grid-cols-3 gap-3 mb-3"[39m
                [36m>[39m
                  [36m<input[39m
                    [33mclass[39m=[32m"px-3 py-2 border border-gray-300 rounded-md"[39m
                    [33mplaceholder[39m=[32m"Trigger type"[39m
                    [33mtype[39m=[32m"text"[39m
                    [33mvalue[39m=[32m""[39m
                  [36m/>[39m
                  [36m<input[39m
                    [33mclass[39m=[32m"px-3 py-2 border border-gray-300 rounded-md"[39m
                    [33mplaceholder[39m=[32m"Description"[39m
                    [33mtype[39m=[32m"text"[39m
                    [33mvalue[39m=[32m""[39m
                  [36m/>[39m
                  [36m<input[39m
                    [33mclass[39m=[32m"px-3 py-2 border border-gray-300 rounded-md"[39m
                    [33mplaceholder[39m=[32m"Impact (-100 to 100)"[39m
                    [33mtype[39m=[32m"number"[39m
                    [33mvalue[39m=[32m"0"[39m
                  [36m/>[39m
                [36m</div>[39m
                [36m<button[39m
                  [33mclass[39m=[32m"px-4 py-2 bg-blue-500 text-white rounded-md hover:bg-blue-600 disabled:bg-gray-300"[39m
                  [33mdisabled[39m=[32m""[39m
                  [33mtype[39m=[32m"button"[39m
                [36m>[39m
                  [0mAdd Trigger[0m
                [36m</button>[39m
              [36m</div>[39m
            [36m</div>[39m
          [36m</div>[39m
          [36m<div[39m
            [33mclass[39m=[32m"flex justify-end gap-4 pt-6 border-t"[39m
          [36m>[39m
            [36m<button[39m
              [33mclass[39m=[32m"px-6 py-2 border border-gray-300 text-gray-700 rounded-md hover:bg-gray-50 transition-colors"[39m
              [33mtype[39m=[32m"button"[39m
            [36m>[39m
              [0mCancel[0m
            [36m</button>[39m
            [36m<button[39m
              [33mclass[39m=[32m"px-6 py-2 bg-blue-500 text-white rounded-md hover:bg-blue-600 disabled:bg-gray-300 disabled:cursor-not-allowed transition-colors"[39m
              [33mtype[39m=[32m"submit"[39m
            [36m>[39m
              [0mSave Customization[0m
            [36m</button>[39m
          [36m</div>[39m
        [36m</form>[39m
      [36m</div>[39m
    [36m</div>[39m
  [36m</body>[39m
[36m</html>[39m
   ✓ PersonaCustomization > adds mood triggers 24ms
   ✓ PersonaCustomization > removes mood triggers 11ms
   × PersonaCustomization > updates response style settings 1010ms
     → Unable to find an element with the display value: moderate.

Ignored nodes: comments, script, style
[36m<body>[39m
  [36m<div>[39m
    [36m<div[39m
      [33mclass[39m=[32m"max-w-6xl mx-auto p-6 bg-white rounded-lg shadow-lg"[39m
    [36m>[39m
      [36m<div[39m
        [33mclass[39m=[32m"flex justify-between items-center mb-6"[39m
      [36m>[39m
        [36m<h2[39m
          [33mclass[39m=[32m"text-2xl font-bold text-gray-800"[39m
        [36m>[39m
          [0mCustomize Persona: [0m
          [0mJohn Doe[0m
        [36m</h2>[39m
        [36m<div[39m
          [33mclass[39m=[32m"text-sm text-gray-600"[39m
        [36m>[39m
          [0mRole: [0m
          [0mProduct Manager[0m
        [36m</div>[39m
      [36m</div>[39m
      [36m<div[39m
        [33mclass[39m=[32m"border-b border-gray-200 mb-6"[39m
      [36m>[39m
        [36m<nav[39m
          [33mclass[39m=[32m"flex space-x-8"[39m
        [36m>[39m
          [36m<button[39m
            [33mclass[39m=[32m"py-2 px-1 border-b-2 font-medium text-sm border-transparent text-gray-500 hover:text-gray-700 hover:border-gray-300"[39m
          [36m>[39m
            [0mPersonality[0m
          [36m</button>[39m
          [36m<button[39m
            [33mclass[39m=[32m"py-2 px-1 border-b-2 font-medium text-sm border-transparent text-gray-500 hover:text-gray-700 hover:border-gray-300"[39m
          [36m>[39m
            [0mMood & Behavior[0m
          [36m</button>[39m
          [36m<button[39m
            [33mclass[39m=[32m"py-2 px-1 border-b-2 font-medium text-sm border-blue-500 text-blue-600"[39m
          [36m>[39m
            [0mResponse Style[0m
          [36m</button>[39m
          [36m<button[39m
            [33mclass[39m=[32m"py-2 px-1 border-b-2 font-medium text-sm border-transparent text-gray-500 hover:text-gray-700 hover:border-gray-300"[39m
          [36m>[39m
            [0mAI Configuration[0m
          [36m</button>[39m
          [36m<button[39m
            [33mclass[39m=[32m"py-2 px-1 border-b-2 font-medium text-sm border-transparent text-gray-500 hover:text-gray-700 hover:border-gray-300"[39m
          [36m>[39m
            [0mScenarios[0m
          [36m</button>[39m
          [36m<button[39m
            [33mclass[39m=[32m"py-2 px-1 border-b-2 font-medium text-sm border-transparent text-gray-500 hover:text-gray-700 hover:border-gray-300"[39m
          [36m>[39m
            [0mAvailability[0m
          [36m</button>[39m
        [36m</nav>[39m
      [36m</div>[39m
      [36m<form[39m
        [33mclass[39m=[32m"space-y-6"[39m
      [36m>[39m
        [36m<div[39m
          [33mclass[39m=[32m"space-y-6"[39m
        [36m>[39m
          [36m<div[39m
            [33mclass[39m=[32m"grid grid-cols-1 md:grid-cols-2 gap-6"[39m
          [36m>[39m
            [36m<div>[39m
              [36m<label[39m
                [33mclass[39m=[32m"block text-sm font-medium text-gray-700 mb-2"[39m
              [36m>[39m
                [0mResponse Verbosity[0m
              [36m</label>[39m
              [36m<select[39m
                [33mclass[39m=[32m"w-full px-3 py-2 border border-gray-300 rounded-md focus:outline-none focus:ring-2 focus:ring-blue-500"[39m
              [36m>[39m
                [36m<option[39m
                  [33mvalue[39m=[32m"concise"[39m
                [36m>[39m
                  [0mConcise[0m
                [36m</option>[39m
                [36m<option[39m
                  [33mvalue[39m=[32m"moderate"[39m
                [36m>[39m
                  [0mModerate[0m
                [36m</option>[39m
                [36m<option[39m
                  [33mvalue[39m=[32m"detailed"[39m
                [36m>[39m
                  [0mDetailed[0m
                [36m</option>[39m
              [36m</select>[39m
            [36m</div>[39m
            [36m<div>[39m
              [36m<label[39m
                [33mclass[39m=[32m"block text-sm font-medium text-gray-700 mb-2"[39m
              [36m>[39m
                [0mFormality Level[0m
              [36m</label>[39m
              [36m<select[39m
                [33mclass[39m=[32m"w-full px-3 py-2 border border-gray-300 rounded-md focus:outline-none focus:ring-2 focus:ring-blue-500"[39m
              [36m>[39m
                [36m<option[39m
                  [33mvalue[39m=[32m"casual"[39m
                [36m>[39m
                  [0mCasual[0m
                [36m</option>[39m
                [36m<option[39m
                  [33mvalue[39m=[32m"professional"[39m
                [36m>[39m
                  [0mProfessional[0m
                [36m</option>[39m
                [36m<option[39m
                  [33mvalue[39m=[32m"formal"[39m
                [36m>[39m
                  [0mFormal[0m
                [36m</option>[39m
              [36m</select>[39m
            [36m</div>[39m
          [36m</div>[39m
          [36m<div[39m
            [33mclass[39m=[32m"grid grid-cols-1 md:grid-cols-2 gap-6"[39m
          [36m>[39m
            [36m<div>[39m
              [36m<label[39m
                [33mclass[39m=[32m"block text-sm font-medium text-gray-700 mb-2"[39m
              [36m>[39m
                [0mEmpathy Level: [0m
                [0m70[0m
                [0m%[0m
              [36m</label>[39m
              [36m<input[39m
                [33mclass[39m=[32m"w-full"[39m
                [33mmax[39m=[32m"100"[39m
                [33mmin[39m=[32m"0"[39m
                [33mtype[39m=[32m"range"[39m
                [33mvalue[39m=[32m"70"[39m
              [36m/>[39m
            [36m</div>[39m
            [36m<div>[39m
              [36m<label[39m
                [33mclass[39m=[32m"block text-sm font-medium text-gray-700 mb-2"[39m
              [36m>[39m
                [0mAssertiveness: [0m
                [0m60[0m
                [0m%[0m
              [36m</label>[39m
              [36m<input[39m
                [33mclass[39m=[32m"w-full"[39m
                [33mmax[39m=[32m"100"[39m
                [33mmin[39m=[32m"0"[39m
                [33mtype[39m=[32m"range"[39m
                [33mvalue[39m=[32m"60"[39m
              [36m/>[39m
            [36m</div>[39m
          [36m</div>[39m
          [36m<div[39m
            [33mclass[39m=[32m"grid grid-cols-1 md:grid-cols-3 gap-6"[39m
          [36m>[39m
            [36m<div>[39m
              [36m<label[39m
                [33mclass[39m=[32m"block text-sm font-medium text-gray-700 mb-2"[39m
              [36m>[39m
                [0mHumor Level: [0m
                [0m30[0m
                [0m%[0m
              [36m</label>[39m
              [36m<input[39m
                [33mclass[39m=[32m"w-full"[39m
                [33mmax[39m=[32m"100"[39m
                [33mmin[39m=[32m"0"[39m
                [33mtype[39m=[32m"range"[39m
                [33mvalue[39m=[32m"30"[39m
              [36m/>[39m
            [36m</div>[39m
            [36m<div>[39m
              [36m<label[39m
                [33mclass[39m=[32m"block text-sm font-medium text-gray-700 mb-2"[39m
              [36m>[39m
                [0mTechnical Depth:[0m
                [0m [0m
                [0m60[0m
                [0m%[0m
              [36m</label>[39m
              [36m<input[39m
                [33mclass[39m=[32m"w-full"[39m
                [33mmax[39m=[32m"100"[39m
                [33mmin[39m=[32m"0"[39m
                [33mtype[39m=[32m"range"[39m
                [33mvalue[39m=[32m"60"[39m
              [36m/>[39m
            [36m</div>[39m
            [36m<div>[39m
              [36m<label[39m
                [33mclass[39m=[32m"block text-sm font-medium text-gray-700 mb-2"[39m
              [36m>[39m
                [0mQuestion Frequency:[0m
                [0m [0m
                [0m40[0m
                [0m%[0m
              [36m</label>[39m
              [36m<input[39m
                [33mclass[39m=[32m"w-full"[39m
                [33mmax[39m=[32m"100"[39m
                [33mmin[39m=[32m"0"[39m
                [33mtype[39m=[32m"range"[39m
                [33mvalue[39m=[32m"40"[39m
              [36m/>[39m
            [36m</div>[39m
          [36m</div>[39m
        [36m</div>[39m
        [36m<div[39m
          [33mclass[39m=[32m"flex justify-end gap-4 pt-6 border-t"[39m
        [36m>[39m
          [36m<button[39m
            [33mclass[39m=[32m"px-6 py-2 border border-gray-300 text-gray-700 rounded-md hover:bg-gray-50 transition-colors"[39m
            [33mtype[39m=[32m"button"[39m
          [36m>[39m
            [0mCancel[0m
          [36m</button>[39m
          [36m<button[39m
            [33mclass[39m=[32m"px-6 py-2 bg-blue-500 text-white rounded-md hover:bg-blue-600 disabled:bg-gray-300 disabled:cursor-not-allowed transition-colors"[39m
            [33mtype[39m=[32m"submit"[39m
          [36m>[39m
            [0mSave Customization[0m
          [36m</button>[39m
        [36m</div>[39m
      [36m</form>[39m
    [36m</div>[39m
  [36m</div>[39m
[36m</body>[39m

Ignored nodes: comments, script, style
[36m<html>[39m
  [36m<head />[39m
  [36m<body>[39m
    [36m<div>[39m
      [36m<div[39m
        [33mclass[39m=[32m"max-w-6xl mx-auto p-6 bg-white rounded-lg shadow-lg"[39m
      [36m>[39m
        [36m<div[39m
          [33mclass[39m=[32m"flex justify-between items-center mb-6"[39m
        [36m>[39m
          [36m<h2[39m
            [33mclass[39m=[32m"text-2xl font-bold text-gray-800"[39m
          [36m>[39m
            [0mCustomize Persona: [0m
            [0mJohn Doe[0m
          [36m</h2>[39m
          [36m<div[39m
            [33mclass[39m=[32m"text-sm text-gray-600"[39m
          [36m>[39m
            [0mRole: [0m
            [0mProduct Manager[0m
          [36m</div>[39m
        [36m</div>[39m
        [36m<div[39m
          [33mclass[39m=[32m"border-b border-gray-200 mb-6"[39m
        [36m>[39m
          [36m<nav[39m
            [33mclass[39m=[32m"flex space-x-8"[39m
          [36m>[39m
            [36m<button[39m
              [33mclass[39m=[32m"py-2 px-1 border-b-2 font-medium text-sm border-transparent text-gray-500 hover:text-gray-700 hover:border-gray-300"[39m
            [36m>[39m
              [0mPersonality[0m
            [36m</button>[39m
            [36m<button[39m
              [33mclass[39m=[32m"py-2 px-1 border-b-2 font-medium text-sm border-transparent text-gray-500 hover:text-gray-700 hover:border-gray-300"[39m
            [36m>[39m
              [0mMood & Behavior[0m
            [36m</button>[39m
            [36m<button[39m
              [33mclass[39m=[32m"py-2 px-1 border-b-2 font-medium text-sm border-blue-500 text-blue-600"[39m
            [36m>[39m
              [0mResponse Style[0m
            [36m</button>[39m
            [36m<button[39m
              [33mclass[39m=[32m"py-2 px-1 border-b-2 font-medium text-sm border-transparent text-gray-500 hover:text-gray-700 hover:border-gray-300"[39m
            [36m>[39m
              [0mAI Configuration[0m
            [36m</button>[39m
            [36m<button[39m
              [33mclass[39m=[32m"py-2 px-1 border-b-2 font-medium text-sm border-transparent text-gray-500 hover:text-gray-700 hover:border-gray-300"[39m
            [36m>[39m
              [0mScenarios[0m
            [36m</button>[39m
            [36m<button[39m
              [33mclass[39m=[32m"py-2 px-1 border-b-2 font-medium text-sm border-transparent text-gray-500 hover:text-gray-700 hover:border-gray-300"[39m
            [36m>[39m
              [0mAvailability[0m
            [36m</button>[39m
          [36m</nav>[39m
        [36m</div>[39m
        [36m<form[39m
          [33mclass[39m=[32m"space-y-6"[39m
        [36m>[39m
          [36m<div[39m
            [33mclass[39m=[32m"space-y-6"[39m
          [36m>[39m
            [36m<div[39m
              [33mclass[39m=[32m"grid grid-cols-1 md:grid-cols-2 gap-6"[39m
            [36m>[39m
              [36m<div>[39m
                [36m<label[39m
                  [33mclass[39m=[32m"block text-sm font-medium text-gray-700 mb-2"[39m
                [36m>[39m
                  [0mResponse Verbosity[0m
                [36m</label>[39m
                [36m<select[39m
                  [33mclass[39m=[32m"w-full px-3 py-2 border border-gray-300 rounded-md focus:outline-none focus:ring-2 focus:ring-blue-500"[39m
                [36m>[39m
                  [36m<option[39m
                    [33mvalue[39m=[32m"concise"[39m
                  [36m>[39m
                    [0mConcise[0m
                  [36m</option>[39m
                  [36m<option[39m
                    [33mvalue[39m=[32m"moderate"[39m
                  [36m>[39m
                    [0mModerate[0m
                  [36m</option>[39m
                  [36m<option[39m
                    [33mvalue[39m=[32m"detailed"[39m
                  [36m>[39m
                    [0mDetailed[0m
                  [36m</option>[39m
                [36m</select>[39m
              [36m</div>[39m
              [36m<div>[39m
                [36m<label[39m
                  [33mclass[39m=[32m"block text-sm font-medium text-gray-700 mb-2"[39m
                [36m>[39m
                  [0mFormality Level[0m
                [36m</label>[39m
                [36m<select[39m
                  [33mclass[39m=[32m"w-full px-3 py-2 border border-gray-300 rounded-md focus:outline-none focus:ring-2 focus:ring-blue-500"[39m
                [36m>[39m
                  [36m<option[39m
                    [33mvalue[39m=[32m"casual"[39m
                  [36m>[39m
                    [0mCasual[0m
                  [36m</option>[39m
                  [36m<option[39m
                    [33mvalue[39m=[32m"professional"[39m
                  [36m>[39m
                    [0mProfessional[0m
                  [36m</option>[39m
                  [36m<option[39m
                    [33mvalue[39m=[32m"formal"[39m
                  [36m>[39m
                    [0mFormal[0m
                  [36m</option>[39m
                [36m</select>[39m
              [36m</div>[39m
            [36m</div>[39m
            [36m<div[39m
              [33mclass[39m=[32m"grid grid-cols-1 md:grid-cols-2 gap-6"[39m
            [36m>[39m
              [36m<div>[39m
                [36m<label[39m
                  [33mclass[39m=[32m"block text-sm font-medium text-gray-700 mb-2"[39m
                [36m>[39m
                  [0mEmpathy Level: [0m
                  [0m70[0m
                  [0m%[0m
                [36m</label>[39m
                [36m<input[39m
                  [33mclass[39m=[32m"w-full"[39m
                  [33mmax[39m=[32m"100"[39m
                  [33mmin[39m=[32m"0"[39m
                  [33mtype[39m=[32m"range"[39m
                  [33mvalue[39m=[32m"70"[39m
                [36m/>[39m
              [36m</div>[39m
              [36m<div>[39m
                [36m<label[39m
                  [33mclass[39m=[32m"block text-sm font-medium text-gray-700 mb-2"[39m
                [36m>[39m
                  [0mAssertiveness: [0m
                  [0m60[0m
                  [0m%[0m
                [36m</label>[39m
                [36m<input[39m
                  [33mclass[39m=[32m"w-full"[39m
                  [33mmax[39m=[32m"100"[39m
                  [33mmin[39m=[32m"0"[39m
                  [33mtype[39m=[32m"range"[39m
                  [33mvalue[39m=[32m"60"[39m
                [36m/>[39m
              [36m</div>[39m
            [36m</div>[39m
            [36m<div[39m
              [33mclass[39m=[32m"grid grid-cols-1 md:grid-cols-3 gap-6"[39m
            [36m>[39m
              [36m<div>[39m
                [36m<label[39m
                  [33mclass[39m=[32m"block text-sm font-medium text-gray-700 mb-2"[39m
                [36m>[39m
                  [0mHumor Level: [0m
                  [0m30[0m
                  [0m%[0m
                [36m</label>[39m
                [36m<input[39m
                  [33mclass[39m=[32m"w-full"[39m
                  [33mmax[39m=[32m"100"[39m
                  [33mmin[39m=[32m"0"[39m
                  [33mtype[39m=[32m"range"[39m
                  [33mvalue[39m=[32m"30"[39m
                [36m/>[39m
              [36m</div>[39m
              [36m<div>[39m
                [36m<label[39m
                  [33mclass[39m=[32m"block text-sm font-medium text-gray-700 mb-2"[39m
                [36m>[39m
                  [0mTechnical Depth:[0m
                  [0m [0m
                  [0m60[0m
                  [0m%[0m
                [36m</label>[39m
                [36m<input[39m
                  [33mclass[39m=[32m"w-full"[39m
                  [33mmax[39m=[32m"100"[39m
                  [33mmin[39m=[32m"0"[39m
                  [33mtype[39m=[32m"range"[39m
                  [33mvalue[39m=[32m"60"[39m
                [36m/>[39m
              [36m</div>[39m
              [36m<div>[39m
                [36m<label[39m
                  [33mclass[39m=[32m"block text-sm font-medium text-gray-700 mb-2"[39m
                [36m>[39m
                  [0mQuestion Frequency:[0m
                  [0m [0m
                  [0m40[0m
                  [0m%[0m
                [36m</label>[39m
                [36m<input[39m
                  [33mclass[39m=[32m"w-full"[39m
                  [33mmax[39m=[32m"100"[39m
                  [33mmin[39m=[32m"0"[39m
                  [33mtype[39m=[32m"range"[39m
                  [33mvalue[39m=[32m"40"[39m
                [36m/>[39m
              [36m</div>[39m
            [36m</div>[39m
          [36m</div>[39m
          [36m<div[39m
            [33mclass[39m=[32m"flex justify-end gap-4 pt-6 border-t"[39m
          [36m>[39m
            [36m<button[39m
              [33mclass[39m=[32m"px-6 py-2 border border-gray-300 text-gray-700 rounded-md hover:bg-gray-50 transition-colors"[39m
              [33mtype[39m=[32m"button"[39m
            [36m>[39m
              [0mCancel[0m
            [36m</button>[39m
            [36m<button[39m
              [33mclass[39m=[32m"px-6 py-2 bg-blue-500 text-white rounded-md hover:bg-blue-600 disabled:bg-gray-300 disabled:cursor-not-allowed transition-colors"[39m
              [33mtype[39m=[32m"submit"[39m
            [36m>[39m
              [0mSave Customization[0m
            [36m</button>[39m
          [36m</div>[39m
        [36m</form>[39m
      [36m</div>[39m
    [36m</div>[39m
  [36m</body>[39m
[36m</html>[39m
   ✓ PersonaCustomization > updates AI configuration 7ms
   ✓ PersonaCustomization > adds scenarios 9ms
   ✓ PersonaCustomization > removes scenarios 8ms
   × PersonaCustomization > updates availability settings 1008ms
     → Unable to find an element with the display value: working-hours.

Ignored nodes: comments, script, style
[36m<body>[39m
  [36m<div>[39m
    [36m<div[39m
      [33mclass[39m=[32m"max-w-6xl mx-auto p-6 bg-white rounded-lg shadow-lg"[39m
    [36m>[39m
      [36m<div[39m
        [33mclass[39m=[32m"flex justify-between items-center mb-6"[39m
      [36m>[39m
        [36m<h2[39m
          [33mclass[39m=[32m"text-2xl font-bold text-gray-800"[39m
        [36m>[39m
          [0mCustomize Persona: [0m
          [0mJohn Doe[0m
        [36m</h2>[39m
        [36m<div[39m
          [33mclass[39m=[32m"text-sm text-gray-600"[39m
        [36m>[39m
          [0mRole: [0m
          [0mProduct Manager[0m
        [36m</div>[39m
      [36m</div>[39m
      [36m<div[39m
        [33mclass[39m=[32m"border-b border-gray-200 mb-6"[39m
      [36m>[39m
        [36m<nav[39m
          [33mclass[39m=[32m"flex space-x-8"[39m
        [36m>[39m
          [36m<button[39m
            [33mclass[39m=[32m"py-2 px-1 border-b-2 font-medium text-sm border-transparent text-gray-500 hover:text-gray-700 hover:border-gray-300"[39m
          [36m>[39m
            [0mPersonality[0m
          [36m</button>[39m
          [36m<button[39m
            [33mclass[39m=[32m"py-2 px-1 border-b-2 font-medium text-sm border-transparent text-gray-500 hover:text-gray-700 hover:border-gray-300"[39m
          [36m>[39m
            [0mMood & Behavior[0m
          [36m</button>[39m
          [36m<button[39m
            [33mclass[39m=[32m"py-2 px-1 border-b-2 font-medium text-sm border-transparent text-gray-500 hover:text-gray-700 hover:border-gray-300"[39m
          [36m>[39m
            [0mResponse Style[0m
          [36m</button>[39m
          [36m<button[39m
            [33mclass[39m=[32m"py-2 px-1 border-b-2 font-medium text-sm border-transparent text-gray-500 hover:text-gray-700 hover:border-gray-300"[39m
          [36m>[39m
            [0mAI Configuration[0m
          [36m</button>[39m
          [36m<button[39m
            [33mclass[39m=[32m"py-2 px-1 border-b-2 font-medium text-sm border-transparent text-gray-500 hover:text-gray-700 hover:border-gray-300"[39m
          [36m>[39m
            [0mScenarios[0m
          [36m</button>[39m
          [36m<button[39m
            [33mclass[39m=[32m"py-2 px-1 border-b-2 font-medium text-sm border-blue-500 text-blue-600"[39m
          [36m>[39m
            [0mAvailability[0m
          [36m</button>[39m
        [36m</nav>[39m
      [36m</div>[39m
      [36m<form[39m
        [33mclass[39m=[32m"space-y-6"[39m
      [36m>[39m
        [36m<div[39m
          [33mclass[39m=[32m"space-y-6"[39m
        [36m>[39m
          [36m<div>[39m
            [36m<label[39m
              [33mclass[39m=[32m"block text-sm font-medium text-gray-700 mb-2"[39m
            [36m>[39m
              [0mAvailability Mode[0m
            [36m</label>[39m
            [36m<select[39m
              [33mclass[39m=[32m"w-full px-3 py-2 border border-gray-300 rounded-md focus:outline-none focus:ring-2 focus:ring-blue-500"[39m
            [36m>[39m
              [36m<option[39m
                [33mvalue[39m=[32m"always"[39m
              [36m>[39m
                [0mAlways Available[0m
              [36m</option>[39m
              [36m<option[39m
                [33mvalue[39m=[32m"working-hours"[39m
              [36m>[39m
                [0mWorking Hours Only[0m
              [36m</option>[39m
              [36m<option[39m
                [33mvalue[39m=[32m"custom"[39m
              [36m>[39m
                [0mCustom Schedule[0m
              [36m</option>[39m
            [36m</select>[39m
          [36m</div>[39m
          [36m<div[39m
            [33mclass[39m=[32m"grid grid-cols-1 md:grid-cols-3 gap-4"[39m
          [36m>[39m
            [36m<div>[39m
              [36m<label[39m
                [33mclass[39m=[32m"block text-sm font-medium text-gray-700 mb-2"[39m
              [36m>[39m
                [0mResponse Time (minutes)[0m
              [36m</label>[39m
              [36m<input[39m
                [33mclass[39m=[32m"w-full px-3 py-2 border border-gray-300 rounded-md focus:outline-none focus:ring-2 focus:ring-blue-500"[39m
                [33mmax[39m=[32m"1440"[39m
                [33mmin[39m=[32m"1"[39m
                [33mtype[39m=[32m"number"[39m
                [33mvalue[39m=[32m"5"[39m
              [36m/>[39m
            [36m</div>[39m
            [36m<div>[39m
              [36m<label[39m
                [33mclass[39m=[32m"block text-sm font-medium text-gray-700 mb-2"[39m
              [36m>[39m
                [0mStart Time[0m
              [36m</label>[39m
              [36m<input[39m
                [33mclass[39m=[32m"w-full px-3 py-2 border border-gray-300 rounded-md focus:outline-none focus:ring-2 focus:ring-blue-500"[39m
                [33mtype[39m=[32m"time"[39m
                [33mvalue[39m=[32m"09:00"[39m
              [36m/>[39m
            [36m</div>[39m
            [36m<div>[39m
              [36m<label[39m
                [33mclass[39m=[32m"block text-sm font-medium text-gray-700 mb-2"[39m
              [36m>[39m
                [0mEnd Time[0m
              [36m</label>[39m
              [36m<input[39m
                [33mclass[39m=[32m"w-full px-3 py-2 border border-gray-300 rounded-md focus:outline-none focus:ring-2 focus:ring-blue-500"[39m
                [33mtype[39m=[32m"time"[39m
                [33mvalue[39m=[32m"17:00"[39m
              [36m/>[39m
            [36m</div>[39m
          [36m</div>[39m
        [36m</div>[39m
        [36m<div[39m
          [33mclass[39m=[32m"flex justify-end gap-4 pt-6 border-t"[39m
        [36m>[39m
          [36m<button[39m
            [33mclass[39m=[32m"px-6 py-2 border border-gray-300 text-gray-700 rounded-md hover:bg-gray-50 transition-colors"[39m
            [33mtype[39m=[32m"button"[39m
          [36m>[39m
            [0mCancel[0m
          [36m</button>[39m
          [36m<button[39m
            [33mclass[39m=[32m"px-6 py-2 bg-blue-500 text-white rounded-md hover:bg-blue-600 disabled:bg-gray-300 disabled:cursor-not-allowed transition-colors"[39m
            [33mtype[39m=[32m"submit"[39m
          [36m>[39m
            [0mSave Customization[0m
          [36m</button>[39m
        [36m</div>[39m
      [36m</form>[39m
    [36m</div>[39m
  [36m</div>[39m
[36m</body>[39m

Ignored nodes: comments, script, style
[36m<html>[39m
  [36m<head />[39m
  [36m<body>[39m
    [36m<div>[39m
      [36m<div[39m
        [33mclass[39m=[32m"max-w-6xl mx-auto p-6 bg-white rounded-lg shadow-lg"[39m
      [36m>[39m
        [36m<div[39m
          [33mclass[39m=[32m"flex justify-between items-center mb-6"[39m
        [36m>[39m
          [36m<h2[39m
            [33mclass[39m=[32m"text-2xl font-bold text-gray-800"[39m
          [36m>[39m
            [0mCustomize Persona: [0m
            [0mJohn Doe[0m
          [36m</h2>[39m
          [36m<div[39m
            [33mclass[39m=[32m"text-sm text-gray-600"[39m
          [36m>[39m
            [0mRole: [0m
            [0mProduct Manager[0m
          [36m</div>[39m
        [36m</div>[39m
        [36m<div[39m
          [33mclass[39m=[32m"border-b border-gray-200 mb-6"[39m
        [36m>[39m
          [36m<nav[39m
            [33mclass[39m=[32m"flex space-x-8"[39m
          [36m>[39m
            [36m<button[39m
              [33mclass[39m=[32m"py-2 px-1 border-b-2 font-medium text-sm border-transparent text-gray-500 hover:text-gray-700 hover:border-gray-300"[39m
            [36m>[39m
              [0mPersonality[0m
            [36m</button>[39m
            [36m<button[39m
              [33mclass[39m=[32m"py-2 px-1 border-b-2 font-medium text-sm border-transparent text-gray-500 hover:text-gray-700 hover:border-gray-300"[39m
            [36m>[39m
              [0mMood & Behavior[0m
            [36m</button>[39m
            [36m<button[39m
              [33mclass[39m=[32m"py-2 px-1 border-b-2 font-medium text-sm border-transparent text-gray-500 hover:text-gray-700 hover:border-gray-300"[39m
            [36m>[39m
              [0mResponse Style[0m
            [36m</button>[39m
            [36m<button[39m
              [33mclass[39m=[32m"py-2 px-1 border-b-2 font-medium text-sm border-transparent text-gray-500 hover:text-gray-700 hover:border-gray-300"[39m
            [36m>[39m
              [0mAI Configuration[0m
            [36m</button>[39m
            [36m<button[39m
              [33mclass[39m=[32m"py-2 px-1 border-b-2 font-medium text-sm border-transparent text-gray-500 hover:text-gray-700 hover:border-gray-300"[39m
            [36m>[39m
              [0mScenarios[0m
            [36m</button>[39m
            [36m<button[39m
              [33mclass[39m=[32m"py-2 px-1 border-b-2 font-medium text-sm border-blue-500 text-blue-600"[39m
            [36m>[39m
              [0mAvailability[0m
            [36m</button>[39m
          [36m</nav>[39m
        [36m</div>[39m
        [36m<form[39m
          [33mclass[39m=[32m"space-y-6"[39m
        [36m>[39m
          [36m<div[39m
            [33mclass[39m=[32m"space-y-6"[39m
          [36m>[39m
            [36m<div>[39m
              [36m<label[39m
                [33mclass[39m=[32m"block text-sm font-medium text-gray-700 mb-2"[39m
              [36m>[39m
                [0mAvailability Mode[0m
              [36m</label>[39m
              [36m<select[39m
                [33mclass[39m=[32m"w-full px-3 py-2 border border-gray-300 rounded-md focus:outline-none focus:ring-2 focus:ring-blue-500"[39m
              [36m>[39m
                [36m<option[39m
                  [33mvalue[39m=[32m"always"[39m
                [36m>[39m
                  [0mAlways Available[0m
                [36m</option>[39m
                [36m<option[39m
                  [33mvalue[39m=[32m"working-hours"[39m
                [36m>[39m
                  [0mWorking Hours Only[0m
                [36m</option>[39m
                [36m<option[39m
                  [33mvalue[39m=[32m"custom"[39m
                [36m>[39m
                  [0mCustom Schedule[0m
                [36m</option>[39m
              [36m</select>[39m
            [36m</div>[39m
            [36m<div[39m
              [33mclass[39m=[32m"grid grid-cols-1 md:grid-cols-3 gap-4"[39m
            [36m>[39m
              [36m<div>[39m
                [36m<label[39m
                  [33mclass[39m=[32m"block text-sm font-medium text-gray-700 mb-2"[39m
                [36m>[39m
                  [0mResponse Time (minutes)[0m
                [36m</label>[39m
                [36m<input[39m
                  [33mclass[39m=[32m"w-full px-3 py-2 border border-gray-300 rounded-md focus:outline-none focus:ring-2 focus:ring-blue-500"[39m
                  [33mmax[39m=[32m"1440"[39m
                  [33mmin[39m=[32m"1"[39m
                  [33mtype[39m=[32m"number"[39m
                  [33mvalue[39m=[32m"5"[39m
                [36m/>[39m
              [36m</div>[39m
              [36m<div>[39m
                [36m<label[39m
                  [33mclass[39m=[32m"block text-sm font-medium text-gray-700 mb-2"[39m
                [36m>[39m
                  [0mStart Time[0m
                [36m</label>[39m
                [36m<input[39m
                  [33mclass[39m=[32m"w-full px-3 py-2 border border-gray-300 rounded-md focus:outline-none focus:ring-2 focus:ring-blue-500"[39m
                  [33mtype[39m=[32m"time"[39m
                  [33mvalue[39m=[32m"09:00"[39m
                [36m/>[39m
              [36m</div>[39m
              [36m<div>[39m
                [36m<label[39m
                  [33mclass[39m=[32m"block text-sm font-medium text-gray-700 mb-2"[39m
                [36m>[39m
                  [0mEnd Time[0m
                [36m</label>[39m
                [36m<input[39m
                  [33mclass[39m=[32m"w-full px-3 py-2 border border-gray-300 rounded-md focus:outline-none focus:ring-2 focus:ring-blue-500"[39m
                  [33mtype[39m=[32m"time"[39m
                  [33mvalue[39m=[32m"17:00"[39m
                [36m/>[39m
              [36m</div>[39m
            [36m</div>[39m
          [36m</div>[39m
          [36m<div[39m
            [33mclass[39m=[32m"flex justify-end gap-4 pt-6 border-t"[39m
          [36m>[39m
            [36m<button[39m
              [33mclass[39m=[32m"px-6 py-2 border border-gray-300 text-gray-700 rounded-md hover:bg-gray-50 transition-colors"[39m
              [33mtype[39m=[32m"button"[39m
            [36m>[39m
              [0mCancel[0m
            [36m</button>[39m
            [36m<button[39m
              [33mclass[39m=[32m"px-6 py-2 bg-blue-500 text-white rounded-md hover:bg-blue-600 disabled:bg-gray-300 disabled:cursor-not-allowed transition-colors"[39m
              [33mtype[39m=[32m"submit"[39m
            [36m>[39m
              [0mSave Customization[0m
            [36m</button>[39m
          [36m</div>[39m
        [36m</form>[39m
      [36m</div>[39m
    [36m</div>[39m
  [36m</body>[39m
[36m</html>[39m
   ✓ PersonaCustomization > calls onSave with updated data 9ms
   ✓ PersonaCustomization > calls onCancel when cancel button is clicked 4ms
   ✓ PersonaCustomization > displays loading state 1ms
   ✓ PersonaCustomization > displays error when loading fails 2ms
   ✓ PersonaCustomization > displays error when saving fails 5ms
   ✓ PersonaCustomization > disables form when loading 6ms
   ✓ PersonaCustomization > validates required fields for triggers 6ms
   ✓ PersonaCustomization > validates required fields for scenarios 5ms
 ❯ src/client/components/Personas/TemplateLibrary.test.tsx (25 tests | 9 failed) 6259ms
   ✓ TemplateLibrary > renders the template library with header 54ms
   ✓ TemplateLibrary > loads templates on mount 4ms
   ✓ TemplateLibrary > displays templates in grid view by default 11ms
   × TemplateLibrary > switches between grid and list view 1010ms
     → Unable to find an element with the title: List view.

Ignored nodes: comments, script, style
[36m<body>[39m
  [36m<div>[39m
    [36m<div[39m
      [33mclass[39m=[32m"space-y-6"[39m
    [36m>[39m
      [36m<div[39m
        [33mclass[39m=[32m"flex justify-between items-center"[39m
      [36m>[39m
        [36m<h2[39m
          [33mclass[39m=[32m"text-2xl font-bold text-gray-800"[39m
        [36m>[39m
          [0mTemplate Library[0m
        [36m</h2>[39m
        [36m<div[39m
          [33mclass[39m=[32m"flex items-center gap-4"[39m
        [36m>[39m
          [36m<div[39m
            [33mclass[39m=[32m"flex items-center gap-2"[39m
          [36m>[39m
            [36m<button[39m
              [33mclass[39m=[32m"p-2 rounded bg-blue-100 text-blue-600"[39m
            [36m>[39m
              [36m<svg[39m
                [33mclass[39m=[32m"w-5 h-5"[39m
                [33mfill[39m=[32m"currentColor"[39m
                [33mviewBox[39m=[32m"0 0 20 20"[39m
              [36m>[39m
                [36m<path[39m
                  [33md[39m=[32m"M5 3a2 2 0 00-2 2v2a2 2 0 002 2h2a2 2 0 002-2V5a2 2 0 00-2-2H5zM5 11a2 2 0 00-2 2v2a2 2 0 002 2h2a2 2 0 002-2v-2a2 2 0 00-2-2H5zM11 5a2 2 0 012-2h2a2 2 0 012 2v2a2 2 0 01-2 2h-2a2 2 0 01-2-2V5zM11 13a2 2 0 012-2h2a2 2 0 012 2v2a2 2 0 01-2 2h-2a2 2 0 01-2-2v-2z"[39m
                [36m/>[39m
              [36m</svg>[39m
            [36m</button>[39m
            [36m<button[39m
              [33mclass[39m=[32m"p-2 rounded bg-gray-100 text-gray-600"[39m
            [36m>[39m
              [36m<svg[39m
                [33mclass[39m=[32m"w-5 h-5"[39m
                [33mfill[39m=[32m"currentColor"[39m
                [33mviewBox[39m=[32m"0 0 20 20"[39m
              [36m>[39m
                [36m<path[39m
                  [33mclip-rule[39m=[32m"evenodd"[39m
                  [33md[39m=[32m"M3 4a1 1 0 011-1h12a1 1 0 110 2H4a1 1 0 01-1-1zm0 4a1 1 0 011-1h12a1 1 0 110 2H4a1 1 0 01-1-1zm0 4a1 1 0 011-1h12a1 1 0 110 2H4a1 1 0 01-1-1zm0 4a1 1 0 011-1h12a1 1 0 110 2H4a1 1 0 01-1-1z"[39m
                  [33mfill-rule[39m=[32m"evenodd"[39m
                [36m/>[39m
              [36m</svg>[39m
            [36m</button>[39m
          [36m</div>[39m
        [36m</div>[39m
      [36m</div>[39m
      [36m<div[39m
        [33mclass[39m=[32m"bg-gray-50 p-4 rounded-lg space-y-4"[39m
      [36m>[39m
        [36m<div[39m
          [33mclass[39m=[32m"grid grid-cols-1 md:grid-cols-4 gap-4"[39m
        [36m>[39m
          [36m<div>[39m
            [36m<label[39m
              [33mclass[39m=[32m"block text-sm font-medium text-gray-700 mb-1"[39m
            [36m>[39m
              [0mSearch[0m
            [36m</label>[39m
            [36m<input[39m
              [33mclass[39m=[32m"w-full px-3 py-2 border border-gray-300 rounded-md focus:outline-none focus:ring-2 focus:ring-blue-500"[39m
              [33mplaceholder[39m=[32m"Search templates..."[39m
              [33mtype[39m=[32m"text"[39m
              [33mvalue[39m=[32m""[39m
            [36m/>[39m
          [36m</div>[39m
          [36m<div>[39m
            [36m<label[39m
              [33mclass[39m=[32m"block text-sm font-medium text-gray-700 mb-1"[39m
            [36m>[39m
              [0mCategory[0m
            [36m</label>[39m
            [36m<select[39m
              [33mclass[39m=[32m"w-full px-3 py-2 border border-gray-300 rounded-md focus:outline-none focus:ring-2 focus:ring-blue-500"[39m
            [36m>[39m
              [36m<option[39m
                [33mvalue[39m=[32m"all"[39m
              [36m>[39m
                [0mAll Categories[0m
              [36m</option>[39m
              [36m<option[39m
                [33mvalue[39m=[32m"client"[39m
              [36m>[39m
                [0mClient[0m
              [36m</option>[39m
              [36m<option[39m
                [33mvalue[39m=[32m"stakeholder"[39m
              [36m>[39m
                [0mStakeholder[0m
              [36m</option>[39m
              [36m<option[39m
                [33mvalue[39m=[32m"user"[39m
              [36m>[39m
                [0mUser[0m
              [36m</option>[39m
              [36m<option[39m
                [33mvalue[39m=[32m"manager"[39m
              [36m>[39m
                [0mManager[0m
              [36m</option>[39m
              [36m<option[39m
                [33mvalue[39m=[32m"developer"[39m
              [36m>[39m
                [0mDeveloper[0m
              [36m</option>[39m
              [36m<option[39m
                [33mvalue[39m=[32m"designer"[39m
              [36m>[39m
                [0mDesigner[0m
              [36m</option>[39m
              [36m<option[39m
                [33mvalue[39m=[32m"tester"[39m
              [36m>[39m
                [0mTester[0m
              [36m</option>[39m
              [36m<option[39m
                [33mvalue[39m=[32m"business-analyst"[39m
              [36m>[39m
                [0mBusiness Analyst[0m
              [36m</option>[39m
              [36m<option[39m
                [33mvalue[39m=[32m"product-owner"[39m
              [36m>[39m
                [0mProduct Owner[0m
              [36m</option>[39m
              [36m<option[39m
                [33mvalue[39m=[32m"scrum-master"[39m
              [36m>[39m
                [0mScrum Master[0m
              [36m</option>[39m
              [36m<option[39m
                [33mvalue[39m=[32m"other"[39m
              [36m>[39m
                [0mOther[0m
              [36m</option>[39m
            [36m</select>[39m
          [36m</div>[39m
          [36m<div>[39m
            [36m<label[39m
              [33mclass[39m=[32m"block text-sm font-medium text-gray-700 mb-1"[39m
            [36m>[39m
              [0mSort By[0m
            [36m</label>[39m
            [36m<select[39m
              [33mclass[39m=[32m"w-full px-3 py-2 border border-gray-300 rounded-md focus:outline-none focus:ring-2 focus:ring-blue-500"[39m
            [36m>[39m
              [36m<option[39m
                [33mvalue[39m=[32m"name-asc"[39m
              [36m>[39m
                [0mName (A-Z)[0m
              [36m</option>[39m
              [36m<option[39m
                [33mvalue[39m=[32m"name-desc"[39m
              [36m>[39m
                [0mName (Z-A)[0m
              [36m</option>[39m
              [36m<option[39m
                [33mvalue[39m=[32m"createdAt-desc"[39m
              [36m>[39m
                [0mNewest First[0m
              [36m</option>[39m
              [36m<option[39m
                [33mvalue[39m=[32m"createdAt-asc"[39m
              [36m>[39m
                [0mOldest First[0m
              [36m</option>[39m
              [36m<option[39m
                [33mvalue[39m=[32...

Ignored nodes: comments, script, style
[36m<html>[39m
  [36m<head />[39m
  [36m<body>[39m
    [36m<div>[39m
      [36m<div[39m
        [33mclass[39m=[32m"space-y-6"[39m
      [36m>[39m
        [36m<div[39m
          [33mclass[39m=[32m"flex justify-between items-center"[39m
        [36m>[39m
          [36m<h2[39m
            [33mclass[39m=[32m"text-2xl font-bold text-gray-800"[39m
          [36m>[39m
            [0mTemplate Library[0m
          [36m</h2>[39m
          [36m<div[39m
            [33mclass[39m=[32m"flex items-center gap-4"[39m
          [36m>[39m
            [36m<div[39m
              [33mclass[39m=[32m"flex items-center gap-2"[39m
            [36m>[39m
              [36m<button[39m
                [33mclass[39m=[32m"p-2 rounded bg-blue-100 text-blue-600"[39m
              [36m>[39m
                [36m<svg[39m
                  [33mclass[39m=[32m"w-5 h-5"[39m
                  [33mfill[39m=[32m"currentColor"[39m
                  [33mviewBox[39m=[32m"0 0 20 20"[39m
                [36m>[39m
                  [36m<path[39m
                    [33md[39m=[32m"M5 3a2 2 0 00-2 2v2a2 2 0 002 2h2a2 2 0 002-2V5a2 2 0 00-2-2H5zM5 11a2 2 0 00-2 2v2a2 2 0 002 2h2a2 2 0 002-2v-2a2 2 0 00-2-2H5zM11 5a2 2 0 012-2h2a2 2 0 012 2v2a2 2 0 01-2 2h-2a2 2 0 01-2-2V5zM11 13a2 2 0 012-2h2a2 2 0 012 2v2a2 2 0 01-2 2h-2a2 2 0 01-2-2v-2z"[39m
                  [36m/>[39m
                [36m</svg>[39m
              [36m</button>[39m
              [36m<button[39m
                [33mclass[39m=[32m"p-2 rounded bg-gray-100 text-gray-600"[39m
              [36m>[39m
                [36m<svg[39m
                  [33mclass[39m=[32m"w-5 h-5"[39m
                  [33mfill[39m=[32m"currentColor"[39m
                  [33mviewBox[39m=[32m"0 0 20 20"[39m
                [36m>[39m
                  [36m<path[39m
                    [33mclip-rule[39m=[32m"evenodd"[39m
                    [33md[39m=[32m"M3 4a1 1 0 011-1h12a1 1 0 110 2H4a1 1 0 01-1-1zm0 4a1 1 0 011-1h12a1 1 0 110 2H4a1 1 0 01-1-1zm0 4a1 1 0 011-1h12a1 1 0 110 2H4a1 1 0 01-1-1zm0 4a1 1 0 011-1h12a1 1 0 110 2H4a1 1 0 01-1-1z"[39m
                    [33mfill-rule[39m=[32m"evenodd"[39m
                  [36m/>[39m
                [36m</svg>[39m
              [36m</button>[39m
            [36m</div>[39m
          [36m</div>[39m
        [36m</div>[39m
        [36m<div[39m
          [33mclass[39m=[32m"bg-gray-50 p-4 rounded-lg space-y-4"[39m
        [36m>[39m
          [36m<div[39m
            [33mclass[39m=[32m"grid grid-cols-1 md:grid-cols-4 gap-4"[39m
          [36m>[39m
            [36m<div>[39m
              [36m<label[39m
                [33mclass[39m=[32m"block text-sm font-medium text-gray-700 mb-1"[39m
              [36m>[39m
                [0mSearch[0m
              [36m</label>[39m
              [36m<input[39m
                [33mclass[39m=[32m"w-full px-3 py-2 border border-gray-300 rounded-md focus:outline-none focus:ring-2 focus:ring-blue-500"[39m
                [33mplaceholder[39m=[32m"Search templates..."[39m
                [33mtype[39m=[32m"text"[39m
                [33mvalue[39m=[32m""[39m
              [36m/>[39m
            [36m</div>[39m
            [36m<div>[39m
              [36m<label[39m
                [33mclass[39m=[32m"block text-sm font-medium text-gray-700 mb-1"[39m
              [36m>[39m
                [0mCategory[0m
              [36m</label>[39m
              [36m<select[39m
                [33mclass[39m=[32m"w-full px-3 py-2 border border-gray-300 rounded-md focus:outline-none focus:ring-2 focus:ring-blue-500"[39m
              [36m>[39m
                [36m<option[39m
                  [33mvalue[39m=[32m"all"[39m
                [36m>[39m
                  [0mAll Categories[0m
                [36m</option>[39m
                [36m<option[39m
                  [33mvalue[39m=[32m"client"[39m
                [36m>[39m
                  [0mClient[0m
                [36m</option>[39m
                [36m<option[39m
                  [33mvalue[39m=[32m"stakeholder"[39m
                [36m>[39m
                  [0mStakeholder[0m
                [36m</option>[39m
                [36m<option[39m
                  [33mvalue[39m=[32m"user"[39m
                [36m>[39m
                  [0mUser[0m
                [36m</option>[39m
                [36m<option[39m
                  [33mvalue[39m=[32m"manager"[39m
                [36m>[39m
                  [0mManager[0m
                [36m</option>[39m
                [36m<option[39m
                  [33mvalue[39m=[32m"developer"[39m
                [36m>[39m
                  [0mDeveloper[0m
                [36m</option>[39m
                [36m<option[39m
                  [33mvalue[39m=[32m"designer"[39m
                [36m>[39m
                  [0mDesigner[0m
                [36m</option>[39m
                [36m<option[39m
                  [33mvalue[39m=[32m"tester"[39m
                [36m>[39m
                  [0mTester[0m
                [36m</option>[39m
                [36m<option[39m
                  [33mvalue[39m=[32m"business-analyst"[39m
                [36m>[39m
                  [0mBusiness Analyst[0m
                [36m</option>[39m
                [36m<option[39m
                  [33mvalue[39m=[32m"product-owner"[39m
                [36m>[39m
                  [0mProduct Owner[0m
                [36m</option>[39m
                [36m<option[39m
                  [33mvalue[39m=[32m"scrum-master"[39m
                [36m>[39m
                  [0mScrum Master[0m
                [36m</option>[39m
                [36m<option[39m
                  [33mvalue[39m=[32m"other"[39m
                [36m>[39m
                  [0mOther[0m
                [36m</option>[39m
              [36m</select>[39m
            [36m</div>[39m
            [36m<div>[39m
              [36m<label[39m
                [33mclass[39m=[32m"block text-sm font-medium text-gray-700 mb-1"[39m
              [36m>[39m
                [0mSort By[0m
              [36m</label>[39m
              [36m<select[39m
                [33mclass[39m=[32m"w-full px-3 py-2 border border-gray-300 rounded-md focus:outline-none focus:ring-2 focus:ring-blue-500"[39m
              [36m>[39m
                [36m<option[39m
                  [33mvalue[39m=[32m"name-asc"[39m
                [36m>[39m
                  [0mName (A-Z)[0m
                [36m</option>[39m
                [36m<option[39m
                  [33mvalue[39m=[32m"name-desc"[39m
                [36m>[39m
                  [0mName (Z-A)[0m
                [36m</option>[39m
                [36m<option[39m
                  [33mvalue[39m=[32m"createdAt-des...
   ✓ TemplateLibrary > filters templates by search term 17ms
   ✓ TemplateLibrary > filters templates by category 28ms
   ✓ TemplateLibrary > sorts templates 8ms
   × TemplateLibrary > filters by tags 1004ms
     → Found multiple elements with the text: product

Here are the matching elements:

Ignored nodes: comments, script, style
[36m<button[39m
  [33mclass[39m=[32m"px-3 py-1 rounded-full text-sm transition-colors bg-gray-200 text-gray-700 hover:bg-gray-300"[39m
[36m>[39m
  [0mproduct[0m
[36m</button>[39m

Ignored nodes: comments, script, style
[36m<span[39m
  [33mclass[39m=[32m"px-2 py-1 bg-blue-100 text-blue-800 text-xs rounded-full"[39m
[36m>[39m
  [0mproduct[0m
[36m</span>[39m

(If this is intentional, then use the `*AllBy*` variant of the query (like `queryAllByText`, `getAllByText`, or `findAllByText`)).

Ignored nodes: comments, script, style
[36m<body>[39m
  [36m<div>[39m
    [36m<div[39m
      [33mclass[39m=[32m"space-y-6"[39m
    [36m>[39m
      [36m<div[39m
        [33mclass[39m=[32m"flex justify-between items-center"[39m
      [36m>[39m
        [36m<h2[39m
          [33mclass[39m=[32m"text-2xl font-bold text-gray-800"[39m
        [36m>[39m
          [0mTemplate Library[0m
        [36m</h2>[39m
        [36m<div[39m
          [33mclass[39m=[32m"flex items-center gap-4"[39m
        [36m>[39m
          [36m<div[39m
            [33mclass[39m=[32m"flex items-center gap-2"[39m
          [36m>[39m
            [36m<button[39m
              [33mclass[39m=[32m"p-2 rounded bg-blue-100 text-blue-600"[39m
            [36m>[39m
              [36m<svg[39m
                [33mclass[39m=[32m"w-5 h-5"[39m
                [33mfill[39m=[32m"currentColor"[39m
                [33mviewBox[39m=[32m"0 0 20 20"[39m
              [36m>[39m
                [36m<path[39m
                  [33md[39m=[32m"M5 3a2 2 0 00-2 2v2a2 2 0 002 2h2a2 2 0 002-2V5a2 2 0 00-2-2H5zM5 11a2 2 0 00-2 2v2a2 2 0 002 2h2a2 2 0 002-2v-2a2 2 0 00-2-2H5zM11 5a2 2 0 012-2h2a2 2 0 012 2v2a2 2 0 01-2 2h-2a2 2 0 01-2-2V5zM11 13a2 2 0 012-2h2a2 2 0 012 2v2a2 2 0 01-2 2h-2a2 2 0 01-2-2v-2z"[39m
                [36m/>[39m
              [36m</svg>[39m
            [36m</button>[39m
            [36m<button[39m
              [33mclass[39m=[32m"p-2 rounded bg-gray-100 text-gray-600"[39m
            [36m>[39m
              [36m<svg[39m
                [33mclass[39m=[32m"w-5 h-5"[39m
                [33mfill[39m=[32m"currentColor"[39m
                [33mviewBox[39m=[32m"0 0 20 20"[39m
              [36m>[39m
                [36m<path[39m
                  [33mclip-rule[39m=[32m"evenodd"[39m
                  [33md[39m=[32m"M3 4a1 1 0 011-1h12a1 1 0 110 2H4a1 1 0 01-1-1zm0 4a1 1 0 011-1h12a1 1 0 110 2H4a1 1 0 01-1-1zm0 4a1 1 0 011-1h12a1 1 0 110 2H4a1 1 0 01-1-1zm0 4a1 1 0 011-1h12a1 1 0 110 2H4a1 1 0 01-1-1z"[39m
                  [33mfill-rule[39m=[32m"evenodd"[39m
                [36m/>[39m
              [36m</svg>[39m
            [36m</button>[39m
          [36m</div>[39m
        [36m</div>[39m
      [36m</div>[39m
      [36m<div[39m
        [33mclass[39m=[32m"bg-gray-50 p-4 rounded-lg space-y-4"[39m
      [36m>[39m
        [36m<div[39m
          [33mclass[39m=[32m"grid grid-cols-1 md:grid-cols-4 gap-4"[39m
        [36m>[39m
          [36m<div>[39m
            [36m<label[39m
              [33mclass[39m=[32m"block text-sm font-medium text-gray-700 mb-1"[39m
            [36m>[39m
              [0mSearch[0m
            [36m</label>[39m
            [36m<input[39m
              [33mclass[39m=[32m"w-full px-3 py-2 border border-gray-300 rounded-md focus:outline-none focus:ring-2 focus:ring-blue-500"[39m
              [33mplaceholder[39m=[32m"Search templates..."[39m
              [33mtype[39m=[32m"text"[39m
              [33mvalue[39m=[32m""[39m
            [36m/>[39m
          [36m</div>[39m
          [36m<div>[39m
            [36m<label[39m
              [33mclass[39m=[32m"block text-sm font-medium text-gray-700 mb-1"[39m
            [36m>[39m
              [0mCategory[0m
            [36m</label>[39m
            [36m<select[39m
              [33mclass[39m=[32m"w-full px-3 py-2 border border-gray-300 rounded-md focus:outline-none focus:ring-2 focus:ring-blue-500"[39m
            [36m>[39m
              [36m<option[39m
                [33mvalue[39m=[32m"all"[39m
              [36m>[39m
                [0mAll Categories[0m
              [36m</option>[39m
              [36m<option[39m
                [33mvalue[39m=[32m"client"[39m
              [36m>[39m
                [0mClient[0m
              [36m</option>[39m
              [36m<option[39m
                [33mvalue[39m=[32m"stakeholder"[39m
              [36m>[39m
                [0mStakeholder[0m
              [36m</option>[39m
              [36m<option[39m
                [33mvalue[39m=[32m"user"[39m
              [36m>[39m
                [0mUser[0m
              [36m</option>[39m
              [36m<option[39m
                [33mvalue[39m=[32m"manager"[39m
              [36m>[39m
                [0mManager[0m
              [36m</option>[39m
              [36m<option[39m
                [33mvalue[39m=[32m"developer"[39m
              [36m>[39m
                [0mDeveloper[0m
              [36m</option>[39m
              [36m<option[39m
                [33mvalue[39m=[32m"designer"[39m
              [36m>[39m
                [0mDesigner[0m
              [36m</option>[39m
              [36m<option[39m
                [33mvalue[39m=[32m"tester"[39m
              [36m>[39m
                [0mTester[0m
              [36m</option>[39m
              [36m<option[39m
                [33mvalue[39m=[32m"business-analyst"[39m
              [36m>[39m
                [0mBusiness Analyst[0m
              [36m</option>[39m
              [36m<option[39m
                [33mvalue[39m=[32m"product-owner"[39m
              [36m>[39m
                [0mProduct Owner[0m
              [36m</option>[39m
              [36m<option[39m
                [33mvalue[39m=[32m"scrum-master"[39m
              [36m>[39m
                [0mScrum Master[0m
              [36m</option>[39m
              [36m<option[39m
                [33mvalue[39m=[32m"other"[39m
              [36m>[39m
                [0mOther[0m
              [36m</option>[39m
            [36m</select>[39m
          [36m</div>[39m
          [36m<div>[39m
            [36m<label[39m
              [33mclass[39m=[32m"block text-sm font-medium text-gray-700 mb-1"[39m
            [36m>[39m
              [0mSort By[0m
            [36m</label>[39m
            [36m<select[39m
              [33mclass[39m=[32m"w-full px-3 py-2 border border-gray-300 rounded-md focus:outline-none focus:ring-2 focus:ring-blue-500"[39m
            [36m>[39m
              [36m<option[39m
                [33mvalue[39m=[32m"name-asc"[39m
              [36m>[39m
                [0mName (A-Z)[0m
              [36m</option>[39m
              [36m<option[39m
                [33mvalue[39m=[32m"name-desc"[39m
              [36m>[39m
                [0mName (Z-A)[0m
              [36m</option>[39m
              [36m<option[39m
                [33mvalue[39m=[32m"createdAt-desc"[39m
              [36m>[39m
                [0mNewest First[0m
              [36m</option>[39m
              [36m<option[39m
                [33mvalue[39m=[32m"createdAt-asc"[39m
              [36m>[39m
                [0mOldest First[0m
              [36m</option>[39m
              [36m<option[39m
                [33mvalue[39m=[32...

Ignored nodes: comments, script, style
[36m<html>[39m
  [36m<head />[39m
  [36m<body>[39m
    [36m<div>[39m
      [36m<div[39m
        [33mclass[39m=[32m"space-y-6"[39m
      [36m>[39m
        [36m<div[39m
          [33mclass[39m=[32m"flex justify-between items-center"[39m
        [36m>[39m
          [36m<h2[39m
            [33mclass[39m=[32m"text-2xl font-bold text-gray-800"[39m
          [36m>[39m
            [0mTemplate Library[0m
          [36m</h2>[39m
          [36m<div[39m
            [33mclass[39m=[32m"flex items-center gap-4"[39m
          [36m>[39m
            [36m<div[39m
              [33mclass[39m=[32m"flex items-center gap-2"[39m
            [36m>[39m
              [36m<button[39m
                [33mclass[39m=[32m"p-2 rounded bg-blue-100 text-blue-600"[39m
              [36m>[39m
                [36m<svg[39m
                  [33mclass[39m=[32m"w-5 h-5"[39m
                  [33mfill[39m=[32m"currentColor"[39m
                  [33mviewBox[39m=[32m"0 0 20 20"[39m
                [36m>[39m
                  [36m<path[39m
                    [33md[39m=[32m"M5 3a2 2 0 00-2 2v2a2 2 0 002 2h2a2 2 0 002-2V5a2 2 0 00-2-2H5zM5 11a2 2 0 00-2 2v2a2 2 0 002 2h2a2 2 0 002-2v-2a2 2 0 00-2-2H5zM11 5a2 2 0 012-2h2a2 2 0 012 2v2a2 2 0 01-2 2h-2a2 2 0 01-2-2V5zM11 13a2 2 0 012-2h2a2 2 0 012 2v2a2 2 0 01-2 2h-2a2 2 0 01-2-2v-2z"[39m
                  [36m/>[39m
                [36m</svg>[39m
              [36m</button>[39m
              [36m<button[39m
                [33mclass[39m=[32m"p-2 rounded bg-gray-100 text-gray-600"[39m
              [36m>[39m
                [36m<svg[39m
                  [33mclass[39m=[32m"w-5 h-5"[39m
                  [33mfill[39m=[32m"currentColor"[39m
                  [33mviewBox[39m=[32m"0 0 20 20"[39m
                [36m>[39m
                  [36m<path[39m
                    [33mclip-rule[39m=[32m"evenodd"[39m
                    [33md[39m=[32m"M3 4a1 1 0 011-1h12a1 1 0 110 2H4a1 1 0 01-1-1zm0 4a1 1 0 011-1h12a1 1 0 110 2H4a1 1 0 01-1-1zm0 4a1 1 0 011-1h12a1 1 0 110 2H4a1 1 0 01-1-1zm0 4a1 1 0 011-1h12a1 1 0 110 2H4a1 1 0 01-1-1z"[39m
                    [33mfill-rule[39m=[32m"evenodd"[39m
                  [36m/>[39m
                [36m</svg>[39m
              [36m</button>[39m
            [36m</div>[39m
          [36m</div>[39m
        [36m</div>[39m
        [36m<div[39m
          [33mclass[39m=[32m"bg-gray-50 p-4 rounded-lg space-y-4"[39m
        [36m>[39m
          [36m<div[39m
            [33mclass[39m=[32m"grid grid-cols-1 md:grid-cols-4 gap-4"[39m
          [36m>[39m
            [36m<div>[39m
              [36m<label[39m
                [33mclass[39m=[32m"block text-sm font-medium text-gray-700 mb-1"[39m
              [36m>[39m
                [0mSearch[0m
              [36m</label>[39m
              [36m<input[39m
                [33mclass[39m=[32m"w-full px-3 py-2 border border-gray-300 rounded-md focus:outline-none focus:ring-2 focus:ring-blue-500"[39m
                [33mplaceholder[39m=[32m"Search templates..."[39m
                [33mtype[39m=[32m"text"[39m
                [33mvalue[39m=[32m""[39m
              [36m/>[39m
            [36m</div>[39m
            [36m<div>[39m
              [36m<label[39m
                [33mclass[39m=[32m"block text-sm font-medium text-gray-700 mb-1"[39m
              [36m>[39m
                [0mCategory[0m
              [36m</label>[39m
              [36m<select[39m
                [33mclass[39m=[32m"w-full px-3 py-2 border border-gray-300 rounded-md focus:outline-none focus:ring-2 focus:ring-blue-500"[39m
              [36m>[39m
                [36m<option[39m
                  [33mvalue[39m=[32m"all"[39m
                [36m>[39m
                  [0mAll Categories[0m
                [36m</option>[39m
                [36m<option[39m
                  [33mvalue[39m=[32m"client"[39m
                [36m>[39m
                  [0mClient[0m
                [36m</option>[39m
                [36m<option[39m
                  [33mvalue[39m=[32m"stakeholder"[39m
                [36m>[39m
                  [0mStakeholder[0m
                [36m</option>[39m
                [36m<option[39m
                  [33mvalue[39m=[32m"user"[39m
                [36m>[39m
                  [0mUser[0m
                [36m</option>[39m
                [36m<option[39m
                  [33mvalue[39m=[32m"manager"[39m
                [36m>[39m
                  [0mManager[0m
                [36m</option>[39m
                [36m<option[39m
                  [33mvalue[39m=[32m"developer"[39m
                [36m>[39m
                  [0mDeveloper[0m
                [36m</option>[39m
                [36m<option[39m
                  [33mvalue[39m=[32m"designer"[39m
                [36m>[39m
                  [0mDesigner[0m
                [36m</option>[39m
                [36m<option[39m
                  [33mvalue[39m=[32m"tester"[39m
                [36m>[39m
                  [0mTester[0m
                [36m</option>[39m
                [36m<option[39m
                  [33mvalue[39m=[32m"business-analyst"[39m
                [36m>[39m
                  [0mBusiness Analyst[0m
                [36m</option>[39m
                [36m<option[39m
                  [33mvalue[39m=[32m"product-owner"[39m
                [36m>[39m
                  [0mProduct Owner[0m
                [36m</option>[39m
                [36m<option[39m
                  [33mvalue[39m=[32m"scrum-master"[39m
                [36m>[39m
                  [0mScrum Master[0m
                [36m</option>[39m
                [36m<option[39m
                  [33mvalue[39m=[32m"other"[39m
                [36m>[39m
                  [0mOther[0m
                [36m</option>[39m
              [36m</select>[39m
            [36m</div>[39m
            [36m<div>[39m
              [36m<label[39m
                [33mclass[39m=[32m"block text-sm font-medium text-gray-700 mb-1"[39m
              [36m>[39m
                [0mSort By[0m
              [36m</label>[39m
              [36m<select[39m
                [33mclass[39m=[32m"w-full px-3 py-2 border border-gray-300 rounded-md focus:outline-none focus:ring-2 focus:ring-blue-500"[39m
              [36m>[39m
                [36m<option[39m
                  [33mvalue[39m=[32m"name-asc"[39m
                [36m>[39m
                  [0mName (A-Z)[0m
                [36m</option>[39m
                [36m<option[39m
                  [33mvalue[39m=[32m"name-desc"[39m
                [36m>[39m
                  [0mName (Z-A)[0m
                [36m</option>[39m
                [36m<option[39m
                  [33mvalue[39m=[32m"createdAt-des...
   ✓ TemplateLibrary > filters public templates only 16ms
   ✓ TemplateLibrary > calls onSelectTemplate when template is selected 9ms
   ✓ TemplateLibrary > calls onEditTemplate when edit button is clicked 7ms
   × TemplateLibrary > calls onDeleteTemplate when delete button is clicked 7ms
     → expected "spy" to be called with arguments: [ Array(1) ][90m

Number of calls: [1m0[22m
[39m
   × TemplateLibrary > calls onCloneTemplate when clone button is clicked 8ms
     → expected "spy" to be called with arguments: [ { _id: 'cloned-1', …(14) } ][90m

Received: 

[1m  1st spy call:

[22m[33m@@ -1,8 +1,8 @@[90m
[2m  [[22m
[2m    {[22m
[32m-     "_id": "cloned-1",[90m
[31m+     "_id": "1",[90m
[2m      "category": "manager",[22m
[2m      "createdAt": 2024-01-01T00:00:00.000Z,[22m
[2m      "createdBy": {[22m
[2m        "_id": "user1",[22m
[2m        "name": "John Doe",[22m
[39m[90m

Number of calls: [1m1[22m
[39m
   ✓ TemplateLibrary > shows create button when showCreateButton is true 7ms
   ✓ TemplateLibrary > displays loading state 1ms
   ✓ TemplateLibrary > displays error when loading fails 4ms
   ✓ TemplateLibrary > displays empty state when no templates found 3ms
   × TemplateLibrary > displays filtered empty state when search has no results 1007ms
     → Unable to find an element with the text: No templates found. This could be because the text is broken up by multiple elements. In this case, you can provide a function for your text matcher to make your matcher more flexible.

Ignored nodes: comments, script, style
[36m<body>[39m
  [36m<div>[39m
    [36m<div[39m
      [33mclass[39m=[32m"flex justify-center items-center h-64"[39m
    [36m>[39m
      [36m<div[39m
        [33mclass[39m=[32m"text-lg"[39m
      [36m>[39m
        [0mLoading templates...[0m
      [36m</div>[39m
    [36m</div>[39m
  [36m</div>[39m
[36m</body>[39m

Ignored nodes: comments, script, style
[36m<html>[39m
  [36m<head />[39m
  [36m<body>[39m
    [36m<div>[39m
      [36m<div[39m
        [33mclass[39m=[32m"flex justify-center items-center h-64"[39m
      [36m>[39m
        [36m<div[39m
          [33mclass[39m=[32m"text-lg"[39m
        [36m>[39m
          [0mLoading templates...[0m
        [36m</div>[39m
      [36m</div>[39m
    [36m</div>[39m
  [36m</body>[39m
[36m</html>[39m
   ✓ TemplateLibrary > displays template information correctly 9ms
   × TemplateLibrary > displays template tags 1004ms
     → Found multiple elements with the text: product

Here are the matching elements:

Ignored nodes: comments, script, style
[36m<button[39m
  [33mclass[39m=[32m"px-3 py-1 rounded-full text-sm transition-colors bg-gray-200 text-gray-700 hover:bg-gray-300"[39m
[36m>[39m
  [0mproduct[0m
[36m</button>[39m

Ignored nodes: comments, script, style
[36m<span[39m
  [33mclass[39m=[32m"px-2 py-1 bg-blue-100 text-blue-800 text-xs rounded-full"[39m
[36m>[39m
  [0mproduct[0m
[36m</span>[39m

(If this is intentional, then use the `*AllBy*` variant of the query (like `queryAllByText`, `getAllByText`, or `findAllByText`)).

Ignored nodes: comments, script, style
[36m<body>[39m
  [36m<div>[39m
    [36m<div[39m
      [33mclass[39m=[32m"space-y-6"[39m
    [36m>[39m
      [36m<div[39m
        [33mclass[39m=[32m"flex justify-between items-center"[39m
      [36m>[39m
        [36m<h2[39m
          [33mclass[39m=[32m"text-2xl font-bold text-gray-800"[39m
        [36m>[39m
          [0mTemplate Library[0m
        [36m</h2>[39m
        [36m<div[39m
          [33mclass[39m=[32m"flex items-center gap-4"[39m
        [36m>[39m
          [36m<div[39m
            [33mclass[39m=[32m"flex items-center gap-2"[39m
          [36m>[39m
            [36m<button[39m
              [33mclass[39m=[32m"p-2 rounded bg-blue-100 text-blue-600"[39m
            [36m>[39m
              [36m<svg[39m
                [33mclass[39m=[32m"w-5 h-5"[39m
                [33mfill[39m=[32m"currentColor"[39m
                [33mviewBox[39m=[32m"0 0 20 20"[39m
              [36m>[39m
                [36m<path[39m
                  [33md[39m=[32m"M5 3a2 2 0 00-2 2v2a2 2 0 002 2h2a2 2 0 002-2V5a2 2 0 00-2-2H5zM5 11a2 2 0 00-2 2v2a2 2 0 002 2h2a2 2 0 002-2v-2a2 2 0 00-2-2H5zM11 5a2 2 0 012-2h2a2 2 0 012 2v2a2 2 0 01-2 2h-2a2 2 0 01-2-2V5zM11 13a2 2 0 012-2h2a2 2 0 012 2v2a2 2 0 01-2 2h-2a2 2 0 01-2-2v-2z"[39m
                [36m/>[39m
              [36m</svg>[39m
            [36m</button>[39m
            [36m<button[39m
              [33mclass[39m=[32m"p-2 rounded bg-gray-100 text-gray-600"[39m
            [36m>[39m
              [36m<svg[39m
                [33mclass[39m=[32m"w-5 h-5"[39m
                [33mfill[39m=[32m"currentColor"[39m
                [33mviewBox[39m=[32m"0 0 20 20"[39m
              [36m>[39m
                [36m<path[39m
                  [33mclip-rule[39m=[32m"evenodd"[39m
                  [33md[39m=[32m"M3 4a1 1 0 011-1h12a1 1 0 110 2H4a1 1 0 01-1-1zm0 4a1 1 0 011-1h12a1 1 0 110 2H4a1 1 0 01-1-1zm0 4a1 1 0 011-1h12a1 1 0 110 2H4a1 1 0 01-1-1zm0 4a1 1 0 011-1h12a1 1 0 110 2H4a1 1 0 01-1-1z"[39m
                  [33mfill-rule[39m=[32m"evenodd"[39m
                [36m/>[39m
              [36m</svg>[39m
            [36m</button>[39m
          [36m</div>[39m
        [36m</div>[39m
      [36m</div>[39m
      [36m<div[39m
        [33mclass[39m=[32m"bg-gray-50 p-4 rounded-lg space-y-4"[39m
      [36m>[39m
        [36m<div[39m
          [33mclass[39m=[32m"grid grid-cols-1 md:grid-cols-4 gap-4"[39m
        [36m>[39m
          [36m<div>[39m
            [36m<label[39m
              [33mclass[39m=[32m"block text-sm font-medium text-gray-700 mb-1"[39m
            [36m>[39m
              [0mSearch[0m
            [36m</label>[39m
            [36m<input[39m
              [33mclass[39m=[32m"w-full px-3 py-2 border border-gray-300 rounded-md focus:outline-none focus:ring-2 focus:ring-blue-500"[39m
              [33mplaceholder[39m=[32m"Search templates..."[39m
              [33mtype[39m=[32m"text"[39m
              [33mvalue[39m=[32m""[39m
            [36m/>[39m
          [36m</div>[39m
          [36m<div>[39m
            [36m<label[39m
              [33mclass[39m=[32m"block text-sm font-medium text-gray-700 mb-1"[39m
            [36m>[39m
              [0mCategory[0m
            [36m</label>[39m
            [36m<select[39m
              [33mclass[39m=[32m"w-full px-3 py-2 border border-gray-300 rounded-md focus:outline-none focus:ring-2 focus:ring-blue-500"[39m
            [36m>[39m
              [36m<option[39m
                [33mvalue[39m=[32m"all"[39m
              [36m>[39m
                [0mAll Categories[0m
              [36m</option>[39m
              [36m<option[39m
                [33mvalue[39m=[32m"client"[39m
              [36m>[39m
                [0mClient[0m
              [36m</option>[39m
              [36m<option[39m
                [33mvalue[39m=[32m"stakeholder"[39m
              [36m>[39m
                [0mStakeholder[0m
              [36m</option>[39m
              [36m<option[39m
                [33mvalue[39m=[32m"user"[39m
              [36m>[39m
                [0mUser[0m
              [36m</option>[39m
              [36m<option[39m
                [33mvalue[39m=[32m"manager"[39m
              [36m>[39m
                [0mManager[0m
              [36m</option>[39m
              [36m<option[39m
                [33mvalue[39m=[32m"developer"[39m
              [36m>[39m
                [0mDeveloper[0m
              [36m</option>[39m
              [36m<option[39m
                [33mvalue[39m=[32m"designer"[39m
              [36m>[39m
                [0mDesigner[0m
              [36m</option>[39m
              [36m<option[39m
                [33mvalue[39m=[32m"tester"[39m
              [36m>[39m
                [0mTester[0m
              [36m</option>[39m
              [36m<option[39m
                [33mvalue[39m=[32m"business-analyst"[39m
              [36m>[39m
                [0mBusiness Analyst[0m
              [36m</option>[39m
              [36m<option[39m
                [33mvalue[39m=[32m"product-owner"[39m
              [36m>[39m
                [0mProduct Owner[0m
              [36m</option>[39m
              [36m<option[39m
                [33mvalue[39m=[32m"scrum-master"[39m
              [36m>[39m
                [0mScrum Master[0m
              [36m</option>[39m
              [36m<option[39m
                [33mvalue[39m=[32m"other"[39m
              [36m>[39m
                [0mOther[0m
              [36m</option>[39m
            [36m</select>[39m
          [36m</div>[39m
          [36m<div>[39m
            [36m<label[39m
              [33mclass[39m=[32m"block text-sm font-medium text-gray-700 mb-1"[39m
            [36m>[39m
              [0mSort By[0m
            [36m</label>[39m
            [36m<select[39m
              [33mclass[39m=[32m"w-full px-3 py-2 border border-gray-300 rounded-md focus:outline-none focus:ring-2 focus:ring-blue-500"[39m
            [36m>[39m
              [36m<option[39m
                [33mvalue[39m=[32m"name-asc"[39m
              [36m>[39m
                [0mName (A-Z)[0m
              [36m</option>[39m
              [36m<option[39m
                [33mvalue[39m=[32m"name-desc"[39m
              [36m>[39m
                [0mName (Z-A)[0m
              [36m</option>[39m
              [36m<option[39m
                [33mvalue[39m=[32m"createdAt-desc"[39m
              [36m>[39m
                [0mNewest First[0m
              [36m</option>[39m
              [36m<option[39m
                [33mvalue[39m=[32m"createdAt-asc"[39m
              [36m>[39m
                [0mOldest First[0m
              [36m</option>[39m
              [36m<option[39m
                [33mvalue[39m=[32...

Ignored nodes: comments, script, style
[36m<html>[39m
  [36m<head />[39m
  [36m<body>[39m
    [36m<div>[39m
      [36m<div[39m
        [33mclass[39m=[32m"space-y-6"[39m
      [36m>[39m
        [36m<div[39m
          [33mclass[39m=[32m"flex justify-between items-center"[39m
        [36m>[39m
          [36m<h2[39m
            [33mclass[39m=[32m"text-2xl font-bold text-gray-800"[39m
          [36m>[39m
            [0mTemplate Library[0m
          [36m</h2>[39m
          [36m<div[39m
            [33mclass[39m=[32m"flex items-center gap-4"[39m
          [36m>[39m
            [36m<div[39m
              [33mclass[39m=[32m"flex items-center gap-2"[39m
            [36m>[39m
              [36m<button[39m
                [33mclass[39m=[32m"p-2 rounded bg-blue-100 text-blue-600"[39m
              [36m>[39m
                [36m<svg[39m
                  [33mclass[39m=[32m"w-5 h-5"[39m
                  [33mfill[39m=[32m"currentColor"[39m
                  [33mviewBox[39m=[32m"0 0 20 20"[39m
                [36m>[39m
                  [36m<path[39m
                    [33md[39m=[32m"M5 3a2 2 0 00-2 2v2a2 2 0 002 2h2a2 2 0 002-2V5a2 2 0 00-2-2H5zM5 11a2 2 0 00-2 2v2a2 2 0 002 2h2a2 2 0 002-2v-2a2 2 0 00-2-2H5zM11 5a2 2 0 012-2h2a2 2 0 012 2v2a2 2 0 01-2 2h-2a2 2 0 01-2-2V5zM11 13a2 2 0 012-2h2a2 2 0 012 2v2a2 2 0 01-2 2h-2a2 2 0 01-2-2v-2z"[39m
                  [36m/>[39m
                [36m</svg>[39m
              [36m</button>[39m
              [36m<button[39m
                [33mclass[39m=[32m"p-2 rounded bg-gray-100 text-gray-600"[39m
              [36m>[39m
                [36m<svg[39m
                  [33mclass[39m=[32m"w-5 h-5"[39m
                  [33mfill[39m=[32m"currentColor"[39m
                  [33mviewBox[39m=[32m"0 0 20 20"[39m
                [36m>[39m
                  [36m<path[39m
                    [33mclip-rule[39m=[32m"evenodd"[39m
                    [33md[39m=[32m"M3 4a1 1 0 011-1h12a1 1 0 110 2H4a1 1 0 01-1-1zm0 4a1 1 0 011-1h12a1 1 0 110 2H4a1 1 0 01-1-1zm0 4a1 1 0 011-1h12a1 1 0 110 2H4a1 1 0 01-1-1zm0 4a1 1 0 011-1h12a1 1 0 110 2H4a1 1 0 01-1-1z"[39m
                    [33mfill-rule[39m=[32m"evenodd"[39m
                  [36m/>[39m
                [36m</svg>[39m
              [36m</button>[39m
            [36m</div>[39m
          [36m</div>[39m
        [36m</div>[39m
        [36m<div[39m
          [33mclass[39m=[32m"bg-gray-50 p-4 rounded-lg space-y-4"[39m
        [36m>[39m
          [36m<div[39m
            [33mclass[39m=[32m"grid grid-cols-1 md:grid-cols-4 gap-4"[39m
          [36m>[39m
            [36m<div>[39m
              [36m<label[39m
                [33mclass[39m=[32m"block text-sm font-medium text-gray-700 mb-1"[39m
              [36m>[39m
                [0mSearch[0m
              [36m</label>[39m
              [36m<input[39m
                [33mclass[39m=[32m"w-full px-3 py-2 border border-gray-300 rounded-md focus:outline-none focus:ring-2 focus:ring-blue-500"[39m
                [33mplaceholder[39m=[32m"Search templates..."[39m
                [33mtype[39m=[32m"text"[39m
                [33mvalue[39m=[32m""[39m
              [36m/>[39m
            [36m</div>[39m
            [36m<div>[39m
              [36m<label[39m
                [33mclass[39m=[32m"block text-sm font-medium text-gray-700 mb-1"[39m
              [36m>[39m
                [0mCategory[0m
              [36m</label>[39m
              [36m<select[39m
                [33mclass[39m=[32m"w-full px-3 py-2 border border-gray-300 rounded-md focus:outline-none focus:ring-2 focus:ring-blue-500"[39m
              [36m>[39m
                [36m<option[39m
                  [33mvalue[39m=[32m"all"[39m
                [36m>[39m
                  [0mAll Categories[0m
                [36m</option>[39m
                [36m<option[39m
                  [33mvalue[39m=[32m"client"[39m
                [36m>[39m
                  [0mClient[0m
                [36m</option>[39m
                [36m<option[39m
                  [33mvalue[39m=[32m"stakeholder"[39m
                [36m>[39m
                  [0mStakeholder[0m
                [36m</option>[39m
                [36m<option[39m
                  [33mvalue[39m=[32m"user"[39m
                [36m>[39m
                  [0mUser[0m
                [36m</option>[39m
                [36m<option[39m
                  [33mvalue[39m=[32m"manager"[39m
                [36m>[39m
                  [0mManager[0m
                [36m</option>[39m
                [36m<option[39m
                  [33mvalue[39m=[32m"developer"[39m
                [36m>[39m
                  [0mDeveloper[0m
                [36m</option>[39m
                [36m<option[39m
                  [33mvalue[39m=[32m"designer"[39m
                [36m>[39m
                  [0mDesigner[0m
                [36m</option>[39m
                [36m<option[39m
                  [33mvalue[39m=[32m"tester"[39m
                [36m>[39m
                  [0mTester[0m
                [36m</option>[39m
                [36m<option[39m
                  [33mvalue[39m=[32m"business-analyst"[39m
                [36m>[39m
                  [0mBusiness Analyst[0m
                [36m</option>[39m
                [36m<option[39m
                  [33mvalue[39m=[32m"product-owner"[39m
                [36m>[39m
                  [0mProduct Owner[0m
                [36m</option>[39m
                [36m<option[39m
                  [33mvalue[39m=[32m"scrum-master"[39m
                [36m>[39m
                  [0mScrum Master[0m
                [36m</option>[39m
                [36m<option[39m
                  [33mvalue[39m=[32m"other"[39m
                [36m>[39m
                  [0mOther[0m
                [36m</option>[39m
              [36m</select>[39m
            [36m</div>[39m
            [36m<div>[39m
              [36m<label[39m
                [33mclass[39m=[32m"block text-sm font-medium text-gray-700 mb-1"[39m
              [36m>[39m
                [0mSort By[0m
              [36m</label>[39m
              [36m<select[39m
                [33mclass[39m=[32m"w-full px-3 py-2 border border-gray-300 rounded-md focus:outline-none focus:ring-2 focus:ring-blue-500"[39m
              [36m>[39m
                [36m<option[39m
                  [33mvalue[39m=[32m"name-asc"[39m
                [36m>[39m
                  [0mName (A-Z)[0m
                [36m</option>[39m
                [36m<option[39m
                  [33mvalue[39m=[32m"name-desc"[39m
                [36m>[39m
                  [0mName (Z-A)[0m
                [36m</option>[39m
                [36m<option[39m
                  [33mvalue[39m=[32m"createdAt-des...
   ✓ TemplateLibrary > shows results count 8ms
   ✓ TemplateLibrary > handles project-specific templates 3ms
   × TemplateLibrary > handles delete confirmation cancellation 12ms
     → expected "spy" to be called at least once
   × TemplateLibrary > handles clone error gracefully 1008ms
     → Unable to find an element with the text: Failed to clone template. This could be because the text is broken up by multiple elements. In this case, you can provide a function for your text matcher to make your matcher more flexible.

Ignored nodes: comments, script, style
[36m<body>[39m
  [36m<div>[39m
    [36m<div[39m
      [33mclass[39m=[32m"space-y-6"[39m
    [36m>[39m
      [36m<div[39m
        [33mclass[39m=[32m"flex justify-between items-center"[39m
      [36m>[39m
        [36m<h2[39m
          [33mclass[39m=[32m"text-2xl font-bold text-gray-800"[39m
        [36m>[39m
          [0mTemplate Library[0m
        [36m</h2>[39m
        [36m<div[39m
          [33mclass[39m=[32m"flex items-center gap-4"[39m
        [36m>[39m
          [36m<div[39m
            [33mclass[39m=[32m"flex items-center gap-2"[39m
          [36m>[39m
            [36m<button[39m
              [33mclass[39m=[32m"p-2 rounded bg-blue-100 text-blue-600"[39m
            [36m>[39m
              [36m<svg[39m
                [33mclass[39m=[32m"w-5 h-5"[39m
                [33mfill[39m=[32m"currentColor"[39m
                [33mviewBox[39m=[32m"0 0 20 20"[39m
              [36m>[39m
                [36m<path[39m
                  [33md[39m=[32m"M5 3a2 2 0 00-2 2v2a2 2 0 002 2h2a2 2 0 002-2V5a2 2 0 00-2-2H5zM5 11a2 2 0 00-2 2v2a2 2 0 002 2h2a2 2 0 002-2v-2a2 2 0 00-2-2H5zM11 5a2 2 0 012-2h2a2 2 0 012 2v2a2 2 0 01-2 2h-2a2 2 0 01-2-2V5zM11 13a2 2 0 012-2h2a2 2 0 012 2v2a2 2 0 01-2 2h-2a2 2 0 01-2-2v-2z"[39m
                [36m/>[39m
              [36m</svg>[39m
            [36m</button>[39m
            [36m<button[39m
              [33mclass[39m=[32m"p-2 rounded bg-gray-100 text-gray-600"[39m
            [36m>[39m
              [36m<svg[39m
                [33mclass[39m=[32m"w-5 h-5"[39m
                [33mfill[39m=[32m"currentColor"[39m
                [33mviewBox[39m=[32m"0 0 20 20"[39m
              [36m>[39m
                [36m<path[39m
                  [33mclip-rule[39m=[32m"evenodd"[39m
                  [33md[39m=[32m"M3 4a1 1 0 011-1h12a1 1 0 110 2H4a1 1 0 01-1-1zm0 4a1 1 0 011-1h12a1 1 0 110 2H4a1 1 0 01-1-1zm0 4a1 1 0 011-1h12a1 1 0 110 2H4a1 1 0 01-1-1zm0 4a1 1 0 011-1h12a1 1 0 110 2H4a1 1 0 01-1-1z"[39m
                  [33mfill-rule[39m=[32m"evenodd"[39m
                [36m/>[39m
              [36m</svg>[39m
            [36m</button>[39m
          [36m</div>[39m
        [36m</div>[39m
      [36m</div>[39m
      [36m<div[39m
        [33mclass[39m=[32m"bg-gray-50 p-4 rounded-lg space-y-4"[39m
      [36m>[39m
        [36m<div[39m
          [33mclass[39m=[32m"grid grid-cols-1 md:grid-cols-4 gap-4"[39m
        [36m>[39m
          [36m<div>[39m
            [36m<label[39m
              [33mclass[39m=[32m"block text-sm font-medium text-gray-700 mb-1"[39m
            [36m>[39m
              [0mSearch[0m
            [36m</label>[39m
            [36m<input[39m
              [33mclass[39m=[32m"w-full px-3 py-2 border border-gray-300 rounded-md focus:outline-none focus:ring-2 focus:ring-blue-500"[39m
              [33mplaceholder[39m=[32m"Search templates..."[39m
              [33mtype[39m=[32m"text"[39m
              [33mvalue[39m=[32m""[39m
            [36m/>[39m
          [36m</div>[39m
          [36m<div>[39m
            [36m<label[39m
              [33mclass[39m=[32m"block text-sm font-medium text-gray-700 mb-1"[39m
            [36m>[39m
              [0mCategory[0m
            [36m</label>[39m
            [36m<select[39m
              [33mclass[39m=[32m"w-full px-3 py-2 border border-gray-300 rounded-md focus:outline-none focus:ring-2 focus:ring-blue-500"[39m
            [36m>[39m
              [36m<option[39m
                [33mvalue[39m=[32m"all"[39m
              [36m>[39m
                [0mAll Categories[0m
              [36m</option>[39m
              [36m<option[39m
                [33mvalue[39m=[32m"client"[39m
              [36m>[39m
                [0mClient[0m
              [36m</option>[39m
              [36m<option[39m
                [33mvalue[39m=[32m"stakeholder"[39m
              [36m>[39m
                [0mStakeholder[0m
              [36m</option>[39m
              [36m<option[39m
                [33mvalue[39m=[32m"user"[39m
              [36m>[39m
                [0mUser[0m
              [36m</option>[39m
              [36m<option[39m
                [33mvalue[39m=[32m"manager"[39m
              [36m>[39m
                [0mManager[0m
              [36m</option>[39m
              [36m<option[39m
                [33mvalue[39m=[32m"developer"[39m
              [36m>[39m
                [0mDeveloper[0m
              [36m</option>[39m
              [36m<option[39m
                [33mvalue[39m=[32m"designer"[39m
              [36m>[39m
                [0mDesigner[0m
              [36m</option>[39m
              [36m<option[39m
                [33mvalue[39m=[32m"tester"[39m
              [36m>[39m
                [0mTester[0m
              [36m</option>[39m
              [36m<option[39m
                [33mvalue[39m=[32m"business-analyst"[39m
              [36m>[39m
                [0mBusiness Analyst[0m
              [36m</option>[39m
              [36m<option[39m
                [33mvalue[39m=[32m"product-owner"[39m
              [36m>[39m
                [0mProduct Owner[0m
              [36m</option>[39m
              [36m<option[39m
                [33mvalue[39m=[32m"scrum-master"[39m
              [36m>[39m
                [0mScrum Master[0m
              [36m</option>[39m
              [36m<option[39m
                [33mvalue[39m=[32m"other"[39m
              [36m>[39m
                [0mOther[0m
              [36m</option>[39m
            [36m</select>[39m
          [36m</div>[39m
          [36m<div>[39m
            [36m<label[39m
              [33mclass[39m=[32m"block text-sm font-medium text-gray-700 mb-1"[39m
            [36m>[39m
              [0mSort By[0m
            [36m</label>[39m
            [36m<select[39m
              [33mclass[39m=[32m"w-full px-3 py-2 border border-gray-300 rounded-md focus:outline-none focus:ring-2 focus:ring-blue-500"[39m
            [36m>[39m
              [36m<option[39m
                [33mvalue[39m=[32m"name-asc"[39m
              [36m>[39m
                [0mName (A-Z)[0m
              [36m</option>[39m
              [36m<option[39m
                [33mvalue[39m=[32m"name-desc"[39m
              [36m>[39m
                [0mName (Z-A)[0m
              [36m</option>[39m
              [36m<option[39m
                [33mvalue[39m=[32m"createdAt-desc"[39m
              [36m>[39m
                [0mNewest First[0m
              [36m</option>[39m
              [36m<option[39m
                [33mvalue[39m=[32m"createdAt-asc"[39m
              [36m>[39m
                [0mOldest First[0m
              [36m</option>[39m
              [36m<option[39m
                [33mvalue[39m=[32...

Ignored nodes: comments, script, style
[36m<html>[39m
  [36m<head />[39m
  [36m<body>[39m
    [36m<div>[39m
      [36m<div[39m
        [33mclass[39m=[32m"space-y-6"[39m
      [36m>[39m
        [36m<div[39m
          [33mclass[39m=[32m"flex justify-between items-center"[39m
        [36m>[39m
          [36m<h2[39m
            [33mclass[39m=[32m"text-2xl font-bold text-gray-800"[39m
          [36m>[39m
            [0mTemplate Library[0m
          [36m</h2>[39m
          [36m<div[39m
            [33mclass[39m=[32m"flex items-center gap-4"[39m
          [36m>[39m
            [36m<div[39m
              [33mclass[39m=[32m"flex items-center gap-2"[39m
            [36m>[39m
              [36m<button[39m
                [33mclass[39m=[32m"p-2 rounded bg-blue-100 text-blue-600"[39m
              [36m>[39m
                [36m<svg[39m
                  [33mclass[39m=[32m"w-5 h-5"[39m
                  [33mfill[39m=[32m"currentColor"[39m
                  [33mviewBox[39m=[32m"0 0 20 20"[39m
                [36m>[39m
                  [36m<path[39m
                    [33md[39m=[32m"M5 3a2 2 0 00-2 2v2a2 2 0 002 2h2a2 2 0 002-2V5a2 2 0 00-2-2H5zM5 11a2 2 0 00-2 2v2a2 2 0 002 2h2a2 2 0 002-2v-2a2 2 0 00-2-2H5zM11 5a2 2 0 012-2h2a2 2 0 012 2v2a2 2 0 01-2 2h-2a2 2 0 01-2-2V5zM11 13a2 2 0 012-2h2a2 2 0 012 2v2a2 2 0 01-2 2h-2a2 2 0 01-2-2v-2z"[39m
                  [36m/>[39m
                [36m</svg>[39m
              [36m</button>[39m
              [36m<button[39m
                [33mclass[39m=[32m"p-2 rounded bg-gray-100 text-gray-600"[39m
              [36m>[39m
                [36m<svg[39m
                  [33mclass[39m=[32m"w-5 h-5"[39m
                  [33mfill[39m=[32m"currentColor"[39m
                  [33mviewBox[39m=[32m"0 0 20 20"[39m
                [36m>[39m
                  [36m<path[39m
                    [33mclip-rule[39m=[32m"evenodd"[39m
                    [33md[39m=[32m"M3 4a1 1 0 011-1h12a1 1 0 110 2H4a1 1 0 01-1-1zm0 4a1 1 0 011-1h12a1 1 0 110 2H4a1 1 0 01-1-1zm0 4a1 1 0 011-1h12a1 1 0 110 2H4a1 1 0 01-1-1zm0 4a1 1 0 011-1h12a1 1 0 110 2H4a1 1 0 01-1-1z"[39m
                    [33mfill-rule[39m=[32m"evenodd"[39m
                  [36m/>[39m
                [36m</svg>[39m
              [36m</button>[39m
            [36m</div>[39m
          [36m</div>[39m
        [36m</div>[39m
        [36m<div[39m
          [33mclass[39m=[32m"bg-gray-50 p-4 rounded-lg space-y-4"[39m
        [36m>[39m
          [36m<div[39m
            [33mclass[39m=[32m"grid grid-cols-1 md:grid-cols-4 gap-4"[39m
          [36m>[39m
            [36m<div>[39m
              [36m<label[39m
                [33mclass[39m=[32m"block text-sm font-medium text-gray-700 mb-1"[39m
              [36m>[39m
                [0mSearch[0m
              [36m</label>[39m
              [36m<input[39m
                [33mclass[39m=[32m"w-full px-3 py-2 border border-gray-300 rounded-md focus:outline-none focus:ring-2 focus:ring-blue-500"[39m
                [33mplaceholder[39m=[32m"Search templates..."[39m
                [33mtype[39m=[32m"text"[39m
                [33mvalue[39m=[32m""[39m
              [36m/>[39m
            [36m</div>[39m
            [36m<div>[39m
              [36m<label[39m
                [33mclass[39m=[32m"block text-sm font-medium text-gray-700 mb-1"[39m
              [36m>[39m
                [0mCategory[0m
              [36m</label>[39m
              [36m<select[39m
                [33mclass[39m=[32m"w-full px-3 py-2 border border-gray-300 rounded-md focus:outline-none focus:ring-2 focus:ring-blue-500"[39m
              [36m>[39m
                [36m<option[39m
                  [33mvalue[39m=[32m"all"[39m
                [36m>[39m
                  [0mAll Categories[0m
                [36m</option>[39m
                [36m<option[39m
                  [33mvalue[39m=[32m"client"[39m
                [36m>[39m
                  [0mClient[0m
                [36m</option>[39m
                [36m<option[39m
                  [33mvalue[39m=[32m"stakeholder"[39m
                [36m>[39m
                  [0mStakeholder[0m
                [36m</option>[39m
                [36m<option[39m
                  [33mvalue[39m=[32m"user"[39m
                [36m>[39m
                  [0mUser[0m
                [36m</option>[39m
                [36m<option[39m
                  [33mvalue[39m=[32m"manager"[39m
                [36m>[39m
                  [0mManager[0m
                [36m</option>[39m
                [36m<option[39m
                  [33mvalue[39m=[32m"developer"[39m
                [36m>[39m
                  [0mDeveloper[0m
                [36m</option>[39m
                [36m<option[39m
                  [33mvalue[39m=[32m"designer"[39m
                [36m>[39m
                  [0mDesigner[0m
                [36m</option>[39m
                [36m<option[39m
                  [33mvalue[39m=[32m"tester"[39m
                [36m>[39m
                  [0mTester[0m
                [36m</option>[39m
                [36m<option[39m
                  [33mvalue[39m=[32m"business-analyst"[39m
                [36m>[39m
                  [0mBusiness Analyst[0m
                [36m</option>[39m
                [36m<option[39m
                  [33mvalue[39m=[32m"product-owner"[39m
                [36m>[39m
                  [0mProduct Owner[0m
                [36m</option>[39m
                [36m<option[39m
                  [33mvalue[39m=[32m"scrum-master"[39m
                [36m>[39m
                  [0mScrum Master[0m
                [36m</option>[39m
                [36m<option[39m
                  [33mvalue[39m=[32m"other"[39m
                [36m>[39m
                  [0mOther[0m
                [36m</option>[39m
              [36m</select>[39m
            [36m</div>[39m
            [36m<div>[39m
              [36m<label[39m
                [33mclass[39m=[32m"block text-sm font-medium text-gray-700 mb-1"[39m
              [36m>[39m
                [0mSort By[0m
              [36m</label>[39m
              [36m<select[39m
                [33mclass[39m=[32m"w-full px-3 py-2 border border-gray-300 rounded-md focus:outline-none focus:ring-2 focus:ring-blue-500"[39m
              [36m>[39m
                [36m<option[39m
                  [33mvalue[39m=[32m"name-asc"[39m
                [36m>[39m
                  [0mName (A-Z)[0m
                [36m</option>[39m
                [36m<option[39m
                  [33mvalue[39m=[32m"name-desc"[39m
                [36m>[39m
                  [0mName (Z-A)[0m
                [36m</option>[39m
                [36m<option[39m
                  [33mvalue[39m=[32m"createdAt-des...
   × TemplateLibrary > handles delete error gracefully 1008ms
     → Unable to find an element with the text: Failed to delete template. This could be because the text is broken up by multiple elements. In this case, you can provide a function for your text matcher to make your matcher more flexible.

Ignored nodes: comments, script, style
[36m<body>[39m
  [36m<div>[39m
    [36m<div[39m
      [33mclass[39m=[32m"space-y-6"[39m
    [36m>[39m
      [36m<div[39m
        [33mclass[39m=[32m"flex justify-between items-center"[39m
      [36m>[39m
        [36m<h2[39m
          [33mclass[39m=[32m"text-2xl font-bold text-gray-800"[39m
        [36m>[39m
          [0mTemplate Library[0m
        [36m</h2>[39m
        [36m<div[39m
          [33mclass[39m=[32m"flex items-center gap-4"[39m
        [36m>[39m
          [36m<div[39m
            [33mclass[39m=[32m"flex items-center gap-2"[39m
          [36m>[39m
            [36m<button[39m
              [33mclass[39m=[32m"p-2 rounded bg-blue-100 text-blue-600"[39m
            [36m>[39m
              [36m<svg[39m
                [33mclass[39m=[32m"w-5 h-5"[39m
                [33mfill[39m=[32m"currentColor"[39m
                [33mviewBox[39m=[32m"0 0 20 20"[39m
              [36m>[39m
                [36m<path[39m
                  [33md[39m=[32m"M5 3a2 2 0 00-2 2v2a2 2 0 002 2h2a2 2 0 002-2V5a2 2 0 00-2-2H5zM5 11a2 2 0 00-2 2v2a2 2 0 002 2h2a2 2 0 002-2v-2a2 2 0 00-2-2H5zM11 5a2 2 0 012-2h2a2 2 0 012 2v2a2 2 0 01-2 2h-2a2 2 0 01-2-2V5zM11 13a2 2 0 012-2h2a2 2 0 012 2v2a2 2 0 01-2 2h-2a2 2 0 01-2-2v-2z"[39m
                [36m/>[39m
              [36m</svg>[39m
            [36m</button>[39m
            [36m<button[39m
              [33mclass[39m=[32m"p-2 rounded bg-gray-100 text-gray-600"[39m
            [36m>[39m
              [36m<svg[39m
                [33mclass[39m=[32m"w-5 h-5"[39m
                [33mfill[39m=[32m"currentColor"[39m
                [33mviewBox[39m=[32m"0 0 20 20"[39m
              [36m>[39m
                [36m<path[39m
                  [33mclip-rule[39m=[32m"evenodd"[39m
                  [33md[39m=[32m"M3 4a1 1 0 011-1h12a1 1 0 110 2H4a1 1 0 01-1-1zm0 4a1 1 0 011-1h12a1 1 0 110 2H4a1 1 0 01-1-1zm0 4a1 1 0 011-1h12a1 1 0 110 2H4a1 1 0 01-1-1zm0 4a1 1 0 011-1h12a1 1 0 110 2H4a1 1 0 01-1-1z"[39m
                  [33mfill-rule[39m=[32m"evenodd"[39m
                [36m/>[39m
              [36m</svg>[39m
            [36m</button>[39m
          [36m</div>[39m
        [36m</div>[39m
      [36m</div>[39m
      [36m<div[39m
        [33mclass[39m=[32m"bg-gray-50 p-4 rounded-lg space-y-4"[39m
      [36m>[39m
        [36m<div[39m
          [33mclass[39m=[32m"grid grid-cols-1 md:grid-cols-4 gap-4"[39m
        [36m>[39m
          [36m<div>[39m
            [36m<label[39m
              [33mclass[39m=[32m"block text-sm font-medium text-gray-700 mb-1"[39m
            [36m>[39m
              [0mSearch[0m
            [36m</label>[39m
            [36m<input[39m
              [33mclass[39m=[32m"w-full px-3 py-2 border border-gray-300 rounded-md focus:outline-none focus:ring-2 focus:ring-blue-500"[39m
              [33mplaceholder[39m=[32m"Search templates..."[39m
              [33mtype[39m=[32m"text"[39m
              [33mvalue[39m=[32m""[39m
            [36m/>[39m
          [36m</div>[39m
          [36m<div>[39m
            [36m<label[39m
              [33mclass[39m=[32m"block text-sm font-medium text-gray-700 mb-1"[39m
            [36m>[39m
              [0mCategory[0m
            [36m</label>[39m
            [36m<select[39m
              [33mclass[39m=[32m"w-full px-3 py-2 border border-gray-300 rounded-md focus:outline-none focus:ring-2 focus:ring-blue-500"[39m
            [36m>[39m
              [36m<option[39m
                [33mvalue[39m=[32m"all"[39m
              [36m>[39m
                [0mAll Categories[0m
              [36m</option>[39m
              [36m<option[39m
                [33mvalue[39m=[32m"client"[39m
              [36m>[39m
                [0mClient[0m
              [36m</option>[39m
              [36m<option[39m
                [33mvalue[39m=[32m"stakeholder"[39m
              [36m>[39m
                [0mStakeholder[0m
              [36m</option>[39m
              [36m<option[39m
                [33mvalue[39m=[32m"user"[39m
              [36m>[39m
                [0mUser[0m
              [36m</option>[39m
              [36m<option[39m
                [33mvalue[39m=[32m"manager"[39m
              [36m>[39m
                [0mManager[0m
              [36m</option>[39m
              [36m<option[39m
                [33mvalue[39m=[32m"developer"[39m
              [36m>[39m
                [0mDeveloper[0m
              [36m</option>[39m
              [36m<option[39m
                [33mvalue[39m=[32m"designer"[39m
              [36m>[39m
                [0mDesigner[0m
              [36m</option>[39m
              [36m<option[39m
                [33mvalue[39m=[32m"tester"[39m
              [36m>[39m
                [0mTester[0m
              [36m</option>[39m
              [36m<option[39m
                [33mvalue[39m=[32m"business-analyst"[39m
              [36m>[39m
                [0mBusiness Analyst[0m
              [36m</option>[39m
              [36m<option[39m
                [33mvalue[39m=[32m"product-owner"[39m
              [36m>[39m
                [0mProduct Owner[0m
              [36m</option>[39m
              [36m<option[39m
                [33mvalue[39m=[32m"scrum-master"[39m
              [36m>[39m
                [0mScrum Master[0m
              [36m</option>[39m
              [36m<option[39m
                [33mvalue[39m=[32m"other"[39m
              [36m>[39m
                [0mOther[0m
              [36m</option>[39m
            [36m</select>[39m
          [36m</div>[39m
          [36m<div>[39m
            [36m<label[39m
              [33mclass[39m=[32m"block text-sm font-medium text-gray-700 mb-1"[39m
            [36m>[39m
              [0mSort By[0m
            [36m</label>[39m
            [36m<select[39m
              [33mclass[39m=[32m"w-full px-3 py-2 border border-gray-300 rounded-md focus:outline-none focus:ring-2 focus:ring-blue-500"[39m
            [36m>[39m
              [36m<option[39m
                [33mvalue[39m=[32m"name-asc"[39m
              [36m>[39m
                [0mName (A-Z)[0m
              [36m</option>[39m
              [36m<option[39m
                [33mvalue[39m=[32m"name-desc"[39m
              [36m>[39m
                [0mName (Z-A)[0m
              [36m</option>[39m
              [36m<option[39m
                [33mvalue[39m=[32m"createdAt-desc"[39m
              [36m>[39m
                [0mNewest First[0m
              [36m</option>[39m
              [36m<option[39m
                [33mvalue[39m=[32m"createdAt-asc"[39m
              [36m>[39m
                [0mOldest First[0m
              [36m</option>[39m
              [36m<option[39m
                [33mvalue[39m=[32...

Ignored nodes: comments, script, style
[36m<html>[39m
  [36m<head />[39m
  [36m<body>[39m
    [36m<div>[39m
      [36m<div[39m
        [33mclass[39m=[32m"space-y-6"[39m
      [36m>[39m
        [36m<div[39m
          [33mclass[39m=[32m"flex justify-between items-center"[39m
        [36m>[39m
          [36m<h2[39m
            [33mclass[39m=[32m"text-2xl font-bold text-gray-800"[39m
          [36m>[39m
            [0mTemplate Library[0m
          [36m</h2>[39m
          [36m<div[39m
            [33mclass[39m=[32m"flex items-center gap-4"[39m
          [36m>[39m
            [36m<div[39m
              [33mclass[39m=[32m"flex items-center gap-2"[39m
            [36m>[39m
              [36m<button[39m
                [33mclass[39m=[32m"p-2 rounded bg-blue-100 text-blue-600"[39m
              [36m>[39m
                [36m<svg[39m
                  [33mclass[39m=[32m"w-5 h-5"[39m
                  [33mfill[39m=[32m"currentColor"[39m
                  [33mviewBox[39m=[32m"0 0 20 20"[39m
                [36m>[39m
                  [36m<path[39m
                    [33md[39m=[32m"M5 3a2 2 0 00-2 2v2a2 2 0 002 2h2a2 2 0 002-2V5a2 2 0 00-2-2H5zM5 11a2 2 0 00-2 2v2a2 2 0 002 2h2a2 2 0 002-2v-2a2 2 0 00-2-2H5zM11 5a2 2 0 012-2h2a2 2 0 012 2v2a2 2 0 01-2 2h-2a2 2 0 01-2-2V5zM11 13a2 2 0 012-2h2a2 2 0 012 2v2a2 2 0 01-2 2h-2a2 2 0 01-2-2v-2z"[39m
                  [36m/>[39m
                [36m</svg>[39m
              [36m</button>[39m
              [36m<button[39m
                [33mclass[39m=[32m"p-2 rounded bg-gray-100 text-gray-600"[39m
              [36m>[39m
                [36m<svg[39m
                  [33mclass[39m=[32m"w-5 h-5"[39m
                  [33mfill[39m=[32m"currentColor"[39m
                  [33mviewBox[39m=[32m"0 0 20 20"[39m
                [36m>[39m
                  [36m<path[39m
                    [33mclip-rule[39m=[32m"evenodd"[39m
                    [33md[39m=[32m"M3 4a1 1 0 011-1h12a1 1 0 110 2H4a1 1 0 01-1-1zm0 4a1 1 0 011-1h12a1 1 0 110 2H4a1 1 0 01-1-1zm0 4a1 1 0 011-1h12a1 1 0 110 2H4a1 1 0 01-1-1zm0 4a1 1 0 011-1h12a1 1 0 110 2H4a1 1 0 01-1-1z"[39m
                    [33mfill-rule[39m=[32m"evenodd"[39m
                  [36m/>[39m
                [36m</svg>[39m
              [36m</button>[39m
            [36m</div>[39m
          [36m</div>[39m
        [36m</div>[39m
        [36m<div[39m
          [33mclass[39m=[32m"bg-gray-50 p-4 rounded-lg space-y-4"[39m
        [36m>[39m
          [36m<div[39m
            [33mclass[39m=[32m"grid grid-cols-1 md:grid-cols-4 gap-4"[39m
          [36m>[39m
            [36m<div>[39m
              [36m<label[39m
                [33mclass[39m=[32m"block text-sm font-medium text-gray-700 mb-1"[39m
              [36m>[39m
                [0mSearch[0m
              [36m</label>[39m
              [36m<input[39m
                [33mclass[39m=[32m"w-full px-3 py-2 border border-gray-300 rounded-md focus:outline-none focus:ring-2 focus:ring-blue-500"[39m
                [33mplaceholder[39m=[32m"Search templates..."[39m
                [33mtype[39m=[32m"text"[39m
                [33mvalue[39m=[32m""[39m
              [36m/>[39m
            [36m</div>[39m
            [36m<div>[39m
              [36m<label[39m
                [33mclass[39m=[32m"block text-sm font-medium text-gray-700 mb-1"[39m
              [36m>[39m
                [0mCategory[0m
              [36m</label>[39m
              [36m<select[39m
                [33mclass[39m=[32m"w-full px-3 py-2 border border-gray-300 rounded-md focus:outline-none focus:ring-2 focus:ring-blue-500"[39m
              [36m>[39m
                [36m<option[39m
                  [33mvalue[39m=[32m"all"[39m
                [36m>[39m
                  [0mAll Categories[0m
                [36m</option>[39m
                [36m<option[39m
                  [33mvalue[39m=[32m"client"[39m
                [36m>[39m
                  [0mClient[0m
                [36m</option>[39m
                [36m<option[39m
                  [33mvalue[39m=[32m"stakeholder"[39m
                [36m>[39m
                  [0mStakeholder[0m
                [36m</option>[39m
                [36m<option[39m
                  [33mvalue[39m=[32m"user"[39m
                [36m>[39m
                  [0mUser[0m
                [36m</option>[39m
                [36m<option[39m
                  [33mvalue[39m=[32m"manager"[39m
                [36m>[39m
                  [0mManager[0m
                [36m</option>[39m
                [36m<option[39m
                  [33mvalue[39m=[32m"developer"[39m
                [36m>[39m
                  [0mDeveloper[0m
                [36m</option>[39m
                [36m<option[39m
                  [33mvalue[39m=[32m"designer"[39m
                [36m>[39m
                  [0mDesigner[0m
                [36m</option>[39m
                [36m<option[39m
                  [33mvalue[39m=[32m"tester"[39m
                [36m>[39m
                  [0mTester[0m
                [36m</option>[39m
                [36m<option[39m
                  [33mvalue[39m=[32m"business-analyst"[39m
                [36m>[39m
                  [0mBusiness Analyst[0m
                [36m</option>[39m
                [36m<option[39m
                  [33mvalue[39m=[32m"product-owner"[39m
                [36m>[39m
                  [0mProduct Owner[0m
                [36m</option>[39m
                [36m<option[39m
                  [33mvalue[39m=[32m"scrum-master"[39m
                [36m>[39m
                  [0mScrum Master[0m
                [36m</option>[39m
                [36m<option[39m
                  [33mvalue[39m=[32m"other"[39m
                [36m>[39m
                  [0mOther[0m
                [36m</option>[39m
              [36m</select>[39m
            [36m</div>[39m
            [36m<div>[39m
              [36m<label[39m
                [33mclass[39m=[32m"block text-sm font-medium text-gray-700 mb-1"[39m
              [36m>[39m
                [0mSort By[0m
              [36m</label>[39m
              [36m<select[39m
                [33mclass[39m=[32m"w-full px-3 py-2 border border-gray-300 rounded-md focus:outline-none focus:ring-2 focus:ring-blue-500"[39m
              [36m>[39m
                [36m<option[39m
                  [33mvalue[39m=[32m"name-asc"[39m
                [36m>[39m
                  [0mName (A-Z)[0m
                [36m</option>[39m
                [36m<option[39m
                  [33mvalue[39m=[32m"name-desc"[39m
                [36m>[39m
                  [0mName (Z-A)[0m
                [36m</option>[39m
                [36m<option[39m
                  [33mvalue[39m=[32m"createdAt-des...
 ❯ src/client/components/Personas/TemplateForm.test.tsx (31 tests | 19 failed) 8364ms
   × TemplateForm > renders the form with all required fields 53ms
     → Found a label with the text of: /Template Name/, however no form control was found associated to that label. Make sure you're using the "for" attribute or "aria-labelledby" attribute correctly.

Ignored nodes: comments, script, style
[36m<body>[39m
  [36m<div>[39m
    [36m<div[39m
      [33mclass[39m=[32m"max-w-4xl mx-auto p-6 bg-white rounded-lg shadow-lg"[39m
    [36m>[39m
      [36m<h2[39m
        [33mclass[39m=[32m"text-2xl font-bold text-gray-800 mb-6"[39m
      [36m>[39m
        [0mCreate New Template[0m
      [36m</h2>[39m
      [36m<form[39m
        [33mclass[39m=[32m"space-y-6"[39m
      [36m>[39m
        [36m<div[39m
          [33mclass[39m=[32m"bg-gray-50 p-4 rounded-lg"[39m
        [36m>[39m
          [36m<h3[39m
            [33mclass[39m=[32m"text-lg font-semibold text-gray-800 mb-4"[39m
          [36m>[39m
            [0mBasic Information[0m
          [36m</h3>[39m
          [36m<div[39m
            [33mclass[39m=[32m"grid grid-cols-1 md:grid-cols-2 gap-4"[39m
          [36m>[39m
            [36m<div>[39m
              [36m<label[39m
                [33mclass[39m=[32m"block text-sm font-medium text-gray-700 mb-2"[39m
              [36m>[39m
                [0mTemplate Name *[0m
              [36m</label>[39m
              [36m<input[39m
                [33mclass[39m=[32m"w-full px-3 py-2 border rounded-md focus:outline-none focus:ring-2 focus:ring-blue-500 border-gray-300"[39m
                [33mplaceholder[39m=[32m"Enter template name"[39m
                [33mtype[39m=[32m"text"[39m
                [33mvalue[39m=[32m""[39m
              [36m/>[39m
            [36m</div>[39m
            [36m<div>[39m
              [36m<label[39m
                [33mclass[39m=[32m"block text-sm font-medium text-gray-700 mb-2"[39m
              [36m>[39m
                [0mCategory *[0m
              [36m</label>[39m
              [36m<select[39m
                [33mclass[39m=[32m"w-full px-3 py-2 border border-gray-300 rounded-md focus:outline-none focus:ring-2 focus:ring-blue-500"[39m
              [36m>[39m
                [36m<option[39m
                  [33mvalue[39m=[32m"client"[39m
                [36m>[39m
                  [0mClient[0m
                [36m</option>[39m
                [36m<option[39m
                  [33mvalue[39m=[32m"stakeholder"[39m
                [36m>[39m
                  [0mStakeholder[0m
                [36m</option>[39m
                [36m<option[39m
                  [33mvalue[39m=[32m"user"[39m
                [36m>[39m
                  [0mUser[0m
                [36m</option>[39m
                [36m<option[39m
                  [33mvalue[39m=[32m"manager"[39m
                [36m>[39m
                  [0mManager[0m
                [36m</option>[39m
                [36m<option[39m
                  [33mvalue[39m=[32m"developer"[39m
                [36m>[39m
                  [0mDeveloper[0m
                [36m</option>[39m
                [36m<option[39m
                  [33mvalue[39m=[32m"designer"[39m
                [36m>[39m
                  [0mDesigner[0m
                [36m</option>[39m
                [36m<option[39m
                  [33mvalue[39m=[32m"tester"[39m
                [36m>[39m
                  [0mTester[0m
                [36m</option>[39m
                [36m<option[39m
                  [33mvalue[39m=[32m"business-analyst"[39m
                [36m>[39m
                  [0mBusiness Analyst[0m
                [36m</option>[39m
                [36m<option[39m
                  [33mvalue[39m=[32m"product-owner"[39m
                [36m>[39m
                  [0mProduct Owner[0m
                [36m</option>[39m
                [36m<option[39m
                  [33mvalue[39m=[32m"scrum-master"[39m
                [36m>[39m
                  [0mScrum Master[0m
                [36m</option>[39m
                [36m<option[39m
                  [33mvalue[39m=[32m"other"[39m
                [36m>[39m
                  [0mOther[0m
                [36m</option>[39m
              [36m</select>[39m
            [36m</div>[39m
          [36m</div>[39m
          [36m<div[39m
            [33mclass[39m=[32m"mt-4"[39m
          [36m>[39m
            [36m<label[39m
              [33mclass[39m=[32m"block text-sm font-medium text-gray-700 mb-2"[39m
            [36m>[39m
              [0mDescription *[0m
            [36m</label>[39m
            [36m<textarea[39m
              [33mclass[39m=[32m"w-full px-3 py-2 border rounded-md focus:outline-none focus:ring-2 focus:ring-blue-500 border-gray-300"[39m
              [33mplaceholder[39m=[32m"Describe the template and its intended use..."[39m
              [33mrows[39m=[32m"3"[39m
            [36m/>[39m
          [36m</div>[39m
          [36m<div[39m
            [33mclass[39m=[32m"mt-4"[39m
          [36m>[39m
            [36m<label[39m
              [33mclass[39m=[32m"block text-sm font-medium text-gray-700 mb-2"[39m
            [36m>[39m
              [0mTags[0m
            [36m</label>[39m
            [36m<div[39m
              [33mclass[39m=[32m"flex gap-2 mb-2"[39m
            [36m>[39m
              [36m<input[39m
                [33mclass[39m=[32m"flex-1 px-3 py-2 border border-gray-300 rounded-md focus:outline-none focus:ring-2 focus:ring-blue-500"[39m
                [33mplaceholder[39m=[32m"Add a tag"[39m
                [33mtype[39m=[32m"text"[39m
                [33mvalue[39m=[32m""[39m
              [36m/>[39m
              [36m<button[39m
                [33mclass[39m=[32m"px-4 py-2 bg-green-500 text-white rounded-md hover:bg-green-600 disabled:bg-gray-300 disabled:cursor-not-allowed"[39m
                [33mdisabled[39m=[32m""[39m
                [33mtype[39m=[32m"button"[39m
              [36m>[39m
                [0mAdd[0m
              [36m</button>[39m
            [36m</div>[39m
            [36m<div[39m
              [33mclass[39m=[32m"flex flex-wrap gap-2"[39m
            [36m/>[39m
          [36m</div>[39m
          [36m<div[39m
            [33mclass[39m=[32m"mt-4"[39m
          [36m>[39m
            [36m<label[39m
              [33mclass[39m=[32m"flex items-center"[39m
            [36m>[39m
              [36m<input[39m
                [33mclass[39m=[32m"mr-2"[39m
                [33mtype[39m=[32m"checkbox"[39m
              [36m/>[39m
              [36m<span[39m
                [33mclass[39m=[32m"text-sm text-gray-700"[39m
              [36m>[39m
                [0mMake this template public (visible to all users)[0m
              [36m</span>[39m
            [36m</label>[39m
          [36m</div>[39m
        [36m</div>[39m
        [36m<div[39m
          [33mclass[39m=[32m"bg-gray-50 p-4 rounded-lg"[39m
        [36m>[39m
          [36m<h3[39m
            [33mclass[39m=[32m"text-lg font-semibold text-gray-800 mb-4"[39m
          [36m>[39m
            [0mPerson...
   ✓ TemplateForm > renders in edit mode when isEditing is true 19ms
   ✓ TemplateForm > populates form with initial data 23ms
   × TemplateForm > adds personality traits 16ms
     → Found multiple elements with the text: Add

Here are the matching elements:

Ignored nodes: comments, script, style
[36m<button[39m
  [33mclass[39m=[32m"px-4 py-2 bg-green-500 text-white rounded-md hover:bg-green-600 disabled:bg-gray-300 disabled:cursor-not-allowed"[39m
  [33mdisabled[39m=[32m""[39m
  [33mtype[39m=[32m"button"[39m
[36m>[39m
  [0mAdd[0m
[36m</button>[39m

Ignored nodes: comments, script, style
[36m<button[39m
  [33mclass[39m=[32m"px-4 py-2 bg-green-500 text-white rounded-md hover:bg-green-600 disabled:bg-gray-300 disabled:cursor-not-allowed"[39m
  [33mdisabled[39m=[32m""[39m
  [33mtype[39m=[32m"button"[39m
[36m>[39m
  [0mAdd[0m
[36m</button>[39m

Ignored nodes: comments, script, style
[36m<button[39m
  [33mclass[39m=[32m"px-4 py-2 bg-green-500 text-white rounded-md hover:bg-green-600 disabled:bg-gray-300 disabled:cursor-not-allowed"[39m
  [33mdisabled[39m=[32m""[39m
  [33mtype[39m=[32m"button"[39m
[36m>[39m
  [0mAdd[0m
[36m</button>[39m

Ignored nodes: comments, script, style
[36m<button[39m
  [33mclass[39m=[32m"px-4 py-2 bg-green-500 text-white rounded-md hover:bg-green-600 disabled:bg-gray-300 disabled:cursor-not-allowed"[39m
  [33mdisabled[39m=[32m""[39m
  [33mtype[39m=[32m"button"[39m
[36m>[39m
  [0mAdd[0m
[36m</button>[39m

(If this is intentional, then use the `*AllBy*` variant of the query (like `queryAllByText`, `getAllByText`, or `findAllByText`)).

Ignored nodes: comments, script, style
[36m<body>[39m
  [36m<div>[39m
    [36m<div[39m
      [33mclass[39m=[32m"max-w-4xl mx-auto p-6 bg-white rounded-lg shadow-lg"[39m
    [36m>[39m
      [36m<h2[39m
        [33mclass[39m=[32m"text-2xl font-bold text-gray-800 mb-6"[39m
      [36m>[39m
        [0mCreate New Template[0m
      [36m</h2>[39m
      [36m<form[39m
        [33mclass[39m=[32m"space-y-6"[39m
      [36m>[39m
        [36m<div[39m
          [33mclass[39m=[32m"bg-gray-50 p-4 rounded-lg"[39m
        [36m>[39m
          [36m<h3[39m
            [33mclass[39m=[32m"text-lg font-semibold text-gray-800 mb-4"[39m
          [36m>[39m
            [0mBasic Information[0m
          [36m</h3>[39m
          [36m<div[39m
            [33mclass[39m=[32m"grid grid-cols-1 md:grid-cols-2 gap-4"[39m
          [36m>[39m
            [36m<div>[39m
              [36m<label[39m
                [33mclass[39m=[32m"block text-sm font-medium text-gray-700 mb-2"[39m
              [36m>[39m
                [0mTemplate Name *[0m
              [36m</label>[39m
              [36m<input[39m
                [33mclass[39m=[32m"w-full px-3 py-2 border rounded-md focus:outline-none focus:ring-2 focus:ring-blue-500 border-gray-300"[39m
                [33mplaceholder[39m=[32m"Enter template name"[39m
                [33mtype[39m=[32m"text"[39m
                [33mvalue[39m=[32m""[39m
              [36m/>[39m
            [36m</div>[39m
            [36m<div>[39m
              [36m<label[39m
                [33mclass[39m=[32m"block text-sm font-medium text-gray-700 mb-2"[39m
              [36m>[39m
                [0mCategory *[0m
              [36m</label>[39m
              [36m<select[39m
                [33mclass[39m=[32m"w-full px-3 py-2 border border-gray-300 rounded-md focus:outline-none focus:ring-2 focus:ring-blue-500"[39m
              [36m>[39m
                [36m<option[39m
                  [33mvalue[39m=[32m"client"[39m
                [36m>[39m
                  [0mClient[0m
                [36m</option>[39m
                [36m<option[39m
                  [33mvalue[39m=[32m"stakeholder"[39m
                [36m>[39m
                  [0mStakeholder[0m
                [36m</option>[39m
                [36m<option[39m
                  [33mvalue[39m=[32m"user"[39m
                [36m>[39m
                  [0mUser[0m
                [36m</option>[39m
                [36m<option[39m
                  [33mvalue[39m=[32m"manager"[39m
                [36m>[39m
                  [0mManager[0m
                [36m</option>[39m
                [36m<option[39m
                  [33mvalue[39m=[32m"developer"[39m
                [36m>[39m
                  [0mDeveloper[0m
                [36m</option>[39m
                [36m<option[39m
                  [33mvalue[39m=[32m"designer"[39m
                [36m>[39m
                  [0mDesigner[0m
                [36m</option>[39m
                [36m<option[39m
                  [33mvalue[39m=[32m"tester"[39m
                [36m>[39m
                  [0mTester[0m
                [36m</option>[39m
                [36m<option[39m
                  [33mvalue[39m=[32m"business-analyst"[39m
                [36m>[39m
                  [0mBusiness Analyst[0m
                [36m</option>[39m
                [36m<option[39m
                  [33mvalue[39m=[32m"product-owner"[39m
                [36m>[39m
                  [0mProduct Owner[0m
                [36m</option>[39m
                [36m<option[39m
                  [33mvalue[39m=[32m"scrum-master"[39m
                [36m>[39m
                  [0mScrum Master[0m
                [36m</option>[39m
                [36m<option[39m
                  [33mvalue[39m=[32m"other"[39m
                [36m>[39m
                  [0mOther[0m
                [36m</option>[39m
              [36m</select>[39m
            [36m</div>[39m
          [36m</div>[39m
          [36m<div[39m
            [33mclass[39m=[32m"mt-4"[39m
          [36m>[39m
            [36m<label[39m
              [33mclass[39m=[32m"block text-sm font-medium text-gray-700 mb-2"[39m
            [36m>[39m
              [0mDescription *[0m
            [36m</label>[39m
            [36m<textarea[39m
              [33mclass[39m=[32m"w-full px-3 py-2 border rounded-md focus:outline-none focus:ring-2 focus:ring-blue-500 border-gray-300"[39m
              [33mplaceholder[39m=[32m"Describe the template and its intended use..."[39m
              [33mrows[39m=[32m"3"[39m
            [36m/>[39m
          [36m</div>[39m
          [36m<div[39m
            [33mclass[39m=[32m"mt-4"[39m
          [36m>[39m
            [36m<label[39m
              [33mclass[39m=[32m"block text-sm font-medium text-gray-700 mb-2"[39m
            [36m>[39m
              [0mTags[0m
            [36m</label>[39m
            [36m<div[39m
              [33mclass[39m=[32m"flex gap-2 mb-2"[39m
            [36m>[39m
              [36m<input[39m
                [33mclass[39m=[32m"flex-1 px-3 py-2 border border-gray-300 rounded-md focus:outline-none focus:ring-2 focus:ring-blue-500"[39m
                [33mplaceholder[39m=[32m"Add a tag"[39m
                [33mtype[39m=[32m"text"[39m
                [33mvalue[39m=[32m""[39m
              [36m/>[39m
              [36m<button[39m
                [33mclass[39m=[32m"px-4 py-2 bg-green-500 text-white rounded-md hover:bg-green-600 disabled:bg-gray-300 disabled:cursor-not-allowed"[39m
                [33mdisabled[39m=[32m""[39m
                [33mtype[39m=[32m"button"[39m
              [36m>[39m
                [0mAdd[0m
              [36m</button>[39m
            [36m</div>[39m
            [36m<div[39m
              [33mclass[39m=[32m"flex flex-wrap gap-2"[39m
            [36m/>[39m
          [36m</div>[39m
          [36m<div[39m
            [33mclass[39m=[32m"mt-4"[39m
          [36m>[39m
            [36m<label[39m
              [33mclass[39m=[32m"flex items-center"[39m
            [36m>[39m
              [36m<input[39m
                [33mclass[39m=[32m"mr-2"[39m
                [33mtype[39m=[32m"checkbox"[39m
              [36m/>[39m
              [36m<span[39m
                [33mclass[39m=[32m"text-sm text-gray-700"[39m
              [36m>[39m
                [0mMake this template public (visible to all users)[0m
              [36m</span>[39m
            [36m</label>[39m
          [36m</div>[39m
        [36m</div>[39m
        [36m<div[39m
          [33mclass[39m=[32m"bg-gray-50 p-4 rounded-lg"[39m
        [36m>[39m
          [36m<h3[39m
            [33mclass[39m=[32m"text-lg font-semibold text-gray-800 mb-4"[39m
          [36m>[39m
            [0mPerson...
   × TemplateForm > removes personality traits 1031ms
     → [2mexpect([22m[31melement[39m[2m).not.toBeInTheDocument()[22m

[31mexpected document not to contain element, found <span
  class="inline-flex items-center px-3 py-1 bg-blue-100 text-blue-800 rounded-full text-sm"
>
  analytical
  <button
    class="ml-2 text-blue-600 hover:text-blue-800"
    type="button"
  >
    ×
  </button>
</span> instead[39m

Ignored nodes: comments, script, style
[36m<html>[39m
  [36m<head />[39m
  [36m<body>[39m
    [36m<div>[39m
      [36m<div[39m
        [33mclass[39m=[32m"max-w-4xl mx-auto p-6 bg-white rounded-lg shadow-lg"[39m
      [36m>[39m
        [36m<h2[39m
          [33mclass[39m=[32m"text-2xl font-bold text-gray-800 mb-6"[39m
        [36m>[39m
          [0mCreate New Template[0m
        [36m</h2>[39m
        [36m<form[39m
          [33mclass[39m=[32m"space-y-6"[39m
        [36m>[39m
          [36m<div[39m
            [33mclass[39m=[32m"bg-gray-50 p-4 rounded-lg"[39m
          [36m>[39m
            [36m<h3[39m
              [33mclass[39m=[32m"text-lg font-semibold text-gray-800 mb-4"[39m
            [36m>[39m
              [0mBasic Information[0m
            [36m</h3>[39m
            [36m<div[39m
              [33mclass[39m=[32m"grid grid-cols-1 md:grid-cols-2 gap-4"[39m
            [36m>[39m
              [36m<div>[39m
                [36m<label[39m
                  [33mclass[39m=[32m"block text-sm font-medium text-gray-700 mb-2"[39m
                [36m>[39m
                  [0mTemplate Name *[0m
                [36m</label>[39m
                [36m<input[39m
                  [33mclass[39m=[32m"w-full px-3 py-2 border rounded-md focus:outline-none focus:ring-2 focus:ring-blue-500 border-gray-300"[39m
                  [33mplaceholder[39m=[32m"Enter template name"[39m
                  [33mtype[39m=[32m"text"[39m
                  [33mvalue[39m=[32m"Test Template"[39m
                [36m/>[39m
              [36m</div>[39m
              [36m<div>[39m
                [36m<label[39m
                  [33mclass[39m=[32m"block text-sm font-medium text-gray-700 mb-2"[39m
                [36m>[39m
                  [0mCategory *[0m
                [36m</label>[39m
                [36m<select[39m
                  [33mclass[39m=[32m"w-full px-3 py-2 border border-gray-300 rounded-md focus:outline-none focus:ring-2 focus:ring-blue-500"[39m
                [36m>[39m
                  [36m<option[39m
                    [33mvalue[39m=[32m"client"[39m
                  [36m>[39m
                    [0mClient[0m
                  [36m</option>[39m
                  [36m<option[39m
                    [33mvalue[39m=[32m"stakeholder"[39m
                  [36m>[39m
                    [0mStakeholder[0m
                  [36m</option>[39m
                  [36m<option[39m
                    [33mvalue[39m=[32m"user"[39m
                  [36m>[39m
                    [0mUser[0m
                  [36m</option>[39m
                  [36m<option[39m
                    [33mvalue[39m=[32m"manager"[39m
                  [36m>[39m
                    [0mManager[0m
                  [36m</option>[39m
                  [36m<option[39m
                    [33mvalue[39m=[32m"developer"[39m
                  [36m>[39m
                    [0mDeveloper[0m
                  [36m</option>[39m
                  [36m<option[39m
                    [33mvalue[39m=[32m"designer"[39m
                  [36m>[39m
                    [0mDesigner[0m
                  [36m</option>[39m
                  [36m<option[39m
                    [33mvalue[39m=[32m"tester"[39m
                  [36m>[39m
                    [0mTester[0m
                  [36m</option>[39m
                  [36m<option[39m
                    [33mvalue[39m=[32m"business-analyst"[39m
                  [36m>[39m
                    [0mBusiness Analyst[0m
                  [36m</option>[39m
                  [36m<option[39m
                    [33mvalue[39m=[32m"product-owner"[39m
                  [36m>[39m
                    [0mProduct Owner[0m
                  [36m</option>[39m
                  [36m<option[39m
                    [33mvalue[39m=[32m"scrum-master"[39m
                  [36m>[39m
                    [0mScrum Master[0m
                  [36m</option>[39m
                  [36m<option[39m
                    [33mvalue[39m=[32m"other"[39m
                  [36m>[39m
                    [0mOther[0m
                  [36m</option>[39m
                [36m</select>[39m
              [36m</div>[39m
            [36m</div>[39m
            [36m<div[39m
              [33mclass[39m=[32m"mt-4"[39m
            [36m>[39m
              [36m<label[39m
                [33mclass[39m=[32m"block text-sm font-medium text-gray-700 mb-2"[39m
              [36m>[39m
                [0mDescription *[0m
              [36m</label>[39m
              [36m<textarea[39m
                [33mclass[39m=[32m"w-full px-3 py-2 border rounded-md focus:outline-none focus:ring-2 focus:ring-blue-500 border-gray-300"[39m
                [33mplaceholder[39m=[32m"Describe the template and its intended use..."[39m
                [33mrows[39m=[32m"3"[39m
              [36m>[39m
                [0mA test template for testing purposes[0m
              [36m</textarea>[39m
            [36m</div>[39m
            [36m<div[39m
              [33mclass[39m=[32m"mt-4"[39m
            [36m>[39m
              [36m<label[39m
                [33mclass[39m=[32m"block text-sm font-medium text-gray-700 mb-2"[39m
              [36m>[39m
                [0mTags[0m
              [36m</label>[39m
              [36m<div[39m
                [33mclass[39m=[32m"flex gap-2 mb-2"[39m
              [36m>[39m
                [36m<input[39m
                  [33mclass[39m=[32m"flex-1 px-3 py-2 border border-gray-300 rounded-md focus:outline-none focus:ring-2 focus:ring-blue-500"[39m
                  [33mplaceholder[39m=[32m"Add a tag"[39m
                  [33mtype[39m=[32m"text"[39m
                  [33mvalue[39m=[32m""[39m
                [36m/>[39m
                [36m<button[39m
                  [33mclass[39m=[32m"px-4 py-2 bg-green-500 text-white rounded-md hover:bg-green-600 disabled:bg-gray-300 disabled:cursor-not-allowed"[39m
                  [33mdisabled[39m=[32m""[39m
                  [33mtype[39m=[32m"button"[39m
                [36m>[39m
                  [0mAdd[0m
                [36m</button>[39m
              [36m</div>[39m
              [36m<div[39m
                [33mclass[39m=[32m"flex flex-wrap gap-2"[39m
              [36m>[39m
                [36m<span[39m
                  [33mclass[39m=[32m"inline-flex items-center px-3 py-1 bg-blue-100 text-blue-800 rounded-full text-sm"[39m
                [36m>[39m
                  [0mtemplate[0m
                  [36m<button[39m
                    [33mclass[39m=[32m"ml-2 text-blue-600 hover:text-blue-800"[39m
                    [33mtype[39m=[32m"button"[39m
                  [36m>[39m
                    [0m×[0m
                  [36m</button>[39m
                [36m...
   × TemplateForm > adds priorities 1018ms
     → Unable to find an element with the text: quality. This could be because the text is broken up by multiple elements. In this case, you can provide a function for your text matcher to make your matcher more flexible.

Ignored nodes: comments, script, style
[36m<body>[39m
  [36m<div>[39m
    [36m<div[39m
      [33mclass[39m=[32m"max-w-4xl mx-auto p-6 bg-white rounded-lg shadow-lg"[39m
    [36m>[39m
      [36m<h2[39m
        [33mclass[39m=[32m"text-2xl font-bold text-gray-800 mb-6"[39m
      [36m>[39m
        [0mCreate New Template[0m
      [36m</h2>[39m
      [36m<form[39m
        [33mclass[39m=[32m"space-y-6"[39m
      [36m>[39m
        [36m<div[39m
          [33mclass[39m=[32m"bg-gray-50 p-4 rounded-lg"[39m
        [36m>[39m
          [36m<h3[39m
            [33mclass[39m=[32m"text-lg font-semibold text-gray-800 mb-4"[39m
          [36m>[39m
            [0mBasic Information[0m
          [36m</h3>[39m
          [36m<div[39m
            [33mclass[39m=[32m"grid grid-cols-1 md:grid-cols-2 gap-4"[39m
          [36m>[39m
            [36m<div>[39m
              [36m<label[39m
                [33mclass[39m=[32m"block text-sm font-medium text-gray-700 mb-2"[39m
              [36m>[39m
                [0mTemplate Name *[0m
              [36m</label>[39m
              [36m<input[39m
                [33mclass[39m=[32m"w-full px-3 py-2 border rounded-md focus:outline-none focus:ring-2 focus:ring-blue-500 border-gray-300"[39m
                [33mplaceholder[39m=[32m"Enter template name"[39m
                [33mtype[39m=[32m"text"[39m
                [33mvalue[39m=[32m""[39m
              [36m/>[39m
            [36m</div>[39m
            [36m<div>[39m
              [36m<label[39m
                [33mclass[39m=[32m"block text-sm font-medium text-gray-700 mb-2"[39m
              [36m>[39m
                [0mCategory *[0m
              [36m</label>[39m
              [36m<select[39m
                [33mclass[39m=[32m"w-full px-3 py-2 border border-gray-300 rounded-md focus:outline-none focus:ring-2 focus:ring-blue-500"[39m
              [36m>[39m
                [36m<option[39m
                  [33mvalue[39m=[32m"client"[39m
                [36m>[39m
                  [0mClient[0m
                [36m</option>[39m
                [36m<option[39m
                  [33mvalue[39m=[32m"stakeholder"[39m
                [36m>[39m
                  [0mStakeholder[0m
                [36m</option>[39m
                [36m<option[39m
                  [33mvalue[39m=[32m"user"[39m
                [36m>[39m
                  [0mUser[0m
                [36m</option>[39m
                [36m<option[39m
                  [33mvalue[39m=[32m"manager"[39m
                [36m>[39m
                  [0mManager[0m
                [36m</option>[39m
                [36m<option[39m
                  [33mvalue[39m=[32m"developer"[39m
                [36m>[39m
                  [0mDeveloper[0m
                [36m</option>[39m
                [36m<option[39m
                  [33mvalue[39m=[32m"designer"[39m
                [36m>[39m
                  [0mDesigner[0m
                [36m</option>[39m
                [36m<option[39m
                  [33mvalue[39m=[32m"tester"[39m
                [36m>[39m
                  [0mTester[0m
                [36m</option>[39m
                [36m<option[39m
                  [33mvalue[39m=[32m"business-analyst"[39m
                [36m>[39m
                  [0mBusiness Analyst[0m
                [36m</option>[39m
                [36m<option[39m
                  [33mvalue[39m=[32m"product-owner"[39m
                [36m>[39m
                  [0mProduct Owner[0m
                [36m</option>[39m
                [36m<option[39m
                  [33mvalue[39m=[32m"scrum-master"[39m
                [36m>[39m
                  [0mScrum Master[0m
                [36m</option>[39m
                [36m<option[39m
                  [33mvalue[39m=[32m"other"[39m
                [36m>[39m
                  [0mOther[0m
                [36m</option>[39m
              [36m</select>[39m
            [36m</div>[39m
          [36m</div>[39m
          [36m<div[39m
            [33mclass[39m=[32m"mt-4"[39m
          [36m>[39m
            [36m<label[39m
              [33mclass[39m=[32m"block text-sm font-medium text-gray-700 mb-2"[39m
            [36m>[39m
              [0mDescription *[0m
            [36m</label>[39m
            [36m<textarea[39m
              [33mclass[39m=[32m"w-full px-3 py-2 border rounded-md focus:outline-none focus:ring-2 focus:ring-blue-500 border-gray-300"[39m
              [33mplaceholder[39m=[32m"Describe the template and its intended use..."[39m
              [33mrows[39m=[32m"3"[39m
            [36m/>[39m
          [36m</div>[39m
          [36m<div[39m
            [33mclass[39m=[32m"mt-4"[39m
          [36m>[39m
            [36m<label[39m
              [33mclass[39m=[32m"block text-sm font-medium text-gray-700 mb-2"[39m
            [36m>[39m
              [0mTags[0m
            [36m</label>[39m
            [36m<div[39m
              [33mclass[39m=[32m"flex gap-2 mb-2"[39m
            [36m>[39m
              [36m<input[39m
                [33mclass[39m=[32m"flex-1 px-3 py-2 border border-gray-300 rounded-md focus:outline-none focus:ring-2 focus:ring-blue-500"[39m
                [33mplaceholder[39m=[32m"Add a tag"[39m
                [33mtype[39m=[32m"text"[39m
                [33mvalue[39m=[32m""[39m
              [36m/>[39m
              [36m<button[39m
                [33mclass[39m=[32m"px-4 py-2 bg-green-500 text-white rounded-md hover:bg-green-600 disabled:bg-gray-300 disabled:cursor-not-allowed"[39m
                [33mdisabled[39m=[32m""[39m
                [33mtype[39m=[32m"button"[39m
              [36m>[39m
                [0mAdd[0m
              [36m</button>[39m
            [36m</div>[39m
            [36m<div[39m
              [33mclass[39m=[32m"flex flex-wrap gap-2"[39m
            [36m/>[39m
          [36m</div>[39m
          [36m<div[39m
            [33mclass[39m=[32m"mt-4"[39m
          [36m>[39m
            [36m<label[39m
              [33mclass[39m=[32m"flex items-center"[39m
            [36m>[39m
              [36m<input[39m
                [33mclass[39m=[32m"mr-2"[39m
                [33mtype[39m=[32m"checkbox"[39m
              [36m/>[39m
              [36m<span[39m
                [33mclass[39m=[32m"text-sm text-gray-700"[39m
              [36m>[39m
                [0mMake this template public (visible to all users)[0m
              [36m</span>[39m
            [36m</label>[39m
          [36m</div>[39m
        [36m</div>[39m
        [36m<div[39m
          [33mclass[39m=[32m"bg-gray-50 p-4 rounded-lg"[39m
        [36m>[39m
          [36m<h3[39m
            [33mclass[39m=[32m"text-lg font-semibold text-gray-800 mb-4"[39m
          [36m>[39m
            [0mPerson...

Ignored nodes: comments, script, style
[36m<html>[39m
  [36m<head />[39m
  [36m<body>[39m
    [36m<div>[39m
      [36m<div[39m
        [33mclass[39m=[32m"max-w-4xl mx-auto p-6 bg-white rounded-lg shadow-lg"[39m
      [36m>[39m
        [36m<h2[39m
          [33mclass[39m=[32m"text-2xl font-bold text-gray-800 mb-6"[39m
        [36m>[39m
          [0mCreate New Template[0m
        [36m</h2>[39m
        [36m<form[39m
          [33mclass[39m=[32m"space-y-6"[39m
        [36m>[39m
          [36m<div[39m
            [33mclass[39m=[32m"bg-gray-50 p-4 rounded-lg"[39m
          [36m>[39m
            [36m<h3[39m
              [33mclass[39m=[32m"text-lg font-semibold text-gray-800 mb-4"[39m
            [36m>[39m
              [0mBasic Information[0m
            [36m</h3>[39m
            [36m<div[39m
              [33mclass[39m=[32m"grid grid-cols-1 md:grid-cols-2 gap-4"[39m
            [36m>[39m
              [36m<div>[39m
                [36m<label[39m
                  [33mclass[39m=[32m"block text-sm font-medium text-gray-700 mb-2"[39m
                [36m>[39m
                  [0mTemplate Name *[0m
                [36m</label>[39m
                [36m<input[39m
                  [33mclass[39m=[32m"w-full px-3 py-2 border rounded-md focus:outline-none focus:ring-2 focus:ring-blue-500 border-gray-300"[39m
                  [33mplaceholder[39m=[32m"Enter template name"[39m
                  [33mtype[39m=[32m"text"[39m
                  [33mvalue[39m=[32m""[39m
                [36m/>[39m
              [36m</div>[39m
              [36m<div>[39m
                [36m<label[39m
                  [33mclass[39m=[32m"block text-sm font-medium text-gray-700 mb-2"[39m
                [36m>[39m
                  [0mCategory *[0m
                [36m</label>[39m
                [36m<select[39m
                  [33mclass[39m=[32m"w-full px-3 py-2 border border-gray-300 rounded-md focus:outline-none focus:ring-2 focus:ring-blue-500"[39m
                [36m>[39m
                  [36m<option[39m
                    [33mvalue[39m=[32m"client"[39m
                  [36m>[39m
                    [0mClient[0m
                  [36m</option>[39m
                  [36m<option[39m
                    [33mvalue[39m=[32m"stakeholder"[39m
                  [36m>[39m
                    [0mStakeholder[0m
                  [36m</option>[39m
                  [36m<option[39m
                    [33mvalue[39m=[32m"user"[39m
                  [36m>[39m
                    [0mUser[0m
                  [36m</option>[39m
                  [36m<option[39m
                    [33mvalue[39m=[32m"manager"[39m
                  [36m>[39m
                    [0mManager[0m
                  [36m</option>[39m
                  [36m<option[39m
                    [33mvalue[39m=[32m"developer"[39m
                  [36m>[39m
                    [0mDeveloper[0m
                  [36m</option>[39m
                  [36m<option[39m
                    [33mvalue[39m=[32m"designer"[39m
                  [36m>[39m
                    [0mDesigner[0m
                  [36m</option>[39m
                  [36m<option[39m
                    [33mvalue[39m=[32m"tester"[39m
                  [36m>[39m
                    [0mTester[0m
                  [36m</option>[39m
                  [36m<option[39m
                    [33mvalue[39m=[32m"business-analyst"[39m
                  [36m>[39m
                    [0mBusiness Analyst[0m
                  [36m</option>[39m
                  [36m<option[39m
                    [33mvalue[39m=[32m"product-owner"[39m
                  [36m>[39m
                    [0mProduct Owner[0m
                  [36m</option>[39m
                  [36m<option[39m
                    [33mvalue[39m=[32m"scrum-master"[39m
                  [36m>[39m
                    [0mScrum Master[0m
                  [36m</option>[39m
                  [36m<option[39m
                    [33mvalue[39m=[32m"other"[39m
                  [36m>[39m
                    [0mOther[0m
                  [36m</option>[39m
                [36m</select>[39m
              [36m</div>[39m
            [36m</div>[39m
            [36m<div[39m
              [33mclass[39m=[32m"mt-4"[39m
            [36m>[39m
              [36m<label[39m
                [33mclass[39m=[32m"block text-sm font-medium text-gray-700 mb-2"[39m
              [36m>[39m
                [0mDescription *[0m
              [36m</label>[39m
              [36m<textarea[39m
                [33mclass[39m=[32m"w-full px-3 py-2 border rounded-md focus:outline-none focus:ring-2 focus:ring-blue-500 border-gray-300"[39m
                [33mplaceholder[39m=[32m"Describe the template and its intended use..."[39m
                [33mrows[39m=[32m"3"[39m
              [36m/>[39m
            [36m</div>[39m
            [36m<div[39m
              [33mclass[39m=[32m"mt-4"[39m
            [36m>[39m
              [36m<label[39m
                [33mclass[39m=[32m"block text-sm font-medium text-gray-700 mb-2"[39m
              [36m>[39m
                [0mTags[0m
              [36m</label>[39m
              [36m<div[39m
                [33mclass[39m=[32m"flex gap-2 mb-2"[39m
              [36m>[39m
                [36m<input[39m
                  [33mclass[39m=[32m"flex-1 px-3 py-2 border border-gray-300 rounded-md focus:outline-none focus:ring-2 focus:ring-blue-500"[39m
                  [33mplaceholder[39m=[32m"Add a tag"[39m
                  [33mtype[39m=[32m"text"[39m
                  [33mvalue[39m=[32m""[39m
                [36m/>[39m
                [36m<button[39m
                  [33mclass[39m=[32m"px-4 py-2 bg-green-500 text-white rounded-md hover:bg-green-600 disabled:bg-gray-300 disabled:cursor-not-allowed"[39m
                  [33mdisabled[39m=[32m""[39m
                  [33mtype[39m=[32m"button"[39m
                [36m>[39m
                  [0mAdd[0m
                [36m</button>[39m
              [36m</div>[39m
              [36m<div[39m
                [33mclass[39m=[32m"flex flex-wrap gap-2"[39m
              [36m/>[39m
            [36m</div>[39m
            [36m<div[39m
              [33mclass[39m=[32m"mt-4"[39m
            [36m>[39m
              [36m<label[39m
                [33mclass[39m=[32m"flex items-center"[39m
              [36m>[39m
                [36m<input[39m
                  [33mclass[39m=[32m"mr-2"[39m
                  [33mtype[39m=[32m"checkbox"[39m
                [36m/>[39m
                [36m<span[39m
                  [33mclass[39m=[32m"text-sm text-gray-700"[39m
                [36m>[39m
                  [0mMake this template public (visible to all users)[0m
           ...
   × TemplateForm > adds goals 1015ms
     → Unable to find an element with the text: achieve excellence. This could be because the text is broken up by multiple elements. In this case, you can provide a function for your text matcher to make your matcher more flexible.

Ignored nodes: comments, script, style
[36m<body>[39m
  [36m<div>[39m
    [36m<div[39m
      [33mclass[39m=[32m"max-w-4xl mx-auto p-6 bg-white rounded-lg shadow-lg"[39m
    [36m>[39m
      [36m<h2[39m
        [33mclass[39m=[32m"text-2xl font-bold text-gray-800 mb-6"[39m
      [36m>[39m
        [0mCreate New Template[0m
      [36m</h2>[39m
      [36m<form[39m
        [33mclass[39m=[32m"space-y-6"[39m
      [36m>[39m
        [36m<div[39m
          [33mclass[39m=[32m"bg-gray-50 p-4 rounded-lg"[39m
        [36m>[39m
          [36m<h3[39m
            [33mclass[39m=[32m"text-lg font-semibold text-gray-800 mb-4"[39m
          [36m>[39m
            [0mBasic Information[0m
          [36m</h3>[39m
          [36m<div[39m
            [33mclass[39m=[32m"grid grid-cols-1 md:grid-cols-2 gap-4"[39m
          [36m>[39m
            [36m<div>[39m
              [36m<label[39m
                [33mclass[39m=[32m"block text-sm font-medium text-gray-700 mb-2"[39m
              [36m>[39m
                [0mTemplate Name *[0m
              [36m</label>[39m
              [36m<input[39m
                [33mclass[39m=[32m"w-full px-3 py-2 border rounded-md focus:outline-none focus:ring-2 focus:ring-blue-500 border-gray-300"[39m
                [33mplaceholder[39m=[32m"Enter template name"[39m
                [33mtype[39m=[32m"text"[39m
                [33mvalue[39m=[32m""[39m
              [36m/>[39m
            [36m</div>[39m
            [36m<div>[39m
              [36m<label[39m
                [33mclass[39m=[32m"block text-sm font-medium text-gray-700 mb-2"[39m
              [36m>[39m
                [0mCategory *[0m
              [36m</label>[39m
              [36m<select[39m
                [33mclass[39m=[32m"w-full px-3 py-2 border border-gray-300 rounded-md focus:outline-none focus:ring-2 focus:ring-blue-500"[39m
              [36m>[39m
                [36m<option[39m
                  [33mvalue[39m=[32m"client"[39m
                [36m>[39m
                  [0mClient[0m
                [36m</option>[39m
                [36m<option[39m
                  [33mvalue[39m=[32m"stakeholder"[39m
                [36m>[39m
                  [0mStakeholder[0m
                [36m</option>[39m
                [36m<option[39m
                  [33mvalue[39m=[32m"user"[39m
                [36m>[39m
                  [0mUser[0m
                [36m</option>[39m
                [36m<option[39m
                  [33mvalue[39m=[32m"manager"[39m
                [36m>[39m
                  [0mManager[0m
                [36m</option>[39m
                [36m<option[39m
                  [33mvalue[39m=[32m"developer"[39m
                [36m>[39m
                  [0mDeveloper[0m
                [36m</option>[39m
                [36m<option[39m
                  [33mvalue[39m=[32m"designer"[39m
                [36m>[39m
                  [0mDesigner[0m
                [36m</option>[39m
                [36m<option[39m
                  [33mvalue[39m=[32m"tester"[39m
                [36m>[39m
                  [0mTester[0m
                [36m</option>[39m
                [36m<option[39m
                  [33mvalue[39m=[32m"business-analyst"[39m
                [36m>[39m
                  [0mBusiness Analyst[0m
                [36m</option>[39m
                [36m<option[39m
                  [33mvalue[39m=[32m"product-owner"[39m
                [36m>[39m
                  [0mProduct Owner[0m
                [36m</option>[39m
                [36m<option[39m
                  [33mvalue[39m=[32m"scrum-master"[39m
                [36m>[39m
                  [0mScrum Master[0m
                [36m</option>[39m
                [36m<option[39m
                  [33mvalue[39m=[32m"other"[39m
                [36m>[39m
                  [0mOther[0m
                [36m</option>[39m
              [36m</select>[39m
            [36m</div>[39m
          [36m</div>[39m
          [36m<div[39m
            [33mclass[39m=[32m"mt-4"[39m
          [36m>[39m
            [36m<label[39m
              [33mclass[39m=[32m"block text-sm font-medium text-gray-700 mb-2"[39m
            [36m>[39m
              [0mDescription *[0m
            [36m</label>[39m
            [36m<textarea[39m
              [33mclass[39m=[32m"w-full px-3 py-2 border rounded-md focus:outline-none focus:ring-2 focus:ring-blue-500 border-gray-300"[39m
              [33mplaceholder[39m=[32m"Describe the template and its intended use..."[39m
              [33mrows[39m=[32m"3"[39m
            [36m/>[39m
          [36m</div>[39m
          [36m<div[39m
            [33mclass[39m=[32m"mt-4"[39m
          [36m>[39m
            [36m<label[39m
              [33mclass[39m=[32m"block text-sm font-medium text-gray-700 mb-2"[39m
            [36m>[39m
              [0mTags[0m
            [36m</label>[39m
            [36m<div[39m
              [33mclass[39m=[32m"flex gap-2 mb-2"[39m
            [36m>[39m
              [36m<input[39m
                [33mclass[39m=[32m"flex-1 px-3 py-2 border border-gray-300 rounded-md focus:outline-none focus:ring-2 focus:ring-blue-500"[39m
                [33mplaceholder[39m=[32m"Add a tag"[39m
                [33mtype[39m=[32m"text"[39m
                [33mvalue[39m=[32m""[39m
              [36m/>[39m
              [36m<button[39m
                [33mclass[39m=[32m"px-4 py-2 bg-green-500 text-white rounded-md hover:bg-green-600 disabled:bg-gray-300 disabled:cursor-not-allowed"[39m
                [33mdisabled[39m=[32m""[39m
                [33mtype[39m=[32m"button"[39m
              [36m>[39m
                [0mAdd[0m
              [36m</button>[39m
            [36m</div>[39m
            [36m<div[39m
              [33mclass[39m=[32m"flex flex-wrap gap-2"[39m
            [36m/>[39m
          [36m</div>[39m
          [36m<div[39m
            [33mclass[39m=[32m"mt-4"[39m
          [36m>[39m
            [36m<label[39m
              [33mclass[39m=[32m"flex items-center"[39m
            [36m>[39m
              [36m<input[39m
                [33mclass[39m=[32m"mr-2"[39m
                [33mtype[39m=[32m"checkbox"[39m
              [36m/>[39m
              [36m<span[39m
                [33mclass[39m=[32m"text-sm text-gray-700"[39m
              [36m>[39m
                [0mMake this template public (visible to all users)[0m
              [36m</span>[39m
            [36m</label>[39m
          [36m</div>[39m
        [36m</div>[39m
        [36m<div[39m
          [33mclass[39m=[32m"bg-gray-50 p-4 rounded-lg"[39m
        [36m>[39m
          [36m<h3[39m
            [33mclass[39m=[32m"text-lg font-semibold text-gray-800 mb-4"[39m
          [36m>[39m
            [0mPerson...

Ignored nodes: comments, script, style
[36m<html>[39m
  [36m<head />[39m
  [36m<body>[39m
    [36m<div>[39m
      [36m<div[39m
        [33mclass[39m=[32m"max-w-4xl mx-auto p-6 bg-white rounded-lg shadow-lg"[39m
      [36m>[39m
        [36m<h2[39m
          [33mclass[39m=[32m"text-2xl font-bold text-gray-800 mb-6"[39m
        [36m>[39m
          [0mCreate New Template[0m
        [36m</h2>[39m
        [36m<form[39m
          [33mclass[39m=[32m"space-y-6"[39m
        [36m>[39m
          [36m<div[39m
            [33mclass[39m=[32m"bg-gray-50 p-4 rounded-lg"[39m
          [36m>[39m
            [36m<h3[39m
              [33mclass[39m=[32m"text-lg font-semibold text-gray-800 mb-4"[39m
            [36m>[39m
              [0mBasic Information[0m
            [36m</h3>[39m
            [36m<div[39m
              [33mclass[39m=[32m"grid grid-cols-1 md:grid-cols-2 gap-4"[39m
            [36m>[39m
              [36m<div>[39m
                [36m<label[39m
                  [33mclass[39m=[32m"block text-sm font-medium text-gray-700 mb-2"[39m
                [36m>[39m
                  [0mTemplate Name *[0m
                [36m</label>[39m
                [36m<input[39m
                  [33mclass[39m=[32m"w-full px-3 py-2 border rounded-md focus:outline-none focus:ring-2 focus:ring-blue-500 border-gray-300"[39m
                  [33mplaceholder[39m=[32m"Enter template name"[39m
                  [33mtype[39m=[32m"text"[39m
                  [33mvalue[39m=[32m""[39m
                [36m/>[39m
              [36m</div>[39m
              [36m<div>[39m
                [36m<label[39m
                  [33mclass[39m=[32m"block text-sm font-medium text-gray-700 mb-2"[39m
                [36m>[39m
                  [0mCategory *[0m
                [36m</label>[39m
                [36m<select[39m
                  [33mclass[39m=[32m"w-full px-3 py-2 border border-gray-300 rounded-md focus:outline-none focus:ring-2 focus:ring-blue-500"[39m
                [36m>[39m
                  [36m<option[39m
                    [33mvalue[39m=[32m"client"[39m
                  [36m>[39m
                    [0mClient[0m
                  [36m</option>[39m
                  [36m<option[39m
                    [33mvalue[39m=[32m"stakeholder"[39m
                  [36m>[39m
                    [0mStakeholder[0m
                  [36m</option>[39m
                  [36m<option[39m
                    [33mvalue[39m=[32m"user"[39m
                  [36m>[39m
                    [0mUser[0m
                  [36m</option>[39m
                  [36m<option[39m
                    [33mvalue[39m=[32m"manager"[39m
                  [36m>[39m
                    [0mManager[0m
                  [36m</option>[39m
                  [36m<option[39m
                    [33mvalue[39m=[32m"developer"[39m
                  [36m>[39m
                    [0mDeveloper[0m
                  [36m</option>[39m
                  [36m<option[39m
                    [33mvalue[39m=[32m"designer"[39m
                  [36m>[39m
                    [0mDesigner[0m
                  [36m</option>[39m
                  [36m<option[39m
                    [33mvalue[39m=[32m"tester"[39m
                  [36m>[39m
                    [0mTester[0m
                  [36m</option>[39m
                  [36m<option[39m
                    [33mvalue[39m=[32m"business-analyst"[39m
                  [36m>[39m
                    [0mBusiness Analyst[0m
                  [36m</option>[39m
                  [36m<option[39m
                    [33mvalue[39m=[32m"product-owner"[39m
                  [36m>[39m
                    [0mProduct Owner[0m
                  [36m</option>[39m
                  [36m<option[39m
                    [33mvalue[39m=[32m"scrum-master"[39m
                  [36m>[39m
                    [0mScrum Master[0m
                  [36m</option>[39m
                  [36m<option[39m
                    [33mvalue[39m=[32m"other"[39m
                  [36m>[39m
                    [0mOther[0m
                  [36m</option>[39m
                [36m</select>[39m
              [36m</div>[39m
            [36m</div>[39m
            [36m<div[39m
              [33mclass[39m=[32m"mt-4"[39m
            [36m>[39m
              [36m<label[39m
                [33mclass[39m=[32m"block text-sm font-medium text-gray-700 mb-2"[39m
              [36m>[39m
                [0mDescription *[0m
              [36m</label>[39m
              [36m<textarea[39m
                [33mclass[39m=[32m"w-full px-3 py-2 border rounded-md focus:outline-none focus:ring-2 focus:ring-blue-500 border-gray-300"[39m
                [33mplaceholder[39m=[32m"Describe the template and its intended use..."[39m
                [33mrows[39m=[32m"3"[39m
              [36m/>[39m
            [36m</div>[39m
            [36m<div[39m
              [33mclass[39m=[32m"mt-4"[39m
            [36m>[39m
              [36m<label[39m
                [33mclass[39m=[32m"block text-sm font-medium text-gray-700 mb-2"[39m
              [36m>[39m
                [0mTags[0m
              [36m</label>[39m
              [36m<div[39m
                [33mclass[39m=[32m"flex gap-2 mb-2"[39m
              [36m>[39m
                [36m<input[39m
                  [33mclass[39m=[32m"flex-1 px-3 py-2 border border-gray-300 rounded-md focus:outline-none focus:ring-2 focus:ring-blue-500"[39m
                  [33mplaceholder[39m=[32m"Add a tag"[39m
                  [33mtype[39m=[32m"text"[39m
                  [33mvalue[39m=[32m""[39m
                [36m/>[39m
                [36m<button[39m
                  [33mclass[39m=[32m"px-4 py-2 bg-green-500 text-white rounded-md hover:bg-green-600 disabled:bg-gray-300 disabled:cursor-not-allowed"[39m
                  [33mdisabled[39m=[32m""[39m
                  [33mtype[39m=[32m"button"[39m
                [36m>[39m
                  [0mAdd[0m
                [36m</button>[39m
              [36m</div>[39m
              [36m<div[39m
                [33mclass[39m=[32m"flex flex-wrap gap-2"[39m
              [36m/>[39m
            [36m</div>[39m
            [36m<div[39m
              [33mclass[39m=[32m"mt-4"[39m
            [36m>[39m
              [36m<label[39m
                [33mclass[39m=[32m"flex items-center"[39m
              [36m>[39m
                [36m<input[39m
                  [33mclass[39m=[32m"mr-2"[39m
                  [33mtype[39m=[32m"checkbox"[39m
                [36m/>[39m
                [36m<span[39m
                  [33mclass[39m=[32m"text-sm text-gray-700"[39m
                [36m>[39m
                  [0mMake this template public (visible to all users)[0m
           ...
   ✓ TemplateForm > adds tags 13ms
   × TemplateForm > generates system prompt 1012ms
     → [2mexpect([22m[31melement[39m[2m).toHaveValue([22m[32mStringContaining[39m[2m)[22m

Expected the element to have value:
[32m  StringContaining "You are Test Role"[39m
Received:
[31m  You are Test Role. 

  Background: This is a test background for the template

  Personality Traits: analytical, collaborative
  Communication Style: formal
  Decision Making Style: analytical

  Priorities: quality, efficiency
  Goals: achieve excellence

  Respond in character as this persona, maintaining consistency with the defined personality traits, communication style, and priorities. Be helpful, professional, and authentic to the role.[39m

Ignored nodes: comments, script, style
[36m<html>[39m
  [36m<head />[39m
  [36m<body>[39m
    [36m<div>[39m
      [36m<div[39m
        [33mclass[39m=[32m"max-w-4xl mx-auto p-6 bg-white rounded-lg shadow-lg"[39m
      [36m>[39m
        [36m<h2[39m
          [33mclass[39m=[32m"text-2xl font-bold text-gray-800 mb-6"[39m
        [36m>[39m
          [0mCreate New Template[0m
        [36m</h2>[39m
        [36m<form[39m
          [33mclass[39m=[32m"space-y-6"[39m
        [36m>[39m
          [36m<div[39m
            [33mclass[39m=[32m"bg-gray-50 p-4 rounded-lg"[39m
          [36m>[39m
            [36m<h3[39m
              [33mclass[39m=[32m"text-lg font-semibold text-gray-800 mb-4"[39m
            [36m>[39m
              [0mBasic Information[0m
            [36m</h3>[39m
            [36m<div[39m
              [33mclass[39m=[32m"grid grid-cols-1 md:grid-cols-2 gap-4"[39m
            [36m>[39m
              [36m<div>[39m
                [36m<label[39m
                  [33mclass[39m=[32m"block text-sm font-medium text-gray-700 mb-2"[39m
                [36m>[39m
                  [0mTemplate Name *[0m
                [36m</label>[39m
                [36m<input[39m
                  [33mclass[39m=[32m"w-full px-3 py-2 border rounded-md focus:outline-none focus:ring-2 focus:ring-blue-500 border-gray-300"[39m
                  [33mplaceholder[39m=[32m"Enter template name"[39m
                  [33mtype[39m=[32m"text"[39m
                  [33mvalue[39m=[32m"Test Template"[39m
                [36m/>[39m
              [36m</div>[39m
              [36m<div>[39m
                [36m<label[39m
                  [33mclass[39m=[32m"block text-sm font-medium text-gray-700 mb-2"[39m
                [36m>[39m
                  [0mCategory *[0m
                [36m</label>[39m
                [36m<select[39m
                  [33mclass[39m=[32m"w-full px-3 py-2 border border-gray-300 rounded-md focus:outline-none focus:ring-2 focus:ring-blue-500"[39m
                [36m>[39m
                  [36m<option[39m
                    [33mvalue[39m=[32m"client"[39m
                  [36m>[39m
                    [0mClient[0m
                  [36m</option>[39m
                  [36m<option[39m
                    [33mvalue[39m=[32m"stakeholder"[39m
                  [36m>[39m
                    [0mStakeholder[0m
                  [36m</option>[39m
                  [36m<option[39m
                    [33mvalue[39m=[32m"user"[39m
                  [36m>[39m
                    [0mUser[0m
                  [36m</option>[39m
                  [36m<option[39m
                    [33mvalue[39m=[32m"manager"[39m
                  [36m>[39m
                    [0mManager[0m
                  [36m</option>[39m
                  [36m<option[39m
                    [33mvalue[39m=[32m"developer"[39m
                  [36m>[39m
                    [0mDeveloper[0m
                  [36m</option>[39m
                  [36m<option[39m
                    [33mvalue[39m=[32m"designer"[39m
                  [36m>[39m
                    [0mDesigner[0m
                  [36m</option>[39m
                  [36m<option[39m
                    [33mvalue[39m=[32m"tester"[39m
                  [36m>[39m
                    [0mTester[0m
                  [36m</option>[39m
                  [36m<option[39m
                    [33mvalue[39m=[32m"business-analyst"[39m
                  [36m>[39m
                    [0mBusiness Analyst[0m
                  [36m</option>[39m
                  [36m<option[39m
                    [33mvalue[39m=[32m"product-owner"[39m
                  [36m>[39m
                    [0mProduct Owner[0m
                  [36m</option>[39m
                  [36m<option[39m
                    [33mvalue[39m=[32m"scrum-master"[39m
                  [36m>[39m
                    [0mScrum Master[0m
                  [36m</option>[39m
                  [36m<option[39m
                    [33mvalue[39m=[32m"other"[39m
                  [36m>[39m
                    [0mOther[0m
                  [36m</option>[39m
                [36m</select>[39m
              [36m</div>[39m
            [36m</div>[39m
            [36m<div[39m
              [33mclass[39m=[32m"mt-4"[39m
            [36m>[39m
              [36m<label[39m
                [33mclass[39m=[32m"block text-sm font-medium text-gray-700 mb-2"[39m
              [36m>[39m
                [0mDescription *[0m
              [36m</label>[39m
              [36m<textarea[39m
                [33mclass[39m=[32m"w-full px-3 py-2 border rounded-md focus:outline-none focus:ring-2 focus:ring-blue-500 border-gray-300"[39m
                [33mplaceholder[39m=[32m"Describe the template and its intended use..."[39m
                [33mrows[39m=[32m"3"[39m
              [36m>[39m
                [0mA test template for testing purposes[0m
              [36m</textarea>[39m
            [36m</div>[39m
            [36m<div[39m
              [33mclass[39m=[32m"mt-4"[39m
            [36m>[39m
              [36m<label[39m
                [33mclass[39m=[32m"block text-sm font-medium text-gray-700 mb-2"[39m
              [36m>[39m
                [0mTags[0m
              [36m</label>[39m
              [36m<div[39m
                [33mclass[39m=[32m"flex gap-2 mb-2"[39m
              [36m>[39m
                [36m<input[39m
                  [33mclass[39m=[32m"flex-1 px-3 py-2 border border-gray-300 rounded-md focus:outline-none focus:ring-2 focus:ring-blue-500"[39m
                  [33mplaceholder[39m=[32m"Add a tag"[39m
                  [33mtype[39m=[32m"text"[39m
                  [33mvalue[39m=[32m""[39m
                [36m/>[39m
                [36m<button[39m
                  [33mclass[39m=[32m"px-4 py-2 bg-green-500 text-white rounded-md hover:bg-green-600 disabled:bg-gray-300 disabled:cursor-not-allowed"[39m
                  [33mdisabled[39m=[32m""[39m
                  [33mtype[39m=[32m"button"[39m
                [36m>[39m
                  [0mAdd[0m
                [36m</button>[39m
              [36m</div>[39m
              [36m<div[39m
                [33mclass[39m=[32m"flex flex-wrap gap-2"[39m
              [36m>[39m
                [36m<span[39m
                  [33mclass[39m=[32m"inline-flex items-center px-3 py-1 bg-blue-100 text-blue-800 rounded-full text-sm"[39m
                [36m>[39m
                  [0mtest[0m
                  [36m<button[39m
                    [33mclass[39m=[32m"ml-2 text-blue-600 hover:text-blue-800"[39m
                    [33mtype[39m=[32m"button"[39m
                  [36m>[39m
                    [0m×[0m
                  [36m</button>[39m
                [36m</sp...
   ✓ TemplateForm > validates required fields on submit 16ms
   × TemplateForm > submits form with valid data 7ms
     → Unable to find an element with the text: Update Template. This could be because the text is broken up by multiple elements. In this case, you can provide a function for your text matcher to make your matcher more flexible.

Ignored nodes: comments, script, style
[36m<body>[39m
  [36m<div>[39m
    [36m<div[39m
      [33mclass[39m=[32m"max-w-4xl mx-auto p-6 bg-white rounded-lg shadow-lg"[39m
    [36m>[39m
      [36m<h2[39m
        [33mclass[39m=[32m"text-2xl font-bold text-gray-800 mb-6"[39m
      [36m>[39m
        [0mCreate New Template[0m
      [36m</h2>[39m
      [36m<form[39m
        [33mclass[39m=[32m"space-y-6"[39m
      [36m>[39m
        [36m<div[39m
          [33mclass[39m=[32m"bg-gray-50 p-4 rounded-lg"[39m
        [36m>[39m
          [36m<h3[39m
            [33mclass[39m=[32m"text-lg font-semibold text-gray-800 mb-4"[39m
          [36m>[39m
            [0mBasic Information[0m
          [36m</h3>[39m
          [36m<div[39m
            [33mclass[39m=[32m"grid grid-cols-1 md:grid-cols-2 gap-4"[39m
          [36m>[39m
            [36m<div>[39m
              [36m<label[39m
                [33mclass[39m=[32m"block text-sm font-medium text-gray-700 mb-2"[39m
              [36m>[39m
                [0mTemplate Name *[0m
              [36m</label>[39m
              [36m<input[39m
                [33mclass[39m=[32m"w-full px-3 py-2 border rounded-md focus:outline-none focus:ring-2 focus:ring-blue-500 border-gray-300"[39m
                [33mplaceholder[39m=[32m"Enter template name"[39m
                [33mtype[39m=[32m"text"[39m
                [33mvalue[39m=[32m"Test Template"[39m
              [36m/>[39m
            [36m</div>[39m
            [36m<div>[39m
              [36m<label[39m
                [33mclass[39m=[32m"block text-sm font-medium text-gray-700 mb-2"[39m
              [36m>[39m
                [0mCategory *[0m
              [36m</label>[39m
              [36m<select[39m
                [33mclass[39m=[32m"w-full px-3 py-2 border border-gray-300 rounded-md focus:outline-none focus:ring-2 focus:ring-blue-500"[39m
              [36m>[39m
                [36m<option[39m
                  [33mvalue[39m=[32m"client"[39m
                [36m>[39m
                  [0mClient[0m
                [36m</option>[39m
                [36m<option[39m
                  [33mvalue[39m=[32m"stakeholder"[39m
                [36m>[39m
                  [0mStakeholder[0m
                [36m</option>[39m
                [36m<option[39m
                  [33mvalue[39m=[32m"user"[39m
                [36m>[39m
                  [0mUser[0m
                [36m</option>[39m
                [36m<option[39m
                  [33mvalue[39m=[32m"manager"[39m
                [36m>[39m
                  [0mManager[0m
                [36m</option>[39m
                [36m<option[39m
                  [33mvalue[39m=[32m"developer"[39m
                [36m>[39m
                  [0mDeveloper[0m
                [36m</option>[39m
                [36m<option[39m
                  [33mvalue[39m=[32m"designer"[39m
                [36m>[39m
                  [0mDesigner[0m
                [36m</option>[39m
                [36m<option[39m
                  [33mvalue[39m=[32m"tester"[39m
                [36m>[39m
                  [0mTester[0m
                [36m</option>[39m
                [36m<option[39m
                  [33mvalue[39m=[32m"business-analyst"[39m
                [36m>[39m
                  [0mBusiness Analyst[0m
                [36m</option>[39m
                [36m<option[39m
                  [33mvalue[39m=[32m"product-owner"[39m
                [36m>[39m
                  [0mProduct Owner[0m
                [36m</option>[39m
                [36m<option[39m
                  [33mvalue[39m=[32m"scrum-master"[39m
                [36m>[39m
                  [0mScrum Master[0m
                [36m</option>[39m
                [36m<option[39m
                  [33mvalue[39m=[32m"other"[39m
                [36m>[39m
                  [0mOther[0m
                [36m</option>[39m
              [36m</select>[39m
            [36m</div>[39m
          [36m</div>[39m
          [36m<div[39m
            [33mclass[39m=[32m"mt-4"[39m
          [36m>[39m
            [36m<label[39m
              [33mclass[39m=[32m"block text-sm font-medium text-gray-700 mb-2"[39m
            [36m>[39m
              [0mDescription *[0m
            [36m</label>[39m
            [36m<textarea[39m
              [33mclass[39m=[32m"w-full px-3 py-2 border rounded-md focus:outline-none focus:ring-2 focus:ring-blue-500 border-gray-300"[39m
              [33mplaceholder[39m=[32m"Describe the template and its intended use..."[39m
              [33mrows[39m=[32m"3"[39m
            [36m>[39m
              [0mA test template for testing purposes[0m
            [36m</textarea>[39m
          [36m</div>[39m
          [36m<div[39m
            [33mclass[39m=[32m"mt-4"[39m
          [36m>[39m
            [36m<label[39m
              [33mclass[39m=[32m"block text-sm font-medium text-gray-700 mb-2"[39m
            [36m>[39m
              [0mTags[0m
            [36m</label>[39m
            [36m<div[39m
              [33mclass[39m=[32m"flex gap-2 mb-2"[39m
            [36m>[39m
              [36m<input[39m
                [33mclass[39m=[32m"flex-1 px-3 py-2 border border-gray-300 rounded-md focus:outline-none focus:ring-2 focus:ring-blue-500"[39m
                [33mplaceholder[39m=[32m"Add a tag"[39m
                [33mtype[39m=[32m"text"[39m
                [33mvalue[39m=[32m""[39m
              [36m/>[39m
              [36m<button[39m
                [33mclass[39m=[32m"px-4 py-2 bg-green-500 text-white rounded-md hover:bg-green-600 disabled:bg-gray-300 disabled:cursor-not-allowed"[39m
                [33mdisabled[39m=[32m""[39m
                [33mtype[39m=[32m"button"[39m
              [36m>[39m
                [0mAdd[0m
              [36m</button>[39m
            [36m</div>[39m
            [36m<div[39m
              [33mclass[39m=[32m"flex flex-wrap gap-2"[39m
            [36m>[39m
              [36m<span[39m
                [33mclass[39m=[32m"inline-flex items-center px-3 py-1 bg-blue-100 text-blue-800 rounded-full text-sm"[39m
              [36m>[39m
                [0mtest[0m
                [36m<button[39m
                  [33mclass[39m=[32m"ml-2 text-blue-600 hover:text-blue-800"[39m
                  [33mtype[39m=[32m"button"[39m
                [36m>[39m
                  [0m×[0m
                [36m</button>[39m
              [36m</span>[39m
              [36m<span[39m
                [33mclass[39m=[32m"inline-flex items-center px-3 py-1 bg-blue-100 text-blue-800 rounded-full text-sm"[39m
              [36m>[39m
                [0mtemplate[0m
                [36m<button[39m
                  [33mclass[39m=[32m"ml-2 text-blue-600 hover:text-blue-800"[39m
             ...
   ✓ TemplateForm > handles cancel button click 5ms
   ✓ TemplateForm > disables submit button when loading 4ms
   ✓ TemplateForm > displays loading state 4ms
   ✓ TemplateForm > handles public/private toggle 7ms
   × TemplateForm > handles category selection 6ms
     → Found a label with the text of: /Category/, however no form control was found associated to that label. Make sure you're using the "for" attribute or "aria-labelledby" attribute correctly.

Ignored nodes: comments, script, style
[36m<body>[39m
  [36m<div>[39m
    [36m<div[39m
      [33mclass[39m=[32m"max-w-4xl mx-auto p-6 bg-white rounded-lg shadow-lg"[39m
    [36m>[39m
      [36m<h2[39m
        [33mclass[39m=[32m"text-2xl font-bold text-gray-800 mb-6"[39m
      [36m>[39m
        [0mCreate New Template[0m
      [36m</h2>[39m
      [36m<form[39m
        [33mclass[39m=[32m"space-y-6"[39m
      [36m>[39m
        [36m<div[39m
          [33mclass[39m=[32m"bg-gray-50 p-4 rounded-lg"[39m
        [36m>[39m
          [36m<h3[39m
            [33mclass[39m=[32m"text-lg font-semibold text-gray-800 mb-4"[39m
          [36m>[39m
            [0mBasic Information[0m
          [36m</h3>[39m
          [36m<div[39m
            [33mclass[39m=[32m"grid grid-cols-1 md:grid-cols-2 gap-4"[39m
          [36m>[39m
            [36m<div>[39m
              [36m<label[39m
                [33mclass[39m=[32m"block text-sm font-medium text-gray-700 mb-2"[39m
              [36m>[39m
                [0mTemplate Name *[0m
              [36m</label>[39m
              [36m<input[39m
                [33mclass[39m=[32m"w-full px-3 py-2 border rounded-md focus:outline-none focus:ring-2 focus:ring-blue-500 border-gray-300"[39m
                [33mplaceholder[39m=[32m"Enter template name"[39m
                [33mtype[39m=[32m"text"[39m
                [33mvalue[39m=[32m""[39m
              [36m/>[39m
            [36m</div>[39m
            [36m<div>[39m
              [36m<label[39m
                [33mclass[39m=[32m"block text-sm font-medium text-gray-700 mb-2"[39m
              [36m>[39m
                [0mCategory *[0m
              [36m</label>[39m
              [36m<select[39m
                [33mclass[39m=[32m"w-full px-3 py-2 border border-gray-300 rounded-md focus:outline-none focus:ring-2 focus:ring-blue-500"[39m
              [36m>[39m
                [36m<option[39m
                  [33mvalue[39m=[32m"client"[39m
                [36m>[39m
                  [0mClient[0m
                [36m</option>[39m
                [36m<option[39m
                  [33mvalue[39m=[32m"stakeholder"[39m
                [36m>[39m
                  [0mStakeholder[0m
                [36m</option>[39m
                [36m<option[39m
                  [33mvalue[39m=[32m"user"[39m
                [36m>[39m
                  [0mUser[0m
                [36m</option>[39m
                [36m<option[39m
                  [33mvalue[39m=[32m"manager"[39m
                [36m>[39m
                  [0mManager[0m
                [36m</option>[39m
                [36m<option[39m
                  [33mvalue[39m=[32m"developer"[39m
                [36m>[39m
                  [0mDeveloper[0m
                [36m</option>[39m
                [36m<option[39m
                  [33mvalue[39m=[32m"designer"[39m
                [36m>[39m
                  [0mDesigner[0m
                [36m</option>[39m
                [36m<option[39m
                  [33mvalue[39m=[32m"tester"[39m
                [36m>[39m
                  [0mTester[0m
                [36m</option>[39m
                [36m<option[39m
                  [33mvalue[39m=[32m"business-analyst"[39m
                [36m>[39m
                  [0mBusiness Analyst[0m
                [36m</option>[39m
                [36m<option[39m
                  [33mvalue[39m=[32m"product-owner"[39m
                [36m>[39m
                  [0mProduct Owner[0m
                [36m</option>[39m
                [36m<option[39m
                  [33mvalue[39m=[32m"scrum-master"[39m
                [36m>[39m
                  [0mScrum Master[0m
                [36m</option>[39m
                [36m<option[39m
                  [33mvalue[39m=[32m"other"[39m
                [36m>[39m
                  [0mOther[0m
                [36m</option>[39m
              [36m</select>[39m
            [36m</div>[39m
          [36m</div>[39m
          [36m<div[39m
            [33mclass[39m=[32m"mt-4"[39m
          [36m>[39m
            [36m<label[39m
              [33mclass[39m=[32m"block text-sm font-medium text-gray-700 mb-2"[39m
            [36m>[39m
              [0mDescription *[0m
            [36m</label>[39m
            [36m<textarea[39m
              [33mclass[39m=[32m"w-full px-3 py-2 border rounded-md focus:outline-none focus:ring-2 focus:ring-blue-500 border-gray-300"[39m
              [33mplaceholder[39m=[32m"Describe the template and its intended use..."[39m
              [33mrows[39m=[32m"3"[39m
            [36m/>[39m
          [36m</div>[39m
          [36m<div[39m
            [33mclass[39m=[32m"mt-4"[39m
          [36m>[39m
            [36m<label[39m
              [33mclass[39m=[32m"block text-sm font-medium text-gray-700 mb-2"[39m
            [36m>[39m
              [0mTags[0m
            [36m</label>[39m
            [36m<div[39m
              [33mclass[39m=[32m"flex gap-2 mb-2"[39m
            [36m>[39m
              [36m<input[39m
                [33mclass[39m=[32m"flex-1 px-3 py-2 border border-gray-300 rounded-md focus:outline-none focus:ring-2 focus:ring-blue-500"[39m
                [33mplaceholder[39m=[32m"Add a tag"[39m
                [33mtype[39m=[32m"text"[39m
                [33mvalue[39m=[32m""[39m
              [36m/>[39m
              [36m<button[39m
                [33mclass[39m=[32m"px-4 py-2 bg-green-500 text-white rounded-md hover:bg-green-600 disabled:bg-gray-300 disabled:cursor-not-allowed"[39m
                [33mdisabled[39m=[32m""[39m
                [33mtype[39m=[32m"button"[39m
              [36m>[39m
                [0mAdd[0m
              [36m</button>[39m
            [36m</div>[39m
            [36m<div[39m
              [33mclass[39m=[32m"flex flex-wrap gap-2"[39m
            [36m/>[39m
          [36m</div>[39m
          [36m<div[39m
            [33mclass[39m=[32m"mt-4"[39m
          [36m>[39m
            [36m<label[39m
              [33mclass[39m=[32m"flex items-center"[39m
            [36m>[39m
              [36m<input[39m
                [33mclass[39m=[32m"mr-2"[39m
                [33mtype[39m=[32m"checkbox"[39m
              [36m/>[39m
              [36m<span[39m
                [33mclass[39m=[32m"text-sm text-gray-700"[39m
              [36m>[39m
                [0mMake this template public (visible to all users)[0m
              [36m</span>[39m
            [36m</label>[39m
          [36m</div>[39m
        [36m</div>[39m
        [36m<div[39m
          [33mclass[39m=[32m"bg-gray-50 p-4 rounded-lg"[39m
        [36m>[39m
          [36m<h3[39m
            [33mclass[39m=[32m"text-lg font-semibold text-gray-800 mb-4"[39m
          [36m>[39m
            [0mPerson...
   × TemplateForm > handles communication style selection 10ms
     → Found a label with the text of: /Communication Style/, however no form control was found associated to that label. Make sure you're using the "for" attribute or "aria-labelledby" attribute correctly.

Ignored nodes: comments, script, style
[36m<body>[39m
  [36m<div>[39m
    [36m<div[39m
      [33mclass[39m=[32m"max-w-4xl mx-auto p-6 bg-white rounded-lg shadow-lg"[39m
    [36m>[39m
      [36m<h2[39m
        [33mclass[39m=[32m"text-2xl font-bold text-gray-800 mb-6"[39m
      [36m>[39m
        [0mCreate New Template[0m
      [36m</h2>[39m
      [36m<form[39m
        [33mclass[39m=[32m"space-y-6"[39m
      [36m>[39m
        [36m<div[39m
          [33mclass[39m=[32m"bg-gray-50 p-4 rounded-lg"[39m
        [36m>[39m
          [36m<h3[39m
            [33mclass[39m=[32m"text-lg font-semibold text-gray-800 mb-4"[39m
          [36m>[39m
            [0mBasic Information[0m
          [36m</h3>[39m
          [36m<div[39m
            [33mclass[39m=[32m"grid grid-cols-1 md:grid-cols-2 gap-4"[39m
          [36m>[39m
            [36m<div>[39m
              [36m<label[39m
                [33mclass[39m=[32m"block text-sm font-medium text-gray-700 mb-2"[39m
              [36m>[39m
                [0mTemplate Name *[0m
              [36m</label>[39m
              [36m<input[39m
                [33mclass[39m=[32m"w-full px-3 py-2 border rounded-md focus:outline-none focus:ring-2 focus:ring-blue-500 border-gray-300"[39m
                [33mplaceholder[39m=[32m"Enter template name"[39m
                [33mtype[39m=[32m"text"[39m
                [33mvalue[39m=[32m""[39m
              [36m/>[39m
            [36m</div>[39m
            [36m<div>[39m
              [36m<label[39m
                [33mclass[39m=[32m"block text-sm font-medium text-gray-700 mb-2"[39m
              [36m>[39m
                [0mCategory *[0m
              [36m</label>[39m
              [36m<select[39m
                [33mclass[39m=[32m"w-full px-3 py-2 border border-gray-300 rounded-md focus:outline-none focus:ring-2 focus:ring-blue-500"[39m
              [36m>[39m
                [36m<option[39m
                  [33mvalue[39m=[32m"client"[39m
                [36m>[39m
                  [0mClient[0m
                [36m</option>[39m
                [36m<option[39m
                  [33mvalue[39m=[32m"stakeholder"[39m
                [36m>[39m
                  [0mStakeholder[0m
                [36m</option>[39m
                [36m<option[39m
                  [33mvalue[39m=[32m"user"[39m
                [36m>[39m
                  [0mUser[0m
                [36m</option>[39m
                [36m<option[39m
                  [33mvalue[39m=[32m"manager"[39m
                [36m>[39m
                  [0mManager[0m
                [36m</option>[39m
                [36m<option[39m
                  [33mvalue[39m=[32m"developer"[39m
                [36m>[39m
                  [0mDeveloper[0m
                [36m</option>[39m
                [36m<option[39m
                  [33mvalue[39m=[32m"designer"[39m
                [36m>[39m
                  [0mDesigner[0m
                [36m</option>[39m
                [36m<option[39m
                  [33mvalue[39m=[32m"tester"[39m
                [36m>[39m
                  [0mTester[0m
                [36m</option>[39m
                [36m<option[39m
                  [33mvalue[39m=[32m"business-analyst"[39m
                [36m>[39m
                  [0mBusiness Analyst[0m
                [36m</option>[39m
                [36m<option[39m
                  [33mvalue[39m=[32m"product-owner"[39m
                [36m>[39m
                  [0mProduct Owner[0m
                [36m</option>[39m
                [36m<option[39m
                  [33mvalue[39m=[32m"scrum-master"[39m
                [36m>[39m
                  [0mScrum Master[0m
                [36m</option>[39m
                [36m<option[39m
                  [33mvalue[39m=[32m"other"[39m
                [36m>[39m
                  [0mOther[0m
                [36m</option>[39m
              [36m</select>[39m
            [36m</div>[39m
          [36m</div>[39m
          [36m<div[39m
            [33mclass[39m=[32m"mt-4"[39m
          [36m>[39m
            [36m<label[39m
              [33mclass[39m=[32m"block text-sm font-medium text-gray-700 mb-2"[39m
            [36m>[39m
              [0mDescription *[0m
            [36m</label>[39m
            [36m<textarea[39m
              [33mclass[39m=[32m"w-full px-3 py-2 border rounded-md focus:outline-none focus:ring-2 focus:ring-blue-500 border-gray-300"[39m
              [33mplaceholder[39m=[32m"Describe the template and its intended use..."[39m
              [33mrows[39m=[32m"3"[39m
            [36m/>[39m
          [36m</div>[39m
          [36m<div[39m
            [33mclass[39m=[32m"mt-4"[39m
          [36m>[39m
            [36m<label[39m
              [33mclass[39m=[32m"block text-sm font-medium text-gray-700 mb-2"[39m
            [36m>[39m
              [0mTags[0m
            [36m</label>[39m
            [36m<div[39m
              [33mclass[39m=[32m"flex gap-2 mb-2"[39m
            [36m>[39m
              [36m<input[39m
                [33mclass[39m=[32m"flex-1 px-3 py-2 border border-gray-300 rounded-md focus:outline-none focus:ring-2 focus:ring-blue-500"[39m
                [33mplaceholder[39m=[32m"Add a tag"[39m
                [33mtype[39m=[32m"text"[39m
                [33mvalue[39m=[32m""[39m
              [36m/>[39m
              [36m<button[39m
                [33mclass[39m=[32m"px-4 py-2 bg-green-500 text-white rounded-md hover:bg-green-600 disabled:bg-gray-300 disabled:cursor-not-allowed"[39m
                [33mdisabled[39m=[32m""[39m
                [33mtype[39m=[32m"button"[39m
              [36m>[39m
                [0mAdd[0m
              [36m</button>[39m
            [36m</div>[39m
            [36m<div[39m
              [33mclass[39m=[32m"flex flex-wrap gap-2"[39m
            [36m/>[39m
          [36m</div>[39m
          [36m<div[39m
            [33mclass[39m=[32m"mt-4"[39m
          [36m>[39m
            [36m<label[39m
              [33mclass[39m=[32m"flex items-center"[39m
            [36m>[39m
              [36m<input[39m
                [33mclass[39m=[32m"mr-2"[39m
                [33mtype[39m=[32m"checkbox"[39m
              [36m/>[39m
              [36m<span[39m
                [33mclass[39m=[32m"text-sm text-gray-700"[39m
              [36m>[39m
                [0mMake this template public (visible to all users)[0m
              [36m</span>[39m
            [36m</label>[39m
          [36m</div>[39m
        [36m</div>[39m
        [36m<div[39m
          [33mclass[39m=[32m"bg-gray-50 p-4 rounded-lg"[39m
        [36m>[39m
          [36m<h3[39m
            [33mclass[39m=[32m"text-lg font-semibold text-gray-800 mb-4"[39m
          [36m>[39m
            [0mPerson...
   × TemplateForm > handles decision making style selection 14ms
     → Found a label with the text of: /Decision Making Style/, however no form control was found associated to that label. Make sure you're using the "for" attribute or "aria-labelledby" attribute correctly.

Ignored nodes: comments, script, style
[36m<body>[39m
  [36m<div>[39m
    [36m<div[39m
      [33mclass[39m=[32m"max-w-4xl mx-auto p-6 bg-white rounded-lg shadow-lg"[39m
    [36m>[39m
      [36m<h2[39m
        [33mclass[39m=[32m"text-2xl font-bold text-gray-800 mb-6"[39m
      [36m>[39m
        [0mCreate New Template[0m
      [36m</h2>[39m
      [36m<form[39m
        [33mclass[39m=[32m"space-y-6"[39m
      [36m>[39m
        [36m<div[39m
          [33mclass[39m=[32m"bg-gray-50 p-4 rounded-lg"[39m
        [36m>[39m
          [36m<h3[39m
            [33mclass[39m=[32m"text-lg font-semibold text-gray-800 mb-4"[39m
          [36m>[39m
            [0mBasic Information[0m
          [36m</h3>[39m
          [36m<div[39m
            [33mclass[39m=[32m"grid grid-cols-1 md:grid-cols-2 gap-4"[39m
          [36m>[39m
            [36m<div>[39m
              [36m<label[39m
                [33mclass[39m=[32m"block text-sm font-medium text-gray-700 mb-2"[39m
              [36m>[39m
                [0mTemplate Name *[0m
              [36m</label>[39m
              [36m<input[39m
                [33mclass[39m=[32m"w-full px-3 py-2 border rounded-md focus:outline-none focus:ring-2 focus:ring-blue-500 border-gray-300"[39m
                [33mplaceholder[39m=[32m"Enter template name"[39m
                [33mtype[39m=[32m"text"[39m
                [33mvalue[39m=[32m""[39m
              [36m/>[39m
            [36m</div>[39m
            [36m<div>[39m
              [36m<label[39m
                [33mclass[39m=[32m"block text-sm font-medium text-gray-700 mb-2"[39m
              [36m>[39m
                [0mCategory *[0m
              [36m</label>[39m
              [36m<select[39m
                [33mclass[39m=[32m"w-full px-3 py-2 border border-gray-300 rounded-md focus:outline-none focus:ring-2 focus:ring-blue-500"[39m
              [36m>[39m
                [36m<option[39m
                  [33mvalue[39m=[32m"client"[39m
                [36m>[39m
                  [0mClient[0m
                [36m</option>[39m
                [36m<option[39m
                  [33mvalue[39m=[32m"stakeholder"[39m
                [36m>[39m
                  [0mStakeholder[0m
                [36m</option>[39m
                [36m<option[39m
                  [33mvalue[39m=[32m"user"[39m
                [36m>[39m
                  [0mUser[0m
                [36m</option>[39m
                [36m<option[39m
                  [33mvalue[39m=[32m"manager"[39m
                [36m>[39m
                  [0mManager[0m
                [36m</option>[39m
                [36m<option[39m
                  [33mvalue[39m=[32m"developer"[39m
                [36m>[39m
                  [0mDeveloper[0m
                [36m</option>[39m
                [36m<option[39m
                  [33mvalue[39m=[32m"designer"[39m
                [36m>[39m
                  [0mDesigner[0m
                [36m</option>[39m
                [36m<option[39m
                  [33mvalue[39m=[32m"tester"[39m
                [36m>[39m
                  [0mTester[0m
                [36m</option>[39m
                [36m<option[39m
                  [33mvalue[39m=[32m"business-analyst"[39m
                [36m>[39m
                  [0mBusiness Analyst[0m
                [36m</option>[39m
                [36m<option[39m
                  [33mvalue[39m=[32m"product-owner"[39m
                [36m>[39m
                  [0mProduct Owner[0m
                [36m</option>[39m
                [36m<option[39m
                  [33mvalue[39m=[32m"scrum-master"[39m
                [36m>[39m
                  [0mScrum Master[0m
                [36m</option>[39m
                [36m<option[39m
                  [33mvalue[39m=[32m"other"[39m
                [36m>[39m
                  [0mOther[0m
                [36m</option>[39m
              [36m</select>[39m
            [36m</div>[39m
          [36m</div>[39m
          [36m<div[39m
            [33mclass[39m=[32m"mt-4"[39m
          [36m>[39m
            [36m<label[39m
              [33mclass[39m=[32m"block text-sm font-medium text-gray-700 mb-2"[39m
            [36m>[39m
              [0mDescription *[0m
            [36m</label>[39m
            [36m<textarea[39m
              [33mclass[39m=[32m"w-full px-3 py-2 border rounded-md focus:outline-none focus:ring-2 focus:ring-blue-500 border-gray-300"[39m
              [33mplaceholder[39m=[32m"Describe the template and its intended use..."[39m
              [33mrows[39m=[32m"3"[39m
            [36m/>[39m
          [36m</div>[39m
          [36m<div[39m
            [33mclass[39m=[32m"mt-4"[39m
          [36m>[39m
            [36m<label[39m
              [33mclass[39m=[32m"block text-sm font-medium text-gray-700 mb-2"[39m
            [36m>[39m
              [0mTags[0m
            [36m</label>[39m
            [36m<div[39m
              [33mclass[39m=[32m"flex gap-2 mb-2"[39m
            [36m>[39m
              [36m<input[39m
                [33mclass[39m=[32m"flex-1 px-3 py-2 border border-gray-300 rounded-md focus:outline-none focus:ring-2 focus:ring-blue-500"[39m
                [33mplaceholder[39m=[32m"Add a tag"[39m
                [33mtype[39m=[32m"text"[39m
                [33mvalue[39m=[32m""[39m
              [36m/>[39m
              [36m<button[39m
                [33mclass[39m=[32m"px-4 py-2 bg-green-500 text-white rounded-md hover:bg-green-600 disabled:bg-gray-300 disabled:cursor-not-allowed"[39m
                [33mdisabled[39m=[32m""[39m
                [33mtype[39m=[32m"button"[39m
              [36m>[39m
                [0mAdd[0m
              [36m</button>[39m
            [36m</div>[39m
            [36m<div[39m
              [33mclass[39m=[32m"flex flex-wrap gap-2"[39m
            [36m/>[39m
          [36m</div>[39m
          [36m<div[39m
            [33mclass[39m=[32m"mt-4"[39m
          [36m>[39m
            [36m<label[39m
              [33mclass[39m=[32m"flex items-center"[39m
            [36m>[39m
              [36m<input[39m
                [33mclass[39m=[32m"mr-2"[39m
                [33mtype[39m=[32m"checkbox"[39m
              [36m/>[39m
              [36m<span[39m
                [33mclass[39m=[32m"text-sm text-gray-700"[39m
              [36m>[39m
                [0mMake this template public (visible to all users)[0m
              [36m</span>[39m
            [36m</label>[39m
          [36m</div>[39m
        [36m</div>[39m
        [36m<div[39m
          [33mclass[39m=[32m"bg-gray-50 p-4 rounded-lg"[39m
        [36m>[39m
          [36m<h3[39m
            [33mclass[39m=[32m"text-lg font-semibold text-gray-800 mb-4"[39m
          [36m>[39m
            [0mPerson...
   × TemplateForm > handles AI model selection 9ms
     → Found a label with the text of: /AI Model/, however no form control was found associated to that label. Make sure you're using the "for" attribute or "aria-labelledby" attribute correctly.

Ignored nodes: comments, script, style
[36m<body>[39m
  [36m<div>[39m
    [36m<div[39m
      [33mclass[39m=[32m"max-w-4xl mx-auto p-6 bg-white rounded-lg shadow-lg"[39m
    [36m>[39m
      [36m<h2[39m
        [33mclass[39m=[32m"text-2xl font-bold text-gray-800 mb-6"[39m
      [36m>[39m
        [0mCreate New Template[0m
      [36m</h2>[39m
      [36m<form[39m
        [33mclass[39m=[32m"space-y-6"[39m
      [36m>[39m
        [36m<div[39m
          [33mclass[39m=[32m"bg-gray-50 p-4 rounded-lg"[39m
        [36m>[39m
          [36m<h3[39m
            [33mclass[39m=[32m"text-lg font-semibold text-gray-800 mb-4"[39m
          [36m>[39m
            [0mBasic Information[0m
          [36m</h3>[39m
          [36m<div[39m
            [33mclass[39m=[32m"grid grid-cols-1 md:grid-cols-2 gap-4"[39m
          [36m>[39m
            [36m<div>[39m
              [36m<label[39m
                [33mclass[39m=[32m"block text-sm font-medium text-gray-700 mb-2"[39m
              [36m>[39m
                [0mTemplate Name *[0m
              [36m</label>[39m
              [36m<input[39m
                [33mclass[39m=[32m"w-full px-3 py-2 border rounded-md focus:outline-none focus:ring-2 focus:ring-blue-500 border-gray-300"[39m
                [33mplaceholder[39m=[32m"Enter template name"[39m
                [33mtype[39m=[32m"text"[39m
                [33mvalue[39m=[32m""[39m
              [36m/>[39m
            [36m</div>[39m
            [36m<div>[39m
              [36m<label[39m
                [33mclass[39m=[32m"block text-sm font-medium text-gray-700 mb-2"[39m
              [36m>[39m
                [0mCategory *[0m
              [36m</label>[39m
              [36m<select[39m
                [33mclass[39m=[32m"w-full px-3 py-2 border border-gray-300 rounded-md focus:outline-none focus:ring-2 focus:ring-blue-500"[39m
              [36m>[39m
                [36m<option[39m
                  [33mvalue[39m=[32m"client"[39m
                [36m>[39m
                  [0mClient[0m
                [36m</option>[39m
                [36m<option[39m
                  [33mvalue[39m=[32m"stakeholder"[39m
                [36m>[39m
                  [0mStakeholder[0m
                [36m</option>[39m
                [36m<option[39m
                  [33mvalue[39m=[32m"user"[39m
                [36m>[39m
                  [0mUser[0m
                [36m</option>[39m
                [36m<option[39m
                  [33mvalue[39m=[32m"manager"[39m
                [36m>[39m
                  [0mManager[0m
                [36m</option>[39m
                [36m<option[39m
                  [33mvalue[39m=[32m"developer"[39m
                [36m>[39m
                  [0mDeveloper[0m
                [36m</option>[39m
                [36m<option[39m
                  [33mvalue[39m=[32m"designer"[39m
                [36m>[39m
                  [0mDesigner[0m
                [36m</option>[39m
                [36m<option[39m
                  [33mvalue[39m=[32m"tester"[39m
                [36m>[39m
                  [0mTester[0m
                [36m</option>[39m
                [36m<option[39m
                  [33mvalue[39m=[32m"business-analyst"[39m
                [36m>[39m
                  [0mBusiness Analyst[0m
                [36m</option>[39m
                [36m<option[39m
                  [33mvalue[39m=[32m"product-owner"[39m
                [36m>[39m
                  [0mProduct Owner[0m
                [36m</option>[39m
                [36m<option[39m
                  [33mvalue[39m=[32m"scrum-master"[39m
                [36m>[39m
                  [0mScrum Master[0m
                [36m</option>[39m
                [36m<option[39m
                  [33mvalue[39m=[32m"other"[39m
                [36m>[39m
                  [0mOther[0m
                [36m</option>[39m
              [36m</select>[39m
            [36m</div>[39m
          [36m</div>[39m
          [36m<div[39m
            [33mclass[39m=[32m"mt-4"[39m
          [36m>[39m
            [36m<label[39m
              [33mclass[39m=[32m"block text-sm font-medium text-gray-700 mb-2"[39m
            [36m>[39m
              [0mDescription *[0m
            [36m</label>[39m
            [36m<textarea[39m
              [33mclass[39m=[32m"w-full px-3 py-2 border rounded-md focus:outline-none focus:ring-2 focus:ring-blue-500 border-gray-300"[39m
              [33mplaceholder[39m=[32m"Describe the template and its intended use..."[39m
              [33mrows[39m=[32m"3"[39m
            [36m/>[39m
          [36m</div>[39m
          [36m<div[39m
            [33mclass[39m=[32m"mt-4"[39m
          [36m>[39m
            [36m<label[39m
              [33mclass[39m=[32m"block text-sm font-medium text-gray-700 mb-2"[39m
            [36m>[39m
              [0mTags[0m
            [36m</label>[39m
            [36m<div[39m
              [33mclass[39m=[32m"flex gap-2 mb-2"[39m
            [36m>[39m
              [36m<input[39m
                [33mclass[39m=[32m"flex-1 px-3 py-2 border border-gray-300 rounded-md focus:outline-none focus:ring-2 focus:ring-blue-500"[39m
                [33mplaceholder[39m=[32m"Add a tag"[39m
                [33mtype[39m=[32m"text"[39m
                [33mvalue[39m=[32m""[39m
              [36m/>[39m
              [36m<button[39m
                [33mclass[39m=[32m"px-4 py-2 bg-green-500 text-white rounded-md hover:bg-green-600 disabled:bg-gray-300 disabled:cursor-not-allowed"[39m
                [33mdisabled[39m=[32m""[39m
                [33mtype[39m=[32m"button"[39m
              [36m>[39m
                [0mAdd[0m
              [36m</button>[39m
            [36m</div>[39m
            [36m<div[39m
              [33mclass[39m=[32m"flex flex-wrap gap-2"[39m
            [36m/>[39m
          [36m</div>[39m
          [36m<div[39m
            [33mclass[39m=[32m"mt-4"[39m
          [36m>[39m
            [36m<label[39m
              [33mclass[39m=[32m"flex items-center"[39m
            [36m>[39m
              [36m<input[39m
                [33mclass[39m=[32m"mr-2"[39m
                [33mtype[39m=[32m"checkbox"[39m
              [36m/>[39m
              [36m<span[39m
                [33mclass[39m=[32m"text-sm text-gray-700"[39m
              [36m>[39m
                [0mMake this template public (visible to all users)[0m
              [36m</span>[39m
            [36m</label>[39m
          [36m</div>[39m
        [36m</div>[39m
        [36m<div[39m
          [33mclass[39m=[32m"bg-gray-50 p-4 rounded-lg"[39m
        [36m>[39m
          [36m<h3[39m
            [33mclass[39m=[32m"text-lg font-semibold text-gray-800 mb-4"[39m
          [36m>[39m
            [0mPerson...
   ✓ TemplateForm > handles temperature slider 7ms
   × TemplateForm > handles response time input 7ms
     → Found a label with the text of: /Response Time/, however no form control was found associated to that label. Make sure you're using the "for" attribute or "aria-labelledby" attribute correctly.

Ignored nodes: comments, script, style
[36m<body>[39m
  [36m<div>[39m
    [36m<div[39m
      [33mclass[39m=[32m"max-w-4xl mx-auto p-6 bg-white rounded-lg shadow-lg"[39m
    [36m>[39m
      [36m<h2[39m
        [33mclass[39m=[32m"text-2xl font-bold text-gray-800 mb-6"[39m
      [36m>[39m
        [0mCreate New Template[0m
      [36m</h2>[39m
      [36m<form[39m
        [33mclass[39m=[32m"space-y-6"[39m
      [36m>[39m
        [36m<div[39m
          [33mclass[39m=[32m"bg-gray-50 p-4 rounded-lg"[39m
        [36m>[39m
          [36m<h3[39m
            [33mclass[39m=[32m"text-lg font-semibold text-gray-800 mb-4"[39m
          [36m>[39m
            [0mBasic Information[0m
          [36m</h3>[39m
          [36m<div[39m
            [33mclass[39m=[32m"grid grid-cols-1 md:grid-cols-2 gap-4"[39m
          [36m>[39m
            [36m<div>[39m
              [36m<label[39m
                [33mclass[39m=[32m"block text-sm font-medium text-gray-700 mb-2"[39m
              [36m>[39m
                [0mTemplate Name *[0m
              [36m</label>[39m
              [36m<input[39m
                [33mclass[39m=[32m"w-full px-3 py-2 border rounded-md focus:outline-none focus:ring-2 focus:ring-blue-500 border-gray-300"[39m
                [33mplaceholder[39m=[32m"Enter template name"[39m
                [33mtype[39m=[32m"text"[39m
                [33mvalue[39m=[32m""[39m
              [36m/>[39m
            [36m</div>[39m
            [36m<div>[39m
              [36m<label[39m
                [33mclass[39m=[32m"block text-sm font-medium text-gray-700 mb-2"[39m
              [36m>[39m
                [0mCategory *[0m
              [36m</label>[39m
              [36m<select[39m
                [33mclass[39m=[32m"w-full px-3 py-2 border border-gray-300 rounded-md focus:outline-none focus:ring-2 focus:ring-blue-500"[39m
              [36m>[39m
                [36m<option[39m
                  [33mvalue[39m=[32m"client"[39m
                [36m>[39m
                  [0mClient[0m
                [36m</option>[39m
                [36m<option[39m
                  [33mvalue[39m=[32m"stakeholder"[39m
                [36m>[39m
                  [0mStakeholder[0m
                [36m</option>[39m
                [36m<option[39m
                  [33mvalue[39m=[32m"user"[39m
                [36m>[39m
                  [0mUser[0m
                [36m</option>[39m
                [36m<option[39m
                  [33mvalue[39m=[32m"manager"[39m
                [36m>[39m
                  [0mManager[0m
                [36m</option>[39m
                [36m<option[39m
                  [33mvalue[39m=[32m"developer"[39m
                [36m>[39m
                  [0mDeveloper[0m
                [36m</option>[39m
                [36m<option[39m
                  [33mvalue[39m=[32m"designer"[39m
                [36m>[39m
                  [0mDesigner[0m
                [36m</option>[39m
                [36m<option[39m
                  [33mvalue[39m=[32m"tester"[39m
                [36m>[39m
                  [0mTester[0m
                [36m</option>[39m
                [36m<option[39m
                  [33mvalue[39m=[32m"business-analyst"[39m
                [36m>[39m
                  [0mBusiness Analyst[0m
                [36m</option>[39m
                [36m<option[39m
                  [33mvalue[39m=[32m"product-owner"[39m
                [36m>[39m
                  [0mProduct Owner[0m
                [36m</option>[39m
                [36m<option[39m
                  [33mvalue[39m=[32m"scrum-master"[39m
                [36m>[39m
                  [0mScrum Master[0m
                [36m</option>[39m
                [36m<option[39m
                  [33mvalue[39m=[32m"other"[39m
                [36m>[39m
                  [0mOther[0m
                [36m</option>[39m
              [36m</select>[39m
            [36m</div>[39m
          [36m</div>[39m
          [36m<div[39m
            [33mclass[39m=[32m"mt-4"[39m
          [36m>[39m
            [36m<label[39m
              [33mclass[39m=[32m"block text-sm font-medium text-gray-700 mb-2"[39m
            [36m>[39m
              [0mDescription *[0m
            [36m</label>[39m
            [36m<textarea[39m
              [33mclass[39m=[32m"w-full px-3 py-2 border rounded-md focus:outline-none focus:ring-2 focus:ring-blue-500 border-gray-300"[39m
              [33mplaceholder[39m=[32m"Describe the template and its intended use..."[39m
              [33mrows[39m=[32m"3"[39m
            [36m/>[39m
          [36m</div>[39m
          [36m<div[39m
            [33mclass[39m=[32m"mt-4"[39m
          [36m>[39m
            [36m<label[39m
              [33mclass[39m=[32m"block text-sm font-medium text-gray-700 mb-2"[39m
            [36m>[39m
              [0mTags[0m
            [36m</label>[39m
            [36m<div[39m
              [33mclass[39m=[32m"flex gap-2 mb-2"[39m
            [36m>[39m
              [36m<input[39m
                [33mclass[39m=[32m"flex-1 px-3 py-2 border border-gray-300 rounded-md focus:outline-none focus:ring-2 focus:ring-blue-500"[39m
                [33mplaceholder[39m=[32m"Add a tag"[39m
                [33mtype[39m=[32m"text"[39m
                [33mvalue[39m=[32m""[39m
              [36m/>[39m
              [36m<button[39m
                [33mclass[39m=[32m"px-4 py-2 bg-green-500 text-white rounded-md hover:bg-green-600 disabled:bg-gray-300 disabled:cursor-not-allowed"[39m
                [33mdisabled[39m=[32m""[39m
                [33mtype[39m=[32m"button"[39m
              [36m>[39m
                [0mAdd[0m
              [36m</button>[39m
            [36m</div>[39m
            [36m<div[39m
              [33mclass[39m=[32m"flex flex-wrap gap-2"[39m
            [36m/>[39m
          [36m</div>[39m
          [36m<div[39m
            [33mclass[39m=[32m"mt-4"[39m
          [36m>[39m
            [36m<label[39m
              [33mclass[39m=[32m"flex items-center"[39m
            [36m>[39m
              [36m<input[39m
                [33mclass[39m=[32m"mr-2"[39m
                [33mtype[39m=[32m"checkbox"[39m
              [36m/>[39m
              [36m<span[39m
                [33mclass[39m=[32m"text-sm text-gray-700"[39m
              [36m>[39m
                [0mMake this template public (visible to all users)[0m
              [36m</span>[39m
            [36m</label>[39m
          [36m</div>[39m
        [36m</div>[39m
        [36m<div[39m
          [33mclass[39m=[32m"bg-gray-50 p-4 rounded-lg"[39m
        [36m>[39m
          [36m<h3[39m
            [33mclass[39m=[32m"text-lg font-semibold text-gray-800 mb-4"[39m
          [36m>[39m
            [0mPerson...
   × TemplateForm > handles working hours 8ms
     → Found a label with the text of: /Start Time/, however no form control was found associated to that label. Make sure you're using the "for" attribute or "aria-labelledby" attribute correctly.

Ignored nodes: comments, script, style
[36m<body>[39m
  [36m<div>[39m
    [36m<div[39m
      [33mclass[39m=[32m"max-w-4xl mx-auto p-6 bg-white rounded-lg shadow-lg"[39m
    [36m>[39m
      [36m<h2[39m
        [33mclass[39m=[32m"text-2xl font-bold text-gray-800 mb-6"[39m
      [36m>[39m
        [0mCreate New Template[0m
      [36m</h2>[39m
      [36m<form[39m
        [33mclass[39m=[32m"space-y-6"[39m
      [36m>[39m
        [36m<div[39m
          [33mclass[39m=[32m"bg-gray-50 p-4 rounded-lg"[39m
        [36m>[39m
          [36m<h3[39m
            [33mclass[39m=[32m"text-lg font-semibold text-gray-800 mb-4"[39m
          [36m>[39m
            [0mBasic Information[0m
          [36m</h3>[39m
          [36m<div[39m
            [33mclass[39m=[32m"grid grid-cols-1 md:grid-cols-2 gap-4"[39m
          [36m>[39m
            [36m<div>[39m
              [36m<label[39m
                [33mclass[39m=[32m"block text-sm font-medium text-gray-700 mb-2"[39m
              [36m>[39m
                [0mTemplate Name *[0m
              [36m</label>[39m
              [36m<input[39m
                [33mclass[39m=[32m"w-full px-3 py-2 border rounded-md focus:outline-none focus:ring-2 focus:ring-blue-500 border-gray-300"[39m
                [33mplaceholder[39m=[32m"Enter template name"[39m
                [33mtype[39m=[32m"text"[39m
                [33mvalue[39m=[32m""[39m
              [36m/>[39m
            [36m</div>[39m
            [36m<div>[39m
              [36m<label[39m
                [33mclass[39m=[32m"block text-sm font-medium text-gray-700 mb-2"[39m
              [36m>[39m
                [0mCategory *[0m
              [36m</label>[39m
              [36m<select[39m
                [33mclass[39m=[32m"w-full px-3 py-2 border border-gray-300 rounded-md focus:outline-none focus:ring-2 focus:ring-blue-500"[39m
              [36m>[39m
                [36m<option[39m
                  [33mvalue[39m=[32m"client"[39m
                [36m>[39m
                  [0mClient[0m
                [36m</option>[39m
                [36m<option[39m
                  [33mvalue[39m=[32m"stakeholder"[39m
                [36m>[39m
                  [0mStakeholder[0m
                [36m</option>[39m
                [36m<option[39m
                  [33mvalue[39m=[32m"user"[39m
                [36m>[39m
                  [0mUser[0m
                [36m</option>[39m
                [36m<option[39m
                  [33mvalue[39m=[32m"manager"[39m
                [36m>[39m
                  [0mManager[0m
                [36m</option>[39m
                [36m<option[39m
                  [33mvalue[39m=[32m"developer"[39m
                [36m>[39m
                  [0mDeveloper[0m
                [36m</option>[39m
                [36m<option[39m
                  [33mvalue[39m=[32m"designer"[39m
                [36m>[39m
                  [0mDesigner[0m
                [36m</option>[39m
                [36m<option[39m
                  [33mvalue[39m=[32m"tester"[39m
                [36m>[39m
                  [0mTester[0m
                [36m</option>[39m
                [36m<option[39m
                  [33mvalue[39m=[32m"business-analyst"[39m
                [36m>[39m
                  [0mBusiness Analyst[0m
                [36m</option>[39m
                [36m<option[39m
                  [33mvalue[39m=[32m"product-owner"[39m
                [36m>[39m
                  [0mProduct Owner[0m
                [36m</option>[39m
                [36m<option[39m
                  [33mvalue[39m=[32m"scrum-master"[39m
                [36m>[39m
                  [0mScrum Master[0m
                [36m</option>[39m
                [36m<option[39m
                  [33mvalue[39m=[32m"other"[39m
                [36m>[39m
                  [0mOther[0m
                [36m</option>[39m
              [36m</select>[39m
            [36m</div>[39m
          [36m</div>[39m
          [36m<div[39m
            [33mclass[39m=[32m"mt-4"[39m
          [36m>[39m
            [36m<label[39m
              [33mclass[39m=[32m"block text-sm font-medium text-gray-700 mb-2"[39m
            [36m>[39m
              [0mDescription *[0m
            [36m</label>[39m
            [36m<textarea[39m
              [33mclass[39m=[32m"w-full px-3 py-2 border rounded-md focus:outline-none focus:ring-2 focus:ring-blue-500 border-gray-300"[39m
              [33mplaceholder[39m=[32m"Describe the template and its intended use..."[39m
              [33mrows[39m=[32m"3"[39m
            [36m/>[39m
          [36m</div>[39m
          [36m<div[39m
            [33mclass[39m=[32m"mt-4"[39m
          [36m>[39m
            [36m<label[39m
              [33mclass[39m=[32m"block text-sm font-medium text-gray-700 mb-2"[39m
            [36m>[39m
              [0mTags[0m
            [36m</label>[39m
            [36m<div[39m
              [33mclass[39m=[32m"flex gap-2 mb-2"[39m
            [36m>[39m
              [36m<input[39m
                [33mclass[39m=[32m"flex-1 px-3 py-2 border border-gray-300 rounded-md focus:outline-none focus:ring-2 focus:ring-blue-500"[39m
                [33mplaceholder[39m=[32m"Add a tag"[39m
                [33mtype[39m=[32m"text"[39m
                [33mvalue[39m=[32m""[39m
              [36m/>[39m
              [36m<button[39m
                [33mclass[39m=[32m"px-4 py-2 bg-green-500 text-white rounded-md hover:bg-green-600 disabled:bg-gray-300 disabled:cursor-not-allowed"[39m
                [33mdisabled[39m=[32m""[39m
                [33mtype[39m=[32m"button"[39m
              [36m>[39m
                [0mAdd[0m
              [36m</button>[39m
            [36m</div>[39m
            [36m<div[39m
              [33mclass[39m=[32m"flex flex-wrap gap-2"[39m
            [36m/>[39m
          [36m</div>[39m
          [36m<div[39m
            [33mclass[39m=[32m"mt-4"[39m
          [36m>[39m
            [36m<label[39m
              [33mclass[39m=[32m"flex items-center"[39m
            [36m>[39m
              [36m<input[39m
                [33mclass[39m=[32m"mr-2"[39m
                [33mtype[39m=[32m"checkbox"[39m
              [36m/>[39m
              [36m<span[39m
                [33mclass[39m=[32m"text-sm text-gray-700"[39m
              [36m>[39m
                [0mMake this template public (visible to all users)[0m
              [36m</span>[39m
            [36m</label>[39m
          [36m</div>[39m
        [36m</div>[39m
        [36m<div[39m
          [33mclass[39m=[32m"bg-gray-50 p-4 rounded-lg"[39m
        [36m>[39m
          [36m<h3[39m
            [33mclass[39m=[32m"text-lg font-semibold text-gray-800 mb-4"[39m
          [36m>[39m
            [0mPerson...
   × TemplateForm > prevents adding more than 10 traits 6ms
     → Found multiple elements with the text: Add

Here are the matching elements:

Ignored nodes: comments, script, style
[36m<button[39m
  [33mclass[39m=[32m"px-4 py-2 bg-green-500 text-white rounded-md hover:bg-green-600 disabled:bg-gray-300 disabled:cursor-not-allowed"[39m
  [33mdisabled[39m=[32m""[39m
  [33mtype[39m=[32m"button"[39m
[36m>[39m
  [0mAdd[0m
[36m</button>[39m

Ignored nodes: comments, script, style
[36m<button[39m
  [33mclass[39m=[32m"px-4 py-2 bg-green-500 text-white rounded-md hover:bg-green-600 disabled:bg-gray-300 disabled:cursor-not-allowed"[39m
  [33mdisabled[39m=[32m""[39m
  [33mtype[39m=[32m"button"[39m
[36m>[39m
  [0mAdd[0m
[36m</button>[39m

Ignored nodes: comments, script, style
[36m<button[39m
  [33mclass[39m=[32m"px-4 py-2 bg-green-500 text-white rounded-md hover:bg-green-600 disabled:bg-gray-300 disabled:cursor-not-allowed"[39m
  [33mdisabled[39m=[32m""[39m
  [33mtype[39m=[32m"button"[39m
[36m>[39m
  [0mAdd[0m
[36m</button>[39m

Ignored nodes: comments, script, style
[36m<button[39m
  [33mclass[39m=[32m"px-4 py-2 bg-green-500 text-white rounded-md hover:bg-green-600 disabled:bg-gray-300 disabled:cursor-not-allowed"[39m
  [33mdisabled[39m=[32m""[39m
  [33mtype[39m=[32m"button"[39m
[36m>[39m
  [0mAdd[0m
[36m</button>[39m

(If this is intentional, then use the `*AllBy*` variant of the query (like `queryAllByText`, `getAllByText`, or `findAllByText`)).

Ignored nodes: comments, script, style
[36m<body>[39m
  [36m<div>[39m
    [36m<div[39m
      [33mclass[39m=[32m"max-w-4xl mx-auto p-6 bg-white rounded-lg shadow-lg"[39m
    [36m>[39m
      [36m<h2[39m
        [33mclass[39m=[32m"text-2xl font-bold text-gray-800 mb-6"[39m
      [36m>[39m
        [0mCreate New Template[0m
      [36m</h2>[39m
      [36m<form[39m
        [33mclass[39m=[32m"space-y-6"[39m
      [36m>[39m
        [36m<div[39m
          [33mclass[39m=[32m"bg-gray-50 p-4 rounded-lg"[39m
        [36m>[39m
          [36m<h3[39m
            [33mclass[39m=[32m"text-lg font-semibold text-gray-800 mb-4"[39m
          [36m>[39m
            [0mBasic Information[0m
          [36m</h3>[39m
          [36m<div[39m
            [33mclass[39m=[32m"grid grid-cols-1 md:grid-cols-2 gap-4"[39m
          [36m>[39m
            [36m<div>[39m
              [36m<label[39m
                [33mclass[39m=[32m"block text-sm font-medium text-gray-700 mb-2"[39m
              [36m>[39m
                [0mTemplate Name *[0m
              [36m</label>[39m
              [36m<input[39m
                [33mclass[39m=[32m"w-full px-3 py-2 border rounded-md focus:outline-none focus:ring-2 focus:ring-blue-500 border-gray-300"[39m
                [33mplaceholder[39m=[32m"Enter template name"[39m
                [33mtype[39m=[32m"text"[39m
                [33mvalue[39m=[32m"Test Template"[39m
              [36m/>[39m
            [36m</div>[39m
            [36m<div>[39m
              [36m<label[39m
                [33mclass[39m=[32m"block text-sm font-medium text-gray-700 mb-2"[39m
              [36m>[39m
                [0mCategory *[0m
              [36m</label>[39m
              [36m<select[39m
                [33mclass[39m=[32m"w-full px-3 py-2 border border-gray-300 rounded-md focus:outline-none focus:ring-2 focus:ring-blue-500"[39m
              [36m>[39m
                [36m<option[39m
                  [33mvalue[39m=[32m"client"[39m
                [36m>[39m
                  [0mClient[0m
                [36m</option>[39m
                [36m<option[39m
                  [33mvalue[39m=[32m"stakeholder"[39m
                [36m>[39m
                  [0mStakeholder[0m
                [36m</option>[39m
                [36m<option[39m
                  [33mvalue[39m=[32m"user"[39m
                [36m>[39m
                  [0mUser[0m
                [36m</option>[39m
                [36m<option[39m
                  [33mvalue[39m=[32m"manager"[39m
                [36m>[39m
                  [0mManager[0m
                [36m</option>[39m
                [36m<option[39m
                  [33mvalue[39m=[32m"developer"[39m
                [36m>[39m
                  [0mDeveloper[0m
                [36m</option>[39m
                [36m<option[39m
                  [33mvalue[39m=[32m"designer"[39m
                [36m>[39m
                  [0mDesigner[0m
                [36m</option>[39m
                [36m<option[39m
                  [33mvalue[39m=[32m"tester"[39m
                [36m>[39m
                  [0mTester[0m
                [36m</option>[39m
                [36m<option[39m
                  [33mvalue[39m=[32m"business-analyst"[39m
                [36m>[39m
                  [0mBusiness Analyst[0m
                [36m</option>[39m
                [36m<option[39m
                  [33mvalue[39m=[32m"product-owner"[39m
                [36m>[39m
                  [0mProduct Owner[0m
                [36m</option>[39m
                [36m<option[39m
                  [33mvalue[39m=[32m"scrum-master"[39m
                [36m>[39m
                  [0mScrum Master[0m
                [36m</option>[39m
                [36m<option[39m
                  [33mvalue[39m=[32m"other"[39m
                [36m>[39m
                  [0mOther[0m
                [36m</option>[39m
              [36m</select>[39m
            [36m</div>[39m
          [36m</div>[39m
          [36m<div[39m
            [33mclass[39m=[32m"mt-4"[39m
          [36m>[39m
            [36m<label[39m
              [33mclass[39m=[32m"block text-sm font-medium text-gray-700 mb-2"[39m
            [36m>[39m
              [0mDescription *[0m
            [36m</label>[39m
            [36m<textarea[39m
              [33mclass[39m=[32m"w-full px-3 py-2 border rounded-md focus:outline-none focus:ring-2 focus:ring-blue-500 border-gray-300"[39m
              [33mplaceholder[39m=[32m"Describe the template and its intended use..."[39m
              [33mrows[39m=[32m"3"[39m
            [36m>[39m
              [0mA test template for testing purposes[0m
            [36m</textarea>[39m
          [36m</div>[39m
          [36m<div[39m
            [33mclass[39m=[32m"mt-4"[39m
          [36m>[39m
            [36m<label[39m
              [33mclass[39m=[32m"block text-sm font-medium text-gray-700 mb-2"[39m
            [36m>[39m
              [0mTags[0m
            [36m</label>[39m
            [36m<div[39m
              [33mclass[39m=[32m"flex gap-2 mb-2"[39m
            [36m>[39m
              [36m<input[39m
                [33mclass[39m=[32m"flex-1 px-3 py-2 border border-gray-300 rounded-md focus:outline-none focus:ring-2 focus:ring-blue-500"[39m
                [33mplaceholder[39m=[32m"Add a tag"[39m
                [33mtype[39m=[32m"text"[39m
                [33mvalue[39m=[32m""[39m
              [36m/>[39m
              [36m<button[39m
                [33mclass[39m=[32m"px-4 py-2 bg-green-500 text-white rounded-md hover:bg-green-600 disabled:bg-gray-300 disabled:cursor-not-allowed"[39m
                [33mdisabled[39m=[32m""[39m
                [33mtype[39m=[32m"button"[39m
              [36m>[39m
                [0mAdd[0m
              [36m</button>[39m
            [36m</div>[39m
            [36m<div[39m
              [33mclass[39m=[32m"flex flex-wrap gap-2"[39m
            [36m>[39m
              [36m<span[39m
                [33mclass[39m=[32m"inline-flex items-center px-3 py-1 bg-blue-100 text-blue-800 rounded-full text-sm"[39m
              [36m>[39m
                [0mtest[0m
                [36m<button[39m
                  [33mclass[39m=[32m"ml-2 text-blue-600 hover:text-blue-800"[39m
                  [33mtype[39m=[32m"button"[39m
                [36m>[39m
                  [0m×[0m
                [36m</button>[39m
              [36m</span>[39m
              [36m<span[39m
                [33mclass[39m=[32m"inline-flex items-center px-3 py-1 bg-blue-100 text-blue-800 rounded-full text-sm"[39m
              [36m>[39m
                [0mtemplate[0m
                [36m<button[39m
                  [33mclass[39m=[32m"ml-2 text-blue-600 hover:text-blue-800"[39m
             ...
   ✓ TemplateForm > prevents adding more than 8 priorities 4ms
   ✓ TemplateForm > prevents adding more than 5 goals 4ms
   ✓ TemplateForm > prevents adding more than 10 tags 6ms
   × TemplateForm > handles enter key for adding traits 1007ms
     → Unable to find an element with the text: analytical. This could be because the text is broken up by multiple elements. In this case, you can provide a function for your text matcher to make your matcher more flexible.

Ignored nodes: comments, script, style
[36m<body>[39m
  [36m<div>[39m
    [36m<div[39m
      [33mclass[39m=[32m"max-w-4xl mx-auto p-6 bg-white rounded-lg shadow-lg"[39m
    [36m>[39m
      [36m<h2[39m
        [33mclass[39m=[32m"text-2xl font-bold text-gray-800 mb-6"[39m
      [36m>[39m
        [0mCreate New Template[0m
      [36m</h2>[39m
      [36m<form[39m
        [33mclass[39m=[32m"space-y-6"[39m
      [36m>[39m
        [36m<div[39m
          [33mclass[39m=[32m"bg-gray-50 p-4 rounded-lg"[39m
        [36m>[39m
          [36m<h3[39m
            [33mclass[39m=[32m"text-lg font-semibold text-gray-800 mb-4"[39m
          [36m>[39m
            [0mBasic Information[0m
          [36m</h3>[39m
          [36m<div[39m
            [33mclass[39m=[32m"grid grid-cols-1 md:grid-cols-2 gap-4"[39m
          [36m>[39m
            [36m<div>[39m
              [36m<label[39m
                [33mclass[39m=[32m"block text-sm font-medium text-gray-700 mb-2"[39m
              [36m>[39m
                [0mTemplate Name *[0m
              [36m</label>[39m
              [36m<input[39m
                [33mclass[39m=[32m"w-full px-3 py-2 border rounded-md focus:outline-none focus:ring-2 focus:ring-blue-500 border-gray-300"[39m
                [33mplaceholder[39m=[32m"Enter template name"[39m
                [33mtype[39m=[32m"text"[39m
                [33mvalue[39m=[32m""[39m
              [36m/>[39m
            [36m</div>[39m
            [36m<div>[39m
              [36m<label[39m
                [33mclass[39m=[32m"block text-sm font-medium text-gray-700 mb-2"[39m
              [36m>[39m
                [0mCategory *[0m
              [36m</label>[39m
              [36m<select[39m
                [33mclass[39m=[32m"w-full px-3 py-2 border border-gray-300 rounded-md focus:outline-none focus:ring-2 focus:ring-blue-500"[39m
              [36m>[39m
                [36m<option[39m
                  [33mvalue[39m=[32m"client"[39m
                [36m>[39m
                  [0mClient[0m
                [36m</option>[39m
                [36m<option[39m
                  [33mvalue[39m=[32m"stakeholder"[39m
                [36m>[39m
                  [0mStakeholder[0m
                [36m</option>[39m
                [36m<option[39m
                  [33mvalue[39m=[32m"user"[39m
                [36m>[39m
                  [0mUser[0m
                [36m</option>[39m
                [36m<option[39m
                  [33mvalue[39m=[32m"manager"[39m
                [36m>[39m
                  [0mManager[0m
                [36m</option>[39m
                [36m<option[39m
                  [33mvalue[39m=[32m"developer"[39m
                [36m>[39m
                  [0mDeveloper[0m
                [36m</option>[39m
                [36m<option[39m
                  [33mvalue[39m=[32m"designer"[39m
                [36m>[39m
                  [0mDesigner[0m
                [36m</option>[39m
                [36m<option[39m
                  [33mvalue[39m=[32m"tester"[39m
                [36m>[39m
                  [0mTester[0m
                [36m</option>[39m
                [36m<option[39m
                  [33mvalue[39m=[32m"business-analyst"[39m
                [36m>[39m
                  [0mBusiness Analyst[0m
                [36m</option>[39m
                [36m<option[39m
                  [33mvalue[39m=[32m"product-owner"[39m
                [36m>[39m
                  [0mProduct Owner[0m
                [36m</option>[39m
                [36m<option[39m
                  [33mvalue[39m=[32m"scrum-master"[39m
                [36m>[39m
                  [0mScrum Master[0m
                [36m</option>[39m
                [36m<option[39m
                  [33mvalue[39m=[32m"other"[39m
                [36m>[39m
                  [0mOther[0m
                [36m</option>[39m
              [36m</select>[39m
            [36m</div>[39m
          [36m</div>[39m
          [36m<div[39m
            [33mclass[39m=[32m"mt-4"[39m
          [36m>[39m
            [36m<label[39m
              [33mclass[39m=[32m"block text-sm font-medium text-gray-700 mb-2"[39m
            [36m>[39m
              [0mDescription *[0m
            [36m</label>[39m
            [36m<textarea[39m
              [33mclass[39m=[32m"w-full px-3 py-2 border rounded-md focus:outline-none focus:ring-2 focus:ring-blue-500 border-gray-300"[39m
              [33mplaceholder[39m=[32m"Describe the template and its intended use..."[39m
              [33mrows[39m=[32m"3"[39m
            [36m/>[39m
          [36m</div>[39m
          [36m<div[39m
            [33mclass[39m=[32m"mt-4"[39m
          [36m>[39m
            [36m<label[39m
              [33mclass[39m=[32m"block text-sm font-medium text-gray-700 mb-2"[39m
            [36m>[39m
              [0mTags[0m
            [36m</label>[39m
            [36m<div[39m
              [33mclass[39m=[32m"flex gap-2 mb-2"[39m
            [36m>[39m
              [36m<input[39m
                [33mclass[39m=[32m"flex-1 px-3 py-2 border border-gray-300 rounded-md focus:outline-none focus:ring-2 focus:ring-blue-500"[39m
                [33mplaceholder[39m=[32m"Add a tag"[39m
                [33mtype[39m=[32m"text"[39m
                [33mvalue[39m=[32m""[39m
              [36m/>[39m
              [36m<button[39m
                [33mclass[39m=[32m"px-4 py-2 bg-green-500 text-white rounded-md hover:bg-green-600 disabled:bg-gray-300 disabled:cursor-not-allowed"[39m
                [33mdisabled[39m=[32m""[39m
                [33mtype[39m=[32m"button"[39m
              [36m>[39m
                [0mAdd[0m
              [36m</button>[39m
            [36m</div>[39m
            [36m<div[39m
              [33mclass[39m=[32m"flex flex-wrap gap-2"[39m
            [36m/>[39m
          [36m</div>[39m
          [36m<div[39m
            [33mclass[39m=[32m"mt-4"[39m
          [36m>[39m
            [36m<label[39m
              [33mclass[39m=[32m"flex items-center"[39m
            [36m>[39m
              [36m<input[39m
                [33mclass[39m=[32m"mr-2"[39m
                [33mtype[39m=[32m"checkbox"[39m
              [36m/>[39m
              [36m<span[39m
                [33mclass[39m=[32m"text-sm text-gray-700"[39m
              [36m>[39m
                [0mMake this template public (visible to all users)[0m
              [36m</span>[39m
            [36m</label>[39m
          [36m</div>[39m
        [36m</div>[39m
        [36m<div[39m
          [33mclass[39m=[32m"bg-gray-50 p-4 rounded-lg"[39m
        [36m>[39m
          [36m<h3[39m
            [33mclass[39m=[32m"text-lg font-semibold text-gray-800 mb-4"[39m
          [36m>[39m
            [0mPerson...

Ignored nodes: comments, script, style
[36m<html>[39m
  [36m<head />[39m
  [36m<body>[39m
    [36m<div>[39m
      [36m<div[39m
        [33mclass[39m=[32m"max-w-4xl mx-auto p-6 bg-white rounded-lg shadow-lg"[39m
      [36m>[39m
        [36m<h2[39m
          [33mclass[39m=[32m"text-2xl font-bold text-gray-800 mb-6"[39m
        [36m>[39m
          [0mCreate New Template[0m
        [36m</h2>[39m
        [36m<form[39m
          [33mclass[39m=[32m"space-y-6"[39m
        [36m>[39m
          [36m<div[39m
            [33mclass[39m=[32m"bg-gray-50 p-4 rounded-lg"[39m
          [36m>[39m
            [36m<h3[39m
              [33mclass[39m=[32m"text-lg font-semibold text-gray-800 mb-4"[39m
            [36m>[39m
              [0mBasic Information[0m
            [36m</h3>[39m
            [36m<div[39m
              [33mclass[39m=[32m"grid grid-cols-1 md:grid-cols-2 gap-4"[39m
            [36m>[39m
              [36m<div>[39m
                [36m<label[39m
                  [33mclass[39m=[32m"block text-sm font-medium text-gray-700 mb-2"[39m
                [36m>[39m
                  [0mTemplate Name *[0m
                [36m</label>[39m
                [36m<input[39m
                  [33mclass[39m=[32m"w-full px-3 py-2 border rounded-md focus:outline-none focus:ring-2 focus:ring-blue-500 border-gray-300"[39m
                  [33mplaceholder[39m=[32m"Enter template name"[39m
                  [33mtype[39m=[32m"text"[39m
                  [33mvalue[39m=[32m""[39m
                [36m/>[39m
              [36m</div>[39m
              [36m<div>[39m
                [36m<label[39m
                  [33mclass[39m=[32m"block text-sm font-medium text-gray-700 mb-2"[39m
                [36m>[39m
                  [0mCategory *[0m
                [36m</label>[39m
                [36m<select[39m
                  [33mclass[39m=[32m"w-full px-3 py-2 border border-gray-300 rounded-md focus:outline-none focus:ring-2 focus:ring-blue-500"[39m
                [36m>[39m
                  [36m<option[39m
                    [33mvalue[39m=[32m"client"[39m
                  [36m>[39m
                    [0mClient[0m
                  [36m</option>[39m
                  [36m<option[39m
                    [33mvalue[39m=[32m"stakeholder"[39m
                  [36m>[39m
                    [0mStakeholder[0m
                  [36m</option>[39m
                  [36m<option[39m
                    [33mvalue[39m=[32m"user"[39m
                  [36m>[39m
                    [0mUser[0m
                  [36m</option>[39m
                  [36m<option[39m
                    [33mvalue[39m=[32m"manager"[39m
                  [36m>[39m
                    [0mManager[0m
                  [36m</option>[39m
                  [36m<option[39m
                    [33mvalue[39m=[32m"developer"[39m
                  [36m>[39m
                    [0mDeveloper[0m
                  [36m</option>[39m
                  [36m<option[39m
                    [33mvalue[39m=[32m"designer"[39m
                  [36m>[39m
                    [0mDesigner[0m
                  [36m</option>[39m
                  [36m<option[39m
                    [33mvalue[39m=[32m"tester"[39m
                  [36m>[39m
                    [0mTester[0m
                  [36m</option>[39m
                  [36m<option[39m
                    [33mvalue[39m=[32m"business-analyst"[39m
                  [36m>[39m
                    [0mBusiness Analyst[0m
                  [36m</option>[39m
                  [36m<option[39m
                    [33mvalue[39m=[32m"product-owner"[39m
                  [36m>[39m
                    [0mProduct Owner[0m
                  [36m</option>[39m
                  [36m<option[39m
                    [33mvalue[39m=[32m"scrum-master"[39m
                  [36m>[39m
                    [0mScrum Master[0m
                  [36m</option>[39m
                  [36m<option[39m
                    [33mvalue[39m=[32m"other"[39m
                  [36m>[39m
                    [0mOther[0m
                  [36m</option>[39m
                [36m</select>[39m
              [36m</div>[39m
            [36m</div>[39m
            [36m<div[39m
              [33mclass[39m=[32m"mt-4"[39m
            [36m>[39m
              [36m<label[39m
                [33mclass[39m=[32m"block text-sm font-medium text-gray-700 mb-2"[39m
              [36m>[39m
                [0mDescription *[0m
              [36m</label>[39m
              [36m<textarea[39m
                [33mclass[39m=[32m"w-full px-3 py-2 border rounded-md focus:outline-none focus:ring-2 focus:ring-blue-500 border-gray-300"[39m
                [33mplaceholder[39m=[32m"Describe the template and its intended use..."[39m
                [33mrows[39m=[32m"3"[39m
              [36m/>[39m
            [36m</div>[39m
            [36m<div[39m
              [33mclass[39m=[32m"mt-4"[39m
            [36m>[39m
              [36m<label[39m
                [33mclass[39m=[32m"block text-sm font-medium text-gray-700 mb-2"[39m
              [36m>[39m
                [0mTags[0m
              [36m</label>[39m
              [36m<div[39m
                [33mclass[39m=[32m"flex gap-2 mb-2"[39m
              [36m>[39m
                [36m<input[39m
                  [33mclass[39m=[32m"flex-1 px-3 py-2 border border-gray-300 rounded-md focus:outline-none focus:ring-2 focus:ring-blue-500"[39m
                  [33mplaceholder[39m=[32m"Add a tag"[39m
                  [33mtype[39m=[32m"text"[39m
                  [33mvalue[39m=[32m""[39m
                [36m/>[39m
                [36m<button[39m
                  [33mclass[39m=[32m"px-4 py-2 bg-green-500 text-white rounded-md hover:bg-green-600 disabled:bg-gray-300 disabled:cursor-not-allowed"[39m
                  [33mdisabled[39m=[32m""[39m
                  [33mtype[39m=[32m"button"[39m
                [36m>[39m
                  [0mAdd[0m
                [36m</button>[39m
              [36m</div>[39m
              [36m<div[39m
                [33mclass[39m=[32m"flex flex-wrap gap-2"[39m
              [36m/>[39m
            [36m</div>[39m
            [36m<div[39m
              [33mclass[39m=[32m"mt-4"[39m
            [36m>[39m
              [36m<label[39m
                [33mclass[39m=[32m"flex items-center"[39m
              [36m>[39m
                [36m<input[39m
                  [33mclass[39m=[32m"mr-2"[39m
                  [33mtype[39m=[32m"checkbox"[39m
                [36m/>[39m
                [36m<span[39m
                  [33mclass[39m=[32m"text-sm text-gray-700"[39m
                [36m>[39m
                  [0mMake this template public (visible to all users)[0m
           ...
   × TemplateForm > handles enter key for adding priorities 1008ms
     → Unable to find an element with the text: quality. This could be because the text is broken up by multiple elements. In this case, you can provide a function for your text matcher to make your matcher more flexible.

Ignored nodes: comments, script, style
[36m<body>[39m
  [36m<div>[39m
    [36m<div[39m
      [33mclass[39m=[32m"max-w-4xl mx-auto p-6 bg-white rounded-lg shadow-lg"[39m
    [36m>[39m
      [36m<h2[39m
        [33mclass[39m=[32m"text-2xl font-bold text-gray-800 mb-6"[39m
      [36m>[39m
        [0mCreate New Template[0m
      [36m</h2>[39m
      [36m<form[39m
        [33mclass[39m=[32m"space-y-6"[39m
      [36m>[39m
        [36m<div[39m
          [33mclass[39m=[32m"bg-gray-50 p-4 rounded-lg"[39m
        [36m>[39m
          [36m<h3[39m
            [33mclass[39m=[32m"text-lg font-semibold text-gray-800 mb-4"[39m
          [36m>[39m
            [0mBasic Information[0m
          [36m</h3>[39m
          [36m<div[39m
            [33mclass[39m=[32m"grid grid-cols-1 md:grid-cols-2 gap-4"[39m
          [36m>[39m
            [36m<div>[39m
              [36m<label[39m
                [33mclass[39m=[32m"block text-sm font-medium text-gray-700 mb-2"[39m
              [36m>[39m
                [0mTemplate Name *[0m
              [36m</label>[39m
              [36m<input[39m
                [33mclass[39m=[32m"w-full px-3 py-2 border rounded-md focus:outline-none focus:ring-2 focus:ring-blue-500 border-gray-300"[39m
                [33mplaceholder[39m=[32m"Enter template name"[39m
                [33mtype[39m=[32m"text"[39m
                [33mvalue[39m=[32m""[39m
              [36m/>[39m
            [36m</div>[39m
            [36m<div>[39m
              [36m<label[39m
                [33mclass[39m=[32m"block text-sm font-medium text-gray-700 mb-2"[39m
              [36m>[39m
                [0mCategory *[0m
              [36m</label>[39m
              [36m<select[39m
                [33mclass[39m=[32m"w-full px-3 py-2 border border-gray-300 rounded-md focus:outline-none focus:ring-2 focus:ring-blue-500"[39m
              [36m>[39m
                [36m<option[39m
                  [33mvalue[39m=[32m"client"[39m
                [36m>[39m
                  [0mClient[0m
                [36m</option>[39m
                [36m<option[39m
                  [33mvalue[39m=[32m"stakeholder"[39m
                [36m>[39m
                  [0mStakeholder[0m
                [36m</option>[39m
                [36m<option[39m
                  [33mvalue[39m=[32m"user"[39m
                [36m>[39m
                  [0mUser[0m
                [36m</option>[39m
                [36m<option[39m
                  [33mvalue[39m=[32m"manager"[39m
                [36m>[39m
                  [0mManager[0m
                [36m</option>[39m
                [36m<option[39m
                  [33mvalue[39m=[32m"developer"[39m
                [36m>[39m
                  [0mDeveloper[0m
                [36m</option>[39m
                [36m<option[39m
                  [33mvalue[39m=[32m"designer"[39m
                [36m>[39m
                  [0mDesigner[0m
                [36m</option>[39m
                [36m<option[39m
                  [33mvalue[39m=[32m"tester"[39m
                [36m>[39m
                  [0mTester[0m
                [36m</option>[39m
                [36m<option[39m
                  [33mvalue[39m=[32m"business-analyst"[39m
                [36m>[39m
                  [0mBusiness Analyst[0m
                [36m</option>[39m
                [36m<option[39m
                  [33mvalue[39m=[32m"product-owner"[39m
                [36m>[39m
                  [0mProduct Owner[0m
                [36m</option>[39m
                [36m<option[39m
                  [33mvalue[39m=[32m"scrum-master"[39m
                [36m>[39m
                  [0mScrum Master[0m
                [36m</option>[39m
                [36m<option[39m
                  [33mvalue[39m=[32m"other"[39m
                [36m>[39m
                  [0mOther[0m
                [36m</option>[39m
              [36m</select>[39m
            [36m</div>[39m
          [36m</div>[39m
          [36m<div[39m
            [33mclass[39m=[32m"mt-4"[39m
          [36m>[39m
            [36m<label[39m
              [33mclass[39m=[32m"block text-sm font-medium text-gray-700 mb-2"[39m
            [36m>[39m
              [0mDescription *[0m
            [36m</label>[39m
            [36m<textarea[39m
              [33mclass[39m=[32m"w-full px-3 py-2 border rounded-md focus:outline-none focus:ring-2 focus:ring-blue-500 border-gray-300"[39m
              [33mplaceholder[39m=[32m"Describe the template and its intended use..."[39m
              [33mrows[39m=[32m"3"[39m
            [36m/>[39m
          [36m</div>[39m
          [36m<div[39m
            [33mclass[39m=[32m"mt-4"[39m
          [36m>[39m
            [36m<label[39m
              [33mclass[39m=[32m"block text-sm font-medium text-gray-700 mb-2"[39m
            [36m>[39m
              [0mTags[0m
            [36m</label>[39m
            [36m<div[39m
              [33mclass[39m=[32m"flex gap-2 mb-2"[39m
            [36m>[39m
              [36m<input[39m
                [33mclass[39m=[32m"flex-1 px-3 py-2 border border-gray-300 rounded-md focus:outline-none focus:ring-2 focus:ring-blue-500"[39m
                [33mplaceholder[39m=[32m"Add a tag"[39m
                [33mtype[39m=[32m"text"[39m
                [33mvalue[39m=[32m""[39m
              [36m/>[39m
              [36m<button[39m
                [33mclass[39m=[32m"px-4 py-2 bg-green-500 text-white rounded-md hover:bg-green-600 disabled:bg-gray-300 disabled:cursor-not-allowed"[39m
                [33mdisabled[39m=[32m""[39m
                [33mtype[39m=[32m"button"[39m
              [36m>[39m
                [0mAdd[0m
              [36m</button>[39m
            [36m</div>[39m
            [36m<div[39m
              [33mclass[39m=[32m"flex flex-wrap gap-2"[39m
            [36m/>[39m
          [36m</div>[39m
          [36m<div[39m
            [33mclass[39m=[32m"mt-4"[39m
          [36m>[39m
            [36m<label[39m
              [33mclass[39m=[32m"flex items-center"[39m
            [36m>[39m
              [36m<input[39m
                [33mclass[39m=[32m"mr-2"[39m
                [33mtype[39m=[32m"checkbox"[39m
              [36m/>[39m
              [36m<span[39m
                [33mclass[39m=[32m"text-sm text-gray-700"[39m
              [36m>[39m
                [0mMake this template public (visible to all users)[0m
              [36m</span>[39m
            [36m</label>[39m
          [36m</div>[39m
        [36m</div>[39m
        [36m<div[39m
          [33mclass[39m=[32m"bg-gray-50 p-4 rounded-lg"[39m
        [36m>[39m
          [36m<h3[39m
            [33mclass[39m=[32m"text-lg font-semibold text-gray-800 mb-4"[39m
          [36m>[39m
            [0mPerson...

Ignored nodes: comments, script, style
[36m<html>[39m
  [36m<head />[39m
  [36m<body>[39m
    [36m<div>[39m
      [36m<div[39m
        [33mclass[39m=[32m"max-w-4xl mx-auto p-6 bg-white rounded-lg shadow-lg"[39m
      [36m>[39m
        [36m<h2[39m
          [33mclass[39m=[32m"text-2xl font-bold text-gray-800 mb-6"[39m
        [36m>[39m
          [0mCreate New Template[0m
        [36m</h2>[39m
        [36m<form[39m
          [33mclass[39m=[32m"space-y-6"[39m
        [36m>[39m
          [36m<div[39m
            [33mclass[39m=[32m"bg-gray-50 p-4 rounded-lg"[39m
          [36m>[39m
            [36m<h3[39m
              [33mclass[39m=[32m"text-lg font-semibold text-gray-800 mb-4"[39m
            [36m>[39m
              [0mBasic Information[0m
            [36m</h3>[39m
            [36m<div[39m
              [33mclass[39m=[32m"grid grid-cols-1 md:grid-cols-2 gap-4"[39m
            [36m>[39m
              [36m<div>[39m
                [36m<label[39m
                  [33mclass[39m=[32m"block text-sm font-medium text-gray-700 mb-2"[39m
                [36m>[39m
                  [0mTemplate Name *[0m
                [36m</label>[39m
                [36m<input[39m
                  [33mclass[39m=[32m"w-full px-3 py-2 border rounded-md focus:outline-none focus:ring-2 focus:ring-blue-500 border-gray-300"[39m
                  [33mplaceholder[39m=[32m"Enter template name"[39m
                  [33mtype[39m=[32m"text"[39m
                  [33mvalue[39m=[32m""[39m
                [36m/>[39m
              [36m</div>[39m
              [36m<div>[39m
                [36m<label[39m
                  [33mclass[39m=[32m"block text-sm font-medium text-gray-700 mb-2"[39m
                [36m>[39m
                  [0mCategory *[0m
                [36m</label>[39m
                [36m<select[39m
                  [33mclass[39m=[32m"w-full px-3 py-2 border border-gray-300 rounded-md focus:outline-none focus:ring-2 focus:ring-blue-500"[39m
                [36m>[39m
                  [36m<option[39m
                    [33mvalue[39m=[32m"client"[39m
                  [36m>[39m
                    [0mClient[0m
                  [36m</option>[39m
                  [36m<option[39m
                    [33mvalue[39m=[32m"stakeholder"[39m
                  [36m>[39m
                    [0mStakeholder[0m
                  [36m</option>[39m
                  [36m<option[39m
                    [33mvalue[39m=[32m"user"[39m
                  [36m>[39m
                    [0mUser[0m
                  [36m</option>[39m
                  [36m<option[39m
                    [33mvalue[39m=[32m"manager"[39m
                  [36m>[39m
                    [0mManager[0m
                  [36m</option>[39m
                  [36m<option[39m
                    [33mvalue[39m=[32m"developer"[39m
                  [36m>[39m
                    [0mDeveloper[0m
                  [36m</option>[39m
                  [36m<option[39m
                    [33mvalue[39m=[32m"designer"[39m
                  [36m>[39m
                    [0mDesigner[0m
                  [36m</option>[39m
                  [36m<option[39m
                    [33mvalue[39m=[32m"tester"[39m
                  [36m>[39m
                    [0mTester[0m
                  [36m</option>[39m
                  [36m<option[39m
                    [33mvalue[39m=[32m"business-analyst"[39m
                  [36m>[39m
                    [0mBusiness Analyst[0m
                  [36m</option>[39m
                  [36m<option[39m
                    [33mvalue[39m=[32m"product-owner"[39m
                  [36m>[39m
                    [0mProduct Owner[0m
                  [36m</option>[39m
                  [36m<option[39m
                    [33mvalue[39m=[32m"scrum-master"[39m
                  [36m>[39m
                    [0mScrum Master[0m
                  [36m</option>[39m
                  [36m<option[39m
                    [33mvalue[39m=[32m"other"[39m
                  [36m>[39m
                    [0mOther[0m
                  [36m</option>[39m
                [36m</select>[39m
              [36m</div>[39m
            [36m</div>[39m
            [36m<div[39m
              [33mclass[39m=[32m"mt-4"[39m
            [36m>[39m
              [36m<label[39m
                [33mclass[39m=[32m"block text-sm font-medium text-gray-700 mb-2"[39m
              [36m>[39m
                [0mDescription *[0m
              [36m</label>[39m
              [36m<textarea[39m
                [33mclass[39m=[32m"w-full px-3 py-2 border rounded-md focus:outline-none focus:ring-2 focus:ring-blue-500 border-gray-300"[39m
                [33mplaceholder[39m=[32m"Describe the template and its intended use..."[39m
                [33mrows[39m=[32m"3"[39m
              [36m/>[39m
            [36m</div>[39m
            [36m<div[39m
              [33mclass[39m=[32m"mt-4"[39m
            [36m>[39m
              [36m<label[39m
                [33mclass[39m=[32m"block text-sm font-medium text-gray-700 mb-2"[39m
              [36m>[39m
                [0mTags[0m
              [36m</label>[39m
              [36m<div[39m
                [33mclass[39m=[32m"flex gap-2 mb-2"[39m
              [36m>[39m
                [36m<input[39m
                  [33mclass[39m=[32m"flex-1 px-3 py-2 border border-gray-300 rounded-md focus:outline-none focus:ring-2 focus:ring-blue-500"[39m
                  [33mplaceholder[39m=[32m"Add a tag"[39m
                  [33mtype[39m=[32m"text"[39m
                  [33mvalue[39m=[32m""[39m
                [36m/>[39m
                [36m<button[39m
                  [33mclass[39m=[32m"px-4 py-2 bg-green-500 text-white rounded-md hover:bg-green-600 disabled:bg-gray-300 disabled:cursor-not-allowed"[39m
                  [33mdisabled[39m=[32m""[39m
                  [33mtype[39m=[32m"button"[39m
                [36m>[39m
                  [0mAdd[0m
                [36m</button>[39m
              [36m</div>[39m
              [36m<div[39m
                [33mclass[39m=[32m"flex flex-wrap gap-2"[39m
              [36m/>[39m
            [36m</div>[39m
            [36m<div[39m
              [33mclass[39m=[32m"mt-4"[39m
            [36m>[39m
              [36m<label[39m
                [33mclass[39m=[32m"flex items-center"[39m
              [36m>[39m
                [36m<input[39m
                  [33mclass[39m=[32m"mr-2"[39m
                  [33mtype[39m=[32m"checkbox"[39m
                [36m/>[39m
                [36m<span[39m
                  [33mclass[39m=[32m"text-sm text-gray-700"[39m
                [36m>[39m
                  [0mMake this template public (visible to all users)[0m
           ...
   × TemplateForm > handles enter key for adding goals 1009ms
     → Unable to find an element with the text: achieve excellence. This could be because the text is broken up by multiple elements. In this case, you can provide a function for your text matcher to make your matcher more flexible.

Ignored nodes: comments, script, style
[36m<body>[39m
  [36m<div>[39m
    [36m<div[39m
      [33mclass[39m=[32m"max-w-4xl mx-auto p-6 bg-white rounded-lg shadow-lg"[39m
    [36m>[39m
      [36m<h2[39m
        [33mclass[39m=[32m"text-2xl font-bold text-gray-800 mb-6"[39m
      [36m>[39m
        [0mCreate New Template[0m
      [36m</h2>[39m
      [36m<form[39m
        [33mclass[39m=[32m"space-y-6"[39m
      [36m>[39m
        [36m<div[39m
          [33mclass[39m=[32m"bg-gray-50 p-4 rounded-lg"[39m
        [36m>[39m
          [36m<h3[39m
            [33mclass[39m=[32m"text-lg font-semibold text-gray-800 mb-4"[39m
          [36m>[39m
            [0mBasic Information[0m
          [36m</h3>[39m
          [36m<div[39m
            [33mclass[39m=[32m"grid grid-cols-1 md:grid-cols-2 gap-4"[39m
          [36m>[39m
            [36m<div>[39m
              [36m<label[39m
                [33mclass[39m=[32m"block text-sm font-medium text-gray-700 mb-2"[39m
              [36m>[39m
                [0mTemplate Name *[0m
              [36m</label>[39m
              [36m<input[39m
                [33mclass[39m=[32m"w-full px-3 py-2 border rounded-md focus:outline-none focus:ring-2 focus:ring-blue-500 border-gray-300"[39m
                [33mplaceholder[39m=[32m"Enter template name"[39m
                [33mtype[39m=[32m"text"[39m
                [33mvalue[39m=[32m""[39m
              [36m/>[39m
            [36m</div>[39m
            [36m<div>[39m
              [36m<label[39m
                [33mclass[39m=[32m"block text-sm font-medium text-gray-700 mb-2"[39m
              [36m>[39m
                [0mCategory *[0m
              [36m</label>[39m
              [36m<select[39m
                [33mclass[39m=[32m"w-full px-3 py-2 border border-gray-300 rounded-md focus:outline-none focus:ring-2 focus:ring-blue-500"[39m
              [36m>[39m
                [36m<option[39m
                  [33mvalue[39m=[32m"client"[39m
                [36m>[39m
                  [0mClient[0m
                [36m</option>[39m
                [36m<option[39m
                  [33mvalue[39m=[32m"stakeholder"[39m
                [36m>[39m
                  [0mStakeholder[0m
                [36m</option>[39m
                [36m<option[39m
                  [33mvalue[39m=[32m"user"[39m
                [36m>[39m
                  [0mUser[0m
                [36m</option>[39m
                [36m<option[39m
                  [33mvalue[39m=[32m"manager"[39m
                [36m>[39m
                  [0mManager[0m
                [36m</option>[39m
                [36m<option[39m
                  [33mvalue[39m=[32m"developer"[39m
                [36m>[39m
                  [0mDeveloper[0m
                [36m</option>[39m
                [36m<option[39m
                  [33mvalue[39m=[32m"designer"[39m
                [36m>[39m
                  [0mDesigner[0m
                [36m</option>[39m
                [36m<option[39m
                  [33mvalue[39m=[32m"tester"[39m
                [36m>[39m
                  [0mTester[0m
                [36m</option>[39m
                [36m<option[39m
                  [33mvalue[39m=[32m"business-analyst"[39m
                [36m>[39m
                  [0mBusiness Analyst[0m
                [36m</option>[39m
                [36m<option[39m
                  [33mvalue[39m=[32m"product-owner"[39m
                [36m>[39m
                  [0mProduct Owner[0m
                [36m</option>[39m
                [36m<option[39m
                  [33mvalue[39m=[32m"scrum-master"[39m
                [36m>[39m
                  [0mScrum Master[0m
                [36m</option>[39m
                [36m<option[39m
                  [33mvalue[39m=[32m"other"[39m
                [36m>[39m
                  [0mOther[0m
                [36m</option>[39m
              [36m</select>[39m
            [36m</div>[39m
          [36m</div>[39m
          [36m<div[39m
            [33mclass[39m=[32m"mt-4"[39m
          [36m>[39m
            [36m<label[39m
              [33mclass[39m=[32m"block text-sm font-medium text-gray-700 mb-2"[39m
            [36m>[39m
              [0mDescription *[0m
            [36m</label>[39m
            [36m<textarea[39m
              [33mclass[39m=[32m"w-full px-3 py-2 border rounded-md focus:outline-none focus:ring-2 focus:ring-blue-500 border-gray-300"[39m
              [33mplaceholder[39m=[32m"Describe the template and its intended use..."[39m
              [33mrows[39m=[32m"3"[39m
            [36m/>[39m
          [36m</div>[39m
          [36m<div[39m
            [33mclass[39m=[32m"mt-4"[39m
          [36m>[39m
            [36m<label[39m
              [33mclass[39m=[32m"block text-sm font-medium text-gray-700 mb-2"[39m
            [36m>[39m
              [0mTags[0m
            [36m</label>[39m
            [36m<div[39m
              [33mclass[39m=[32m"flex gap-2 mb-2"[39m
            [36m>[39m
              [36m<input[39m
                [33mclass[39m=[32m"flex-1 px-3 py-2 border border-gray-300 rounded-md focus:outline-none focus:ring-2 focus:ring-blue-500"[39m
                [33mplaceholder[39m=[32m"Add a tag"[39m
                [33mtype[39m=[32m"text"[39m
                [33mvalue[39m=[32m""[39m
              [36m/>[39m
              [36m<button[39m
                [33mclass[39m=[32m"px-4 py-2 bg-green-500 text-white rounded-md hover:bg-green-600 disabled:bg-gray-300 disabled:cursor-not-allowed"[39m
                [33mdisabled[39m=[32m""[39m
                [33mtype[39m=[32m"button"[39m
              [36m>[39m
                [0mAdd[0m
              [36m</button>[39m
            [36m</div>[39m
            [36m<div[39m
              [33mclass[39m=[32m"flex flex-wrap gap-2"[39m
            [36m/>[39m
          [36m</div>[39m
          [36m<div[39m
            [33mclass[39m=[32m"mt-4"[39m
          [36m>[39m
            [36m<label[39m
              [33mclass[39m=[32m"flex items-center"[39m
            [36m>[39m
              [36m<input[39m
                [33mclass[39m=[32m"mr-2"[39m
                [33mtype[39m=[32m"checkbox"[39m
              [36m/>[39m
              [36m<span[39m
                [33mclass[39m=[32m"text-sm text-gray-700"[39m
              [36m>[39m
                [0mMake this template public (visible to all users)[0m
              [36m</span>[39m
            [36m</label>[39m
          [36m</div>[39m
        [36m</div>[39m
        [36m<div[39m
          [33mclass[39m=[32m"bg-gray-50 p-4 rounded-lg"[39m
        [36m>[39m
          [36m<h3[39m
            [33mclass[39m=[32m"text-lg font-semibold text-gray-800 mb-4"[39m
          [36m>[39m
            [0mPerson...

Ignored nodes: comments, script, style
[36m<html>[39m
  [36m<head />[39m
  [36m<body>[39m
    [36m<div>[39m
      [36m<div[39m
        [33mclass[39m=[32m"max-w-4xl mx-auto p-6 bg-white rounded-lg shadow-lg"[39m
      [36m>[39m
        [36m<h2[39m
          [33mclass[39m=[32m"text-2xl font-bold text-gray-800 mb-6"[39m
        [36m>[39m
          [0mCreate New Template[0m
        [36m</h2>[39m
        [36m<form[39m
          [33mclass[39m=[32m"space-y-6"[39m
        [36m>[39m
          [36m<div[39m
            [33mclass[39m=[32m"bg-gray-50 p-4 rounded-lg"[39m
          [36m>[39m
            [36m<h3[39m
              [33mclass[39m=[32m"text-lg font-semibold text-gray-800 mb-4"[39m
            [36m>[39m
              [0mBasic Information[0m
            [36m</h3>[39m
            [36m<div[39m
              [33mclass[39m=[32m"grid grid-cols-1 md:grid-cols-2 gap-4"[39m
            [36m>[39m
              [36m<div>[39m
                [36m<label[39m
                  [33mclass[39m=[32m"block text-sm font-medium text-gray-700 mb-2"[39m
                [36m>[39m
                  [0mTemplate Name *[0m
                [36m</label>[39m
                [36m<input[39m
                  [33mclass[39m=[32m"w-full px-3 py-2 border rounded-md focus:outline-none focus:ring-2 focus:ring-blue-500 border-gray-300"[39m
                  [33mplaceholder[39m=[32m"Enter template name"[39m
                  [33mtype[39m=[32m"text"[39m
                  [33mvalue[39m=[32m""[39m
                [36m/>[39m
              [36m</div>[39m
              [36m<div>[39m
                [36m<label[39m
                  [33mclass[39m=[32m"block text-sm font-medium text-gray-700 mb-2"[39m
                [36m>[39m
                  [0mCategory *[0m
                [36m</label>[39m
                [36m<select[39m
                  [33mclass[39m=[32m"w-full px-3 py-2 border border-gray-300 rounded-md focus:outline-none focus:ring-2 focus:ring-blue-500"[39m
                [36m>[39m
                  [36m<option[39m
                    [33mvalue[39m=[32m"client"[39m
                  [36m>[39m
                    [0mClient[0m
                  [36m</option>[39m
                  [36m<option[39m
                    [33mvalue[39m=[32m"stakeholder"[39m
                  [36m>[39m
                    [0mStakeholder[0m
                  [36m</option>[39m
                  [36m<option[39m
                    [33mvalue[39m=[32m"user"[39m
                  [36m>[39m
                    [0mUser[0m
                  [36m</option>[39m
                  [36m<option[39m
                    [33mvalue[39m=[32m"manager"[39m
                  [36m>[39m
                    [0mManager[0m
                  [36m</option>[39m
                  [36m<option[39m
                    [33mvalue[39m=[32m"developer"[39m
                  [36m>[39m
                    [0mDeveloper[0m
                  [36m</option>[39m
                  [36m<option[39m
                    [33mvalue[39m=[32m"designer"[39m
                  [36m>[39m
                    [0mDesigner[0m
                  [36m</option>[39m
                  [36m<option[39m
                    [33mvalue[39m=[32m"tester"[39m
                  [36m>[39m
                    [0mTester[0m
                  [36m</option>[39m
                  [36m<option[39m
                    [33mvalue[39m=[32m"business-analyst"[39m
                  [36m>[39m
                    [0mBusiness Analyst[0m
                  [36m</option>[39m
                  [36m<option[39m
                    [33mvalue[39m=[32m"product-owner"[39m
                  [36m>[39m
                    [0mProduct Owner[0m
                  [36m</option>[39m
                  [36m<option[39m
                    [33mvalue[39m=[32m"scrum-master"[39m
                  [36m>[39m
                    [0mScrum Master[0m
                  [36m</option>[39m
                  [36m<option[39m
                    [33mvalue[39m=[32m"other"[39m
                  [36m>[39m
                    [0mOther[0m
                  [36m</option>[39m
                [36m</select>[39m
              [36m</div>[39m
            [36m</div>[39m
            [36m<div[39m
              [33mclass[39m=[32m"mt-4"[39m
            [36m>[39m
              [36m<label[39m
                [33mclass[39m=[32m"block text-sm font-medium text-gray-700 mb-2"[39m
              [36m>[39m
                [0mDescription *[0m
              [36m</label>[39m
              [36m<textarea[39m
                [33mclass[39m=[32m"w-full px-3 py-2 border rounded-md focus:outline-none focus:ring-2 focus:ring-blue-500 border-gray-300"[39m
                [33mplaceholder[39m=[32m"Describe the template and its intended use..."[39m
                [33mrows[39m=[32m"3"[39m
              [36m/>[39m
            [36m</div>[39m
            [36m<div[39m
              [33mclass[39m=[32m"mt-4"[39m
            [36m>[39m
              [36m<label[39m
                [33mclass[39m=[32m"block text-sm font-medium text-gray-700 mb-2"[39m
              [36m>[39m
                [0mTags[0m
              [36m</label>[39m
              [36m<div[39m
                [33mclass[39m=[32m"flex gap-2 mb-2"[39m
              [36m>[39m
                [36m<input[39m
                  [33mclass[39m=[32m"flex-1 px-3 py-2 border border-gray-300 rounded-md focus:outline-none focus:ring-2 focus:ring-blue-500"[39m
                  [33mplaceholder[39m=[32m"Add a tag"[39m
                  [33mtype[39m=[32m"text"[39m
                  [33mvalue[39m=[32m""[39m
                [36m/>[39m
                [36m<button[39m
                  [33mclass[39m=[32m"px-4 py-2 bg-green-500 text-white rounded-md hover:bg-green-600 disabled:bg-gray-300 disabled:cursor-not-allowed"[39m
                  [33mdisabled[39m=[32m""[39m
                  [33mtype[39m=[32m"button"[39m
                [36m>[39m
                  [0mAdd[0m
                [36m</button>[39m
              [36m</div>[39m
              [36m<div[39m
                [33mclass[39m=[32m"flex flex-wrap gap-2"[39m
              [36m/>[39m
            [36m</div>[39m
            [36m<div[39m
              [33mclass[39m=[32m"mt-4"[39m
            [36m>[39m
              [36m<label[39m
                [33mclass[39m=[32m"flex items-center"[39m
              [36m>[39m
                [36m<input[39m
                  [33mclass[39m=[32m"mr-2"[39m
                  [33mtype[39m=[32m"checkbox"[39m
                [36m/>[39m
                [36m<span[39m
                  [33mclass[39m=[32m"text-sm text-gray-700"[39m
                [36m>[39m
                  [0mMake this template public (visible to all users)[0m
           ...
   × TemplateForm > handles enter key for adding tags 1008ms
     → Unable to find an element with the text: test-tag. This could be because the text is broken up by multiple elements. In this case, you can provide a function for your text matcher to make your matcher more flexible.

Ignored nodes: comments, script, style
[36m<body>[39m
  [36m<div>[39m
    [36m<div[39m
      [33mclass[39m=[32m"max-w-4xl mx-auto p-6 bg-white rounded-lg shadow-lg"[39m
    [36m>[39m
      [36m<h2[39m
        [33mclass[39m=[32m"text-2xl font-bold text-gray-800 mb-6"[39m
      [36m>[39m
        [0mCreate New Template[0m
      [36m</h2>[39m
      [36m<form[39m
        [33mclass[39m=[32m"space-y-6"[39m
      [36m>[39m
        [36m<div[39m
          [33mclass[39m=[32m"bg-gray-50 p-4 rounded-lg"[39m
        [36m>[39m
          [36m<h3[39m
            [33mclass[39m=[32m"text-lg font-semibold text-gray-800 mb-4"[39m
          [36m>[39m
            [0mBasic Information[0m
          [36m</h3>[39m
          [36m<div[39m
            [33mclass[39m=[32m"grid grid-cols-1 md:grid-cols-2 gap-4"[39m
          [36m>[39m
            [36m<div>[39m
              [36m<label[39m
                [33mclass[39m=[32m"block text-sm font-medium text-gray-700 mb-2"[39m
              [36m>[39m
                [0mTemplate Name *[0m
              [36m</label>[39m
              [36m<input[39m
                [33mclass[39m=[32m"w-full px-3 py-2 border rounded-md focus:outline-none focus:ring-2 focus:ring-blue-500 border-gray-300"[39m
                [33mplaceholder[39m=[32m"Enter template name"[39m
                [33mtype[39m=[32m"text"[39m
                [33mvalue[39m=[32m""[39m
              [36m/>[39m
            [36m</div>[39m
            [36m<div>[39m
              [36m<label[39m
                [33mclass[39m=[32m"block text-sm font-medium text-gray-700 mb-2"[39m
              [36m>[39m
                [0mCategory *[0m
              [36m</label>[39m
              [36m<select[39m
                [33mclass[39m=[32m"w-full px-3 py-2 border border-gray-300 rounded-md focus:outline-none focus:ring-2 focus:ring-blue-500"[39m
              [36m>[39m
                [36m<option[39m
                  [33mvalue[39m=[32m"client"[39m
                [36m>[39m
                  [0mClient[0m
                [36m</option>[39m
                [36m<option[39m
                  [33mvalue[39m=[32m"stakeholder"[39m
                [36m>[39m
                  [0mStakeholder[0m
                [36m</option>[39m
                [36m<option[39m
                  [33mvalue[39m=[32m"user"[39m
                [36m>[39m
                  [0mUser[0m
                [36m</option>[39m
                [36m<option[39m
                  [33mvalue[39m=[32m"manager"[39m
                [36m>[39m
                  [0mManager[0m
                [36m</option>[39m
                [36m<option[39m
                  [33mvalue[39m=[32m"developer"[39m
                [36m>[39m
                  [0mDeveloper[0m
                [36m</option>[39m
                [36m<option[39m
                  [33mvalue[39m=[32m"designer"[39m
                [36m>[39m
                  [0mDesigner[0m
                [36m</option>[39m
                [36m<option[39m
                  [33mvalue[39m=[32m"tester"[39m
                [36m>[39m
                  [0mTester[0m
                [36m</option>[39m
                [36m<option[39m
                  [33mvalue[39m=[32m"business-analyst"[39m
                [36m>[39m
                  [0mBusiness Analyst[0m
                [36m</option>[39m
                [36m<option[39m
                  [33mvalue[39m=[32m"product-owner"[39m
                [36m>[39m
                  [0mProduct Owner[0m
                [36m</option>[39m
                [36m<option[39m
                  [33mvalue[39m=[32m"scrum-master"[39m
                [36m>[39m
                  [0mScrum Master[0m
                [36m</option>[39m
                [36m<option[39m
                  [33mvalue[39m=[32m"other"[39m
                [36m>[39m
                  [0mOther[0m
                [36m</option>[39m
              [36m</select>[39m
            [36m</div>[39m
          [36m</div>[39m
          [36m<div[39m
            [33mclass[39m=[32m"mt-4"[39m
          [36m>[39m
            [36m<label[39m
              [33mclass[39m=[32m"block text-sm font-medium text-gray-700 mb-2"[39m
            [36m>[39m
              [0mDescription *[0m
            [36m</label>[39m
            [36m<textarea[39m
              [33mclass[39m=[32m"w-full px-3 py-2 border rounded-md focus:outline-none focus:ring-2 focus:ring-blue-500 border-gray-300"[39m
              [33mplaceholder[39m=[32m"Describe the template and its intended use..."[39m
              [33mrows[39m=[32m"3"[39m
            [36m/>[39m
          [36m</div>[39m
          [36m<div[39m
            [33mclass[39m=[32m"mt-4"[39m
          [36m>[39m
            [36m<label[39m
              [33mclass[39m=[32m"block text-sm font-medium text-gray-700 mb-2"[39m
            [36m>[39m
              [0mTags[0m
            [36m</label>[39m
            [36m<div[39m
              [33mclass[39m=[32m"flex gap-2 mb-2"[39m
            [36m>[39m
              [36m<input[39m
                [33mclass[39m=[32m"flex-1 px-3 py-2 border border-gray-300 rounded-md focus:outline-none focus:ring-2 focus:ring-blue-500"[39m
                [33mplaceholder[39m=[32m"Add a tag"[39m
                [33mtype[39m=[32m"text"[39m
                [33mvalue[39m=[32m"test-tag"[39m
              [36m/>[39m
              [36m<button[39m
                [33mclass[39m=[32m"px-4 py-2 bg-green-500 text-white rounded-md hover:bg-green-600 disabled:bg-gray-300 disabled:cursor-not-allowed"[39m
                [33mtype[39m=[32m"button"[39m
              [36m>[39m
                [0mAdd[0m
              [36m</button>[39m
            [36m</div>[39m
            [36m<div[39m
              [33mclass[39m=[32m"flex flex-wrap gap-2"[39m
            [36m/>[39m
          [36m</div>[39m
          [36m<div[39m
            [33mclass[39m=[32m"mt-4"[39m
          [36m>[39m
            [36m<label[39m
              [33mclass[39m=[32m"flex items-center"[39m
            [36m>[39m
              [36m<input[39m
                [33mclass[39m=[32m"mr-2"[39m
                [33mtype[39m=[32m"checkbox"[39m
              [36m/>[39m
              [36m<span[39m
                [33mclass[39m=[32m"text-sm text-gray-700"[39m
              [36m>[39m
                [0mMake this template public (visible to all users)[0m
              [36m</span>[39m
            [36m</label>[39m
          [36m</div>[39m
        [36m</div>[39m
        [36m<div[39m
          [33mclass[39m=[32m"bg-gray-50 p-4 rounded-lg"[39m
        [36m>[39m
          [36m<h3[39m
            [33mclass[39m=[32m"text-lg font-semibold text-gray-800 mb-4"[39m
          [36m>[39m
            [0mPersona Configuration[0m
          [36m</h3>...

Ignored nodes: comments, script, style
[36m<html>[39m
  [36m<head />[39m
  [36m<body>[39m
    [36m<div>[39m
      [36m<div[39m
        [33mclass[39m=[32m"max-w-4xl mx-auto p-6 bg-white rounded-lg shadow-lg"[39m
      [36m>[39m
        [36m<h2[39m
          [33mclass[39m=[32m"text-2xl font-bold text-gray-800 mb-6"[39m
        [36m>[39m
          [0mCreate New Template[0m
        [36m</h2>[39m
        [36m<form[39m
          [33mclass[39m=[32m"space-y-6"[39m
        [36m>[39m
          [36m<div[39m
            [33mclass[39m=[32m"bg-gray-50 p-4 rounded-lg"[39m
          [36m>[39m
            [36m<h3[39m
              [33mclass[39m=[32m"text-lg font-semibold text-gray-800 mb-4"[39m
            [36m>[39m
              [0mBasic Information[0m
            [36m</h3>[39m
            [36m<div[39m
              [33mclass[39m=[32m"grid grid-cols-1 md:grid-cols-2 gap-4"[39m
            [36m>[39m
              [36m<div>[39m
                [36m<label[39m
                  [33mclass[39m=[32m"block text-sm font-medium text-gray-700 mb-2"[39m
                [36m>[39m
                  [0mTemplate Name *[0m
                [36m</label>[39m
                [36m<input[39m
                  [33mclass[39m=[32m"w-full px-3 py-2 border rounded-md focus:outline-none focus:ring-2 focus:ring-blue-500 border-gray-300"[39m
                  [33mplaceholder[39m=[32m"Enter template name"[39m
                  [33mtype[39m=[32m"text"[39m
                  [33mvalue[39m=[32m""[39m
                [36m/>[39m
              [36m</div>[39m
              [36m<div>[39m
                [36m<label[39m
                  [33mclass[39m=[32m"block text-sm font-medium text-gray-700 mb-2"[39m
                [36m>[39m
                  [0mCategory *[0m
                [36m</label>[39m
                [36m<select[39m
                  [33mclass[39m=[32m"w-full px-3 py-2 border border-gray-300 rounded-md focus:outline-none focus:ring-2 focus:ring-blue-500"[39m
                [36m>[39m
                  [36m<option[39m
                    [33mvalue[39m=[32m"client"[39m
                  [36m>[39m
                    [0mClient[0m
                  [36m</option>[39m
                  [36m<option[39m
                    [33mvalue[39m=[32m"stakeholder"[39m
                  [36m>[39m
                    [0mStakeholder[0m
                  [36m</option>[39m
                  [36m<option[39m
                    [33mvalue[39m=[32m"user"[39m
                  [36m>[39m
                    [0mUser[0m
                  [36m</option>[39m
                  [36m<option[39m
                    [33mvalue[39m=[32m"manager"[39m
                  [36m>[39m
                    [0mManager[0m
                  [36m</option>[39m
                  [36m<option[39m
                    [33mvalue[39m=[32m"developer"[39m
                  [36m>[39m
                    [0mDeveloper[0m
                  [36m</option>[39m
                  [36m<option[39m
                    [33mvalue[39m=[32m"designer"[39m
                  [36m>[39m
                    [0mDesigner[0m
                  [36m</option>[39m
                  [36m<option[39m
                    [33mvalue[39m=[32m"tester"[39m
                  [36m>[39m
                    [0mTester[0m
                  [36m</option>[39m
                  [36m<option[39m
                    [33mvalue[39m=[32m"business-analyst"[39m
                  [36m>[39m
                    [0mBusiness Analyst[0m
                  [36m</option>[39m
                  [36m<option[39m
                    [33mvalue[39m=[32m"product-owner"[39m
                  [36m>[39m
                    [0mProduct Owner[0m
                  [36m</option>[39m
                  [36m<option[39m
                    [33mvalue[39m=[32m"scrum-master"[39m
                  [36m>[39m
                    [0mScrum Master[0m
                  [36m</option>[39m
                  [36m<option[39m
                    [33mvalue[39m=[32m"other"[39m
                  [36m>[39m
                    [0mOther[0m
                  [36m</option>[39m
                [36m</select>[39m
              [36m</div>[39m
            [36m</div>[39m
            [36m<div[39m
              [33mclass[39m=[32m"mt-4"[39m
            [36m>[39m
              [36m<label[39m
                [33mclass[39m=[32m"block text-sm font-medium text-gray-700 mb-2"[39m
              [36m>[39m
                [0mDescription *[0m
              [36m</label>[39m
              [36m<textarea[39m
                [33mclass[39m=[32m"w-full px-3 py-2 border rounded-md focus:outline-none focus:ring-2 focus:ring-blue-500 border-gray-300"[39m
                [33mplaceholder[39m=[32m"Describe the template and its intended use..."[39m
                [33mrows[39m=[32m"3"[39m
              [36m/>[39m
            [36m</div>[39m
            [36m<div[39m
              [33mclass[39m=[32m"mt-4"[39m
            [36m>[39m
              [36m<label[39m
                [33mclass[39m=[32m"block text-sm font-medium text-gray-700 mb-2"[39m
              [36m>[39m
                [0mTags[0m
              [36m</label>[39m
              [36m<div[39m
                [33mclass[39m=[32m"flex gap-2 mb-2"[39m
              [36m>[39m
                [36m<input[39m
                  [33mclass[39m=[32m"flex-1 px-3 py-2 border border-gray-300 rounded-md focus:outline-none focus:ring-2 focus:ring-blue-500"[39m
                  [33mplaceholder[39m=[32m"Add a tag"[39m
                  [33mtype[39m=[32m"text"[39m
                  [33mvalue[39m=[32m"test-tag"[39m
                [36m/>[39m
                [36m<button[39m
                  [33mclass[39m=[32m"px-4 py-2 bg-green-500 text-white rounded-md hover:bg-green-600 disabled:bg-gray-300 disabled:cursor-not-allowed"[39m
                  [33mtype[39m=[32m"button"[39m
                [36m>[39m
                  [0mAdd[0m
                [36m</button>[39m
              [36m</div>[39m
              [36m<div[39m
                [33mclass[39m=[32m"flex flex-wrap gap-2"[39m
              [36m/>[39m
            [36m</div>[39m
            [36m<div[39m
              [33mclass[39m=[32m"mt-4"[39m
            [36m>[39m
              [36m<label[39m
                [33mclass[39m=[32m"flex items-center"[39m
              [36m>[39m
                [36m<input[39m
                  [33mclass[39m=[32m"mr-2"[39m
                  [33mtype[39m=[32m"checkbox"[39m
                [36m/>[39m
                [36m<span[39m
                  [33mclass[39m=[32m"text-sm text-gray-700"[39m
                [36m>[39m
                  [0mMake this template public (visible to all users)[0m
                [36m</span>[39m
              [36m...
   × TemplateForm > displays error message on submit failure 6ms
     → Unable to find an element with the text: Update Template. This could be because the text is broken up by multiple elements. In this case, you can provide a function for your text matcher to make your matcher more flexible.

Ignored nodes: comments, script, style
[36m<body>[39m
  [36m<div>[39m
    [36m<div[39m
      [33mclass[39m=[32m"max-w-4xl mx-auto p-6 bg-white rounded-lg shadow-lg"[39m
    [36m>[39m
      [36m<h2[39m
        [33mclass[39m=[32m"text-2xl font-bold text-gray-800 mb-6"[39m
      [36m>[39m
        [0mCreate New Template[0m
      [36m</h2>[39m
      [36m<form[39m
        [33mclass[39m=[32m"space-y-6"[39m
      [36m>[39m
        [36m<div[39m
          [33mclass[39m=[32m"bg-gray-50 p-4 rounded-lg"[39m
        [36m>[39m
          [36m<h3[39m
            [33mclass[39m=[32m"text-lg font-semibold text-gray-800 mb-4"[39m
          [36m>[39m
            [0mBasic Information[0m
          [36m</h3>[39m
          [36m<div[39m
            [33mclass[39m=[32m"grid grid-cols-1 md:grid-cols-2 gap-4"[39m
          [36m>[39m
            [36m<div>[39m
              [36m<label[39m
                [33mclass[39m=[32m"block text-sm font-medium text-gray-700 mb-2"[39m
              [36m>[39m
                [0mTemplate Name *[0m
              [36m</label>[39m
              [36m<input[39m
                [33mclass[39m=[32m"w-full px-3 py-2 border rounded-md focus:outline-none focus:ring-2 focus:ring-blue-500 border-gray-300"[39m
                [33mplaceholder[39m=[32m"Enter template name"[39m
                [33mtype[39m=[32m"text"[39m
                [33mvalue[39m=[32m"Test Template"[39m
              [36m/>[39m
            [36m</div>[39m
            [36m<div>[39m
              [36m<label[39m
                [33mclass[39m=[32m"block text-sm font-medium text-gray-700 mb-2"[39m
              [36m>[39m
                [0mCategory *[0m
              [36m</label>[39m
              [36m<select[39m
                [33mclass[39m=[32m"w-full px-3 py-2 border border-gray-300 rounded-md focus:outline-none focus:ring-2 focus:ring-blue-500"[39m
              [36m>[39m
                [36m<option[39m
                  [33mvalue[39m=[32m"client"[39m
                [36m>[39m
                  [0mClient[0m
                [36m</option>[39m
                [36m<option[39m
                  [33mvalue[39m=[32m"stakeholder"[39m
                [36m>[39m
                  [0mStakeholder[0m
                [36m</option>[39m
                [36m<option[39m
                  [33mvalue[39m=[32m"user"[39m
                [36m>[39m
                  [0mUser[0m
                [36m</option>[39m
                [36m<option[39m
                  [33mvalue[39m=[32m"manager"[39m
                [36m>[39m
                  [0mManager[0m
                [36m</option>[39m
                [36m<option[39m
                  [33mvalue[39m=[32m"developer"[39m
                [36m>[39m
                  [0mDeveloper[0m
                [36m</option>[39m
                [36m<option[39m
                  [33mvalue[39m=[32m"designer"[39m
                [36m>[39m
                  [0mDesigner[0m
                [36m</option>[39m
                [36m<option[39m
                  [33mvalue[39m=[32m"tester"[39m
                [36m>[39m
                  [0mTester[0m
                [36m</option>[39m
                [36m<option[39m
                  [33mvalue[39m=[32m"business-analyst"[39m
                [36m>[39m
                  [0mBusiness Analyst[0m
                [36m</option>[39m
                [36m<option[39m
                  [33mvalue[39m=[32m"product-owner"[39m
                [36m>[39m
                  [0mProduct Owner[0m
                [36m</option>[39m
                [36m<option[39m
                  [33mvalue[39m=[32m"scrum-master"[39m
                [36m>[39m
                  [0mScrum Master[0m
                [36m</option>[39m
                [36m<option[39m
                  [33mvalue[39m=[32m"other"[39m
                [36m>[39m
                  [0mOther[0m
                [36m</option>[39m
              [36m</select>[39m
            [36m</div>[39m
          [36m</div>[39m
          [36m<div[39m
            [33mclass[39m=[32m"mt-4"[39m
          [36m>[39m
            [36m<label[39m
              [33mclass[39m=[32m"block text-sm font-medium text-gray-700 mb-2"[39m
            [36m>[39m
              [0mDescription *[0m
            [36m</label>[39m
            [36m<textarea[39m
              [33mclass[39m=[32m"w-full px-3 py-2 border rounded-md focus:outline-none focus:ring-2 focus:ring-blue-500 border-gray-300"[39m
              [33mplaceholder[39m=[32m"Describe the template and its intended use..."[39m
              [33mrows[39m=[32m"3"[39m
            [36m>[39m
              [0mA test template for testing purposes[0m
            [36m</textarea>[39m
          [36m</div>[39m
          [36m<div[39m
            [33mclass[39m=[32m"mt-4"[39m
          [36m>[39m
            [36m<label[39m
              [33mclass[39m=[32m"block text-sm font-medium text-gray-700 mb-2"[39m
            [36m>[39m
              [0mTags[0m
            [36m</label>[39m
            [36m<div[39m
              [33mclass[39m=[32m"flex gap-2 mb-2"[39m
            [36m>[39m
              [36m<input[39m
                [33mclass[39m=[32m"flex-1 px-3 py-2 border border-gray-300 rounded-md focus:outline-none focus:ring-2 focus:ring-blue-500"[39m
                [33mplaceholder[39m=[32m"Add a tag"[39m
                [33mtype[39m=[32m"text"[39m
                [33mvalue[39m=[32m""[39m
              [36m/>[39m
              [36m<button[39m
                [33mclass[39m=[32m"px-4 py-2 bg-green-500 text-white rounded-md hover:bg-green-600 disabled:bg-gray-300 disabled:cursor-not-allowed"[39m
                [33mdisabled[39m=[32m""[39m
                [33mtype[39m=[32m"button"[39m
              [36m>[39m
                [0mAdd[0m
              [36m</button>[39m
            [36m</div>[39m
            [36m<div[39m
              [33mclass[39m=[32m"flex flex-wrap gap-2"[39m
            [36m>[39m
              [36m<span[39m
                [33mclass[39m=[32m"inline-flex items-center px-3 py-1 bg-blue-100 text-blue-800 rounded-full text-sm"[39m
              [36m>[39m
                [0mtest[0m
                [36m<button[39m
                  [33mclass[39m=[32m"ml-2 text-blue-600 hover:text-blue-800"[39m
                  [33mtype[39m=[32m"button"[39m
                [36m>[39m
                  [0m×[0m
                [36m</button>[39m
              [36m</span>[39m
              [36m<span[39m
                [33mclass[39m=[32m"inline-flex items-center px-3 py-1 bg-blue-100 text-blue-800 rounded-full text-sm"[39m
              [36m>[39m
                [0mtemplate[0m
                [36m<button[39m
                  [33mclass[39m=[32m"ml-2 text-blue-600 hover:text-blue-800"[39m
             ...
 ❯ src/client/components/Personas/PersonaForm.test.tsx (19 tests | 12 failed) 11231ms
   × PersonaForm > renders the form with all required fields 67ms
     → Found a label with the text of: /Persona Name/, however no form control was found associated to that label. Make sure you're using the "for" attribute or "aria-labelledby" attribute correctly.

Ignored nodes: comments, script, style
[36m<body>[39m
  [36m<div>[39m
    [36m<div[39m
      [33mclass[39m=[32m"max-w-4xl mx-auto p-6 bg-white rounded-lg shadow-lg"[39m
    [36m>[39m
      [36m<h2[39m
        [33mclass[39m=[32m"text-2xl font-bold mb-6 text-gray-800"[39m
      [36m>[39m
        [0mCreate New Persona[0m
      [36m</h2>[39m
      [36m<form[39m
        [33mclass[39m=[32m"space-y-6"[39m
      [36m>[39m
        [36m<div[39m
          [33mclass[39m=[32m"grid grid-cols-1 md:grid-cols-2 gap-6"[39m
        [36m>[39m
          [36m<div>[39m
            [36m<label[39m
              [33mclass[39m=[32m"block text-sm font-medium text-gray-700 mb-2"[39m
            [36m>[39m
              [0mPersona Name *[0m
            [36m</label>[39m
            [36m<input[39m
              [33mclass[39m=[32m"w-full px-3 py-2 border rounded-md focus:outline-none focus:ring-2 focus:ring-blue-500 border-gray-300"[39m
              [33mplaceholder[39m=[32m"Enter persona name"[39m
              [33mtype[39m=[32m"text"[39m
              [33mvalue[39m=[32m""[39m
            [36m/>[39m
          [36m</div>[39m
          [36m<div>[39m
            [36m<label[39m
              [33mclass[39m=[32m"block text-sm font-medium text-gray-700 mb-2"[39m
            [36m>[39m
              [0mProject *[0m
            [36m</label>[39m
            [36m<select[39m
              [33mclass[39m=[32m"w-full px-3 py-2 border rounded-md focus:outline-none focus:ring-2 focus:ring-blue-500 border-gray-300"[39m
              [33mdisabled[39m=[32m""[39m
            [36m>[39m
              [36m<option[39m
                [33mvalue[39m=[32m""[39m
              [36m>[39m
                [0mSelect a project[0m
              [36m</option>[39m
            [36m</select>[39m
          [36m</div>[39m
        [36m</div>[39m
        [36m<div>[39m
          [36m<label[39m
            [33mclass[39m=[32m"block text-sm font-medium text-gray-700 mb-2"[39m
          [36m>[39m
            [0mRole *[0m
          [36m</label>[39m
          [36m<input[39m
            [33mclass[39m=[32m"w-full px-3 py-2 border rounded-md focus:outline-none focus:ring-2 focus:ring-blue-500 border-gray-300"[39m
            [33mplaceholder[39m=[32m"e.g., Product Manager, UX Designer, Developer"[39m
            [33mtype[39m=[32m"text"[39m
            [33mvalue[39m=[32m""[39m
          [36m/>[39m
        [36m</div>[39m
        [36m<div>[39m
          [36m<label[39m
            [33mclass[39m=[32m"block text-sm font-medium text-gray-700 mb-2"[39m
          [36m>[39m
            [0mBackground *[0m
          [36m</label>[39m
          [36m<textarea[39m
            [33mclass[39m=[32m"w-full px-3 py-2 border rounded-md focus:outline-none focus:ring-2 focus:ring-blue-500 border-gray-300"[39m
            [33mplaceholder[39m=[32m"Describe the persona's background, experience, and context..."[39m
            [33mrows[39m=[32m"4"[39m
          [36m/>[39m
        [36m</div>[39m
        [36m<div>[39m
          [36m<label[39m
            [33mclass[39m=[32m"block text-sm font-medium text-gray-700 mb-2"[39m
          [36m>[39m
            [0mPersonality Traits * (3-10 traits)[0m
          [36m</label>[39m
          [36m<div[39m
            [33mclass[39m=[32m"flex gap-2 mb-2"[39m
          [36m>[39m
            [36m<input[39m
              [33mclass[39m=[32m"flex-1 px-3 py-2 border border-gray-300 rounded-md focus:outline-none focus:ring-2 focus:ring-blue-500"[39m
              [33mplaceholder[39m=[32m"Add a personality trait"[39m
              [33mtype[39m=[32m"text"[39m
              [33mvalue[39m=[32m""[39m
            [36m/>[39m
            [36m<button[39m
              [33mclass[39m=[32m"px-4 py-2 bg-green-500 text-white rounded-md hover:bg-green-600 disabled:bg-gray-300 disabled:cursor-not-allowed"[39m
              [33mdisabled[39m=[32m""[39m
              [33mtype[39m=[32m"button"[39m
            [36m>[39m
              [0mAdd[0m
            [36m</button>[39m
          [36m</div>[39m
          [36m<div[39m
            [33mclass[39m=[32m"flex flex-wrap gap-2"[39m
          [36m/>[39m
        [36m</div>[39m
        [36m<div[39m
          [33mclass[39m=[32m"grid grid-cols-1 md:grid-cols-2 gap-6"[39m
        [36m>[39m
          [36m<div>[39m
            [36m<label[39m
              [33mclass[39m=[32m"block text-sm font-medium text-gray-700 mb-2"[39m
            [36m>[39m
              [0mCommunication Style[0m
            [36m</label>[39m
            [36m<select[39m
              [33mclass[39m=[32m"w-full px-3 py-2 border border-gray-300 rounded-md focus:outline-none focus:ring-2 focus:ring-blue-500"[39m
            [36m>[39m
              [36m<option[39m
                [33mvalue[39m=[32m"formal"[39m
              [36m>[39m
                [0mFormal[0m
              [36m</option>[39m
              [36m<option[39m
                [33mvalue[39m=[32m"casual"[39m
              [36m>[39m
                [0mCasual[0m
              [36m</option>[39m
              [36m<option[39m
                [33mvalue[39m=[32m"technical"[39m
              [36m>[39m
                [0mTechnical[0m
              [36m</option>[39m
              [36m<option[39m
                [33mvalue[39m=[32m"collaborative"[39m
              [36m>[39m
                [0mCollaborative[0m
              [36m</option>[39m
              [36m<option[39m
                [33mvalue[39m=[32m"authoritative"[39m
              [36m>[39m
                [0mAuthoritative[0m
              [36m</option>[39m
              [36m<option[39m
                [33mvalue[39m=[32m"supportive"[39m
              [36m>[39m
                [0mSupportive[0m
              [36m</option>[39m
            [36m</select>[39m
          [36m</div>[39m
          [36m<div>[39m
            [36m<label[39m
              [33mclass[39m=[32m"block text-sm font-medium text-gray-700 mb-2"[39m
            [36m>[39m
              [0mDecision Making Style[0m
            [36m</label>[39m
            [36m<select[39m
              [33mclass[39m=[32m"w-full px-3 py-2 border border-gray-300 rounded-md focus:outline-none focus:ring-2 focus:ring-blue-500"[39m
            [36m>[39m
              [36m<option[39m
                [33mvalue[39m=[32m"analytical"[39m
              [36m>[39m
                [0mAnalytical[0m
              [36m</option>[39m
              [36m<option[39m
                [33mvalue[39m=[32m"intuitive"[39m
              [36m>[39m
                [0mIntuitive[0m
              [36m</option>[39m
              [36m<option[39m
                [33mvalue[39m=[32m"consensus-driven"[39m
              [36m>[39m
                [0mConsensus-driven[0m
              [36m</option>[39m
              [36m<option[39m
                [33mvalue[39m=[32m"authoritative"[39m
              [36m>[39m
                [0mAuthoritative[0m
              [36m</option>[39m
              [36m<option[39m
                [33mvalue[39m=[32m"risk-averse"[39m
              [36m>[39m
                [0mRisk-averse[0m
              [36m</option>[39m
              [36m<option[39m
                [33mvalue[39m=[32m"risk-taking"[39m
              [36m>[39m
                [0mRisk-taking[0m
              [36m</option>[39m
            [36m</select>[39m
          [36m</div>[39m
        [36m</div>[39m
        [36m<div>[39m
          [36m<label[39m
            [33mclass[39m=[32m"block text-sm font-medium text-gray-700 mb-2"[39m
          [36m>[39m
            [0mPriorities * (2-8 priorities)[0m
          [36m</label>[39m
          [36m<div[39m
            [33mclass[39m=[32m"flex gap-2 mb-2"[39m
          [36m>[39m
            [36m<input[39m
              [33mclass[39m=[32m"flex-1 px-3 py-2 border border-gray-300 rounded-md focus:outline-none focus:ring-2 focus:ring-blue-500"[39m
              [33mplaceholder[39m=[32m"Add a priority"[39m
              [33mtype[39m=[32m"text"[39m
              [33mvalue[39m=[32m""[39m
            [36m/>[39m
            [36m<button[39m
              [33mclass[39m=[32m"px-4 py-2 bg-green-500 text-white rounded-md hover:bg-green-600 disabled:bg-gray-300 disabled:cursor-not-allowed"[39m
              [33mdisabled[39m=[32m""[39m
              [33mtype[39m=[32m"button"[39m
            [36m>[39m
              [0mAdd[0m
            [36m</button>[39m
          [36m</div>[39m
          [36m<div[39m
            [33mclass[39m=[32m"flex flex-wrap gap-2"[39m
          [36m/>[39m
        [36m</div>[39m
        [36m<div>[39m
          [36m<label[39m
            [33mclass[39m=[32m"block text-sm font-medium text-gray-700 mb-2"[39m
          [36m>[39m
            [0mGoals * (1-5 goals)[0m
          [36m</label>[39m
          [36m<div[39m
            [33mclass[39m=[32m"flex gap-2 mb-2"[39m
          [36m>[39m
            [36m<input[39m
              [33mclass[39m=[32m"flex-1 px-3 py-2 border border-gray-300 rounded-md focus:outline-none focus:ring-2 focus:ring-blue-500"[39m
              [33mplaceholder[39m=[32m"Add a goal"[39m
              [33mtype[39m=[32m"text"[39m
              [33mvalue[39m=[32m""[39m
            [36m/>[39m
            [36m<button[39m
              [33mclass[39m=[32m"px-4 py-2 bg-green-500 text-white rounded-md hover:bg-green-600 disabled:bg-gray-300 disabled:cursor-not-allowed"[39m
              [33mdisabled[39m=[32m""[39m
              [33mtype[39m=[32m"button"[39m
            [36m>[39m
              [0mAdd[0m
            [36m</button>[39m
          [36m</div>[39m
          [36m<div[39m
            [33mclass[39m=[32m"flex flex-wrap gap-2"[39m
          [36m/>[39m
        [36m</div>[39m
        [36m<div[39m
          [33mclass[39m=[32m"bg-gray-50 p-4 rounded-lg"[39m
        [36m>[39m
          [36m<h3[39m
            [33mclass[39m=[32m"text-lg font-semibold text-gray-800 mb-3"[39m
          [36m>[39m
            [0mAI Configuration[0m
          [36m</h3>[39m
          [36m<div[39m
            [33mclass[39m=[32m"grid grid-cols-1 md:grid-cols-2 gap-4 mb-4"[39m
          [36m>[39m
            [36m<div>[39m
              [36m<label[39m
                [33mclass[39m=[32m"block text-sm font-medium text-gray-700 mb-2"[39m
              [36m>[39m
                [0mAI Model[0m
              [36m</label>[39m
              [36m<select[39m
                [33mclass[39m=[32m"w-full px-3 py-2 border border-gray-300 rounded-md focus:outline-none focus:ring-2 focus:ring-blue-500"[39m
              [36m>[39m
                [36m<option[39m
                  [33mvalue[39m=[32m"gpt-4"[39m
                [36m>[39m
                  [0mGPT-4[0m
                [36m</option>[39m
                [36m<option[39m
                  [33mvalue[39m=[32m"gpt-3.5-turbo"[39m
                [36m>[39m
                  [0mGPT-3.5 Turbo[0m
                [36m</option>[39m
                [36m<option[39m
                  [33mvalue[39m=[32m"claude-3"[39m
                [36m>[39m
                  [0mClaude-3[0m
                [36m</option>[39m
                [36m<option[39m
                  [33mvalue[39m=[32m"claude-2"[39m
                [36m>[39m
                  [0mClaude-2[0m
                [36m</option>[39m
              [36m</select>[39m
            [36m</div>[39m
            [36m<div>[39m
              [36m<label[39m
                [33mclass[39m=[32m"block text-sm font-medium text-gray-700 mb-2"[39m
              [36m>[39m
                [0mTemperature: [0m
                [0m0.7[0m
              [36m</label>[39m
              [36m<input[39m
                [33mclass[39m=[32m"w-full"[39m
                [33mmax[39m=[32m"2"[39m
                [33mmin[39m=[32m"0"[39m
                [33mstep[39m=[32m"0.1"[39m
                [33mtype[39m=[32m"range"[39m
                [33mvalue[39m=[32m"0.7"[39m
              [36m/>[39m
              [36m<div[39m
                [33mclass[39m=[32m"flex justify-between text-xs text-gray-500"[39m
              [36m>[39m
                [36m<span>[39m
                  [0mFocused[0m
                [36m</span>[39m
                [36m<span>[39m
                  [0mCreative[0m
                [36m</span>[39m
              [36m</div>[39m
            [36m</div>[39m
          [36m</div>[39m
          [36m<div>[39m
            [36m<label[39m
              [33mclass[39m=[32m"block text-sm font-medium text-gray-700 mb-2"[39m
            [36m>[39m
              [0mSystem Prompt *[0m
            [36m</label>[39m
            [36m<div[39m
              [33mclass[39m=[32m"flex gap-2 mb-2"[39m
            [36m>[39m
              [36m<button[39m
                [33mclass[39m=[32m"px-3 py-1 bg-blue-500 text-white text-sm rounded hover:bg-blue-600 transition-colors"[39m
                [33mtype[39m=[32m"button"[39m
              [36m>[39m
                [0mAuto-Generate[0m
              [36m</button>[39m
            [36m</div>[39m
            [36m<textarea[39m
              [33mclass[39m=[32m"w-full px-3 py-2 border rounded-md focus:outline-none focus:ring-2 focus:ring-blue-500 border-gray-300"[39m
              [33mplaceholder[39m=[32m"Enter the system prompt that will guide the AI's responses..."[39m
              [33mrows[39m=[32m"6"[39m
            [36m/>[39m
          [36m</div>[39m
        [36m</div>[39m
        [36m<div[39m
          [33mclass[39m=[32m"bg-gray-50 p-4 rounded-lg"[39m
        [36m>[39m
          [36m<h3[39m
            [33mclass[39m=[32m"text-lg font-semibold text-gray-800 mb-3"[39m
          [36m>[39m
            [0mAvailability Settings[0m
          [36m</h3>[39m
          [36m<div[39m
            [33mclass[39m=[32m"grid grid-cols-1 md:grid-cols-3 gap-4"[39m
          [36m>[39m
            [36m<div>[39m
              [36m<label[39m
                [33mclass[39m=[32m"block text-sm font-medium text-gray-700 mb-2"[39m
              [36m>[39m
                [0mResponse Time (minutes)[0m
              [36m</label>[39m
              [36m<input[39m
                [33mclass[39m=[32m"w-full px-3 py-2 border border-gray-300 rounded-md focus:outline-none focus:ring-2 focus:ring-blue-500"[39m
                [33mmax[39m=[32m"1440"[39m
                [33mmin[39m=[32m"1"[39m
                [33mtype[39m=[32m"number"[39m
                [33mvalue[39m=[32m"5"[39m
              [36m/>[39m
            [36m</div>[39m
            [36m<div>[39m
              [36m<label[39m
                [33mclass[39m=[32m"block text-sm font-medium text-gray-700 mb-2"[39m
              [36m>[39m
                [0mStart Time[0m
              [36m</label>[39m
              [36m<input[39m
                [33mclass[39m=[32m"w-full px-3 py-2 border border-gray-300 rounded-md focus:outline-none focus:ring-2 focus:ring-blue-500"[39m
                [33mtype[39m=[32m"time"[39m
                [33mvalue[39m=[32m"09:00"[39m
              [36m/>[39m
            [36m</div>[39m
            [36m<div>[39m
              [36m<label[39m
                [33mclass[39m=[32m"block text-sm font-medium text-gray-700 mb-2"[39m
              [36m>[39m
                [0mEnd Time[0m
              [36m</label>[39m
              [36m<input[39m
                [33mclass[39m=[32m"w-full px-3 py-2 border border-gray-300 rounded-md focus:outline-none focus:ring-2 focus:ring-blue-500"[39m
                [33mtype[39m=[32m"time"[39m
                [33mvalue[39m=[32m"17:00"[39m
              [36m/>[39m
            [36m</div>[39m
          [36m</div>[39m
        [36m</div>[39m
        [36m<div[39m
          [33mclass[39m=[32m"flex justify-end gap-4 pt-6 border-t"[39m
        [36m>[39m
          [36m<button[39m
            [33mclass[39m=[32m"px-6 py-2 border border-gray-300 text-gray-700 rounded-md hover:bg-gray-50 transition-colors"[39m
            [33mtype[39m=[32m"button"[39m
          [36m>[39m
            [0mCancel[0m
          [36m</button>[39m
          [36m<button[39m
            [33mclass[39m=[32m"px-6 py-2 bg-blue-500 text-white rounded-md hover:bg-blue-600 disabled:bg-gray-300 disabled:cursor-not-allowed transition-colors"[39m
            [33mtype[39m=[32m"submit"[39m
          [36m>[39m
            [0mCreate Persona[0m
          [36m</button>[39m
        [36m</div>[39m
      [36m</form>[39m
    [36m</div>[39m
  [36m</div>[39m
[36m</body>[39m
   ✓ PersonaForm > loads projects on mount 10ms
   × PersonaForm > displays projects in the dropdown 1019ms
     → Found a label with the text of: /Project/, however no form control was found associated to that label. Make sure you're using the "for" attribute or "aria-labelledby" attribute correctly.

Ignored nodes: comments, script, style
[36m<body>[39m
  [36m<div>[39m
    [36m<div[39m
      [33mclass[39m=[32m"max-w-4xl mx-auto p-6 bg-white rounded-lg shadow-lg"[39m
    [36m>[39m
      [36m<h2[39m
        [33mclass[39m=[32m"text-2xl font-bold mb-6 text-gray-800"[39m
      [36m>[39m
        [0mCreate New Persona[0m
      [36m</h2>[39m
      [36m<form[39m
        [33mclass[39m=[32m"space-y-6"[39m
      [36m>[39m
        [36m<div[39m
          [33mclass[39m=[32m"grid grid-cols-1 md:grid-cols-2 gap-6"[39m
        [36m>[39m
          [36m<div>[39m
            [36m<label[39m
              [33mclass[39m=[32m"block text-sm font-medium text-gray-700 mb-2"[39m
            [36m>[39m
              [0mPersona Name *[0m
            [36m</label>[39m
            [36m<input[39m
              [33mclass[39m=[32m"w-full px-3 py-2 border rounded-md focus:outline-none focus:ring-2 focus:ring-blue-500 border-gray-300"[39m
              [33mplaceholder[39m=[32m"Enter persona name"[39m
              [33mtype[39m=[32m"text"[39m
              [33mvalue[39m=[32m""[39m
            [36m/>[39m
          [36m</div>[39m
          [36m<div>[39m
            [36m<label[39m
              [33mclass[39m=[32m"block text-sm font-medium text-gray-700 mb-2"[39m
            [36m>[39m
              [0mProject *[0m
            [36m</label>[39m
            [36m<select[39m
              [33mclass[39m=[32m"w-full px-3 py-2 border rounded-md focus:outline-none focus:ring-2 focus:ring-blue-500 border-gray-300"[39m
            [36m>[39m
              [36m<option[39m
                [33mvalue[39m=[32m""[39m
              [36m>[39m
                [0mSelect a project[0m
              [36m</option>[39m
              [36m<option[39m
                [33mvalue[39m=[32m"1"[39m
              [36m>[39m
                [0mTest Project 1[0m
                [0m - [0m
                [0mTechnology[0m
              [36m</option>[39m
              [36m<option[39m
                [33mvalue[39m=[32m"2"[39m
              [36m>[39m
                [0mTest Project 2[0m
                [0m - [0m
                [0mHealthcare[0m
              [36m</option>[39m
            [36m</select>[39m
          [36m</div>[39m
        [36m</div>[39m
        [36m<div>[39m
          [36m<label[39m
            [33mclass[39m=[32m"block text-sm font-medium text-gray-700 mb-2"[39m
          [36m>[39m
            [0mRole *[0m
          [36m</label>[39m
          [36m<input[39m
            [33mclass[39m=[32m"w-full px-3 py-2 border rounded-md focus:outline-none focus:ring-2 focus:ring-blue-500 border-gray-300"[39m
            [33mplaceholder[39m=[32m"e.g., Product Manager, UX Designer, Developer"[39m
            [33mtype[39m=[32m"text"[39m
            [33mvalue[39m=[32m""[39m
          [36m/>[39m
        [36m</div>[39m
        [36m<div>[39m
          [36m<label[39m
            [33mclass[39m=[32m"block text-sm font-medium text-gray-700 mb-2"[39m
          [36m>[39m
            [0mBackground *[0m
          [36m</label>[39m
          [36m<textarea[39m
            [33mclass[39m=[32m"w-full px-3 py-2 border rounded-md focus:outline-none focus:ring-2 focus:ring-blue-500 border-gray-300"[39m
            [33mplaceholder[39m=[32m"Describe the persona's background, experience, and context..."[39m
            [33mrows[39m=[32m"4"[39m
          [36m/>[39m
        [36m</div>[39m
        [36m<div>[39m
          [36m<label[39m
            [33mclass[39m=[32m"block text-sm font-medium text-gray-700 mb-2"[39m
          [36m>[39m
            [0mPersonality Traits * (3-10 traits)[0m
          [36m</label>[39m
          [36m<div[39m
            [33mclass[39m=[32m"flex gap-2 mb-2"[39m
          [36m>[39m
            [36m<input[39m
              [33mclass[39m=[32m"flex-1 px-3 py-2 border border-gray-300 rounded-md focus:outline-none focus:ring-2 focus:ring-blue-500"[39m
              [33mplaceholder[39m=[32m"Add a personality trait"[39m
              [33mtype[39m=[32m"text"[39m
              [33mvalue[39m=[32m""[39m
            [36m/>[39m
            [36m<button[39m
              [33mclass[39m=[32m"px-4 py-2 bg-green-500 text-white rounded-md hover:bg-green-600 disabled:bg-gray-300 disabled:cursor-not-allowed"[39m
              [33mdisabled[39m=[32m""[39m
              [33mtype[39m=[32m"button"[39m
            [36m>[39m
              [0mAdd[0m
            [36m</button>[39m
          [36m</div>[39m
          [36m<div[39m
            [33mclass[39m=[32m"flex flex-wrap gap-2"[39m
          [36m/>[39m
        [36m</div>[39m
        [36m<div[39m
          [33mclass[39m=[32m"grid grid-cols-1 md:grid-cols-2 gap-6"[39m
        [36m>[39m
          [36m<div>[39m
            [36m<label[39m
              [33mclass[39m=[32m"block text-sm font-medium text-gray-700 mb-2"[39m
            [36m>[39m
              [0mCommunication Style[0m
            [36m</label>[39m
            [36m<select[39m
              [33mclass[39m=[32m"w-full px-3 py-2 border border-gray-300 rounded-md focus:outline-none focus:ring-2 focus:ring-blue-500"[39m
            [36m>[39m
              [36m<option[39m
                [33mvalue[39m=[32m"formal"[39m
              [36m>[39m
                [0mFormal[0m
              [36m</option>[39m
              [36m<option[39m
                [33mvalue[39m=[32m"casual"[39m
              [36m>[39m
                [0mCasual[0m
              [36m</option>[39m
              [36m<option[39m
                [33mvalue[39m=[32m"technical"[39m
              [36m>[39m
                [0mTechnical[0m
              [36m</option>[39m
              [36m<option[39m
                [33mvalue[39m=[32m"collaborative"[39m
              [36m>[39m
                [0mCollaborative[0m
              [36m</option>[39m
              [36m<option[39m
                [33mvalue[39m=[32m"authoritative"[39m
              [36m>[39m
                [0mAuthoritative[0m
              [36m</option>[39m
              [36m<option[39m
                [33mvalue[39m=[32m"supportive"[39m
              [36m>[39m
                [0mSupportive[0m
              [36m</option>[39m
            [36m</select>[39m
          [36m</div>[39m
          [36m<div>[39m
            [36m<label[39m
              [33mclass[39m=[32m"block text-sm font-medium text-gray-700 mb-2"[39m
            [36m>[39m
              [0mDecision Making Style[0m
            [36m</label>[39m
            [36m<select[39m
              [33mclass[39m=[32m"w-full px-3 py-2 border border-gray-300 rounded-md focus:outline-none focus:ring-2 focus:ring-blue-500"[39m
            [36m>[39m
              [36m<option[39m
                [33mvalue[39m=[32m"analytical"[39m
              [36m>[39m
                [0mAnalytical[0m
              [36m</option>[39m
              [36m<option[39m
                [33mvalue[39m=[32m"intuitive"[39m
              [36m>[39m
                [0mIntuitive[0m
              [36m</option>[39m
              [36m<option[39m
                [33mvalue[39m=[32m"consensus-driven"[39m
              [36m>[39m
                [0mConsensus-driven[0m
              [36m</option>[39m
              [36m<option[39m
                [33mvalue[39m=[32m"authoritative"[39m
              [36m>[39m
                [0mAuthoritative[0m
              [36m</option>[39m
              [36m<option[39m
                [33mvalue[39m=[32m"risk-averse"[39m
              [36m>[39m
                [0mRisk-averse[0m
              [36m</option>[39m
              [36m<option[39m
                [33mvalue[39m=[32m"risk-taking"[39m
              [36m>[39m
                [0mRisk-taking[0m
              [36m</option>[39m
            [36m</select>[39m
          [36m</div>[39m
        [36m</div>[39m
        [36m<div>[39m
          [36m<label[39m
            [33mclass[39m=[32m"block text-sm font-medium text-gray-700 mb-2"[39m
          [36m>[39m
            [0mPriorities * (2-8 priorities)[0m
          [36m</label>[39m
          [36m<div[39m
            [33mclass[39m=[32m"flex gap-2 mb-2"[39m
          [36m>[39m
            [36m<input[39m
              [33mclass[39m=[32m"flex-1 px-3 py-2 border border-gray-300 rounded-md focus:outline-none focus:ring-2 focus:ring-blue-500"[39m
              [33mplaceholder[39m=[32m"Add a priority"[39m
              [33mtype[39m=[32m"text"[39m
              [33mvalue[39m=[32m""[39m
            [36m/>[39m
            [36m<button[39m
              [33mclass[39m=[32m"px-4 py-2 bg-green-500 text-white rounded-md hover:bg-green-600 disabled:bg-gray-300 disabled:cursor-not-allowed"[39m
              [33mdisabled[39m=[32m""[39m
              [33mtype[39m=[32m"button"[39m
            [36m>[39m
              [0mAdd[0m
            [36m</button>[39m
          [36m</div>[39m
          [36m<div[39m
            [33mclass[39m=[32m"flex flex-wrap gap-2"[39m
          [36m/>[39m
        [36m</div>[39m
        [36m<div>[39m
          [36m<label[39m
            [33mclass[39m=[32m"block text-sm font-medium text-gray-700 mb-2"[39m
          [36m>[39m
            [0mGoals * (1-5 goals)[0m
          [36m</label>[39m
          [36m<div[39m
            [33mclass[39m=[32m"flex gap-2 mb-2"[39m
          [36m>[39m
            [36m<input[39m
              [33mclass[39m=[32m"flex-1 px-3 py-2 border border-gray-300 rounded-md focus:outline-none focus:ring-2 focus:ring-blue-500"[39m
              [33mplaceholder[39m=[32m"Add a goal"[39m
              [33mtype[39m=[32m"text"[39m
              [33mvalue[39m=[32m""[39m
            [36m/>[39m
            [36m<button[39m
              [33mclass[39m=[32m"px-4 py-2 bg-green-500 text-white rounded-md hover:bg-green-600 disabled:bg-gray-300 disabled:cursor-not-allowed"[39m
              [33mdisabled[39m=[32m""[39m
              [33mtype[39m=[32m"button"[39m
            [36m>[39m
              [0mAdd[0m
            [36m</button>[39m
          [36m</div>[39m
          [36m<div[39m
            [33mclass[39m=[32m"flex flex-wrap gap-2"[39m
          [36m/>[39m
        [36m</div>[39m
        [36m<div[39m
          [33mclass[39m=[32m"bg-gray-50 p-4 rounded-lg"[39m
        [36m>[39m
          [36m<h3[39m
            [33mclass[39m=[32m"text-lg font-semibold text-gray-800 mb-3"[39m
          [36m>[39m
            [0mAI Configuration[0m
          [36m</h3>[39m
          [36m<div[39m
            [33mclass[39m=[32m"grid grid-cols-1 md:grid-cols-2 gap-4 mb-4"[39m
          [36m>[39m
            [36m<div>[39m
              [36m<label[39m
                [33mclass[39m=[32m"block text-sm font-medium text-gray-700 mb-2"[39m
              [36m>[39m
                [0mAI Model[0m
              [36m</label>[39m
              [36m<select[39m
                [33mclass[39m=[32m"w-full px-3 py-2 border border-gray-300 rounded-md focus:outline-none focus:ring-2 focus:ring-blue-500"[39m
              [36m>[39m
                [36m<option[39m
                  [33mvalue[39m=[32m"gpt-4"[39m
                [36m>[39m
                  [0mGPT-4[0m
                [36m</option>[39m
                [36m<option[39m
                  [33mvalue[39m=[32m"gpt-3.5-turbo"[39m
                [36m>[39m
                  [0mGPT-3.5 Turbo[0m
                [36m</option>[39m
                [36m<option[39m
                  [33mvalue[39m=[32m"claude-3"[39m
                [36m>[39m
                  [0mClaude-3[0m
                [36m</option>[39m
                [36m<option[39m
                  [33mvalue[39m=[32m"claude-2"[39m
                [36m>[39m
                  [0mClaude-2[0m
                [36m</option>[39m
              [36m</select>[39m
            [36m</div>[39m
            [36m<div>[39m
              [36m<label[39m
                [33mclass[39m=[32m"block text-sm font-medium text-gray-700 mb-2"[39m
              [36m>[39m
                [0mTemperature: [0m
                [0m0.7[0m
              [36m</label>[39m
              [36m<input[39m
                [33mclass[39m=[32m"w-full"[39m
                [33mmax[39m=[32m"2"[39m
                [33mmin[39m=[32m"0"[39m
                [33mstep[39m=[32m"0.1"[39m
                [33mtype[39m=[32m"range"[39m
                [33mvalue[39m=[32m"0.7"[39m
              [36m/>[39m
              [36m<div[39m
                [33mclass[39m=[32m"flex justify-between text-xs text-gray-500"[39m
              [36m>[39m
                [36m<span>[39m
                  [0mFocused[0m
                [36m</span>[39m
                [36m<span>[39m
                  [0mCreative[0m
                [36m</span>[39m
              [36m</div>[39m
            [36m</div>[39m
          [36m</div>[39m
          [36m<div>[39m
            [36m<label[39m
              [33mclass[39m=[32m"block text-sm font-medium text-gray-700 mb-2"[39m
            [36m>[39m
              [0mSystem Prompt *[0m
            [36m</label>[39m
            [36m<div[39m
              [33mclass[39m=[32m"flex gap-2 mb-2"[39m
            [36m>[39m
              [36m<button[39m
                [33mclass[39m=[32m"px-3 py-1 bg-blue-500 text-white text-sm rounded hover:bg-blue-600 transition-colors"[39m
                [33mtype[39m=[32m"button"[39m
              [36m>[39m
                [0mAuto-Generate[0m
              [36m</button>[39m
            [36m</div>[39m
            [36m<textarea[39m
              [33mclass[39m=[32m"w-full px-3 py-2 border rounded-md focus:outline-none focus:ring-2 focus:ring-blue-500 border-gray-300"[39m
              [33mplaceholder[39m=[32m"Enter the system prompt that will guide the AI's responses..."[39m
              [33mrows[39m=[32m"6"[39m
            [36m/>[39m
          [36m</div>[39m
        [36m</div>[39m
        [36m<div[39m
          [33mclass[39m=[32m"bg-gray-50 p-4 rounded-lg"[39m
        [36m>[39m
          [36m<h3[39m
            [33mclass[39m=[32m"text-lg font-semibold text-gray-800 mb-3"[39m
          [36m>[39m
            [0mAvailability Settings[0m
          [36m</h3>[39m
          [36m<div[39m
            [33mclass[39m=[32m"grid grid-cols-1 md:grid-cols-3 gap-4"[39m
          [36m>[39m
            [36m<div>[39m
              [36m<label[39m
                [33mclass[39m=[32m"block text-sm font-medium text-gray-700 mb-2"[39m
              [36m>[39m
                [0mResponse Time (minutes)[0m
              [36m</label>[39m
              [36m<input[39m
                [33mclass[39m=[32m"w-full px-3 py-2 border border-gray-300 rounded-md focus:outline-none focus:ring-2 focus:ring-blue-500"[39m
                [33mmax[39m=[32m"1440"[39m
                [33mmin[39m=[32m"1"[39m
                [33mtype[39m=[32m"number"[39m
                [33mvalue[39m=[32m"5"[39m
              [36m/>[39m
            [36m</div>[39m
            [36m<div>[39m
              [36m<label[39m
                [33mclass[39m=[32m"block text-sm font-medium text-gray-700 mb-2"[39m
              [36m>[39m
                [0mStart Time[0m
              [36m</label>[39m
              [36m<input[39m
                [33mclass[39m=[32m"w-full px-3 py-2 border border-gray-300 rounded-md focus:outline-none focus:ring-2 focus:ring-blue-500"[39m
                [33mtype[39m=[32m"time"[39m
                [33mvalue[39m=[32m"09:00"[39m
              [36m/>[39m
            [36m</div>[39m
            [36m<div>[39m
              [36m<label[39m
                [33mclass[39m=[32m"block text-sm font-medium text-gray-700 mb-2"[39m
              [36m>[39m
                [0mEnd Time[0m
              [36m</label>[39m
              [36m<input[39m
                [33mclass[39m=[32m"w-full px-3 py-2 border border-gray-300 rounded-md focus:outline-none focus:ring-2 focus:ring-blue-500"[39m
                [33mtype[39m=[32m"time"[39m
                [33mvalue[39m=[32m"17:00"[39m
              [36m/>[39m
            [36m</div>[39m
          [36m</div>[39m
        [36m</div>[39m
        [36m<div[39m
          [33mclass[39m=[32m"flex justify-end gap-4 pt-6 border-t"[39m
        [36m>[39m
          [36m<button[39m
            [33mclass[39m=[32m"px-6 py-2 border border-gray-300 text-gray-700 rounded-md hover:bg-gray-50 transition-colors"[39m
            [33mtype[39m=[32m"button"[39m
          [36m>[39m
            [0mCancel[0m
          [36m</button>[39m
          [36m<button[39m
            [33mclass[39m=[32m"px-6 py-2 bg-blue-500 text-white rounded-md hover:bg-blue-600 disabled:bg-gray-300 disabled:cursor-not-allowed transition-colors"[39m
            [33mtype[39m=[32m"submit"[39m
          [36m>[39m
            [0mCreate Persona[0m
          [36m</button>[39m
        [36m</div>[39m
      [36m</form>[39m
    [36m</div>[39m
  [36m</div>[39m
[36m</body>[39m

Ignored nodes: comments, script, style
[36m<html>[39m
  [36m<head />[39m
  [36m<body>[39m
    [36m<div>[39m
      [36m<div[39m
        [33mclass[39m=[32m"max-w-4xl mx-auto p-6 bg-white rounded-lg shadow-lg"[39m
      [36m>[39m
        [36m<h2[39m
          [33mclass[39m=[32m"text-2xl font-bold mb-6 text-gray-800"[39m
        [36m>[39m
          [0mCreate New Persona[0m
        [36m</h2>[39m
        [36m<form[39m
          [33mclass[39m=[32m"space-y-6"[39m
        [36m>[39m
          [36m<div[39m
            [33mclass[39m=[32m"grid grid-cols-1 md:grid-cols-2 gap-6"[39m
          [36m>[39m
            [36m<div>[39m
              [36m<label[39m
                [33mclass[39m=[32m"block text-sm font-medium text-gray-700 mb-2"[39m
              [36m>[39m
                [0mPersona Name *[0m
              [36m</label>[39m
              [36m<input[39m
                [33mclass[39m=[32m"w-full px-3 py-2 border rounded-md focus:outline-none focus:ring-2 focus:ring-blue-500 border-gray-300"[39m
                [33mplaceholder[39m=[32m"Enter persona name"[39m
                [33mtype[39m=[32m"text"[39m
                [33mvalue[39m=[32m""[39m
              [36m/>[39m
            [36m</div>[39m
            [36m<div>[39m
              [36m<label[39m
                [33mclass[39m=[32m"block text-sm font-medium text-gray-700 mb-2"[39m
              [36m>[39m
                [0mProject *[0m
              [36m</label>[39m
              [36m<select[39m
                [33mclass[39m=[32m"w-full px-3 py-2 border rounded-md focus:outline-none focus:ring-2 focus:ring-blue-500 border-gray-300"[39m
              [36m>[39m
                [36m<option[39m
                  [33mvalue[39m=[32m""[39m
                [36m>[39m
                  [0mSelect a project[0m
                [36m</option>[39m
                [36m<option[39m
                  [33mvalue[39m=[32m"1"[39m
                [36m>[39m
                  [0mTest Project 1[0m
                  [0m - [0m
                  [0mTechnology[0m
                [36m</option>[39m
                [36m<option[39m
                  [33mvalue[39m=[32m"2"[39m
                [36m>[39m
                  [0mTest Project 2[0m
                  [0m - [0m
                  [0mHealthcare[0m
                [36m</option>[39m
              [36m</select>[39m
            [36m</div>[39m
          [36m</div>[39m
          [36m<div>[39m
            [36m<label[39m
              [33mclass[39m=[32m"block text-sm font-medium text-gray-700 mb-2"[39m
            [36m>[39m
              [0mRole *[0m
            [36m</label>[39m
            [36m<input[39m
              [33mclass[39m=[32m"w-full px-3 py-2 border rounded-md focus:outline-none focus:ring-2 focus:ring-blue-500 border-gray-300"[39m
              [33mplaceholder[39m=[32m"e.g., Product Manager, UX Designer, Developer"[39m
              [33mtype[39m=[32m"text"[39m
              [33mvalue[39m=[32m""[39m
            [36m/>[39m
          [36m</div>[39m
          [36m<div>[39m
            [36m<label[39m
              [33mclass[39m=[32m"block text-sm font-medium text-gray-700 mb-2"[39m
            [36m>[39m
              [0mBackground *[0m
            [36m</label>[39m
            [36m<textarea[39m
              [33mclass[39m=[32m"w-full px-3 py-2 border rounded-md focus:outline-none focus:ring-2 focus:ring-blue-500 border-gray-300"[39m
              [33mplaceholder[39m=[32m"Describe the persona's background, experience, and context..."[39m
              [33mrows[39m=[32m"4"[39m
            [36m/>[39m
          [36m</div>[39m
          [36m<div>[39m
            [36m<label[39m
              [33mclass[39m=[32m"block text-sm font-medium text-gray-700 mb-2"[39m
            [36m>[39m
              [0mPersonality Traits * (3-10 traits)[0m
            [36m</label>[39m
            [36m<div[39m
              [33mclass[39m=[32m"flex gap-2 mb-2"[39m
            [36m>[39m
              [36m<input[39m
                [33mclass[39m=[32m"flex-1 px-3 py-2 border border-gray-300 rounded-md focus:outline-none focus:ring-2 focus:ring-blue-500"[39m
                [33mplaceholder[39m=[32m"Add a personality trait"[39m
                [33mtype[39m=[32m"text"[39m
                [33mvalue[39m=[32m""[39m
              [36m/>[39m
              [36m<button[39m
                [33mclass[39m=[32m"px-4 py-2 bg-green-500 text-white rounded-md hover:bg-green-600 disabled:bg-gray-300 disabled:cursor-not-allowed"[39m
                [33mdisabled[39m=[32m""[39m
                [33mtype[39m=[32m"button"[39m
              [36m>[39m
                [0mAdd[0m
              [36m</button>[39m
            [36m</div>[39m
            [36m<div[39m
              [33mclass[39m=[32m"flex flex-wrap gap-2"[39m
            [36m/>[39m
          [36m</div>[39m
          [36m<div[39m
            [33mclass[39m=[32m"grid grid-cols-1 md:grid-cols-2 gap-6"[39m
          [36m>[39m
            [36m<div>[39m
              [36m<label[39m
                [33mclass[39m=[32m"block text-sm font-medium text-gray-700 mb-2"[39m
              [36m>[39m
                [0mCommunication Style[0m
              [36m</label>[39m
              [36m<select[39m
                [33mclass[39m=[32m"w-full px-3 py-2 border border-gray-300 rounded-md focus:outline-none focus:ring-2 focus:ring-blue-500"[39m
              [36m>[39m
                [36m<option[39m
                  [33mvalue[39m=[32m"formal"[39m
                [36m>[39m
                  [0mFormal[0m
                [36m</option>[39m
                [36m<option[39m
                  [33mvalue[39m=[32m"casual"[39m
                [36m>[39m
                  [0mCasual[0m
                [36m</option>[39m
                [36m<option[39m
                  [33mvalue[39m=[32m"technical"[39m
                [36m>[39m
                  [0mTechnical[0m
                [36m</option>[39m
                [36m<option[39m
                  [33mvalue[39m=[32m"collaborative"[39m
                [36m>[39m
                  [0mCollaborative[0m
                [36m</option>[39m
                [36m<option[39m
                  [33mvalue[39m=[32m"authoritative"[39m
                [36m>[39m
                  [0mAuthoritative[0m
                [36m</option>[39m
                [36m<option[39m
                  [33mvalue[39m=[32m"supportive"[39m
                [36m>[39m
                  [0mSupportive[0m
                [36m</option>[39m
              [36m</select>[39m
            [36m</div>[39m
            [36m<div>[39m
              [36m<label[39m
                [33mclass[39m=[32m"block text-sm font-medium text-gray-700 mb-2"[39m
              [36m>[39m
                [0mDecision Making Style[0m
              [36m</label>[39m
              [36m<select[39m
                [33mclass[39m=[32m"w-full px-3 py-2 border border-gray-300 rounded-md focus:outline-none focus:ring-2 focus:ring-blue-500"[39m
              [36m>[39m
                [36m<option[39m
                  [33mvalue[39m=[32m"analytical"[39m
                [36m>[39m
                  [0mAnalytical[0m
                [36m</option>[39m
                [36m<option[39m
                  [33mvalue[39m=[32m"intuitive"[39m
                [36m>[39m
                  [0mIntuitive[0m
                [36m</option>[39m
                [36m<option[39m
                  [33mvalue[39m=[32m"consensus-driven"[39m
                [36m>[39m
                  [0mConsensus-driven[0m
                [36m</option>[39m
                [36m<option[39m
                  [33mvalue[39m=[32m"authoritative"[39m
                [36m>[39m
                  [0mAuthoritative[0m
                [36m</option>[39m
                [36m<option[39m
                  [33mvalue[39m=[32m"risk-averse"[39m
                [36m>[39m
                  [0mRisk-averse[0m
                [36m</option>[39m
                [36m<option[39m
                  [33mvalue[39m=[32m"risk-taking"[39m
                [36m>[39m
                  [0mRisk-taking[0m
                [36m</option>[39m
              [36m</select>[39m
            [36m</div>[39m
          [36m</div>[39m
          [36m<div>[39m
            [36m<label[39m
              [33mclass[39m=[32m"block text-sm font-medium text-gray-700 mb-2"[39m
            [36m>[39m
              [0mPriorities * (2-8 priorities)[0m
            [36m</label>[39m
            [36m<div[39m
              [33mclass[39m=[32m"flex gap-2 mb-2"[39m
            [36m>[39m
              [36m<input[39m
                [33mclass[39m=[32m"flex-1 px-3 py-2 border border-gray-300 rounded-md focus:outline-none focus:ring-2 focus:ring-blue-500"[39m
                [33mplaceholder[39m=[32m"Add a priority"[39m
                [33mtype[39m=[32m"text"[39m
                [33mvalue[39m=[32m""[39m
              [36m/>[39m
              [36m<button[39m
                [33mclass[39m=[32m"px-4 py-2 bg-green-500 text-white rounded-md hover:bg-green-600 disabled:bg-gray-300 disabled:cursor-not-allowed"[39m
                [33mdisabled[39m=[32m""[39m
                [33mtype[39m=[32m"button"[39m
              [36m>[39m
                [0mAdd[0m
              [36m</button>[39m
            [36m</div>[39m
            [36m<div[39m
              [33mclass[39m=[32m"flex flex-wrap gap-2"[39m
            [36m/>[39m
          [36m</div>[39m
          [36m<div>[39m
            [36m<label[39m
              [33mclass[39m=[32m"block text-sm font-medium text-gray-700 mb-2"[39m
            [36m>[39m
              [0mGoals * (1-5 goals)[0m
            [36m</label>[39m
            [36m<div[39m
              [33mclass[39m=[32m"flex gap-2 mb-2"[39m
            [36m>[39m
              [36m<input[39m
                [33mclass[39m=[32m"flex-1 px-3 py-2 border border-gray-300 rounded-md focus:outline-none focus:ring-2 focus:ring-blue-500"[39m
                [33mplaceholder[39m=[32m"Add a goal"[39m
                [33mtype[39m=[32m"text"[39m
                [33mvalue[39m=[32m""[39m
              [36m/>[39m
              [36m<button[39m
                [33mclass[39m=[32m"px-4 py-2 bg-green-500 text-white rounded-md hover:bg-green-600 disabled:bg-gray-300 disabled:cursor-not-allowed"[39m
                [33mdisabled[39m=[32m""[39m
                [33mtype[39m=[32m"button"[39m
              [36m>[39m
                [0mAdd[0m
              [36m</button>[39m
            [36m</div>[39m
            [36m<div[39m
              [33mclass[39m=[32m"flex flex-wrap gap-2"[39m
            [36m/>[39m
          [36m</div>[39m
          [36m<div[39m
            [33mclass[39m=[32m"bg-gray-50 p-4 rounded-lg"[39m
          [36m>[39m
            [36m<h3[39m
              [33mclass[39m=[32m"text-lg font-semibold text-gray-800 mb-3"[39m
            [36m>[39m
              [0mAI Configuration[0m
            [36m</h3>[39m
            [36m<div[39m
              [33mclass[39m=[32m"grid grid-cols-1 md:grid-cols-2 gap-4 mb-4"[39m
            [36m>[39m
              [36m<div>[39m
                [36m<label[39m
                  [33mclass[39m=[32m"block text-sm font-medium text-gray-700 mb-2"[39m
                [36m>[39m
                  [0mAI Model[0m
                [36m</label>[39m
                [36m<select[39m
                  [33mclass[39m=[32m"w-full px-3 py-2 border border-gray-300 rounded-md focus:outline-none focus:ring-2 focus:ring-blue-500"[39m
                [36m>[39m
                  [36m<option[39m
                    [33mvalue[39m=[32m"gpt-4"[39m
                  [36m>[39m
                    [0mGPT-4[0m
                  [36m</option>[39m
                  [36m<option[39m
                    [33mvalue[39m=[32m"gpt-3.5-turbo"[39m
                  [36m>[39m
                    [0mGPT-3.5 Turbo[0m
                  [36m</option>[39m
                  [36m<option[39m
                    [33mvalue[39m=[32m"claude-3"[39m
                  [36m>[39m
                    [0mClaude-3[0m
                  [36m</option>[39m
                  [36m<option[39m
                    [33mvalue[39m=[32m"claude-2"[39m
                  [36m>[39m
                    [0mClaude-2[0m
                  [36m</option>[39m
                [36m</select>[39m
              [36m</div>[39m
              [36m<div>[39m
                [36m<label[39m
                  [33mclass[39m=[32m"block text-sm font-medium text-gray-700 mb-2"[39m
                [36m>[39m
                  [0mTemperature: [0m
                  [0m0.7[0m
                [36m</label>[39m
                [36m<input[39m
                  [33mclass[39m=[32m"w-full"[39m
                  [33mmax[39m=[32m"2"[39m
                  [33mmin[39m=[32m"0"[39m
                  [33mstep[39m=[32m"0.1"[39m
                  [33mtype[39m=[32m"range"[39m
                  [33mvalue[39m=[32m"0.7"[39m
                [36m/>[39m
                [36m<div[39m
                  [33mclass[39m=[32m"flex justify-between text-xs text-gray-500"[39m
                [36m>[39m
                  [36m<span>[39m
                    [0mFocused[0m
                  [36m</span>[39m
                  [36m<span>[39m
                    [0mCreative[0m
                  [36m</span>[39m
                [36m</div>[39m
              [36m</div>[39m
            [36m</div>[39m
            [36m<div>[39m
              [36m<label[39m
                [33mclass[39m=[32m"block text-sm font-medium text-gray-700 mb-2"[39m
              [36m>[39m
                [0mSystem Prompt *[0m
              [36m</label>[39m
              [36m<div[39m
                [33mclass[39m=[32m"flex gap-2 mb-2"[39m
              [36m>[39m
                [36m<button[39m
                  [33mclass[39m=[32m"px-3 py-1 bg-blue-500 text-white text-sm rounded hover:bg-blue-600 transition-colors"[39m
                  [33mtype[39m=[32m"button"[39m
                [36m>[39m
                  [0mAuto-Generate[0m
                [36m</button>[39m
              [36m</div>[39m
              [36m<textarea[39m
                [33mclass[39m=[32m"w-full px-3 py-2 border rounded-md focus:outline-none focus:ring-2 focus:ring-blue-500 border-gray-300"[39m
                [33mplaceholder[39m=[32m"Enter the system prompt that will guide the AI's responses..."[39m
                [33mrows[39m=[32m"6"[39m
              [36m/>[39m
            [36m</div>[39m
          [36m</div>[39m
          [36m<div[39m
            [33mclass[39m=[32m"bg-gray-50 p-4 rounded-lg"[39m
          [36m>[39m
            [36m<h3[39m
              [33mclass[39m=[32m"text-lg font-semibold text-gray-800 mb-3"[39m
            [36m>[39m
              [0mAvailability Settings[0m
            [36m</h3>[39m
            [36m<div[39m
              [33mclass[39m=[32m"grid grid-cols-1 md:grid-cols-3 gap-4"[39m
            [36m>[39m
              [36m<div>[39m
                [36m<label[39m
                  [33mclass[39m=[32m"block text-sm font-medium text-gray-700 mb-2"[39m
                [36m>[39m
                  [0mResponse Time (minutes)[0m
                [36m</label>[39m
                [36m<input[39m
                  [33mclass[39m=[32m"w-full px-3 py-2 border border-gray-300 rounded-md focus:outline-none focus:ring-2 focus:ring-blue-500"[39m
                  [33mmax[39m=[32m"1440"[39m
                  [33mmin[39m=[32m"1"[39m
                  [33mtype[39m=[32m"number"[39m
                  [33mvalue[39m=[32m"5"[39m
                [36m/>[39m
              [36m</div>[39m
              [36m<div>[39m
                [36m<label[39m
                  [33mclass[39m=[32m"block text-sm font-medium text-gray-700 mb-2"[39m
                [36m>[39m
                  [0mStart Time[0m
                [36m</label>[39m
                [36m<input[39m
                  [33mclass[39m=[32m"w-full px-3 py-2 border border-gray-300 rounded-md focus:outline-none focus:ring-2 focus:ring-blue-500"[39m
                  [33mtype[39m=[32m"time"[39m
                  [33mvalue[39m=[32m"09:00"[39m
                [36m/>[39m
              [36m</div>[39m
              [36m<div>[39m
                [36m<label[39m
                  [33mclass[39m=[32m"block text-sm font-medium text-gray-700 mb-2"[39m
                [36m>[39m
                  [0mEnd Time[0m
                [36m</label>[39m
                [36m<input[39m
                  [33mclass[39m=[32m"w-full px-3 py-2 border border-gray-300 rounded-md focus:outline-none focus:ring-2 focus:ring-blue-500"[39m
                  [33mtype[39m=[32m"time"[39m
                  [33mvalue[39m=[32m"17:00"[39m
                [36m/>[39m
              [36m</div>[39m
            [36m</div>[39m
          [36m</div>[39m
          [36m<div[39m
            [33mclass[39m=[32m"flex justify-end gap-4 pt-6 border-t"[39m
          [36m>[39m
            [36m<button[39m
              [33mclass[39m=[32m"px-6 py-2 border border-gray-300 text-gray-700 rounded-md hover:bg-gray-50 transition-colors"[39m
              [33mtype[39m=[32m"button"[39m
            [36m>[39m
              [0mCancel[0m
            [36m</button>[39m
            [36m<button[39m
              [33mclass[39m=[32m"px-6 py-2 bg-blue-500 text-white rounded-md hover:bg-blue-600 disabled:bg-gray-300 disabled:cursor-not-allowed transition-colors"[39m
              [33mtype[39m=[32m"submit"[39m
            [36m>[39m
              [0mCreate Persona[0m
            [36m</button>[39m
          [36m</div>[39m
        [36m</form>[39m
      [36m</div>[39m
    [36m</div>[39m
  [36m</body>[39m
[36m</html>[39m
   × PersonaForm > loads suggestions when project is selected 1013ms
     → Found a label with the text of: /Project/, however no form control was found associated to that label. Make sure you're using the "for" attribute or "aria-labelledby" attribute correctly.

Ignored nodes: comments, script, style
[36m<body>[39m
  [36m<div>[39m
    [36m<div[39m
      [33mclass[39m=[32m"max-w-4xl mx-auto p-6 bg-white rounded-lg shadow-lg"[39m
    [36m>[39m
      [36m<h2[39m
        [33mclass[39m=[32m"text-2xl font-bold mb-6 text-gray-800"[39m
      [36m>[39m
        [0mCreate New Persona[0m
      [36m</h2>[39m
      [36m<form[39m
        [33mclass[39m=[32m"space-y-6"[39m
      [36m>[39m
        [36m<div[39m
          [33mclass[39m=[32m"grid grid-cols-1 md:grid-cols-2 gap-6"[39m
        [36m>[39m
          [36m<div>[39m
            [36m<label[39m
              [33mclass[39m=[32m"block text-sm font-medium text-gray-700 mb-2"[39m
            [36m>[39m
              [0mPersona Name *[0m
            [36m</label>[39m
            [36m<input[39m
              [33mclass[39m=[32m"w-full px-3 py-2 border rounded-md focus:outline-none focus:ring-2 focus:ring-blue-500 border-gray-300"[39m
              [33mplaceholder[39m=[32m"Enter persona name"[39m
              [33mtype[39m=[32m"text"[39m
              [33mvalue[39m=[32m""[39m
            [36m/>[39m
          [36m</div>[39m
          [36m<div>[39m
            [36m<label[39m
              [33mclass[39m=[32m"block text-sm font-medium text-gray-700 mb-2"[39m
            [36m>[39m
              [0mProject *[0m
            [36m</label>[39m
            [36m<select[39m
              [33mclass[39m=[32m"w-full px-3 py-2 border rounded-md focus:outline-none focus:ring-2 focus:ring-blue-500 border-gray-300"[39m
            [36m>[39m
              [36m<option[39m
                [33mvalue[39m=[32m""[39m
              [36m>[39m
                [0mSelect a project[0m
              [36m</option>[39m
              [36m<option[39m
                [33mvalue[39m=[32m"1"[39m
              [36m>[39m
                [0mTest Project 1[0m
                [0m - [0m
                [0mTechnology[0m
              [36m</option>[39m
              [36m<option[39m
                [33mvalue[39m=[32m"2"[39m
              [36m>[39m
                [0mTest Project 2[0m
                [0m - [0m
                [0mHealthcare[0m
              [36m</option>[39m
            [36m</select>[39m
          [36m</div>[39m
        [36m</div>[39m
        [36m<div>[39m
          [36m<label[39m
            [33mclass[39m=[32m"block text-sm font-medium text-gray-700 mb-2"[39m
          [36m>[39m
            [0mRole *[0m
          [36m</label>[39m
          [36m<input[39m
            [33mclass[39m=[32m"w-full px-3 py-2 border rounded-md focus:outline-none focus:ring-2 focus:ring-blue-500 border-gray-300"[39m
            [33mplaceholder[39m=[32m"e.g., Product Manager, UX Designer, Developer"[39m
            [33mtype[39m=[32m"text"[39m
            [33mvalue[39m=[32m""[39m
          [36m/>[39m
        [36m</div>[39m
        [36m<div>[39m
          [36m<label[39m
            [33mclass[39m=[32m"block text-sm font-medium text-gray-700 mb-2"[39m
          [36m>[39m
            [0mBackground *[0m
          [36m</label>[39m
          [36m<textarea[39m
            [33mclass[39m=[32m"w-full px-3 py-2 border rounded-md focus:outline-none focus:ring-2 focus:ring-blue-500 border-gray-300"[39m
            [33mplaceholder[39m=[32m"Describe the persona's background, experience, and context..."[39m
            [33mrows[39m=[32m"4"[39m
          [36m/>[39m
        [36m</div>[39m
        [36m<div>[39m
          [36m<label[39m
            [33mclass[39m=[32m"block text-sm font-medium text-gray-700 mb-2"[39m
          [36m>[39m
            [0mPersonality Traits * (3-10 traits)[0m
          [36m</label>[39m
          [36m<div[39m
            [33mclass[39m=[32m"flex gap-2 mb-2"[39m
          [36m>[39m
            [36m<input[39m
              [33mclass[39m=[32m"flex-1 px-3 py-2 border border-gray-300 rounded-md focus:outline-none focus:ring-2 focus:ring-blue-500"[39m
              [33mplaceholder[39m=[32m"Add a personality trait"[39m
              [33mtype[39m=[32m"text"[39m
              [33mvalue[39m=[32m""[39m
            [36m/>[39m
            [36m<button[39m
              [33mclass[39m=[32m"px-4 py-2 bg-green-500 text-white rounded-md hover:bg-green-600 disabled:bg-gray-300 disabled:cursor-not-allowed"[39m
              [33mdisabled[39m=[32m""[39m
              [33mtype[39m=[32m"button"[39m
            [36m>[39m
              [0mAdd[0m
            [36m</button>[39m
          [36m</div>[39m
          [36m<div[39m
            [33mclass[39m=[32m"flex flex-wrap gap-2"[39m
          [36m/>[39m
        [36m</div>[39m
        [36m<div[39m
          [33mclass[39m=[32m"grid grid-cols-1 md:grid-cols-2 gap-6"[39m
        [36m>[39m
          [36m<div>[39m
            [36m<label[39m
              [33mclass[39m=[32m"block text-sm font-medium text-gray-700 mb-2"[39m
            [36m>[39m
              [0mCommunication Style[0m
            [36m</label>[39m
            [36m<select[39m
              [33mclass[39m=[32m"w-full px-3 py-2 border border-gray-300 rounded-md focus:outline-none focus:ring-2 focus:ring-blue-500"[39m
            [36m>[39m
              [36m<option[39m
                [33mvalue[39m=[32m"formal"[39m
              [36m>[39m
                [0mFormal[0m
              [36m</option>[39m
              [36m<option[39m
                [33mvalue[39m=[32m"casual"[39m
              [36m>[39m
                [0mCasual[0m
              [36m</option>[39m
              [36m<option[39m
                [33mvalue[39m=[32m"technical"[39m
              [36m>[39m
                [0mTechnical[0m
              [36m</option>[39m
              [36m<option[39m
                [33mvalue[39m=[32m"collaborative"[39m
              [36m>[39m
                [0mCollaborative[0m
              [36m</option>[39m
              [36m<option[39m
                [33mvalue[39m=[32m"authoritative"[39m
              [36m>[39m
                [0mAuthoritative[0m
              [36m</option>[39m
              [36m<option[39m
                [33mvalue[39m=[32m"supportive"[39m
              [36m>[39m
                [0mSupportive[0m
              [36m</option>[39m
            [36m</select>[39m
          [36m</div>[39m
          [36m<div>[39m
            [36m<label[39m
              [33mclass[39m=[32m"block text-sm font-medium text-gray-700 mb-2"[39m
            [36m>[39m
              [0mDecision Making Style[0m
            [36m</label>[39m
            [36m<select[39m
              [33mclass[39m=[32m"w-full px-3 py-2 border border-gray-300 rounded-md focus:outline-none focus:ring-2 focus:ring-blue-500"[39m
            [36m>[39m
              [36m<option[39m
                [33mvalue[39m=[32m"analytical"[39m
              [36m>[39m
                [0mAnalytical[0m
              [36m</option>[39m
              [36m<option[39m
                [33mvalue[39m=[32m"intuitive"[39m
              [36m>[39m
                [0mIntuitive[0m
              [36m</option>[39m
              [36m<option[39m
                [33mvalue[39m=[32m"consensus-driven"[39m
              [36m>[39m
                [0mConsensus-driven[0m
              [36m</option>[39m
              [36m<option[39m
                [33mvalue[39m=[32m"authoritative"[39m
              [36m>[39m
                [0mAuthoritative[0m
              [36m</option>[39m
              [36m<option[39m
                [33mvalue[39m=[32m"risk-averse"[39m
              [36m>[39m
                [0mRisk-averse[0m
              [36m</option>[39m
              [36m<option[39m
                [33mvalue[39m=[32m"risk-taking"[39m
              [36m>[39m
                [0mRisk-taking[0m
              [36m</option>[39m
            [36m</select>[39m
          [36m</div>[39m
        [36m</div>[39m
        [36m<div>[39m
          [36m<label[39m
            [33mclass[39m=[32m"block text-sm font-medium text-gray-700 mb-2"[39m
          [36m>[39m
            [0mPriorities * (2-8 priorities)[0m
          [36m</label>[39m
          [36m<div[39m
            [33mclass[39m=[32m"flex gap-2 mb-2"[39m
          [36m>[39m
            [36m<input[39m
              [33mclass[39m=[32m"flex-1 px-3 py-2 border border-gray-300 rounded-md focus:outline-none focus:ring-2 focus:ring-blue-500"[39m
              [33mplaceholder[39m=[32m"Add a priority"[39m
              [33mtype[39m=[32m"text"[39m
              [33mvalue[39m=[32m""[39m
            [36m/>[39m
            [36m<button[39m
              [33mclass[39m=[32m"px-4 py-2 bg-green-500 text-white rounded-md hover:bg-green-600 disabled:bg-gray-300 disabled:cursor-not-allowed"[39m
              [33mdisabled[39m=[32m""[39m
              [33mtype[39m=[32m"button"[39m
            [36m>[39m
              [0mAdd[0m
            [36m</button>[39m
          [36m</div>[39m
          [36m<div[39m
            [33mclass[39m=[32m"flex flex-wrap gap-2"[39m
          [36m/>[39m
        [36m</div>[39m
        [36m<div>[39m
          [36m<label[39m
            [33mclass[39m=[32m"block text-sm font-medium text-gray-700 mb-2"[39m
          [36m>[39m
            [0mGoals * (1-5 goals)[0m
          [36m</label>[39m
          [36m<div[39m
            [33mclass[39m=[32m"flex gap-2 mb-2"[39m
          [36m>[39m
            [36m<input[39m
              [33mclass[39m=[32m"flex-1 px-3 py-2 border border-gray-300 rounded-md focus:outline-none focus:ring-2 focus:ring-blue-500"[39m
              [33mplaceholder[39m=[32m"Add a goal"[39m
              [33mtype[39m=[32m"text"[39m
              [33mvalue[39m=[32m""[39m
            [36m/>[39m
            [36m<button[39m
              [33mclass[39m=[32m"px-4 py-2 bg-green-500 text-white rounded-md hover:bg-green-600 disabled:bg-gray-300 disabled:cursor-not-allowed"[39m
              [33mdisabled[39m=[32m""[39m
              [33mtype[39m=[32m"button"[39m
            [36m>[39m
              [0mAdd[0m
            [36m</button>[39m
          [36m</div>[39m
          [36m<div[39m
            [33mclass[39m=[32m"flex flex-wrap gap-2"[39m
          [36m/>[39m
        [36m</div>[39m
        [36m<div[39m
          [33mclass[39m=[32m"bg-gray-50 p-4 rounded-lg"[39m
        [36m>[39m
          [36m<h3[39m
            [33mclass[39m=[32m"text-lg font-semibold text-gray-800 mb-3"[39m
          [36m>[39m
            [0mAI Configuration[0m
          [36m</h3>[39m
          [36m<div[39m
            [33mclass[39m=[32m"grid grid-cols-1 md:grid-cols-2 gap-4 mb-4"[39m
          [36m>[39m
            [36m<div>[39m
              [36m<label[39m
                [33mclass[39m=[32m"block text-sm font-medium text-gray-700 mb-2"[39m
              [36m>[39m
                [0mAI Model[0m
              [36m</label>[39m
              [36m<select[39m
                [33mclass[39m=[32m"w-full px-3 py-2 border border-gray-300 rounded-md focus:outline-none focus:ring-2 focus:ring-blue-500"[39m
              [36m>[39m
                [36m<option[39m
                  [33mvalue[39m=[32m"gpt-4"[39m
                [36m>[39m
                  [0mGPT-4[0m
                [36m</option>[39m
                [36m<option[39m
                  [33mvalue[39m=[32m"gpt-3.5-turbo"[39m
                [36m>[39m
                  [0mGPT-3.5 Turbo[0m
                [36m</option>[39m
                [36m<option[39m
                  [33mvalue[39m=[32m"claude-3"[39m
                [36m>[39m
                  [0mClaude-3[0m
                [36m</option>[39m
                [36m<option[39m
                  [33mvalue[39m=[32m"claude-2"[39m
                [36m>[39m
                  [0mClaude-2[0m
                [36m</option>[39m
              [36m</select>[39m
            [36m</div>[39m
            [36m<div>[39m
              [36m<label[39m
                [33mclass[39m=[32m"block text-sm font-medium text-gray-700 mb-2"[39m
              [36m>[39m
                [0mTemperature: [0m
                [0m0.7[0m
              [36m</label>[39m
              [36m<input[39m
                [33mclass[39m=[32m"w-full"[39m
                [33mmax[39m=[32m"2"[39m
                [33mmin[39m=[32m"0"[39m
                [33mstep[39m=[32m"0.1"[39m
                [33mtype[39m=[32m"range"[39m
                [33mvalue[39m=[32m"0.7"[39m
              [36m/>[39m
              [36m<div[39m
                [33mclass[39m=[32m"flex justify-between text-xs text-gray-500"[39m
              [36m>[39m
                [36m<span>[39m
                  [0mFocused[0m
                [36m</span>[39m
                [36m<span>[39m
                  [0mCreative[0m
                [36m</span>[39m
              [36m</div>[39m
            [36m</div>[39m
          [36m</div>[39m
          [36m<div>[39m
            [36m<label[39m
              [33mclass[39m=[32m"block text-sm font-medium text-gray-700 mb-2"[39m
            [36m>[39m
              [0mSystem Prompt *[0m
            [36m</label>[39m
            [36m<div[39m
              [33mclass[39m=[32m"flex gap-2 mb-2"[39m
            [36m>[39m
              [36m<button[39m
                [33mclass[39m=[32m"px-3 py-1 bg-blue-500 text-white text-sm rounded hover:bg-blue-600 transition-colors"[39m
                [33mtype[39m=[32m"button"[39m
              [36m>[39m
                [0mAuto-Generate[0m
              [36m</button>[39m
            [36m</div>[39m
            [36m<textarea[39m
              [33mclass[39m=[32m"w-full px-3 py-2 border rounded-md focus:outline-none focus:ring-2 focus:ring-blue-500 border-gray-300"[39m
              [33mplaceholder[39m=[32m"Enter the system prompt that will guide the AI's responses..."[39m
              [33mrows[39m=[32m"6"[39m
            [36m/>[39m
          [36m</div>[39m
        [36m</div>[39m
        [36m<div[39m
          [33mclass[39m=[32m"bg-gray-50 p-4 rounded-lg"[39m
        [36m>[39m
          [36m<h3[39m
            [33mclass[39m=[32m"text-lg font-semibold text-gray-800 mb-3"[39m
          [36m>[39m
            [0mAvailability Settings[0m
          [36m</h3>[39m
          [36m<div[39m
            [33mclass[39m=[32m"grid grid-cols-1 md:grid-cols-3 gap-4"[39m
          [36m>[39m
            [36m<div>[39m
              [36m<label[39m
                [33mclass[39m=[32m"block text-sm font-medium text-gray-700 mb-2"[39m
              [36m>[39m
                [0mResponse Time (minutes)[0m
              [36m</label>[39m
              [36m<input[39m
                [33mclass[39m=[32m"w-full px-3 py-2 border border-gray-300 rounded-md focus:outline-none focus:ring-2 focus:ring-blue-500"[39m
                [33mmax[39m=[32m"1440"[39m
                [33mmin[39m=[32m"1"[39m
                [33mtype[39m=[32m"number"[39m
                [33mvalue[39m=[32m"5"[39m
              [36m/>[39m
            [36m</div>[39m
            [36m<div>[39m
              [36m<label[39m
                [33mclass[39m=[32m"block text-sm font-medium text-gray-700 mb-2"[39m
              [36m>[39m
                [0mStart Time[0m
              [36m</label>[39m
              [36m<input[39m
                [33mclass[39m=[32m"w-full px-3 py-2 border border-gray-300 rounded-md focus:outline-none focus:ring-2 focus:ring-blue-500"[39m
                [33mtype[39m=[32m"time"[39m
                [33mvalue[39m=[32m"09:00"[39m
              [36m/>[39m
            [36m</div>[39m
            [36m<div>[39m
              [36m<label[39m
                [33mclass[39m=[32m"block text-sm font-medium text-gray-700 mb-2"[39m
              [36m>[39m
                [0mEnd Time[0m
              [36m</label>[39m
              [36m<input[39m
                [33mclass[39m=[32m"w-full px-3 py-2 border border-gray-300 rounded-md focus:outline-none focus:ring-2 focus:ring-blue-500"[39m
                [33mtype[39m=[32m"time"[39m
                [33mvalue[39m=[32m"17:00"[39m
              [36m/>[39m
            [36m</div>[39m
          [36m</div>[39m
        [36m</div>[39m
        [36m<div[39m
          [33mclass[39m=[32m"flex justify-end gap-4 pt-6 border-t"[39m
        [36m>[39m
          [36m<button[39m
            [33mclass[39m=[32m"px-6 py-2 border border-gray-300 text-gray-700 rounded-md hover:bg-gray-50 transition-colors"[39m
            [33mtype[39m=[32m"button"[39m
          [36m>[39m
            [0mCancel[0m
          [36m</button>[39m
          [36m<button[39m
            [33mclass[39m=[32m"px-6 py-2 bg-blue-500 text-white rounded-md hover:bg-blue-600 disabled:bg-gray-300 disabled:cursor-not-allowed transition-colors"[39m
            [33mtype[39m=[32m"submit"[39m
          [36m>[39m
            [0mCreate Persona[0m
          [36m</button>[39m
        [36m</div>[39m
      [36m</form>[39m
    [36m</div>[39m
  [36m</div>[39m
[36m</body>[39m

Ignored nodes: comments, script, style
[36m<html>[39m
  [36m<head />[39m
  [36m<body>[39m
    [36m<div>[39m
      [36m<div[39m
        [33mclass[39m=[32m"max-w-4xl mx-auto p-6 bg-white rounded-lg shadow-lg"[39m
      [36m>[39m
        [36m<h2[39m
          [33mclass[39m=[32m"text-2xl font-bold mb-6 text-gray-800"[39m
        [36m>[39m
          [0mCreate New Persona[0m
        [36m</h2>[39m
        [36m<form[39m
          [33mclass[39m=[32m"space-y-6"[39m
        [36m>[39m
          [36m<div[39m
            [33mclass[39m=[32m"grid grid-cols-1 md:grid-cols-2 gap-6"[39m
          [36m>[39m
            [36m<div>[39m
              [36m<label[39m
                [33mclass[39m=[32m"block text-sm font-medium text-gray-700 mb-2"[39m
              [36m>[39m
                [0mPersona Name *[0m
              [36m</label>[39m
              [36m<input[39m
                [33mclass[39m=[32m"w-full px-3 py-2 border rounded-md focus:outline-none focus:ring-2 focus:ring-blue-500 border-gray-300"[39m
                [33mplaceholder[39m=[32m"Enter persona name"[39m
                [33mtype[39m=[32m"text"[39m
                [33mvalue[39m=[32m""[39m
              [36m/>[39m
            [36m</div>[39m
            [36m<div>[39m
              [36m<label[39m
                [33mclass[39m=[32m"block text-sm font-medium text-gray-700 mb-2"[39m
              [36m>[39m
                [0mProject *[0m
              [36m</label>[39m
              [36m<select[39m
                [33mclass[39m=[32m"w-full px-3 py-2 border rounded-md focus:outline-none focus:ring-2 focus:ring-blue-500 border-gray-300"[39m
              [36m>[39m
                [36m<option[39m
                  [33mvalue[39m=[32m""[39m
                [36m>[39m
                  [0mSelect a project[0m
                [36m</option>[39m
                [36m<option[39m
                  [33mvalue[39m=[32m"1"[39m
                [36m>[39m
                  [0mTest Project 1[0m
                  [0m - [0m
                  [0mTechnology[0m
                [36m</option>[39m
                [36m<option[39m
                  [33mvalue[39m=[32m"2"[39m
                [36m>[39m
                  [0mTest Project 2[0m
                  [0m - [0m
                  [0mHealthcare[0m
                [36m</option>[39m
              [36m</select>[39m
            [36m</div>[39m
          [36m</div>[39m
          [36m<div>[39m
            [36m<label[39m
              [33mclass[39m=[32m"block text-sm font-medium text-gray-700 mb-2"[39m
            [36m>[39m
              [0mRole *[0m
            [36m</label>[39m
            [36m<input[39m
              [33mclass[39m=[32m"w-full px-3 py-2 border rounded-md focus:outline-none focus:ring-2 focus:ring-blue-500 border-gray-300"[39m
              [33mplaceholder[39m=[32m"e.g., Product Manager, UX Designer, Developer"[39m
              [33mtype[39m=[32m"text"[39m
              [33mvalue[39m=[32m""[39m
            [36m/>[39m
          [36m</div>[39m
          [36m<div>[39m
            [36m<label[39m
              [33mclass[39m=[32m"block text-sm font-medium text-gray-700 mb-2"[39m
            [36m>[39m
              [0mBackground *[0m
            [36m</label>[39m
            [36m<textarea[39m
              [33mclass[39m=[32m"w-full px-3 py-2 border rounded-md focus:outline-none focus:ring-2 focus:ring-blue-500 border-gray-300"[39m
              [33mplaceholder[39m=[32m"Describe the persona's background, experience, and context..."[39m
              [33mrows[39m=[32m"4"[39m
            [36m/>[39m
          [36m</div>[39m
          [36m<div>[39m
            [36m<label[39m
              [33mclass[39m=[32m"block text-sm font-medium text-gray-700 mb-2"[39m
            [36m>[39m
              [0mPersonality Traits * (3-10 traits)[0m
            [36m</label>[39m
            [36m<div[39m
              [33mclass[39m=[32m"flex gap-2 mb-2"[39m
            [36m>[39m
              [36m<input[39m
                [33mclass[39m=[32m"flex-1 px-3 py-2 border border-gray-300 rounded-md focus:outline-none focus:ring-2 focus:ring-blue-500"[39m
                [33mplaceholder[39m=[32m"Add a personality trait"[39m
                [33mtype[39m=[32m"text"[39m
                [33mvalue[39m=[32m""[39m
              [36m/>[39m
              [36m<button[39m
                [33mclass[39m=[32m"px-4 py-2 bg-green-500 text-white rounded-md hover:bg-green-600 disabled:bg-gray-300 disabled:cursor-not-allowed"[39m
                [33mdisabled[39m=[32m""[39m
                [33mtype[39m=[32m"button"[39m
              [36m>[39m
                [0mAdd[0m
              [36m</button>[39m
            [36m</div>[39m
            [36m<div[39m
              [33mclass[39m=[32m"flex flex-wrap gap-2"[39m
            [36m/>[39m
          [36m</div>[39m
          [36m<div[39m
            [33mclass[39m=[32m"grid grid-cols-1 md:grid-cols-2 gap-6"[39m
          [36m>[39m
            [36m<div>[39m
              [36m<label[39m
                [33mclass[39m=[32m"block text-sm font-medium text-gray-700 mb-2"[39m
              [36m>[39m
                [0mCommunication Style[0m
              [36m</label>[39m
              [36m<select[39m
                [33mclass[39m=[32m"w-full px-3 py-2 border border-gray-300 rounded-md focus:outline-none focus:ring-2 focus:ring-blue-500"[39m
              [36m>[39m
                [36m<option[39m
                  [33mvalue[39m=[32m"formal"[39m
                [36m>[39m
                  [0mFormal[0m
                [36m</option>[39m
                [36m<option[39m
                  [33mvalue[39m=[32m"casual"[39m
                [36m>[39m
                  [0mCasual[0m
                [36m</option>[39m
                [36m<option[39m
                  [33mvalue[39m=[32m"technical"[39m
                [36m>[39m
                  [0mTechnical[0m
                [36m</option>[39m
                [36m<option[39m
                  [33mvalue[39m=[32m"collaborative"[39m
                [36m>[39m
                  [0mCollaborative[0m
                [36m</option>[39m
                [36m<option[39m
                  [33mvalue[39m=[32m"authoritative"[39m
                [36m>[39m
                  [0mAuthoritative[0m
                [36m</option>[39m
                [36m<option[39m
                  [33mvalue[39m=[32m"supportive"[39m
                [36m>[39m
                  [0mSupportive[0m
                [36m</option>[39m
              [36m</select>[39m
            [36m</div>[39m
            [36m<div>[39m
              [36m<label[39m
                [33mclass[39m=[32m"block text-sm font-medium text-gray-700 mb-2"[39m
              [36m>[39m
                [0mDecision Making Style[0m
              [36m</label>[39m
              [36m<select[39m
                [33mclass[39m=[32m"w-full px-3 py-2 border border-gray-300 rounded-md focus:outline-none focus:ring-2 focus:ring-blue-500"[39m
              [36m>[39m
                [36m<option[39m
                  [33mvalue[39m=[32m"analytical"[39m
                [36m>[39m
                  [0mAnalytical[0m
                [36m</option>[39m
                [36m<option[39m
                  [33mvalue[39m=[32m"intuitive"[39m
                [36m>[39m
                  [0mIntuitive[0m
                [36m</option>[39m
                [36m<option[39m
                  [33mvalue[39m=[32m"consensus-driven"[39m
                [36m>[39m
                  [0mConsensus-driven[0m
                [36m</option>[39m
                [36m<option[39m
                  [33mvalue[39m=[32m"authoritative"[39m
                [36m>[39m
                  [0mAuthoritative[0m
                [36m</option>[39m
                [36m<option[39m
                  [33mvalue[39m=[32m"risk-averse"[39m
                [36m>[39m
                  [0mRisk-averse[0m
                [36m</option>[39m
                [36m<option[39m
                  [33mvalue[39m=[32m"risk-taking"[39m
                [36m>[39m
                  [0mRisk-taking[0m
                [36m</option>[39m
              [36m</select>[39m
            [36m</div>[39m
          [36m</div>[39m
          [36m<div>[39m
            [36m<label[39m
              [33mclass[39m=[32m"block text-sm font-medium text-gray-700 mb-2"[39m
            [36m>[39m
              [0mPriorities * (2-8 priorities)[0m
            [36m</label>[39m
            [36m<div[39m
              [33mclass[39m=[32m"flex gap-2 mb-2"[39m
            [36m>[39m
              [36m<input[39m
                [33mclass[39m=[32m"flex-1 px-3 py-2 border border-gray-300 rounded-md focus:outline-none focus:ring-2 focus:ring-blue-500"[39m
                [33mplaceholder[39m=[32m"Add a priority"[39m
                [33mtype[39m=[32m"text"[39m
                [33mvalue[39m=[32m""[39m
              [36m/>[39m
              [36m<button[39m
                [33mclass[39m=[32m"px-4 py-2 bg-green-500 text-white rounded-md hover:bg-green-600 disabled:bg-gray-300 disabled:cursor-not-allowed"[39m
                [33mdisabled[39m=[32m""[39m
                [33mtype[39m=[32m"button"[39m
              [36m>[39m
                [0mAdd[0m
              [36m</button>[39m
            [36m</div>[39m
            [36m<div[39m
              [33mclass[39m=[32m"flex flex-wrap gap-2"[39m
            [36m/>[39m
          [36m</div>[39m
          [36m<div>[39m
            [36m<label[39m
              [33mclass[39m=[32m"block text-sm font-medium text-gray-700 mb-2"[39m
            [36m>[39m
              [0mGoals * (1-5 goals)[0m
            [36m</label>[39m
            [36m<div[39m
              [33mclass[39m=[32m"flex gap-2 mb-2"[39m
            [36m>[39m
              [36m<input[39m
                [33mclass[39m=[32m"flex-1 px-3 py-2 border border-gray-300 rounded-md focus:outline-none focus:ring-2 focus:ring-blue-500"[39m
                [33mplaceholder[39m=[32m"Add a goal"[39m
                [33mtype[39m=[32m"text"[39m
                [33mvalue[39m=[32m""[39m
              [36m/>[39m
              [36m<button[39m
                [33mclass[39m=[32m"px-4 py-2 bg-green-500 text-white rounded-md hover:bg-green-600 disabled:bg-gray-300 disabled:cursor-not-allowed"[39m
                [33mdisabled[39m=[32m""[39m
                [33mtype[39m=[32m"button"[39m
              [36m>[39m
                [0mAdd[0m
              [36m</button>[39m
            [36m</div>[39m
            [36m<div[39m
              [33mclass[39m=[32m"flex flex-wrap gap-2"[39m
            [36m/>[39m
          [36m</div>[39m
          [36m<div[39m
            [33mclass[39m=[32m"bg-gray-50 p-4 rounded-lg"[39m
          [36m>[39m
            [36m<h3[39m
              [33mclass[39m=[32m"text-lg font-semibold text-gray-800 mb-3"[39m
            [36m>[39m
              [0mAI Configuration[0m
            [36m</h3>[39m
            [36m<div[39m
              [33mclass[39m=[32m"grid grid-cols-1 md:grid-cols-2 gap-4 mb-4"[39m
            [36m>[39m
              [36m<div>[39m
                [36m<label[39m
                  [33mclass[39m=[32m"block text-sm font-medium text-gray-700 mb-2"[39m
                [36m>[39m
                  [0mAI Model[0m
                [36m</label>[39m
                [36m<select[39m
                  [33mclass[39m=[32m"w-full px-3 py-2 border border-gray-300 rounded-md focus:outline-none focus:ring-2 focus:ring-blue-500"[39m
                [36m>[39m
                  [36m<option[39m
                    [33mvalue[39m=[32m"gpt-4"[39m
                  [36m>[39m
                    [0mGPT-4[0m
                  [36m</option>[39m
                  [36m<option[39m
                    [33mvalue[39m=[32m"gpt-3.5-turbo"[39m
                  [36m>[39m
                    [0mGPT-3.5 Turbo[0m
                  [36m</option>[39m
                  [36m<option[39m
                    [33mvalue[39m=[32m"claude-3"[39m
                  [36m>[39m
                    [0mClaude-3[0m
                  [36m</option>[39m
                  [36m<option[39m
                    [33mvalue[39m=[32m"claude-2"[39m
                  [36m>[39m
                    [0mClaude-2[0m
                  [36m</option>[39m
                [36m</select>[39m
              [36m</div>[39m
              [36m<div>[39m
                [36m<label[39m
                  [33mclass[39m=[32m"block text-sm font-medium text-gray-700 mb-2"[39m
                [36m>[39m
                  [0mTemperature: [0m
                  [0m0.7[0m
                [36m</label>[39m
                [36m<input[39m
                  [33mclass[39m=[32m"w-full"[39m
                  [33mmax[39m=[32m"2"[39m
                  [33mmin[39m=[32m"0"[39m
                  [33mstep[39m=[32m"0.1"[39m
                  [33mtype[39m=[32m"range"[39m
                  [33mvalue[39m=[32m"0.7"[39m
                [36m/>[39m
                [36m<div[39m
                  [33mclass[39m=[32m"flex justify-between text-xs text-gray-500"[39m
                [36m>[39m
                  [36m<span>[39m
                    [0mFocused[0m
                  [36m</span>[39m
                  [36m<span>[39m
                    [0mCreative[0m
                  [36m</span>[39m
                [36m</div>[39m
              [36m</div>[39m
            [36m</div>[39m
            [36m<div>[39m
              [36m<label[39m
                [33mclass[39m=[32m"block text-sm font-medium text-gray-700 mb-2"[39m
              [36m>[39m
                [0mSystem Prompt *[0m
              [36m</label>[39m
              [36m<div[39m
                [33mclass[39m=[32m"flex gap-2 mb-2"[39m
              [36m>[39m
                [36m<button[39m
                  [33mclass[39m=[32m"px-3 py-1 bg-blue-500 text-white text-sm rounded hover:bg-blue-600 transition-colors"[39m
                  [33mtype[39m=[32m"button"[39m
                [36m>[39m
                  [0mAuto-Generate[0m
                [36m</button>[39m
              [36m</div>[39m
              [36m<textarea[39m
                [33mclass[39m=[32m"w-full px-3 py-2 border rounded-md focus:outline-none focus:ring-2 focus:ring-blue-500 border-gray-300"[39m
                [33mplaceholder[39m=[32m"Enter the system prompt that will guide the AI's responses..."[39m
                [33mrows[39m=[32m"6"[39m
              [36m/>[39m
            [36m</div>[39m
          [36m</div>[39m
          [36m<div[39m
            [33mclass[39m=[32m"bg-gray-50 p-4 rounded-lg"[39m
          [36m>[39m
            [36m<h3[39m
              [33mclass[39m=[32m"text-lg font-semibold text-gray-800 mb-3"[39m
            [36m>[39m
              [0mAvailability Settings[0m
            [36m</h3>[39m
            [36m<div[39m
              [33mclass[39m=[32m"grid grid-cols-1 md:grid-cols-3 gap-4"[39m
            [36m>[39m
              [36m<div>[39m
                [36m<label[39m
                  [33mclass[39m=[32m"block text-sm font-medium text-gray-700 mb-2"[39m
                [36m>[39m
                  [0mResponse Time (minutes)[0m
                [36m</label>[39m
                [36m<input[39m
                  [33mclass[39m=[32m"w-full px-3 py-2 border border-gray-300 rounded-md focus:outline-none focus:ring-2 focus:ring-blue-500"[39m
                  [33mmax[39m=[32m"1440"[39m
                  [33mmin[39m=[32m"1"[39m
                  [33mtype[39m=[32m"number"[39m
                  [33mvalue[39m=[32m"5"[39m
                [36m/>[39m
              [36m</div>[39m
              [36m<div>[39m
                [36m<label[39m
                  [33mclass[39m=[32m"block text-sm font-medium text-gray-700 mb-2"[39m
                [36m>[39m
                  [0mStart Time[0m
                [36m</label>[39m
                [36m<input[39m
                  [33mclass[39m=[32m"w-full px-3 py-2 border border-gray-300 rounded-md focus:outline-none focus:ring-2 focus:ring-blue-500"[39m
                  [33mtype[39m=[32m"time"[39m
                  [33mvalue[39m=[32m"09:00"[39m
                [36m/>[39m
              [36m</div>[39m
              [36m<div>[39m
                [36m<label[39m
                  [33mclass[39m=[32m"block text-sm font-medium text-gray-700 mb-2"[39m
                [36m>[39m
                  [0mEnd Time[0m
                [36m</label>[39m
                [36m<input[39m
                  [33mclass[39m=[32m"w-full px-3 py-2 border border-gray-300 rounded-md focus:outline-none focus:ring-2 focus:ring-blue-500"[39m
                  [33mtype[39m=[32m"time"[39m
                  [33mvalue[39m=[32m"17:00"[39m
                [36m/>[39m
              [36m</div>[39m
            [36m</div>[39m
          [36m</div>[39m
          [36m<div[39m
            [33mclass[39m=[32m"flex justify-end gap-4 pt-6 border-t"[39m
          [36m>[39m
            [36m<button[39m
              [33mclass[39m=[32m"px-6 py-2 border border-gray-300 text-gray-700 rounded-md hover:bg-gray-50 transition-colors"[39m
              [33mtype[39m=[32m"button"[39m
            [36m>[39m
              [0mCancel[0m
            [36m</button>[39m
            [36m<button[39m
              [33mclass[39m=[32m"px-6 py-2 bg-blue-500 text-white rounded-md hover:bg-blue-600 disabled:bg-gray-300 disabled:cursor-not-allowed transition-colors"[39m
              [33mtype[39m=[32m"submit"[39m
            [36m>[39m
              [0mCreate Persona[0m
            [36m</button>[39m
          [36m</div>[39m
        [36m</form>[39m
      [36m</div>[39m
    [36m</div>[39m
  [36m</body>[39m
[36m</html>[39m
   × PersonaForm > displays suggestions when available 1010ms
     → Found a label with the text of: /Project/, however no form control was found associated to that label. Make sure you're using the "for" attribute or "aria-labelledby" attribute correctly.

Ignored nodes: comments, script, style
[36m<body>[39m
  [36m<div>[39m
    [36m<div[39m
      [33mclass[39m=[32m"max-w-4xl mx-auto p-6 bg-white rounded-lg shadow-lg"[39m
    [36m>[39m
      [36m<h2[39m
        [33mclass[39m=[32m"text-2xl font-bold mb-6 text-gray-800"[39m
      [36m>[39m
        [0mCreate New Persona[0m
      [36m</h2>[39m
      [36m<form[39m
        [33mclass[39m=[32m"space-y-6"[39m
      [36m>[39m
        [36m<div[39m
          [33mclass[39m=[32m"grid grid-cols-1 md:grid-cols-2 gap-6"[39m
        [36m>[39m
          [36m<div>[39m
            [36m<label[39m
              [33mclass[39m=[32m"block text-sm font-medium text-gray-700 mb-2"[39m
            [36m>[39m
              [0mPersona Name *[0m
            [36m</label>[39m
            [36m<input[39m
              [33mclass[39m=[32m"w-full px-3 py-2 border rounded-md focus:outline-none focus:ring-2 focus:ring-blue-500 border-gray-300"[39m
              [33mplaceholder[39m=[32m"Enter persona name"[39m
              [33mtype[39m=[32m"text"[39m
              [33mvalue[39m=[32m""[39m
            [36m/>[39m
          [36m</div>[39m
          [36m<div>[39m
            [36m<label[39m
              [33mclass[39m=[32m"block text-sm font-medium text-gray-700 mb-2"[39m
            [36m>[39m
              [0mProject *[0m
            [36m</label>[39m
            [36m<select[39m
              [33mclass[39m=[32m"w-full px-3 py-2 border rounded-md focus:outline-none focus:ring-2 focus:ring-blue-500 border-gray-300"[39m
            [36m>[39m
              [36m<option[39m
                [33mvalue[39m=[32m""[39m
              [36m>[39m
                [0mSelect a project[0m
              [36m</option>[39m
              [36m<option>[39m
                [0m - [0m
              [36m</option>[39m
            [36m</select>[39m
          [36m</div>[39m
        [36m</div>[39m
        [36m<div>[39m
          [36m<label[39m
            [33mclass[39m=[32m"block text-sm font-medium text-gray-700 mb-2"[39m
          [36m>[39m
            [0mRole *[0m
          [36m</label>[39m
          [36m<input[39m
            [33mclass[39m=[32m"w-full px-3 py-2 border rounded-md focus:outline-none focus:ring-2 focus:ring-blue-500 border-gray-300"[39m
            [33mplaceholder[39m=[32m"e.g., Product Manager, UX Designer, Developer"[39m
            [33mtype[39m=[32m"text"[39m
            [33mvalue[39m=[32m""[39m
          [36m/>[39m
        [36m</div>[39m
        [36m<div>[39m
          [36m<label[39m
            [33mclass[39m=[32m"block text-sm font-medium text-gray-700 mb-2"[39m
          [36m>[39m
            [0mBackground *[0m
          [36m</label>[39m
          [36m<textarea[39m
            [33mclass[39m=[32m"w-full px-3 py-2 border rounded-md focus:outline-none focus:ring-2 focus:ring-blue-500 border-gray-300"[39m
            [33mplaceholder[39m=[32m"Describe the persona's background, experience, and context..."[39m
            [33mrows[39m=[32m"4"[39m
          [36m/>[39m
        [36m</div>[39m
        [36m<div>[39m
          [36m<label[39m
            [33mclass[39m=[32m"block text-sm font-medium text-gray-700 mb-2"[39m
          [36m>[39m
            [0mPersonality Traits * (3-10 traits)[0m
          [36m</label>[39m
          [36m<div[39m
            [33mclass[39m=[32m"flex gap-2 mb-2"[39m
          [36m>[39m
            [36m<input[39m
              [33mclass[39m=[32m"flex-1 px-3 py-2 border border-gray-300 rounded-md focus:outline-none focus:ring-2 focus:ring-blue-500"[39m
              [33mplaceholder[39m=[32m"Add a personality trait"[39m
              [33mtype[39m=[32m"text"[39m
              [33mvalue[39m=[32m""[39m
            [36m/>[39m
            [36m<button[39m
              [33mclass[39m=[32m"px-4 py-2 bg-green-500 text-white rounded-md hover:bg-green-600 disabled:bg-gray-300 disabled:cursor-not-allowed"[39m
              [33mdisabled[39m=[32m""[39m
              [33mtype[39m=[32m"button"[39m
            [36m>[39m
              [0mAdd[0m
            [36m</button>[39m
          [36m</div>[39m
          [36m<div[39m
            [33mclass[39m=[32m"flex flex-wrap gap-2"[39m
          [36m/>[39m
        [36m</div>[39m
        [36m<div[39m
          [33mclass[39m=[32m"grid grid-cols-1 md:grid-cols-2 gap-6"[39m
        [36m>[39m
          [36m<div>[39m
            [36m<label[39m
              [33mclass[39m=[32m"block text-sm font-medium text-gray-700 mb-2"[39m
            [36m>[39m
              [0mCommunication Style[0m
            [36m</label>[39m
            [36m<select[39m
              [33mclass[39m=[32m"w-full px-3 py-2 border border-gray-300 rounded-md focus:outline-none focus:ring-2 focus:ring-blue-500"[39m
            [36m>[39m
              [36m<option[39m
                [33mvalue[39m=[32m"formal"[39m
              [36m>[39m
                [0mFormal[0m
              [36m</option>[39m
              [36m<option[39m
                [33mvalue[39m=[32m"casual"[39m
              [36m>[39m
                [0mCasual[0m
              [36m</option>[39m
              [36m<option[39m
                [33mvalue[39m=[32m"technical"[39m
              [36m>[39m
                [0mTechnical[0m
              [36m</option>[39m
              [36m<option[39m
                [33mvalue[39m=[32m"collaborative"[39m
              [36m>[39m
                [0mCollaborative[0m
              [36m</option>[39m
              [36m<option[39m
                [33mvalue[39m=[32m"authoritative"[39m
              [36m>[39m
                [0mAuthoritative[0m
              [36m</option>[39m
              [36m<option[39m
                [33mvalue[39m=[32m"supportive"[39m
              [36m>[39m
                [0mSupportive[0m
              [36m</option>[39m
            [36m</select>[39m
          [36m</div>[39m
          [36m<div>[39m
            [36m<label[39m
              [33mclass[39m=[32m"block text-sm font-medium text-gray-700 mb-2"[39m
            [36m>[39m
              [0mDecision Making Style[0m
            [36m</label>[39m
            [36m<select[39m
              [33mclass[39m=[32m"w-full px-3 py-2 border border-gray-300 rounded-md focus:outline-none focus:ring-2 focus:ring-blue-500"[39m
            [36m>[39m
              [36m<option[39m
                [33mvalue[39m=[32m"analytical"[39m
              [36m>[39m
                [0mAnalytical[0m
              [36m</option>[39m
              [36m<option[39m
                [33mvalue[39m=[32m"intuitive"[39m
              [36m>[39m
                [0mIntuitive[0m
              [36m</option>[39m
              [36m<option[39m
                [33mvalue[39m=[32m"consensus-driven"[39m
              [36m>[39m
                [0mConsensus-driven[0m
              [36m</option>[39m
              [36m<option[39m
                [33mvalue[39m=[32m"authoritative"[39m
              [36m>[39m
                [0mAuthoritative[0m
              [36m</option>[39m
              [36m<option[39m
                [33mvalue[39m=[32m"risk-averse"[39m
              [36m>[39m
                [0mRisk-averse[0m
              [36m</option>[39m
              [36m<option[39m
                [33mvalue[39m=[32m"risk-taking"[39m
              [36m>[39m
                [0mRisk-taking[0m
              [36m</option>[39m
            [36m</select>[39m
          [36m</div>[39m
        [36m</div>[39m
        [36m<div>[39m
          [36m<label[39m
            [33mclass[39m=[32m"block text-sm font-medium text-gray-700 mb-2"[39m
          [36m>[39m
            [0mPriorities * (2-8 priorities)[0m
          [36m</label>[39m
          [36m<div[39m
            [33mclass[39m=[32m"flex gap-2 mb-2"[39m
          [36m>[39m
            [36m<input[39m
              [33mclass[39m=[32m"flex-1 px-3 py-2 border border-gray-300 rounded-md focus:outline-none focus:ring-2 focus:ring-blue-500"[39m
              [33mplaceholder[39m=[32m"Add a priority"[39m
              [33mtype[39m=[32m"text"[39m
              [33mvalue[39m=[32m""[39m
            [36m/>[39m
            [36m<button[39m
              [33mclass[39m=[32m"px-4 py-2 bg-green-500 text-white rounded-md hover:bg-green-600 disabled:bg-gray-300 disabled:cursor-not-allowed"[39m
              [33mdisabled[39m=[32m""[39m
              [33mtype[39m=[32m"button"[39m
            [36m>[39m
              [0mAdd[0m
            [36m</button>[39m
          [36m</div>[39m
          [36m<div[39m
            [33mclass[39m=[32m"flex flex-wrap gap-2"[39m
          [36m/>[39m
        [36m</div>[39m
        [36m<div>[39m
          [36m<label[39m
            [33mclass[39m=[32m"block text-sm font-medium text-gray-700 mb-2"[39m
          [36m>[39m
            [0mGoals * (1-5 goals)[0m
          [36m</label>[39m
          [36m<div[39m
            [33mclass[39m=[32m"flex gap-2 mb-2"[39m
          [36m>[39m
            [36m<input[39m
              [33mclass[39m=[32m"flex-1 px-3 py-2 border border-gray-300 rounded-md focus:outline-none focus:ring-2 focus:ring-blue-500"[39m
              [33mplaceholder[39m=[32m"Add a goal"[39m
              [33mtype[39m=[32m"text"[39m
              [33mvalue[39m=[32m""[39m
            [36m/>[39m
            [36m<button[39m
              [33mclass[39m=[32m"px-4 py-2 bg-green-500 text-white rounded-md hover:bg-green-600 disabled:bg-gray-300 disabled:cursor-not-allowed"[39m
              [33mdisabled[39m=[32m""[39m
              [33mtype[39m=[32m"button"[39m
            [36m>[39m
              [0mAdd[0m
            [36m</button>[39m
          [36m</div>[39m
          [36m<div[39m
            [33mclass[39m=[32m"flex flex-wrap gap-2"[39m
          [36m/>[39m
        [36m</div>[39m
        [36m<div[39m
          [33mclass[39m=[32m"bg-gray-50 p-4 rounded-lg"[39m
        [36m>[39m
          [36m<h3[39m
            [33mclass[39m=[32m"text-lg font-semibold text-gray-800 mb-3"[39m
          [36m>[39m
            [0mAI Configuration[0m
          [36m</h3>[39m
          [36m<div[39m
            [33mclass[39m=[32m"grid grid-cols-1 md:grid-cols-2 gap-4 mb-4"[39m
          [36m>[39m
            [36m<div>[39m
              [36m<label[39m
                [33mclass[39m=[32m"block text-sm font-medium text-gray-700 mb-2"[39m
              [36m>[39m
                [0mAI Model[0m
              [36m</label>[39m
              [36m<select[39m
                [33mclass[39m=[32m"w-full px-3 py-2 border border-gray-300 rounded-md focus:outline-none focus:ring-2 focus:ring-blue-500"[39m
              [36m>[39m
                [36m<option[39m
                  [33mvalue[39m=[32m"gpt-4"[39m
                [36m>[39m
                  [0mGPT-4[0m
                [36m</option>[39m
                [36m<option[39m
                  [33mvalue[39m=[32m"gpt-3.5-turbo"[39m
                [36m>[39m
                  [0mGPT-3.5 Turbo[0m
                [36m</option>[39m
                [36m<option[39m
                  [33mvalue[39m=[32m"claude-3"[39m
                [36m>[39m
                  [0mClaude-3[0m
                [36m</option>[39m
                [36m<option[39m
                  [33mvalue[39m=[32m"claude-2"[39m
                [36m>[39m
                  [0mClaude-2[0m
                [36m</option>[39m
              [36m</select>[39m
            [36m</div>[39m
            [36m<div>[39m
              [36m<label[39m
                [33mclass[39m=[32m"block text-sm font-medium text-gray-700 mb-2"[39m
              [36m>[39m
                [0mTemperature: [0m
                [0m0.7[0m
              [36m</label>[39m
              [36m<input[39m
                [33mclass[39m=[32m"w-full"[39m
                [33mmax[39m=[32m"2"[39m
                [33mmin[39m=[32m"0"[39m
                [33mstep[39m=[32m"0.1"[39m
                [33mtype[39m=[32m"range"[39m
                [33mvalue[39m=[32m"0.7"[39m
              [36m/>[39m
              [36m<div[39m
                [33mclass[39m=[32m"flex justify-between text-xs text-gray-500"[39m
              [36m>[39m
                [36m<span>[39m
                  [0mFocused[0m
                [36m</span>[39m
                [36m<span>[39m
                  [0mCreative[0m
                [36m</span>[39m
              [36m</div>[39m
            [36m</div>[39m
          [36m</div>[39m
          [36m<div>[39m
            [36m<label[39m
              [33mclass[39m=[32m"block text-sm font-medium text-gray-700 mb-2"[39m
            [36m>[39m
              [0mSystem Prompt *[0m
            [36m</label>[39m
            [36m<div[39m
              [33mclass[39m=[32m"flex gap-2 mb-2"[39m
            [36m>[39m
              [36m<button[39m
                [33mclass[39m=[32m"px-3 py-1 bg-blue-500 text-white text-sm rounded hover:bg-blue-600 transition-colors"[39m
                [33mtype[39m=[32m"button"[39m
              [36m>[39m
                [0mAuto-Generate[0m
              [36m</button>[39m
            [36m</div>[39m
            [36m<textarea[39m
              [33mclass[39m=[32m"w-full px-3 py-2 border rounded-md focus:outline-none focus:ring-2 focus:ring-blue-500 border-gray-300"[39m
              [33mplaceholder[39m=[32m"Enter the system prompt that will guide the AI's responses..."[39m
              [33mrows[39m=[32m"6"[39m
            [36m/>[39m
          [36m</div>[39m
        [36m</div>[39m
        [36m<div[39m
          [33mclass[39m=[32m"bg-gray-50 p-4 rounded-lg"[39m
        [36m>[39m
          [36m<h3[39m
            [33mclass[39m=[32m"text-lg font-semibold text-gray-800 mb-3"[39m
          [36m>[39m
            [0mAvailability Settings[0m
          [36m</h3>[39m
          [36m<div[39m
            [33mclass[39m=[32m"grid grid-cols-1 md:grid-cols-3 gap-4"[39m
          [36m>[39m
            [36m<div>[39m
              [36m<label[39m
                [33mclass[39m=[32m"block text-sm font-medium text-gray-700 mb-2"[39m
              [36m>[39m
                [0mResponse Time (minutes)[0m
              [36m</label>[39m
              [36m<input[39m
                [33mclass[39m=[32m"w-full px-3 py-2 border border-gray-300 rounded-md focus:outline-none focus:ring-2 focus:ring-blue-500"[39m
                [33mmax[39m=[32m"1440"[39m
                [33mmin[39m=[32m"1"[39m
                [33mtype[39m=[32m"number"[39m
                [33mvalue[39m=[32m"5"[39m
              [36m/>[39m
            [36m</div>[39m
            [36m<div>[39m
              [36m<label[39m
                [33mclass[39m=[32m"block text-sm font-medium text-gray-700 mb-2"[39m
              [36m>[39m
                [0mStart Time[0m
              [36m</label>[39m
              [36m<input[39m
                [33mclass[39m=[32m"w-full px-3 py-2 border border-gray-300 rounded-md focus:outline-none focus:ring-2 focus:ring-blue-500"[39m
                [33mtype[39m=[32m"time"[39m
                [33mvalue[39m=[32m"09:00"[39m
              [36m/>[39m
            [36m</div>[39m
            [36m<div>[39m
              [36m<label[39m
                [33mclass[39m=[32m"block text-sm font-medium text-gray-700 mb-2"[39m
              [36m>[39m
                [0mEnd Time[0m
              [36m</label>[39m
              [36m<input[39m
                [33mclass[39m=[32m"w-full px-3 py-2 border border-gray-300 rounded-md focus:outline-none focus:ring-2 focus:ring-blue-500"[39m
                [33mtype[39m=[32m"time"[39m
                [33mvalue[39m=[32m"17:00"[39m
              [36m/>[39m
            [36m</div>[39m
          [36m</div>[39m
        [36m</div>[39m
        [36m<div[39m
          [33mclass[39m=[32m"flex justify-end gap-4 pt-6 border-t"[39m
        [36m>[39m
          [36m<button[39m
            [33mclass[39m=[32m"px-6 py-2 border border-gray-300 text-gray-700 rounded-md hover:bg-gray-50 transition-colors"[39m
            [33mtype[39m=[32m"button"[39m
          [36m>[39m
            [0mCancel[0m
          [36m</button>[39m
          [36m<button[39m
            [33mclass[39m=[32m"px-6 py-2 bg-blue-500 text-white rounded-md hover:bg-blue-600 disabled:bg-gray-300 disabled:cursor-not-allowed transition-colors"[39m
            [33mtype[39m=[32m"submit"[39m
          [36m>[39m
            [0mCreate Persona[0m
          [36m</button>[39m
        [36m</div>[39m
      [36m</form>[39m
    [36m</div>[39m
  [36m</div>[39m
[36m</body>[39m

Ignored nodes: comments, script, style
[36m<html>[39m
  [36m<head />[39m
  [36m<body>[39m
    [36m<div>[39m
      [36m<div[39m
        [33mclass[39m=[32m"max-w-4xl mx-auto p-6 bg-white rounded-lg shadow-lg"[39m
      [36m>[39m
        [36m<h2[39m
          [33mclass[39m=[32m"text-2xl font-bold mb-6 text-gray-800"[39m
        [36m>[39m
          [0mCreate New Persona[0m
        [36m</h2>[39m
        [36m<form[39m
          [33mclass[39m=[32m"space-y-6"[39m
        [36m>[39m
          [36m<div[39m
            [33mclass[39m=[32m"grid grid-cols-1 md:grid-cols-2 gap-6"[39m
          [36m>[39m
            [36m<div>[39m
              [36m<label[39m
                [33mclass[39m=[32m"block text-sm font-medium text-gray-700 mb-2"[39m
              [36m>[39m
                [0mPersona Name *[0m
              [36m</label>[39m
              [36m<input[39m
                [33mclass[39m=[32m"w-full px-3 py-2 border rounded-md focus:outline-none focus:ring-2 focus:ring-blue-500 border-gray-300"[39m
                [33mplaceholder[39m=[32m"Enter persona name"[39m
                [33mtype[39m=[32m"text"[39m
                [33mvalue[39m=[32m""[39m
              [36m/>[39m
            [36m</div>[39m
            [36m<div>[39m
              [36m<label[39m
                [33mclass[39m=[32m"block text-sm font-medium text-gray-700 mb-2"[39m
              [36m>[39m
                [0mProject *[0m
              [36m</label>[39m
              [36m<select[39m
                [33mclass[39m=[32m"w-full px-3 py-2 border rounded-md focus:outline-none focus:ring-2 focus:ring-blue-500 border-gray-300"[39m
              [36m>[39m
                [36m<option[39m
                  [33mvalue[39m=[32m""[39m
                [36m>[39m
                  [0mSelect a project[0m
                [36m</option>[39m
                [36m<option>[39m
                  [0m - [0m
                [36m</option>[39m
              [36m</select>[39m
            [36m</div>[39m
          [36m</div>[39m
          [36m<div>[39m
            [36m<label[39m
              [33mclass[39m=[32m"block text-sm font-medium text-gray-700 mb-2"[39m
            [36m>[39m
              [0mRole *[0m
            [36m</label>[39m
            [36m<input[39m
              [33mclass[39m=[32m"w-full px-3 py-2 border rounded-md focus:outline-none focus:ring-2 focus:ring-blue-500 border-gray-300"[39m
              [33mplaceholder[39m=[32m"e.g., Product Manager, UX Designer, Developer"[39m
              [33mtype[39m=[32m"text"[39m
              [33mvalue[39m=[32m""[39m
            [36m/>[39m
          [36m</div>[39m
          [36m<div>[39m
            [36m<label[39m
              [33mclass[39m=[32m"block text-sm font-medium text-gray-700 mb-2"[39m
            [36m>[39m
              [0mBackground *[0m
            [36m</label>[39m
            [36m<textarea[39m
              [33mclass[39m=[32m"w-full px-3 py-2 border rounded-md focus:outline-none focus:ring-2 focus:ring-blue-500 border-gray-300"[39m
              [33mplaceholder[39m=[32m"Describe the persona's background, experience, and context..."[39m
              [33mrows[39m=[32m"4"[39m
            [36m/>[39m
          [36m</div>[39m
          [36m<div>[39m
            [36m<label[39m
              [33mclass[39m=[32m"block text-sm font-medium text-gray-700 mb-2"[39m
            [36m>[39m
              [0mPersonality Traits * (3-10 traits)[0m
            [36m</label>[39m
            [36m<div[39m
              [33mclass[39m=[32m"flex gap-2 mb-2"[39m
            [36m>[39m
              [36m<input[39m
                [33mclass[39m=[32m"flex-1 px-3 py-2 border border-gray-300 rounded-md focus:outline-none focus:ring-2 focus:ring-blue-500"[39m
                [33mplaceholder[39m=[32m"Add a personality trait"[39m
                [33mtype[39m=[32m"text"[39m
                [33mvalue[39m=[32m""[39m
              [36m/>[39m
              [36m<button[39m
                [33mclass[39m=[32m"px-4 py-2 bg-green-500 text-white rounded-md hover:bg-green-600 disabled:bg-gray-300 disabled:cursor-not-allowed"[39m
                [33mdisabled[39m=[32m""[39m
                [33mtype[39m=[32m"button"[39m
              [36m>[39m
                [0mAdd[0m
              [36m</button>[39m
            [36m</div>[39m
            [36m<div[39m
              [33mclass[39m=[32m"flex flex-wrap gap-2"[39m
            [36m/>[39m
          [36m</div>[39m
          [36m<div[39m
            [33mclass[39m=[32m"grid grid-cols-1 md:grid-cols-2 gap-6"[39m
          [36m>[39m
            [36m<div>[39m
              [36m<label[39m
                [33mclass[39m=[32m"block text-sm font-medium text-gray-700 mb-2"[39m
              [36m>[39m
                [0mCommunication Style[0m
              [36m</label>[39m
              [36m<select[39m
                [33mclass[39m=[32m"w-full px-3 py-2 border border-gray-300 rounded-md focus:outline-none focus:ring-2 focus:ring-blue-500"[39m
              [36m>[39m
                [36m<option[39m
                  [33mvalue[39m=[32m"formal"[39m
                [36m>[39m
                  [0mFormal[0m
                [36m</option>[39m
                [36m<option[39m
                  [33mvalue[39m=[32m"casual"[39m
                [36m>[39m
                  [0mCasual[0m
                [36m</option>[39m
                [36m<option[39m
                  [33mvalue[39m=[32m"technical"[39m
                [36m>[39m
                  [0mTechnical[0m
                [36m</option>[39m
                [36m<option[39m
                  [33mvalue[39m=[32m"collaborative"[39m
                [36m>[39m
                  [0mCollaborative[0m
                [36m</option>[39m
                [36m<option[39m
                  [33mvalue[39m=[32m"authoritative"[39m
                [36m>[39m
                  [0mAuthoritative[0m
                [36m</option>[39m
                [36m<option[39m
                  [33mvalue[39m=[32m"supportive"[39m
                [36m>[39m
                  [0mSupportive[0m
                [36m</option>[39m
              [36m</select>[39m
            [36m</div>[39m
            [36m<div>[39m
              [36m<label[39m
                [33mclass[39m=[32m"block text-sm font-medium text-gray-700 mb-2"[39m
              [36m>[39m
                [0mDecision Making Style[0m
              [36m</label>[39m
              [36m<select[39m
                [33mclass[39m=[32m"w-full px-3 py-2 border border-gray-300 rounded-md focus:outline-none focus:ring-2 focus:ring-blue-500"[39m
              [36m>[39m
                [36m<option[39m
                  [33mvalue[39m=[32m"analytical"[39m
                [36m>[39m
                  [0mAnalytical[0m
                [36m</option>[39m
                [36m<option[39m
                  [33mvalue[39m=[32m"intuitive"[39m
                [36m>[39m
                  [0mIntuitive[0m
                [36m</option>[39m
                [36m<option[39m
                  [33mvalue[39m=[32m"consensus-driven"[39m
                [36m>[39m
                  [0mConsensus-driven[0m
                [36m</option>[39m
                [36m<option[39m
                  [33mvalue[39m=[32m"authoritative"[39m
                [36m>[39m
                  [0mAuthoritative[0m
                [36m</option>[39m
                [36m<option[39m
                  [33mvalue[39m=[32m"risk-averse"[39m
                [36m>[39m
                  [0mRisk-averse[0m
                [36m</option>[39m
                [36m<option[39m
                  [33mvalue[39m=[32m"risk-taking"[39m
                [36m>[39m
                  [0mRisk-taking[0m
                [36m</option>[39m
              [36m</select>[39m
            [36m</div>[39m
          [36m</div>[39m
          [36m<div>[39m
            [36m<label[39m
              [33mclass[39m=[32m"block text-sm font-medium text-gray-700 mb-2"[39m
            [36m>[39m
              [0mPriorities * (2-8 priorities)[0m
            [36m</label>[39m
            [36m<div[39m
              [33mclass[39m=[32m"flex gap-2 mb-2"[39m
            [36m>[39m
              [36m<input[39m
                [33mclass[39m=[32m"flex-1 px-3 py-2 border border-gray-300 rounded-md focus:outline-none focus:ring-2 focus:ring-blue-500"[39m
                [33mplaceholder[39m=[32m"Add a priority"[39m
                [33mtype[39m=[32m"text"[39m
                [33mvalue[39m=[32m""[39m
              [36m/>[39m
              [36m<button[39m
                [33mclass[39m=[32m"px-4 py-2 bg-green-500 text-white rounded-md hover:bg-green-600 disabled:bg-gray-300 disabled:cursor-not-allowed"[39m
                [33mdisabled[39m=[32m""[39m
                [33mtype[39m=[32m"button"[39m
              [36m>[39m
                [0mAdd[0m
              [36m</button>[39m
            [36m</div>[39m
            [36m<div[39m
              [33mclass[39m=[32m"flex flex-wrap gap-2"[39m
            [36m/>[39m
          [36m</div>[39m
          [36m<div>[39m
            [36m<label[39m
              [33mclass[39m=[32m"block text-sm font-medium text-gray-700 mb-2"[39m
            [36m>[39m
              [0mGoals * (1-5 goals)[0m
            [36m</label>[39m
            [36m<div[39m
              [33mclass[39m=[32m"flex gap-2 mb-2"[39m
            [36m>[39m
              [36m<input[39m
                [33mclass[39m=[32m"flex-1 px-3 py-2 border border-gray-300 rounded-md focus:outline-none focus:ring-2 focus:ring-blue-500"[39m
                [33mplaceholder[39m=[32m"Add a goal"[39m
                [33mtype[39m=[32m"text"[39m
                [33mvalue[39m=[32m""[39m
              [36m/>[39m
              [36m<button[39m
                [33mclass[39m=[32m"px-4 py-2 bg-green-500 text-white rounded-md hover:bg-green-600 disabled:bg-gray-300 disabled:cursor-not-allowed"[39m
                [33mdisabled[39m=[32m""[39m
                [33mtype[39m=[32m"button"[39m
              [36m>[39m
                [0mAdd[0m
              [36m</button>[39m
            [36m</div>[39m
            [36m<div[39m
              [33mclass[39m=[32m"flex flex-wrap gap-2"[39m
            [36m/>[39m
          [36m</div>[39m
          [36m<div[39m
            [33mclass[39m=[32m"bg-gray-50 p-4 rounded-lg"[39m
          [36m>[39m
            [36m<h3[39m
              [33mclass[39m=[32m"text-lg font-semibold text-gray-800 mb-3"[39m
            [36m>[39m
              [0mAI Configuration[0m
            [36m</h3>[39m
            [36m<div[39m
              [33mclass[39m=[32m"grid grid-cols-1 md:grid-cols-2 gap-4 mb-4"[39m
            [36m>[39m
              [36m<div>[39m
                [36m<label[39m
                  [33mclass[39m=[32m"block text-sm font-medium text-gray-700 mb-2"[39m
                [36m>[39m
                  [0mAI Model[0m
                [36m</label>[39m
                [36m<select[39m
                  [33mclass[39m=[32m"w-full px-3 py-2 border border-gray-300 rounded-md focus:outline-none focus:ring-2 focus:ring-blue-500"[39m
                [36m>[39m
                  [36m<option[39m
                    [33mvalue[39m=[32m"gpt-4"[39m
                  [36m>[39m
                    [0mGPT-4[0m
                  [36m</option>[39m
                  [36m<option[39m
                    [33mvalue[39m=[32m"gpt-3.5-turbo"[39m
                  [36m>[39m
                    [0mGPT-3.5 Turbo[0m
                  [36m</option>[39m
                  [36m<option[39m
                    [33mvalue[39m=[32m"claude-3"[39m
                  [36m>[39m
                    [0mClaude-3[0m
                  [36m</option>[39m
                  [36m<option[39m
                    [33mvalue[39m=[32m"claude-2"[39m
                  [36m>[39m
                    [0mClaude-2[0m
                  [36m</option>[39m
                [36m</select>[39m
              [36m</div>[39m
              [36m<div>[39m
                [36m<label[39m
                  [33mclass[39m=[32m"block text-sm font-medium text-gray-700 mb-2"[39m
                [36m>[39m
                  [0mTemperature: [0m
                  [0m0.7[0m
                [36m</label>[39m
                [36m<input[39m
                  [33mclass[39m=[32m"w-full"[39m
                  [33mmax[39m=[32m"2"[39m
                  [33mmin[39m=[32m"0"[39m
                  [33mstep[39m=[32m"0.1"[39m
                  [33mtype[39m=[32m"range"[39m
                  [33mvalue[39m=[32m"0.7"[39m
                [36m/>[39m
                [36m<div[39m
                  [33mclass[39m=[32m"flex justify-between text-xs text-gray-500"[39m
                [36m>[39m
                  [36m<span>[39m
                    [0mFocused[0m
                  [36m</span>[39m
                  [36m<span>[39m
                    [0mCreative[0m
                  [36m</span>[39m
                [36m</div>[39m
              [36m</div>[39m
            [36m</div>[39m
            [36m<div>[39m
              [36m<label[39m
                [33mclass[39m=[32m"block text-sm font-medium text-gray-700 mb-2"[39m
              [36m>[39m
                [0mSystem Prompt *[0m
              [36m</label>[39m
              [36m<div[39m
                [33mclass[39m=[32m"flex gap-2 mb-2"[39m
              [36m>[39m
                [36m<button[39m
                  [33mclass[39m=[32m"px-3 py-1 bg-blue-500 text-white text-sm rounded hover:bg-blue-600 transition-colors"[39m
                  [33mtype[39m=[32m"button"[39m
                [36m>[39m
                  [0mAuto-Generate[0m
                [36m</button>[39m
              [36m</div>[39m
              [36m<textarea[39m
                [33mclass[39m=[32m"w-full px-3 py-2 border rounded-md focus:outline-none focus:ring-2 focus:ring-blue-500 border-gray-300"[39m
                [33mplaceholder[39m=[32m"Enter the system prompt that will guide the AI's responses..."[39m
                [33mrows[39m=[32m"6"[39m
              [36m/>[39m
            [36m</div>[39m
          [36m</div>[39m
          [36m<div[39m
            [33mclass[39m=[32m"bg-gray-50 p-4 rounded-lg"[39m
          [36m>[39m
            [36m<h3[39m
              [33mclass[39m=[32m"text-lg font-semibold text-gray-800 mb-3"[39m
            [36m>[39m
              [0mAvailability Settings[0m
            [36m</h3>[39m
            [36m<div[39m
              [33mclass[39m=[32m"grid grid-cols-1 md:grid-cols-3 gap-4"[39m
            [36m>[39m
              [36m<div>[39m
                [36m<label[39m
                  [33mclass[39m=[32m"block text-sm font-medium text-gray-700 mb-2"[39m
                [36m>[39m
                  [0mResponse Time (minutes)[0m
                [36m</label>[39m
                [36m<input[39m
                  [33mclass[39m=[32m"w-full px-3 py-2 border border-gray-300 rounded-md focus:outline-none focus:ring-2 focus:ring-blue-500"[39m
                  [33mmax[39m=[32m"1440"[39m
                  [33mmin[39m=[32m"1"[39m
                  [33mtype[39m=[32m"number"[39m
                  [33mvalue[39m=[32m"5"[39m
                [36m/>[39m
              [36m</div>[39m
              [36m<div>[39m
                [36m<label[39m
                  [33mclass[39m=[32m"block text-sm font-medium text-gray-700 mb-2"[39m
                [36m>[39m
                  [0mStart Time[0m
                [36m</label>[39m
                [36m<input[39m
                  [33mclass[39m=[32m"w-full px-3 py-2 border border-gray-300 rounded-md focus:outline-none focus:ring-2 focus:ring-blue-500"[39m
                  [33mtype[39m=[32m"time"[39m
                  [33mvalue[39m=[32m"09:00"[39m
                [36m/>[39m
              [36m</div>[39m
              [36m<div>[39m
                [36m<label[39m
                  [33mclass[39m=[32m"block text-sm font-medium text-gray-700 mb-2"[39m
                [36m>[39m
                  [0mEnd Time[0m
                [36m</label>[39m
                [36m<input[39m
                  [33mclass[39m=[32m"w-full px-3 py-2 border border-gray-300 rounded-md focus:outline-none focus:ring-2 focus:ring-blue-500"[39m
                  [33mtype[39m=[32m"time"[39m
                  [33mvalue[39m=[32m"17:00"[39m
                [36m/>[39m
              [36m</div>[39m
            [36m</div>[39m
          [36m</div>[39m
          [36m<div[39m
            [33mclass[39m=[32m"flex justify-end gap-4 pt-6 border-t"[39m
          [36m>[39m
            [36m<button[39m
              [33mclass[39m=[32m"px-6 py-2 border border-gray-300 text-gray-700 rounded-md hover:bg-gray-50 transition-colors"[39m
              [33mtype[39m=[32m"button"[39m
            [36m>[39m
              [0mCancel[0m
            [36m</button>[39m
            [36m<button[39m
              [33mclass[39m=[32m"px-6 py-2 bg-blue-500 text-white rounded-md hover:bg-blue-600 disabled:bg-gray-300 disabled:cursor-not-allowed transition-colors"[39m
              [33mtype[39m=[32m"submit"[39m
            [36m>[39m
              [0mCreate Persona[0m
            [36m</button>[39m
          [36m</div>[39m
        [36m</form>[39m
      [36m</div>[39m
    [36m</div>[39m
  [36m</body>[39m
[36m</html>[39m
   × PersonaForm > applies suggestion when Apply button is clicked 1008ms
     → Found a label with the text of: /Project/, however no form control was found associated to that label. Make sure you're using the "for" attribute or "aria-labelledby" attribute correctly.

Ignored nodes: comments, script, style
[36m<body>[39m
  [36m<div>[39m
    [36m<div[39m
      [33mclass[39m=[32m"max-w-4xl mx-auto p-6 bg-white rounded-lg shadow-lg"[39m
    [36m>[39m
      [36m<h2[39m
        [33mclass[39m=[32m"text-2xl font-bold mb-6 text-gray-800"[39m
      [36m>[39m
        [0mCreate New Persona[0m
      [36m</h2>[39m
      [36m<form[39m
        [33mclass[39m=[32m"space-y-6"[39m
      [36m>[39m
        [36m<div[39m
          [33mclass[39m=[32m"grid grid-cols-1 md:grid-cols-2 gap-6"[39m
        [36m>[39m
          [36m<div>[39m
            [36m<label[39m
              [33mclass[39m=[32m"block text-sm font-medium text-gray-700 mb-2"[39m
            [36m>[39m
              [0mPersona Name *[0m
            [36m</label>[39m
            [36m<input[39m
              [33mclass[39m=[32m"w-full px-3 py-2 border rounded-md focus:outline-none focus:ring-2 focus:ring-blue-500 border-gray-300"[39m
              [33mplaceholder[39m=[32m"Enter persona name"[39m
              [33mtype[39m=[32m"text"[39m
              [33mvalue[39m=[32m""[39m
            [36m/>[39m
          [36m</div>[39m
          [36m<div>[39m
            [36m<label[39m
              [33mclass[39m=[32m"block text-sm font-medium text-gray-700 mb-2"[39m
            [36m>[39m
              [0mProject *[0m
            [36m</label>[39m
            [36m<select[39m
              [33mclass[39m=[32m"w-full px-3 py-2 border rounded-md focus:outline-none focus:ring-2 focus:ring-blue-500 border-gray-300"[39m
            [36m>[39m
              [36m<option[39m
                [33mvalue[39m=[32m""[39m
              [36m>[39m
                [0mSelect a project[0m
              [36m</option>[39m
              [36m<option[39m
                [33mvalue[39m=[32m"1"[39m
              [36m>[39m
                [0mTest Project 1[0m
                [0m - [0m
                [0mTechnology[0m
              [36m</option>[39m
              [36m<option[39m
                [33mvalue[39m=[32m"2"[39m
              [36m>[39m
                [0mTest Project 2[0m
                [0m - [0m
                [0mHealthcare[0m
              [36m</option>[39m
            [36m</select>[39m
          [36m</div>[39m
        [36m</div>[39m
        [36m<div>[39m
          [36m<label[39m
            [33mclass[39m=[32m"block text-sm font-medium text-gray-700 mb-2"[39m
          [36m>[39m
            [0mRole *[0m
          [36m</label>[39m
          [36m<input[39m
            [33mclass[39m=[32m"w-full px-3 py-2 border rounded-md focus:outline-none focus:ring-2 focus:ring-blue-500 border-gray-300"[39m
            [33mplaceholder[39m=[32m"e.g., Product Manager, UX Designer, Developer"[39m
            [33mtype[39m=[32m"text"[39m
            [33mvalue[39m=[32m""[39m
          [36m/>[39m
        [36m</div>[39m
        [36m<div>[39m
          [36m<label[39m
            [33mclass[39m=[32m"block text-sm font-medium text-gray-700 mb-2"[39m
          [36m>[39m
            [0mBackground *[0m
          [36m</label>[39m
          [36m<textarea[39m
            [33mclass[39m=[32m"w-full px-3 py-2 border rounded-md focus:outline-none focus:ring-2 focus:ring-blue-500 border-gray-300"[39m
            [33mplaceholder[39m=[32m"Describe the persona's background, experience, and context..."[39m
            [33mrows[39m=[32m"4"[39m
          [36m/>[39m
        [36m</div>[39m
        [36m<div>[39m
          [36m<label[39m
            [33mclass[39m=[32m"block text-sm font-medium text-gray-700 mb-2"[39m
          [36m>[39m
            [0mPersonality Traits * (3-10 traits)[0m
          [36m</label>[39m
          [36m<div[39m
            [33mclass[39m=[32m"flex gap-2 mb-2"[39m
          [36m>[39m
            [36m<input[39m
              [33mclass[39m=[32m"flex-1 px-3 py-2 border border-gray-300 rounded-md focus:outline-none focus:ring-2 focus:ring-blue-500"[39m
              [33mplaceholder[39m=[32m"Add a personality trait"[39m
              [33mtype[39m=[32m"text"[39m
              [33mvalue[39m=[32m""[39m
            [36m/>[39m
            [36m<button[39m
              [33mclass[39m=[32m"px-4 py-2 bg-green-500 text-white rounded-md hover:bg-green-600 disabled:bg-gray-300 disabled:cursor-not-allowed"[39m
              [33mdisabled[39m=[32m""[39m
              [33mtype[39m=[32m"button"[39m
            [36m>[39m
              [0mAdd[0m
            [36m</button>[39m
          [36m</div>[39m
          [36m<div[39m
            [33mclass[39m=[32m"flex flex-wrap gap-2"[39m
          [36m/>[39m
        [36m</div>[39m
        [36m<div[39m
          [33mclass[39m=[32m"grid grid-cols-1 md:grid-cols-2 gap-6"[39m
        [36m>[39m
          [36m<div>[39m
            [36m<label[39m
              [33mclass[39m=[32m"block text-sm font-medium text-gray-700 mb-2"[39m
            [36m>[39m
              [0mCommunication Style[0m
            [36m</label>[39m
            [36m<select[39m
              [33mclass[39m=[32m"w-full px-3 py-2 border border-gray-300 rounded-md focus:outline-none focus:ring-2 focus:ring-blue-500"[39m
            [36m>[39m
              [36m<option[39m
                [33mvalue[39m=[32m"formal"[39m
              [36m>[39m
                [0mFormal[0m
              [36m</option>[39m
              [36m<option[39m
                [33mvalue[39m=[32m"casual"[39m
              [36m>[39m
                [0mCasual[0m
              [36m</option>[39m
              [36m<option[39m
                [33mvalue[39m=[32m"technical"[39m
              [36m>[39m
                [0mTechnical[0m
              [36m</option>[39m
              [36m<option[39m
                [33mvalue[39m=[32m"collaborative"[39m
              [36m>[39m
                [0mCollaborative[0m
              [36m</option>[39m
              [36m<option[39m
                [33mvalue[39m=[32m"authoritative"[39m
              [36m>[39m
                [0mAuthoritative[0m
              [36m</option>[39m
              [36m<option[39m
                [33mvalue[39m=[32m"supportive"[39m
              [36m>[39m
                [0mSupportive[0m
              [36m</option>[39m
            [36m</select>[39m
          [36m</div>[39m
          [36m<div>[39m
            [36m<label[39m
              [33mclass[39m=[32m"block text-sm font-medium text-gray-700 mb-2"[39m
            [36m>[39m
              [0mDecision Making Style[0m
            [36m</label>[39m
            [36m<select[39m
              [33mclass[39m=[32m"w-full px-3 py-2 border border-gray-300 rounded-md focus:outline-none focus:ring-2 focus:ring-blue-500"[39m
            [36m>[39m
              [36m<option[39m
                [33mvalue[39m=[32m"analytical"[39m
              [36m>[39m
                [0mAnalytical[0m
              [36m</option>[39m
              [36m<option[39m
                [33mvalue[39m=[32m"intuitive"[39m
              [36m>[39m
                [0mIntuitive[0m
              [36m</option>[39m
              [36m<option[39m
                [33mvalue[39m=[32m"consensus-driven"[39m
              [36m>[39m
                [0mConsensus-driven[0m
              [36m</option>[39m
              [36m<option[39m
                [33mvalue[39m=[32m"authoritative"[39m
              [36m>[39m
                [0mAuthoritative[0m
              [36m</option>[39m
              [36m<option[39m
                [33mvalue[39m=[32m"risk-averse"[39m
              [36m>[39m
                [0mRisk-averse[0m
              [36m</option>[39m
              [36m<option[39m
                [33mvalue[39m=[32m"risk-taking"[39m
              [36m>[39m
                [0mRisk-taking[0m
              [36m</option>[39m
            [36m</select>[39m
          [36m</div>[39m
        [36m</div>[39m
        [36m<div>[39m
          [36m<label[39m
            [33mclass[39m=[32m"block text-sm font-medium text-gray-700 mb-2"[39m
          [36m>[39m
            [0mPriorities * (2-8 priorities)[0m
          [36m</label>[39m
          [36m<div[39m
            [33mclass[39m=[32m"flex gap-2 mb-2"[39m
          [36m>[39m
            [36m<input[39m
              [33mclass[39m=[32m"flex-1 px-3 py-2 border border-gray-300 rounded-md focus:outline-none focus:ring-2 focus:ring-blue-500"[39m
              [33mplaceholder[39m=[32m"Add a priority"[39m
              [33mtype[39m=[32m"text"[39m
              [33mvalue[39m=[32m""[39m
            [36m/>[39m
            [36m<button[39m
              [33mclass[39m=[32m"px-4 py-2 bg-green-500 text-white rounded-md hover:bg-green-600 disabled:bg-gray-300 disabled:cursor-not-allowed"[39m
              [33mdisabled[39m=[32m""[39m
              [33mtype[39m=[32m"button"[39m
            [36m>[39m
              [0mAdd[0m
            [36m</button>[39m
          [36m</div>[39m
          [36m<div[39m
            [33mclass[39m=[32m"flex flex-wrap gap-2"[39m
          [36m/>[39m
        [36m</div>[39m
        [36m<div>[39m
          [36m<label[39m
            [33mclass[39m=[32m"block text-sm font-medium text-gray-700 mb-2"[39m
          [36m>[39m
            [0mGoals * (1-5 goals)[0m
          [36m</label>[39m
          [36m<div[39m
            [33mclass[39m=[32m"flex gap-2 mb-2"[39m
          [36m>[39m
            [36m<input[39m
              [33mclass[39m=[32m"flex-1 px-3 py-2 border border-gray-300 rounded-md focus:outline-none focus:ring-2 focus:ring-blue-500"[39m
              [33mplaceholder[39m=[32m"Add a goal"[39m
              [33mtype[39m=[32m"text"[39m
              [33mvalue[39m=[32m""[39m
            [36m/>[39m
            [36m<button[39m
              [33mclass[39m=[32m"px-4 py-2 bg-green-500 text-white rounded-md hover:bg-green-600 disabled:bg-gray-300 disabled:cursor-not-allowed"[39m
              [33mdisabled[39m=[32m""[39m
              [33mtype[39m=[32m"button"[39m
            [36m>[39m
              [0mAdd[0m
            [36m</button>[39m
          [36m</div>[39m
          [36m<div[39m
            [33mclass[39m=[32m"flex flex-wrap gap-2"[39m
          [36m/>[39m
        [36m</div>[39m
        [36m<div[39m
          [33mclass[39m=[32m"bg-gray-50 p-4 rounded-lg"[39m
        [36m>[39m
          [36m<h3[39m
            [33mclass[39m=[32m"text-lg font-semibold text-gray-800 mb-3"[39m
          [36m>[39m
            [0mAI Configuration[0m
          [36m</h3>[39m
          [36m<div[39m
            [33mclass[39m=[32m"grid grid-cols-1 md:grid-cols-2 gap-4 mb-4"[39m
          [36m>[39m
            [36m<div>[39m
              [36m<label[39m
                [33mclass[39m=[32m"block text-sm font-medium text-gray-700 mb-2"[39m
              [36m>[39m
                [0mAI Model[0m
              [36m</label>[39m
              [36m<select[39m
                [33mclass[39m=[32m"w-full px-3 py-2 border border-gray-300 rounded-md focus:outline-none focus:ring-2 focus:ring-blue-500"[39m
              [36m>[39m
                [36m<option[39m
                  [33mvalue[39m=[32m"gpt-4"[39m
                [36m>[39m
                  [0mGPT-4[0m
                [36m</option>[39m
                [36m<option[39m
                  [33mvalue[39m=[32m"gpt-3.5-turbo"[39m
                [36m>[39m
                  [0mGPT-3.5 Turbo[0m
                [36m</option>[39m
                [36m<option[39m
                  [33mvalue[39m=[32m"claude-3"[39m
                [36m>[39m
                  [0mClaude-3[0m
                [36m</option>[39m
                [36m<option[39m
                  [33mvalue[39m=[32m"claude-2"[39m
                [36m>[39m
                  [0mClaude-2[0m
                [36m</option>[39m
              [36m</select>[39m
            [36m</div>[39m
            [36m<div>[39m
              [36m<label[39m
                [33mclass[39m=[32m"block text-sm font-medium text-gray-700 mb-2"[39m
              [36m>[39m
                [0mTemperature: [0m
                [0m0.7[0m
              [36m</label>[39m
              [36m<input[39m
                [33mclass[39m=[32m"w-full"[39m
                [33mmax[39m=[32m"2"[39m
                [33mmin[39m=[32m"0"[39m
                [33mstep[39m=[32m"0.1"[39m
                [33mtype[39m=[32m"range"[39m
                [33mvalue[39m=[32m"0.7"[39m
              [36m/>[39m
              [36m<div[39m
                [33mclass[39m=[32m"flex justify-between text-xs text-gray-500"[39m
              [36m>[39m
                [36m<span>[39m
                  [0mFocused[0m
                [36m</span>[39m
                [36m<span>[39m
                  [0mCreative[0m
                [36m</span>[39m
              [36m</div>[39m
            [36m</div>[39m
          [36m</div>[39m
          [36m<div>[39m
            [36m<label[39m
              [33mclass[39m=[32m"block text-sm font-medium text-gray-700 mb-2"[39m
            [36m>[39m
              [0mSystem Prompt *[0m
            [36m</label>[39m
            [36m<div[39m
              [33mclass[39m=[32m"flex gap-2 mb-2"[39m
            [36m>[39m
              [36m<button[39m
                [33mclass[39m=[32m"px-3 py-1 bg-blue-500 text-white text-sm rounded hover:bg-blue-600 transition-colors"[39m
                [33mtype[39m=[32m"button"[39m
              [36m>[39m
                [0mAuto-Generate[0m
              [36m</button>[39m
            [36m</div>[39m
            [36m<textarea[39m
              [33mclass[39m=[32m"w-full px-3 py-2 border rounded-md focus:outline-none focus:ring-2 focus:ring-blue-500 border-gray-300"[39m
              [33mplaceholder[39m=[32m"Enter the system prompt that will guide the AI's responses..."[39m
              [33mrows[39m=[32m"6"[39m
            [36m/>[39m
          [36m</div>[39m
        [36m</div>[39m
        [36m<div[39m
          [33mclass[39m=[32m"bg-gray-50 p-4 rounded-lg"[39m
        [36m>[39m
          [36m<h3[39m
            [33mclass[39m=[32m"text-lg font-semibold text-gray-800 mb-3"[39m
          [36m>[39m
            [0mAvailability Settings[0m
          [36m</h3>[39m
          [36m<div[39m
            [33mclass[39m=[32m"grid grid-cols-1 md:grid-cols-3 gap-4"[39m
          [36m>[39m
            [36m<div>[39m
              [36m<label[39m
                [33mclass[39m=[32m"block text-sm font-medium text-gray-700 mb-2"[39m
              [36m>[39m
                [0mResponse Time (minutes)[0m
              [36m</label>[39m
              [36m<input[39m
                [33mclass[39m=[32m"w-full px-3 py-2 border border-gray-300 rounded-md focus:outline-none focus:ring-2 focus:ring-blue-500"[39m
                [33mmax[39m=[32m"1440"[39m
                [33mmin[39m=[32m"1"[39m
                [33mtype[39m=[32m"number"[39m
                [33mvalue[39m=[32m"5"[39m
              [36m/>[39m
            [36m</div>[39m
            [36m<div>[39m
              [36m<label[39m
                [33mclass[39m=[32m"block text-sm font-medium text-gray-700 mb-2"[39m
              [36m>[39m
                [0mStart Time[0m
              [36m</label>[39m
              [36m<input[39m
                [33mclass[39m=[32m"w-full px-3 py-2 border border-gray-300 rounded-md focus:outline-none focus:ring-2 focus:ring-blue-500"[39m
                [33mtype[39m=[32m"time"[39m
                [33mvalue[39m=[32m"09:00"[39m
              [36m/>[39m
            [36m</div>[39m
            [36m<div>[39m
              [36m<label[39m
                [33mclass[39m=[32m"block text-sm font-medium text-gray-700 mb-2"[39m
              [36m>[39m
                [0mEnd Time[0m
              [36m</label>[39m
              [36m<input[39m
                [33mclass[39m=[32m"w-full px-3 py-2 border border-gray-300 rounded-md focus:outline-none focus:ring-2 focus:ring-blue-500"[39m
                [33mtype[39m=[32m"time"[39m
                [33mvalue[39m=[32m"17:00"[39m
              [36m/>[39m
            [36m</div>[39m
          [36m</div>[39m
        [36m</div>[39m
        [36m<div[39m
          [33mclass[39m=[32m"flex justify-end gap-4 pt-6 border-t"[39m
        [36m>[39m
          [36m<button[39m
            [33mclass[39m=[32m"px-6 py-2 border border-gray-300 text-gray-700 rounded-md hover:bg-gray-50 transition-colors"[39m
            [33mtype[39m=[32m"button"[39m
          [36m>[39m
            [0mCancel[0m
          [36m</button>[39m
          [36m<button[39m
            [33mclass[39m=[32m"px-6 py-2 bg-blue-500 text-white rounded-md hover:bg-blue-600 disabled:bg-gray-300 disabled:cursor-not-allowed transition-colors"[39m
            [33mtype[39m=[32m"submit"[39m
          [36m>[39m
            [0mCreate Persona[0m
          [36m</button>[39m
        [36m</div>[39m
      [36m</form>[39m
    [36m</div>[39m
  [36m</div>[39m
[36m</body>[39m

Ignored nodes: comments, script, style
[36m<html>[39m
  [36m<head />[39m
  [36m<body>[39m
    [36m<div>[39m
      [36m<div[39m
        [33mclass[39m=[32m"max-w-4xl mx-auto p-6 bg-white rounded-lg shadow-lg"[39m
      [36m>[39m
        [36m<h2[39m
          [33mclass[39m=[32m"text-2xl font-bold mb-6 text-gray-800"[39m
        [36m>[39m
          [0mCreate New Persona[0m
        [36m</h2>[39m
        [36m<form[39m
          [33mclass[39m=[32m"space-y-6"[39m
        [36m>[39m
          [36m<div[39m
            [33mclass[39m=[32m"grid grid-cols-1 md:grid-cols-2 gap-6"[39m
          [36m>[39m
            [36m<div>[39m
              [36m<label[39m
                [33mclass[39m=[32m"block text-sm font-medium text-gray-700 mb-2"[39m
              [36m>[39m
                [0mPersona Name *[0m
              [36m</label>[39m
              [36m<input[39m
                [33mclass[39m=[32m"w-full px-3 py-2 border rounded-md focus:outline-none focus:ring-2 focus:ring-blue-500 border-gray-300"[39m
                [33mplaceholder[39m=[32m"Enter persona name"[39m
                [33mtype[39m=[32m"text"[39m
                [33mvalue[39m=[32m""[39m
              [36m/>[39m
            [36m</div>[39m
            [36m<div>[39m
              [36m<label[39m
                [33mclass[39m=[32m"block text-sm font-medium text-gray-700 mb-2"[39m
              [36m>[39m
                [0mProject *[0m
              [36m</label>[39m
              [36m<select[39m
                [33mclass[39m=[32m"w-full px-3 py-2 border rounded-md focus:outline-none focus:ring-2 focus:ring-blue-500 border-gray-300"[39m
              [36m>[39m
                [36m<option[39m
                  [33mvalue[39m=[32m""[39m
                [36m>[39m
                  [0mSelect a project[0m
                [36m</option>[39m
                [36m<option[39m
                  [33mvalue[39m=[32m"1"[39m
                [36m>[39m
                  [0mTest Project 1[0m
                  [0m - [0m
                  [0mTechnology[0m
                [36m</option>[39m
                [36m<option[39m
                  [33mvalue[39m=[32m"2"[39m
                [36m>[39m
                  [0mTest Project 2[0m
                  [0m - [0m
                  [0mHealthcare[0m
                [36m</option>[39m
              [36m</select>[39m
            [36m</div>[39m
          [36m</div>[39m
          [36m<div>[39m
            [36m<label[39m
              [33mclass[39m=[32m"block text-sm font-medium text-gray-700 mb-2"[39m
            [36m>[39m
              [0mRole *[0m
            [36m</label>[39m
            [36m<input[39m
              [33mclass[39m=[32m"w-full px-3 py-2 border rounded-md focus:outline-none focus:ring-2 focus:ring-blue-500 border-gray-300"[39m
              [33mplaceholder[39m=[32m"e.g., Product Manager, UX Designer, Developer"[39m
              [33mtype[39m=[32m"text"[39m
              [33mvalue[39m=[32m""[39m
            [36m/>[39m
          [36m</div>[39m
          [36m<div>[39m
            [36m<label[39m
              [33mclass[39m=[32m"block text-sm font-medium text-gray-700 mb-2"[39m
            [36m>[39m
              [0mBackground *[0m
            [36m</label>[39m
            [36m<textarea[39m
              [33mclass[39m=[32m"w-full px-3 py-2 border rounded-md focus:outline-none focus:ring-2 focus:ring-blue-500 border-gray-300"[39m
              [33mplaceholder[39m=[32m"Describe the persona's background, experience, and context..."[39m
              [33mrows[39m=[32m"4"[39m
            [36m/>[39m
          [36m</div>[39m
          [36m<div>[39m
            [36m<label[39m
              [33mclass[39m=[32m"block text-sm font-medium text-gray-700 mb-2"[39m
            [36m>[39m
              [0mPersonality Traits * (3-10 traits)[0m
            [36m</label>[39m
            [36m<div[39m
              [33mclass[39m=[32m"flex gap-2 mb-2"[39m
            [36m>[39m
              [36m<input[39m
                [33mclass[39m=[32m"flex-1 px-3 py-2 border border-gray-300 rounded-md focus:outline-none focus:ring-2 focus:ring-blue-500"[39m
                [33mplaceholder[39m=[32m"Add a personality trait"[39m
                [33mtype[39m=[32m"text"[39m
                [33mvalue[39m=[32m""[39m
              [36m/>[39m
              [36m<button[39m
                [33mclass[39m=[32m"px-4 py-2 bg-green-500 text-white rounded-md hover:bg-green-600 disabled:bg-gray-300 disabled:cursor-not-allowed"[39m
                [33mdisabled[39m=[32m""[39m
                [33mtype[39m=[32m"button"[39m
              [36m>[39m
                [0mAdd[0m
              [36m</button>[39m
            [36m</div>[39m
            [36m<div[39m
              [33mclass[39m=[32m"flex flex-wrap gap-2"[39m
            [36m/>[39m
          [36m</div>[39m
          [36m<div[39m
            [33mclass[39m=[32m"grid grid-cols-1 md:grid-cols-2 gap-6"[39m
          [36m>[39m
            [36m<div>[39m
              [36m<label[39m
                [33mclass[39m=[32m"block text-sm font-medium text-gray-700 mb-2"[39m
              [36m>[39m
                [0mCommunication Style[0m
              [36m</label>[39m
              [36m<select[39m
                [33mclass[39m=[32m"w-full px-3 py-2 border border-gray-300 rounded-md focus:outline-none focus:ring-2 focus:ring-blue-500"[39m
              [36m>[39m
                [36m<option[39m
                  [33mvalue[39m=[32m"formal"[39m
                [36m>[39m
                  [0mFormal[0m
                [36m</option>[39m
                [36m<option[39m
                  [33mvalue[39m=[32m"casual"[39m
                [36m>[39m
                  [0mCasual[0m
                [36m</option>[39m
                [36m<option[39m
                  [33mvalue[39m=[32m"technical"[39m
                [36m>[39m
                  [0mTechnical[0m
                [36m</option>[39m
                [36m<option[39m
                  [33mvalue[39m=[32m"collaborative"[39m
                [36m>[39m
                  [0mCollaborative[0m
                [36m</option>[39m
                [36m<option[39m
                  [33mvalue[39m=[32m"authoritative"[39m
                [36m>[39m
                  [0mAuthoritative[0m
                [36m</option>[39m
                [36m<option[39m
                  [33mvalue[39m=[32m"supportive"[39m
                [36m>[39m
                  [0mSupportive[0m
                [36m</option>[39m
              [36m</select>[39m
            [36m</div>[39m
            [36m<div>[39m
              [36m<label[39m
                [33mclass[39m=[32m"block text-sm font-medium text-gray-700 mb-2"[39m
              [36m>[39m
                [0mDecision Making Style[0m
              [36m</label>[39m
              [36m<select[39m
                [33mclass[39m=[32m"w-full px-3 py-2 border border-gray-300 rounded-md focus:outline-none focus:ring-2 focus:ring-blue-500"[39m
              [36m>[39m
                [36m<option[39m
                  [33mvalue[39m=[32m"analytical"[39m
                [36m>[39m
                  [0mAnalytical[0m
                [36m</option>[39m
                [36m<option[39m
                  [33mvalue[39m=[32m"intuitive"[39m
                [36m>[39m
                  [0mIntuitive[0m
                [36m</option>[39m
                [36m<option[39m
                  [33mvalue[39m=[32m"consensus-driven"[39m
                [36m>[39m
                  [0mConsensus-driven[0m
                [36m</option>[39m
                [36m<option[39m
                  [33mvalue[39m=[32m"authoritative"[39m
                [36m>[39m
                  [0mAuthoritative[0m
                [36m</option>[39m
                [36m<option[39m
                  [33mvalue[39m=[32m"risk-averse"[39m
                [36m>[39m
                  [0mRisk-averse[0m
                [36m</option>[39m
                [36m<option[39m
                  [33mvalue[39m=[32m"risk-taking"[39m
                [36m>[39m
                  [0mRisk-taking[0m
                [36m</option>[39m
              [36m</select>[39m
            [36m</div>[39m
          [36m</div>[39m
          [36m<div>[39m
            [36m<label[39m
              [33mclass[39m=[32m"block text-sm font-medium text-gray-700 mb-2"[39m
            [36m>[39m
              [0mPriorities * (2-8 priorities)[0m
            [36m</label>[39m
            [36m<div[39m
              [33mclass[39m=[32m"flex gap-2 mb-2"[39m
            [36m>[39m
              [36m<input[39m
                [33mclass[39m=[32m"flex-1 px-3 py-2 border border-gray-300 rounded-md focus:outline-none focus:ring-2 focus:ring-blue-500"[39m
                [33mplaceholder[39m=[32m"Add a priority"[39m
                [33mtype[39m=[32m"text"[39m
                [33mvalue[39m=[32m""[39m
              [36m/>[39m
              [36m<button[39m
                [33mclass[39m=[32m"px-4 py-2 bg-green-500 text-white rounded-md hover:bg-green-600 disabled:bg-gray-300 disabled:cursor-not-allowed"[39m
                [33mdisabled[39m=[32m""[39m
                [33mtype[39m=[32m"button"[39m
              [36m>[39m
                [0mAdd[0m
              [36m</button>[39m
            [36m</div>[39m
            [36m<div[39m
              [33mclass[39m=[32m"flex flex-wrap gap-2"[39m
            [36m/>[39m
          [36m</div>[39m
          [36m<div>[39m
            [36m<label[39m
              [33mclass[39m=[32m"block text-sm font-medium text-gray-700 mb-2"[39m
            [36m>[39m
              [0mGoals * (1-5 goals)[0m
            [36m</label>[39m
            [36m<div[39m
              [33mclass[39m=[32m"flex gap-2 mb-2"[39m
            [36m>[39m
              [36m<input[39m
                [33mclass[39m=[32m"flex-1 px-3 py-2 border border-gray-300 rounded-md focus:outline-none focus:ring-2 focus:ring-blue-500"[39m
                [33mplaceholder[39m=[32m"Add a goal"[39m
                [33mtype[39m=[32m"text"[39m
                [33mvalue[39m=[32m""[39m
              [36m/>[39m
              [36m<button[39m
                [33mclass[39m=[32m"px-4 py-2 bg-green-500 text-white rounded-md hover:bg-green-600 disabled:bg-gray-300 disabled:cursor-not-allowed"[39m
                [33mdisabled[39m=[32m""[39m
                [33mtype[39m=[32m"button"[39m
              [36m>[39m
                [0mAdd[0m
              [36m</button>[39m
            [36m</div>[39m
            [36m<div[39m
              [33mclass[39m=[32m"flex flex-wrap gap-2"[39m
            [36m/>[39m
          [36m</div>[39m
          [36m<div[39m
            [33mclass[39m=[32m"bg-gray-50 p-4 rounded-lg"[39m
          [36m>[39m
            [36m<h3[39m
              [33mclass[39m=[32m"text-lg font-semibold text-gray-800 mb-3"[39m
            [36m>[39m
              [0mAI Configuration[0m
            [36m</h3>[39m
            [36m<div[39m
              [33mclass[39m=[32m"grid grid-cols-1 md:grid-cols-2 gap-4 mb-4"[39m
            [36m>[39m
              [36m<div>[39m
                [36m<label[39m
                  [33mclass[39m=[32m"block text-sm font-medium text-gray-700 mb-2"[39m
                [36m>[39m
                  [0mAI Model[0m
                [36m</label>[39m
                [36m<select[39m
                  [33mclass[39m=[32m"w-full px-3 py-2 border border-gray-300 rounded-md focus:outline-none focus:ring-2 focus:ring-blue-500"[39m
                [36m>[39m
                  [36m<option[39m
                    [33mvalue[39m=[32m"gpt-4"[39m
                  [36m>[39m
                    [0mGPT-4[0m
                  [36m</option>[39m
                  [36m<option[39m
                    [33mvalue[39m=[32m"gpt-3.5-turbo"[39m
                  [36m>[39m
                    [0mGPT-3.5 Turbo[0m
                  [36m</option>[39m
                  [36m<option[39m
                    [33mvalue[39m=[32m"claude-3"[39m
                  [36m>[39m
                    [0mClaude-3[0m
                  [36m</option>[39m
                  [36m<option[39m
                    [33mvalue[39m=[32m"claude-2"[39m
                  [36m>[39m
                    [0mClaude-2[0m
                  [36m</option>[39m
                [36m</select>[39m
              [36m</div>[39m
              [36m<div>[39m
                [36m<label[39m
                  [33mclass[39m=[32m"block text-sm font-medium text-gray-700 mb-2"[39m
                [36m>[39m
                  [0mTemperature: [0m
                  [0m0.7[0m
                [36m</label>[39m
                [36m<input[39m
                  [33mclass[39m=[32m"w-full"[39m
                  [33mmax[39m=[32m"2"[39m
                  [33mmin[39m=[32m"0"[39m
                  [33mstep[39m=[32m"0.1"[39m
                  [33mtype[39m=[32m"range"[39m
                  [33mvalue[39m=[32m"0.7"[39m
                [36m/>[39m
                [36m<div[39m
                  [33mclass[39m=[32m"flex justify-between text-xs text-gray-500"[39m
                [36m>[39m
                  [36m<span>[39m
                    [0mFocused[0m
                  [36m</span>[39m
                  [36m<span>[39m
                    [0mCreative[0m
                  [36m</span>[39m
                [36m</div>[39m
              [36m</div>[39m
            [36m</div>[39m
            [36m<div>[39m
              [36m<label[39m
                [33mclass[39m=[32m"block text-sm font-medium text-gray-700 mb-2"[39m
              [36m>[39m
                [0mSystem Prompt *[0m
              [36m</label>[39m
              [36m<div[39m
                [33mclass[39m=[32m"flex gap-2 mb-2"[39m
              [36m>[39m
                [36m<button[39m
                  [33mclass[39m=[32m"px-3 py-1 bg-blue-500 text-white text-sm rounded hover:bg-blue-600 transition-colors"[39m
                  [33mtype[39m=[32m"button"[39m
                [36m>[39m
                  [0mAuto-Generate[0m
                [36m</button>[39m
              [36m</div>[39m
              [36m<textarea[39m
                [33mclass[39m=[32m"w-full px-3 py-2 border rounded-md focus:outline-none focus:ring-2 focus:ring-blue-500 border-gray-300"[39m
                [33mplaceholder[39m=[32m"Enter the system prompt that will guide the AI's responses..."[39m
                [33mrows[39m=[32m"6"[39m
              [36m/>[39m
            [36m</div>[39m
          [36m</div>[39m
          [36m<div[39m
            [33mclass[39m=[32m"bg-gray-50 p-4 rounded-lg"[39m
          [36m>[39m
            [36m<h3[39m
              [33mclass[39m=[32m"text-lg font-semibold text-gray-800 mb-3"[39m
            [36m>[39m
              [0mAvailability Settings[0m
            [36m</h3>[39m
            [36m<div[39m
              [33mclass[39m=[32m"grid grid-cols-1 md:grid-cols-3 gap-4"[39m
            [36m>[39m
              [36m<div>[39m
                [36m<label[39m
                  [33mclass[39m=[32m"block text-sm font-medium text-gray-700 mb-2"[39m
                [36m>[39m
                  [0mResponse Time (minutes)[0m
                [36m</label>[39m
                [36m<input[39m
                  [33mclass[39m=[32m"w-full px-3 py-2 border border-gray-300 rounded-md focus:outline-none focus:ring-2 focus:ring-blue-500"[39m
                  [33mmax[39m=[32m"1440"[39m
                  [33mmin[39m=[32m"1"[39m
                  [33mtype[39m=[32m"number"[39m
                  [33mvalue[39m=[32m"5"[39m
                [36m/>[39m
              [36m</div>[39m
              [36m<div>[39m
                [36m<label[39m
                  [33mclass[39m=[32m"block text-sm font-medium text-gray-700 mb-2"[39m
                [36m>[39m
                  [0mStart Time[0m
                [36m</label>[39m
                [36m<input[39m
                  [33mclass[39m=[32m"w-full px-3 py-2 border border-gray-300 rounded-md focus:outline-none focus:ring-2 focus:ring-blue-500"[39m
                  [33mtype[39m=[32m"time"[39m
                  [33mvalue[39m=[32m"09:00"[39m
                [36m/>[39m
              [36m</div>[39m
              [36m<div>[39m
                [36m<label[39m
                  [33mclass[39m=[32m"block text-sm font-medium text-gray-700 mb-2"[39m
                [36m>[39m
                  [0mEnd Time[0m
                [36m</label>[39m
                [36m<input[39m
                  [33mclass[39m=[32m"w-full px-3 py-2 border border-gray-300 rounded-md focus:outline-none focus:ring-2 focus:ring-blue-500"[39m
                  [33mtype[39m=[32m"time"[39m
                  [33mvalue[39m=[32m"17:00"[39m
                [36m/>[39m
              [36m</div>[39m
            [36m</div>[39m
          [36m</div>[39m
          [36m<div[39m
            [33mclass[39m=[32m"flex justify-end gap-4 pt-6 border-t"[39m
          [36m>[39m
            [36m<button[39m
              [33mclass[39m=[32m"px-6 py-2 border border-gray-300 text-gray-700 rounded-md hover:bg-gray-50 transition-colors"[39m
              [33mtype[39m=[32m"button"[39m
            [36m>[39m
              [0mCancel[0m
            [36m</button>[39m
            [36m<button[39m
              [33mclass[39m=[32m"px-6 py-2 bg-blue-500 text-white rounded-md hover:bg-blue-600 disabled:bg-gray-300 disabled:cursor-not-allowed transition-colors"[39m
              [33mtype[39m=[32m"submit"[39m
            [36m>[39m
              [0mCreate Persona[0m
            [36m</button>[39m
          [36m</div>[39m
        [36m</form>[39m
      [36m</div>[39m
    [36m</div>[39m
  [36m</body>[39m
[36m</html>[39m
   × PersonaForm > adds personality traits 1008ms
     → Found multiple elements with the text: Add

Here are the matching elements:

Ignored nodes: comments, script, style
[36m<button[39m
  [33mclass[39m=[32m"px-4 py-2 bg-green-500 text-white rounded-md hover:bg-green-600 disabled:bg-gray-300 disabled:cursor-not-allowed"[39m
  [33mdisabled[39m=[32m""[39m
  [33mtype[39m=[32m"button"[39m
[36m>[39m
  [0mAdd[0m
[36m</button>[39m

Ignored nodes: comments, script, style
[36m<button[39m
  [33mclass[39m=[32m"px-4 py-2 bg-green-500 text-white rounded-md hover:bg-green-600 disabled:bg-gray-300 disabled:cursor-not-allowed"[39m
  [33mdisabled[39m=[32m""[39m
  [33mtype[39m=[32m"button"[39m
[36m>[39m
  [0mAdd[0m
[36m</button>[39m

Ignored nodes: comments, script, style
[36m<button[39m
  [33mclass[39m=[32m"px-4 py-2 bg-green-500 text-white rounded-md hover:bg-green-600 disabled:bg-gray-300 disabled:cursor-not-allowed"[39m
  [33mdisabled[39m=[32m""[39m
  [33mtype[39m=[32m"button"[39m
[36m>[39m
  [0mAdd[0m
[36m</button>[39m

(If this is intentional, then use the `*AllBy*` variant of the query (like `queryAllByText`, `getAllByText`, or `findAllByText`)).

Ignored nodes: comments, script, style
[36m<body>[39m
  [36m<div>[39m
    [36m<div[39m
      [33mclass[39m=[32m"max-w-4xl mx-auto p-6 bg-white rounded-lg shadow-lg"[39m
    [36m>[39m
      [36m<h2[39m
        [33mclass[39m=[32m"text-2xl font-bold mb-6 text-gray-800"[39m
      [36m>[39m
        [0mCreate New Persona[0m
      [36m</h2>[39m
      [36m<form[39m
        [33mclass[39m=[32m"space-y-6"[39m
      [36m>[39m
        [36m<div[39m
          [33mclass[39m=[32m"grid grid-cols-1 md:grid-cols-2 gap-6"[39m
        [36m>[39m
          [36m<div>[39m
            [36m<label[39m
              [33mclass[39m=[32m"block text-sm font-medium text-gray-700 mb-2"[39m
            [36m>[39m
              [0mPersona Name *[0m
            [36m</label>[39m
            [36m<input[39m
              [33mclass[39m=[32m"w-full px-3 py-2 border rounded-md focus:outline-none focus:ring-2 focus:ring-blue-500 border-gray-300"[39m
              [33mplaceholder[39m=[32m"Enter persona name"[39m
              [33mtype[39m=[32m"text"[39m
              [33mvalue[39m=[32m""[39m
            [36m/>[39m
          [36m</div>[39m
          [36m<div>[39m
            [36m<label[39m
              [33mclass[39m=[32m"block text-sm font-medium text-gray-700 mb-2"[39m
            [36m>[39m
              [0mProject *[0m
            [36m</label>[39m
            [36m<select[39m
              [33mclass[39m=[32m"w-full px-3 py-2 border rounded-md focus:outline-none focus:ring-2 focus:ring-blue-500 border-gray-300"[39m
            [36m>[39m
              [36m<option[39m
                [33mvalue[39m=[32m""[39m
              [36m>[39m
                [0mSelect a project[0m
              [36m</option>[39m
              [36m<option>[39m
                [0m - [0m
              [36m</option>[39m
            [36m</select>[39m
          [36m</div>[39m
        [36m</div>[39m
        [36m<div>[39m
          [36m<label[39m
            [33mclass[39m=[32m"block text-sm font-medium text-gray-700 mb-2"[39m
          [36m>[39m
            [0mRole *[0m
          [36m</label>[39m
          [36m<input[39m
            [33mclass[39m=[32m"w-full px-3 py-2 border rounded-md focus:outline-none focus:ring-2 focus:ring-blue-500 border-gray-300"[39m
            [33mplaceholder[39m=[32m"e.g., Product Manager, UX Designer, Developer"[39m
            [33mtype[39m=[32m"text"[39m
            [33mvalue[39m=[32m""[39m
          [36m/>[39m
        [36m</div>[39m
        [36m<div>[39m
          [36m<label[39m
            [33mclass[39m=[32m"block text-sm font-medium text-gray-700 mb-2"[39m
          [36m>[39m
            [0mBackground *[0m
          [36m</label>[39m
          [36m<textarea[39m
            [33mclass[39m=[32m"w-full px-3 py-2 border rounded-md focus:outline-none focus:ring-2 focus:ring-blue-500 border-gray-300"[39m
            [33mplaceholder[39m=[32m"Describe the persona's background, experience, and context..."[39m
            [33mrows[39m=[32m"4"[39m
          [36m/>[39m
        [36m</div>[39m
        [36m<div>[39m
          [36m<label[39m
            [33mclass[39m=[32m"block text-sm font-medium text-gray-700 mb-2"[39m
          [36m>[39m
            [0mPersonality Traits * (3-10 traits)[0m
          [36m</label>[39m
          [36m<div[39m
            [33mclass[39m=[32m"flex gap-2 mb-2"[39m
          [36m>[39m
            [36m<input[39m
              [33mclass[39m=[32m"flex-1 px-3 py-2 border border-gray-300 rounded-md focus:outline-none focus:ring-2 focus:ring-blue-500"[39m
              [33mplaceholder[39m=[32m"Add a personality trait"[39m
              [33mtype[39m=[32m"text"[39m
              [33mvalue[39m=[32m""[39m
            [36m/>[39m
            [36m<button[39m
              [33mclass[39m=[32m"px-4 py-2 bg-green-500 text-white rounded-md hover:bg-green-600 disabled:bg-gray-300 disabled:cursor-not-allowed"[39m
              [33mdisabled[39m=[32m""[39m
              [33mtype[39m=[32m"button"[39m
            [36m>[39m
              [0mAdd[0m
            [36m</button>[39m
          [36m</div>[39m
          [36m<div[39m
            [33mclass[39m=[32m"flex flex-wrap gap-2"[39m
          [36m/>[39m
        [36m</div>[39m
        [36m<div[39m
          [33mclass[39m=[32m"grid grid-cols-1 md:grid-cols-2 gap-6"[39m
        [36m>[39m
          [36m<div>[39m
            [36m<label[39m
              [33mclass[39m=[32m"block text-sm font-medium text-gray-700 mb-2"[39m
            [36m>[39m
              [0mCommunication Style[0m
            [36m</label>[39m
            [36m<select[39m
              [33mclass[39m=[32m"w-full px-3 py-2 border border-gray-300 rounded-md focus:outline-none focus:ring-2 focus:ring-blue-500"[39m
            [36m>[39m
              [36m<option[39m
                [33mvalue[39m=[32m"formal"[39m
              [36m>[39m
                [0mFormal[0m
              [36m</option>[39m
              [36m<option[39m
                [33mvalue[39m=[32m"casual"[39m
              [36m>[39m
                [0mCasual[0m
              [36m</option>[39m
              [36m<option[39m
                [33mvalue[39m=[32m"technical"[39m
              [36m>[39m
                [0mTechnical[0m
              [36m</option>[39m
              [36m<option[39m
                [33mvalue[39m=[32m"collaborative"[39m
              [36m>[39m
                [0mCollaborative[0m
              [36m</option>[39m
              [36m<option[39m
                [33mvalue[39m=[32m"authoritative"[39m
              [36m>[39m
                [0mAuthoritative[0m
              [36m</option>[39m
              [36m<option[39m
                [33mvalue[39m=[32m"supportive"[39m
              [36m>[39m
                [0mSupportive[0m
              [36m</option>[39m
            [36m</select>[39m
          [36m</div>[39m
          [36m<div>[39m
            [36m<label[39m
              [33mclass[39m=[32m"block text-sm font-medium text-gray-700 mb-2"[39m
            [36m>[39m
              [0mDecision Making Style[0m
            [36m</label>[39m
            [36m<select[39m
              [33mclass[39m=[32m"w-full px-3 py-2 border border-gray-300 rounded-md focus:outline-none focus:ring-2 focus:ring-blue-500"[39m
            [36m>[39m
              [36m<option[39m
                [33mvalue[39m=[32m"analytical"[39m
              [36m>[39m
                [0mAnalytical[0m
              [36m</option>[39m
              [36m<option[39m
                [33mvalue[39m=[32m"intuitive"[39m
              [36m>[39m
                [0mIntuitive[0m
              [36m</option>[39m
              [36m<option[39m
                [33mvalue[39m=[32m"consensus-driven"[39m
              [36m>[39m
                [0mConsensus-driven[0m
              [36m</option>[39m
              [36m<option[39m
                [33mvalue[39m=[32m"authoritative"[39m
              [36m>[39m
                [0mAuthoritative[0m
              [36m</option>[39m
              [36m<option[39m
                [33mvalue[39m=[32m"risk-averse"[39m
              [36m>[39m
                [0mRisk-averse[0m
              [36m</option>[39m
              [36m<option[39m
                [33mvalue[39m=[32m"risk-taking"[39m
              [36m>[39m
                [0mRisk-taking[0m
              [36m</option>[39m
            [36m</select>[39m
          [36m</div>[39m
        [36m</div>[39m
        [36m<div>[39m
          [36m<label[39m
            [33mclass[39m=[32m"block text-sm font-medium text-gray-700 mb-2"[39m
          [36m>[39m
            [0mPriorities * (2-8 priorities)[0m
          [36m</label>[39m
          [36m<div[39m
            [33mclass[39m=[32m"flex gap-2 mb-2"[39m
          [36m>[39m
            [36m<input[39m
              [33mclass[39m=[32m"flex-1 px-3 py-2 border border-gray-300 rounded-md focus:outline-none focus:ring-2 focus:ring-blue-500"[39m
              [33mplaceholder[39m=[32m"Add a priority"[39m
              [33mtype[39m=[32m"text"[39m
              [33mvalue[39m=[32m""[39m
            [36m/>[39m
            [36m<button[39m
              [33mclass[39m=[32m"px-4 py-2 bg-green-500 text-white rounded-md hover:bg-green-600 disabled:bg-gray-300 disabled:cursor-not-allowed"[39m
              [33mdisabled[39m=[32m""[39m
              [33mtype[39m=[32m"button"[39m
            [36m>[39m
              [0mAdd[0m
            [36m</button>[39m
          [36m</div>[39m
          [36m<div[39m
            [33mclass[39m=[32m"flex flex-wrap gap-2"[39m
          [36m/>[39m
        [36m</div>[39m
        [36m<div>[39m
          [36m<label[39m
            [33mclass[39m=[32m"block text-sm font-medium text-gray-700 mb-2"[39m
          [36m>[39m
            [0mGoals * (1-5 goals)[0m
          [36m</label>[39m
          [36m<div[39m
            [33mclass[39m=[32m"flex gap-2 mb-2"[39m
          [36m>[39m
            [36m<input[39m
              [33mclass[39m=[32m"flex-1 px-3 py-2 border border-gray-300 rounded-md focus:outline-none focus:ring-2 focus:ring-blue-500"[39m
              [33mplaceholder[39m=[32m"Add a goal"[39m
              [33mtype[39m=[32m"text"[39m
              [33mvalue[39m=[32m""[39m
            [36m/>[39m
            [36m<button[39m
              [33mclass[39m=[32m"px-4 py-2 bg-green-500 text-white rounded-md hover:bg-green-600 disabled:bg-gray-300 disabled:cursor-not-allowed"[39m
              [33mdisabled[39m=[32m""[39m
              [33mtype[39m=[32m"button"[39m
            [36m>[39m
              [0mAdd[0m
            [36m</button>[39m
          [36m</div>[39m
          [36m<div[39m
            [33mclass[39m=[32m"flex flex-wrap gap-2"[39m
          [36m/>[39m
        [36m</div>[39m
        [36m<div[39m
          [33mclass[39m=[32m"bg-gray-50 p-4 rounded-lg"[39m
        [36m>[39m
          [36m<h3[39m
            [33mclass[39m=[32m"text-lg font-semibold text-gray-800 mb-3"[39m
          [36m>[39m
            [0mAI Configuration[0m
          [36m</h3>[39m
          [36m<div[39m
            [33mclass[39m=[32m"grid grid-cols-1 md:grid-cols-2 gap-4 mb-4"[39m
          [36m>[39m
            [36m<div>[39m
              [36m<label[39m
                [33mclass[39m=[32m"block text-sm font-medium text-gray-700 mb-2"[39m
              [36m>[39m
                [0mAI Model[0m
              [36m</label>[39m
              [36m<select[39m
                [33mclass[39m=[32m"w-full px-3 py-2 border border-gray-300 rounded-md focus:outline-none focus:ring-2 focus:ring-blue-500"[39m
              [36m>[39m
                [36m<option[39m
                  [33mvalue[39m=[32m"gpt-4"[39m
                [36m>[39m
                  [0mGPT-4[0m
                [36m</option>[39m
                [36m<option[39m
                  [33mvalue[39m=[32m"gpt-3.5-turbo"[39m
                [36m>[39m
                  [0mGPT-3.5 Turbo[0m
                [36m</option>[39m
                [36m<option[39m
                  [33mvalue[39m=[32m"claude-3"[39m
                [36m>[39m
                  [0mClaude-3[0m
                [36m</option>[39m
                [36m<option[39m
                  [33mvalue[39m=[32m"claude-2"[39m
                [36m>[39m
                  [0mClaude-2[0m
                [36m</option>[39m
              [36m</select>[39m
            [36m</div>[39m
            [36m<div>[39m
              [36m<label[39m
                [33mclass[39m=[32m"block text-sm font-medium text-gray-700 mb-2"[39m
              [36m>[39m
                [0mTemperature: [0m
                [0m0.7[0m
              [36m</label>[39m
              [36m<input[39m
                [33mclass[39m=[32m"w-full"[39m
                [33mmax[39m=[32m"2"[39m
                [33mmin[39m=[32m"0"[39m
                [33mstep[39m=[32m"0.1"[39m
                [33mtype[39m=[32m"range"[39m
                [33mvalue[39m=[32m"0.7"[39m
              [36m/>[39m
              [36m<div[39m
                [33mclass[39m=[32m"flex justify-between text-xs text-gray-500"[39m
              [36m>[39m
                [36m<span>[39m
                  [0mFocused[0m
                [36m</span>[39m
                [36m<span>[39m
                  [0mCreative[0m
                [36m</span>[39m
              [36m</div>[39m
            [36m</div>[39m
          [36m</div>[39m
          [36m<div>[39m
            [36m<label[39m
              [33mclass[39m=[32m"block text-sm font-medium text-gray-700 mb-2"[39m
            [36m>[39m
              [0mSystem Prompt *[0m
            [36m</label>[39m
            [36m<div[39m
              [33mclass[39m=[32m"flex gap-2 mb-2"[39m
            [36m>[39m
              [36m<button[39m
                [33mclass[39m=[32m"px-3 py-1 bg-blue-500 text-white text-sm rounded hover:bg-blue-600 transition-colors"[39m
                [33mtype[39m=[32m"button"[39m
              [36m>[39m
                [0mAuto-Generate[0m
              [36m</button>[39m
            [36m</div>[39m
            [36m<textarea[39m
              [33mclass[39m=[32m"w-full px-3 py-2 border rounded-md focus:outline-none focus:ring-2 focus:ring-blue-500 border-gray-300"[39m
              [33mplaceholder[39m=[32m"Enter the system prompt that will guide the AI's responses..."[39m
              [33mrows[39m=[32m"6"[39m
            [36m/>[39m
          [36m</div>[39m
        [36m</div>[39m
        [36m<div[39m
          [33mclass[39m=[32m"bg-gray-50 p-4 rounded-lg"[39m
        [36m>[39m
          [36m<h3[39m
            [33mclass[39m=[32m"text-lg font-semibold text-gray-800 mb-3"[39m
          [36m>[39m
            [0mAvailability Settings[0m
          [36m</h3>[39m
          [36m<div[39m
            [33mclass[39m=[32m"grid grid-cols-1 md:grid-cols-3 gap-4"[39m
          [36m>[39m
            [36m<div>[39m
              [36m<label[39m
                [33mclass[39m=[32m"block text-sm font-medium text-gray-700 mb-2"[39m
              [36m>[39m
                [0mResponse Time (minutes)[0m
              [36m</label>[39m
              [36m<input[39m
                [33mclass[39m=[32m"w-full px-3 py-2 border border-gray-300 rounded-md focus:outline-none focus:ring-2 focus:ring-blue-500"[39m
                [33mmax[39m=[32m"1440"[39m
                [33mmin[39m=[32m"1"[39m
                [33mtype[39m=[32m"number"[39m
                [33mvalue[39m=[32m"5"[39m
              [36m/>[39m
            [36m</div>[39m
            [36m<div>[39m
              [36m<label[39m
                [33mclass[39m=[32m"block text-sm font-medium text-gray-700 mb-2"[39m
              [36m>[39m
                [0mStart Time[0m
              [36m</label>[39m
              [36m<input[39m
                [33mclass[39m=[32m"w-full px-3 py-2 border border-gray-300 rounded-md focus:outline-none focus:ring-2 focus:ring-blue-500"[39m
                [33mtype[39m=[32m"time"[39m
                [33mvalue[39m=[32m"09:00"[39m
              [36m/>[39m
            [36m</div>[39m
            [36m<div>[39m
              [36m<label[39m
                [33mclass[39m=[32m"block text-sm font-medium text-gray-700 mb-2"[39m
              [36m>[39m
                [0mEnd Time[0m
              [36m</label>[39m
              [36m<input[39m
                [33mclass[39m=[32m"w-full px-3 py-2 border border-gray-300 rounded-md focus:outline-none focus:ring-2 focus:ring-blue-500"[39m
                [33mtype[39m=[32m"time"[39m
                [33mvalue[39m=[32m"17:00"[39m
              [36m/>[39m
            [36m</div>[39m
          [36m</div>[39m
        [36m</div>[39m
        [36m<div[39m
          [33mclass[39m=[32m"flex justify-end gap-4 pt-6 border-t"[39m
        [36m>[39m
          [36m<button[39m
            [33mclass[39m=[32m"px-6 py-2 border border-gray-300 text-gray-700 rounded-md hover:bg-gray-50 transition-colors"[39m
            [33mtype[39m=[32m"button"[39m
          [36m>[39m
            [0mCancel[0m
          [36m</button>[39m
          [36m<button[39m
            [33mclass[39m=[32m"px-6 py-2 bg-blue-500 text-white rounded-md hover:bg-blue-600 disabled:bg-gray-300 disabled:cursor-not-allowed transition-colors"[39m
            [33mtype[39m=[32m"submit"[39m
          [36m>[39m
            [0mCreate Persona[0m
          [36m</button>[39m
        [36m</div>[39m
      [36m</form>[39m
    [36m</div>[39m
  [36m</div>[39m
[36m</body>[39m

Ignored nodes: comments, script, style
[36m<html>[39m
  [36m<head />[39m
  [36m<body>[39m
    [36m<div>[39m
      [36m<div[39m
        [33mclass[39m=[32m"max-w-4xl mx-auto p-6 bg-white rounded-lg shadow-lg"[39m
      [36m>[39m
        [36m<h2[39m
          [33mclass[39m=[32m"text-2xl font-bold mb-6 text-gray-800"[39m
        [36m>[39m
          [0mCreate New Persona[0m
        [36m</h2>[39m
        [36m<form[39m
          [33mclass[39m=[32m"space-y-6"[39m
        [36m>[39m
          [36m<div[39m
            [33mclass[39m=[32m"grid grid-cols-1 md:grid-cols-2 gap-6"[39m
          [36m>[39m
            [36m<div>[39m
              [36m<label[39m
                [33mclass[39m=[32m"block text-sm font-medium text-gray-700 mb-2"[39m
              [36m>[39m
                [0mPersona Name *[0m
              [36m</label>[39m
              [36m<input[39m
                [33mclass[39m=[32m"w-full px-3 py-2 border rounded-md focus:outline-none focus:ring-2 focus:ring-blue-500 border-gray-300"[39m
                [33mplaceholder[39m=[32m"Enter persona name"[39m
                [33mtype[39m=[32m"text"[39m
                [33mvalue[39m=[32m""[39m
              [36m/>[39m
            [36m</div>[39m
            [36m<div>[39m
              [36m<label[39m
                [33mclass[39m=[32m"block text-sm font-medium text-gray-700 mb-2"[39m
              [36m>[39m
                [0mProject *[0m
              [36m</label>[39m
              [36m<select[39m
                [33mclass[39m=[32m"w-full px-3 py-2 border rounded-md focus:outline-none focus:ring-2 focus:ring-blue-500 border-gray-300"[39m
              [36m>[39m
                [36m<option[39m
                  [33mvalue[39m=[32m""[39m
                [36m>[39m
                  [0mSelect a project[0m
                [36m</option>[39m
                [36m<option>[39m
                  [0m - [0m
                [36m</option>[39m
              [36m</select>[39m
            [36m</div>[39m
          [36m</div>[39m
          [36m<div>[39m
            [36m<label[39m
              [33mclass[39m=[32m"block text-sm font-medium text-gray-700 mb-2"[39m
            [36m>[39m
              [0mRole *[0m
            [36m</label>[39m
            [36m<input[39m
              [33mclass[39m=[32m"w-full px-3 py-2 border rounded-md focus:outline-none focus:ring-2 focus:ring-blue-500 border-gray-300"[39m
              [33mplaceholder[39m=[32m"e.g., Product Manager, UX Designer, Developer"[39m
              [33mtype[39m=[32m"text"[39m
              [33mvalue[39m=[32m""[39m
            [36m/>[39m
          [36m</div>[39m
          [36m<div>[39m
            [36m<label[39m
              [33mclass[39m=[32m"block text-sm font-medium text-gray-700 mb-2"[39m
            [36m>[39m
              [0mBackground *[0m
            [36m</label>[39m
            [36m<textarea[39m
              [33mclass[39m=[32m"w-full px-3 py-2 border rounded-md focus:outline-none focus:ring-2 focus:ring-blue-500 border-gray-300"[39m
              [33mplaceholder[39m=[32m"Describe the persona's background, experience, and context..."[39m
              [33mrows[39m=[32m"4"[39m
            [36m/>[39m
          [36m</div>[39m
          [36m<div>[39m
            [36m<label[39m
              [33mclass[39m=[32m"block text-sm font-medium text-gray-700 mb-2"[39m
            [36m>[39m
              [0mPersonality Traits * (3-10 traits)[0m
            [36m</label>[39m
            [36m<div[39m
              [33mclass[39m=[32m"flex gap-2 mb-2"[39m
            [36m>[39m
              [36m<input[39m
                [33mclass[39m=[32m"flex-1 px-3 py-2 border border-gray-300 rounded-md focus:outline-none focus:ring-2 focus:ring-blue-500"[39m
                [33mplaceholder[39m=[32m"Add a personality trait"[39m
                [33mtype[39m=[32m"text"[39m
                [33mvalue[39m=[32m""[39m
              [36m/>[39m
              [36m<button[39m
                [33mclass[39m=[32m"px-4 py-2 bg-green-500 text-white rounded-md hover:bg-green-600 disabled:bg-gray-300 disabled:cursor-not-allowed"[39m
                [33mdisabled[39m=[32m""[39m
                [33mtype[39m=[32m"button"[39m
              [36m>[39m
                [0mAdd[0m
              [36m</button>[39m
            [36m</div>[39m
            [36m<div[39m
              [33mclass[39m=[32m"flex flex-wrap gap-2"[39m
            [36m/>[39m
          [36m</div>[39m
          [36m<div[39m
            [33mclass[39m=[32m"grid grid-cols-1 md:grid-cols-2 gap-6"[39m
          [36m>[39m
            [36m<div>[39m
              [36m<label[39m
                [33mclass[39m=[32m"block text-sm font-medium text-gray-700 mb-2"[39m
              [36m>[39m
                [0mCommunication Style[0m
              [36m</label>[39m
              [36m<select[39m
                [33mclass[39m=[32m"w-full px-3 py-2 border border-gray-300 rounded-md focus:outline-none focus:ring-2 focus:ring-blue-500"[39m
              [36m>[39m
                [36m<option[39m
                  [33mvalue[39m=[32m"formal"[39m
                [36m>[39m
                  [0mFormal[0m
                [36m</option>[39m
                [36m<option[39m
                  [33mvalue[39m=[32m"casual"[39m
                [36m>[39m
                  [0mCasual[0m
                [36m</option>[39m
                [36m<option[39m
                  [33mvalue[39m=[32m"technical"[39m
                [36m>[39m
                  [0mTechnical[0m
                [36m</option>[39m
                [36m<option[39m
                  [33mvalue[39m=[32m"collaborative"[39m
                [36m>[39m
                  [0mCollaborative[0m
                [36m</option>[39m
                [36m<option[39m
                  [33mvalue[39m=[32m"authoritative"[39m
                [36m>[39m
                  [0mAuthoritative[0m
                [36m</option>[39m
                [36m<option[39m
                  [33mvalue[39m=[32m"supportive"[39m
                [36m>[39m
                  [0mSupportive[0m
                [36m</option>[39m
              [36m</select>[39m
            [36m</div>[39m
            [36m<div>[39m
              [36m<label[39m
                [33mclass[39m=[32m"block text-sm font-medium text-gray-700 mb-2"[39m
              [36m>[39m
                [0mDecision Making Style[0m
              [36m</label>[39m
              [36m<select[39m
                [33mclass[39m=[32m"w-full px-3 py-2 border border-gray-300 rounded-md focus:outline-none focus:ring-2 focus:ring-blue-500"[39m
              [36m>[39m
                [36m<option[39m
                  [33mvalue[39m=[32m"analytical"[39m
                [36m>[39m
                  [0mAnalytical[0m
                [36m</option>[39m
                [36m<option[39m
                  [33mvalue[39m=[32m"intuitive"[39m
                [36m>[39m
                  [0mIntuitive[0m
                [36m</option>[39m
                [36m<option[39m
                  [33mvalue[39m=[32m"consensus-driven"[39m
                [36m>[39m
                  [0mConsensus-driven[0m
                [36m</option>[39m
                [36m<option[39m
                  [33mvalue[39m=[32m"authoritative"[39m
                [36m>[39m
                  [0mAuthoritative[0m
                [36m</option>[39m
                [36m<option[39m
                  [33mvalue[39m=[32m"risk-averse"[39m
                [36m>[39m
                  [0mRisk-averse[0m
                [36m</option>[39m
                [36m<option[39m
                  [33mvalue[39m=[32m"risk-taking"[39m
                [36m>[39m
                  [0mRisk-taking[0m
                [36m</option>[39m
              [36m</select>[39m
            [36m</div>[39m
          [36m</div>[39m
          [36m<div>[39m
            [36m<label[39m
              [33mclass[39m=[32m"block text-sm font-medium text-gray-700 mb-2"[39m
            [36m>[39m
              [0mPriorities * (2-8 priorities)[0m
            [36m</label>[39m
            [36m<div[39m
              [33mclass[39m=[32m"flex gap-2 mb-2"[39m
            [36m>[39m
              [36m<input[39m
                [33mclass[39m=[32m"flex-1 px-3 py-2 border border-gray-300 rounded-md focus:outline-none focus:ring-2 focus:ring-blue-500"[39m
                [33mplaceholder[39m=[32m"Add a priority"[39m
                [33mtype[39m=[32m"text"[39m
                [33mvalue[39m=[32m""[39m
              [36m/>[39m
              [36m<button[39m
                [33mclass[39m=[32m"px-4 py-2 bg-green-500 text-white rounded-md hover:bg-green-600 disabled:bg-gray-300 disabled:cursor-not-allowed"[39m
                [33mdisabled[39m=[32m""[39m
                [33mtype[39m=[32m"button"[39m
              [36m>[39m
                [0mAdd[0m
              [36m</button>[39m
            [36m</div>[39m
            [36m<div[39m
              [33mclass[39m=[32m"flex flex-wrap gap-2"[39m
            [36m/>[39m
          [36m</div>[39m
          [36m<div>[39m
            [36m<label[39m
              [33mclass[39m=[32m"block text-sm font-medium text-gray-700 mb-2"[39m
            [36m>[39m
              [0mGoals * (1-5 goals)[0m
            [36m</label>[39m
            [36m<div[39m
              [33mclass[39m=[32m"flex gap-2 mb-2"[39m
            [36m>[39m
              [36m<input[39m
                [33mclass[39m=[32m"flex-1 px-3 py-2 border border-gray-300 rounded-md focus:outline-none focus:ring-2 focus:ring-blue-500"[39m
                [33mplaceholder[39m=[32m"Add a goal"[39m
                [33mtype[39m=[32m"text"[39m
                [33mvalue[39m=[32m""[39m
              [36m/>[39m
              [36m<button[39m
                [33mclass[39m=[32m"px-4 py-2 bg-green-500 text-white rounded-md hover:bg-green-600 disabled:bg-gray-300 disabled:cursor-not-allowed"[39m
                [33mdisabled[39m=[32m""[39m
                [33mtype[39m=[32m"button"[39m
              [36m>[39m
                [0mAdd[0m
              [36m</button>[39m
            [36m</div>[39m
            [36m<div[39m
              [33mclass[39m=[32m"flex flex-wrap gap-2"[39m
            [36m/>[39m
          [36m</div>[39m
          [36m<div[39m
            [33mclass[39m=[32m"bg-gray-50 p-4 rounded-lg"[39m
          [36m>[39m
            [36m<h3[39m
              [33mclass[39m=[32m"text-lg font-semibold text-gray-800 mb-3"[39m
            [36m>[39m
              [0mAI Configuration[0m
            [36m</h3>[39m
            [36m<div[39m
              [33mclass[39m=[32m"grid grid-cols-1 md:grid-cols-2 gap-4 mb-4"[39m
            [36m>[39m
              [36m<div>[39m
                [36m<label[39m
                  [33mclass[39m=[32m"block text-sm font-medium text-gray-700 mb-2"[39m
                [36m>[39m
                  [0mAI Model[0m
                [36m</label>[39m
                [36m<select[39m
                  [33mclass[39m=[32m"w-full px-3 py-2 border border-gray-300 rounded-md focus:outline-none focus:ring-2 focus:ring-blue-500"[39m
                [36m>[39m
                  [36m<option[39m
                    [33mvalue[39m=[32m"gpt-4"[39m
                  [36m>[39m
                    [0mGPT-4[0m
                  [36m</option>[39m
                  [36m<option[39m
                    [33mvalue[39m=[32m"gpt-3.5-turbo"[39m
                  [36m>[39m
                    [0mGPT-3.5 Turbo[0m
                  [36m</option>[39m
                  [36m<option[39m
                    [33mvalue[39m=[32m"claude-3"[39m
                  [36m>[39m
                    [0mClaude-3[0m
                  [36m</option>[39m
                  [36m<option[39m
                    [33mvalue[39m=[32m"claude-2"[39m
                  [36m>[39m
                    [0mClaude-2[0m
                  [36m</option>[39m
                [36m</select>[39m
              [36m</div>[39m
              [36m<div>[39m
                [36m<label[39m
                  [33mclass[39m=[32m"block text-sm font-medium text-gray-700 mb-2"[39m
                [36m>[39m
                  [0mTemperature: [0m
                  [0m0.7[0m
                [36m</label>[39m
                [36m<input[39m
                  [33mclass[39m=[32m"w-full"[39m
                  [33mmax[39m=[32m"2"[39m
                  [33mmin[39m=[32m"0"[39m
                  [33mstep[39m=[32m"0.1"[39m
                  [33mtype[39m=[32m"range"[39m
                  [33mvalue[39m=[32m"0.7"[39m
                [36m/>[39m
                [36m<div[39m
                  [33mclass[39m=[32m"flex justify-between text-xs text-gray-500"[39m
                [36m>[39m
                  [36m<span>[39m
                    [0mFocused[0m
                  [36m</span>[39m
                  [36m<span>[39m
                    [0mCreative[0m
                  [36m</span>[39m
                [36m</div>[39m
              [36m</div>[39m
            [36m</div>[39m
            [36m<div>[39m
              [36m<label[39m
                [33mclass[39m=[32m"block text-sm font-medium text-gray-700 mb-2"[39m
              [36m>[39m
                [0mSystem Prompt *[0m
              [36m</label>[39m
              [36m<div[39m
                [33mclass[39m=[32m"flex gap-2 mb-2"[39m
              [36m>[39m
                [36m<button[39m
                  [33mclass[39m=[32m"px-3 py-1 bg-blue-500 text-white text-sm rounded hover:bg-blue-600 transition-colors"[39m
                  [33mtype[39m=[32m"button"[39m
                [36m>[39m
                  [0mAuto-Generate[0m
                [36m</button>[39m
              [36m</div>[39m
              [36m<textarea[39m
                [33mclass[39m=[32m"w-full px-3 py-2 border rounded-md focus:outline-none focus:ring-2 focus:ring-blue-500 border-gray-300"[39m
                [33mplaceholder[39m=[32m"Enter the system prompt that will guide the AI's responses..."[39m
                [33mrows[39m=[32m"6"[39m
              [36m/>[39m
            [36m</div>[39m
          [36m</div>[39m
          [36m<div[39m
            [33mclass[39m=[32m"bg-gray-50 p-4 rounded-lg"[39m
          [36m>[39m
            [36m<h3[39m
              [33mclass[39m=[32m"text-lg font-semibold text-gray-800 mb-3"[39m
            [36m>[39m
              [0mAvailability Settings[0m
            [36m</h3>[39m
            [36m<div[39m
              [33mclass[39m=[32m"grid grid-cols-1 md:grid-cols-3 gap-4"[39m
            [36m>[39m
              [36m<div>[39m
                [36m<label[39m
                  [33mclass[39m=[32m"block text-sm font-medium text-gray-700 mb-2"[39m
                [36m>[39m
                  [0mResponse Time (minutes)[0m
                [36m</label>[39m
                [36m<input[39m
                  [33mclass[39m=[32m"w-full px-3 py-2 border border-gray-300 rounded-md focus:outline-none focus:ring-2 focus:ring-blue-500"[39m
                  [33mmax[39m=[32m"1440"[39m
                  [33mmin[39m=[32m"1"[39m
                  [33mtype[39m=[32m"number"[39m
                  [33mvalue[39m=[32m"5"[39m
                [36m/>[39m
              [36m</div>[39m
              [36m<div>[39m
                [36m<label[39m
                  [33mclass[39m=[32m"block text-sm font-medium text-gray-700 mb-2"[39m
                [36m>[39m
                  [0mStart Time[0m
                [36m</label>[39m
                [36m<input[39m
                  [33mclass[39m=[32m"w-full px-3 py-2 border border-gray-300 rounded-md focus:outline-none focus:ring-2 focus:ring-blue-500"[39m
                  [33mtype[39m=[32m"time"[39m
                  [33mvalue[39m=[32m"09:00"[39m
                [36m/>[39m
              [36m</div>[39m
              [36m<div>[39m
                [36m<label[39m
                  [33mclass[39m=[32m"block text-sm font-medium text-gray-700 mb-2"[39m
                [36m>[39m
                  [0mEnd Time[0m
                [36m</label>[39m
                [36m<input[39m
                  [33mclass[39m=[32m"w-full px-3 py-2 border border-gray-300 rounded-md focus:outline-none focus:ring-2 focus:ring-blue-500"[39m
                  [33mtype[39m=[32m"time"[39m
                  [33mvalue[39m=[32m"17:00"[39m
                [36m/>[39m
              [36m</div>[39m
            [36m</div>[39m
          [36m</div>[39m
          [36m<div[39m
            [33mclass[39m=[32m"flex justify-end gap-4 pt-6 border-t"[39m
          [36m>[39m
            [36m<button[39m
              [33mclass[39m=[32m"px-6 py-2 border border-gray-300 text-gray-700 rounded-md hover:bg-gray-50 transition-colors"[39m
              [33mtype[39m=[32m"button"[39m
            [36m>[39m
              [0mCancel[0m
            [36m</button>[39m
            [36m<button[39m
              [33mclass[39m=[32m"px-6 py-2 bg-blue-500 text-white rounded-md hover:bg-blue-600 disabled:bg-gray-300 disabled:cursor-not-allowed transition-colors"[39m
              [33mtype[39m=[32m"submit"[39m
            [36m>[39m
              [0mCreate Persona[0m
            [36m</button>[39m
          [36m</div>[39m
        [36m</form>[39m
      [36m</div>[39m
    [36m</div>[39m
  [36m</body>[39m
[36m</html>[39m
   × PersonaForm > removes personality traits 1007ms
     → Found multiple elements with the text: Add

Here are the matching elements:

Ignored nodes: comments, script, style
[36m<button[39m
  [33mclass[39m=[32m"px-4 py-2 bg-green-500 text-white rounded-md hover:bg-green-600 disabled:bg-gray-300 disabled:cursor-not-allowed"[39m
  [33mdisabled[39m=[32m""[39m
  [33mtype[39m=[32m"button"[39m
[36m>[39m
  [0mAdd[0m
[36m</button>[39m

Ignored nodes: comments, script, style
[36m<button[39m
  [33mclass[39m=[32m"px-4 py-2 bg-green-500 text-white rounded-md hover:bg-green-600 disabled:bg-gray-300 disabled:cursor-not-allowed"[39m
  [33mdisabled[39m=[32m""[39m
  [33mtype[39m=[32m"button"[39m
[36m>[39m
  [0mAdd[0m
[36m</button>[39m

Ignored nodes: comments, script, style
[36m<button[39m
  [33mclass[39m=[32m"px-4 py-2 bg-green-500 text-white rounded-md hover:bg-green-600 disabled:bg-gray-300 disabled:cursor-not-allowed"[39m
  [33mdisabled[39m=[32m""[39m
  [33mtype[39m=[32m"button"[39m
[36m>[39m
  [0mAdd[0m
[36m</button>[39m

(If this is intentional, then use the `*AllBy*` variant of the query (like `queryAllByText`, `getAllByText`, or `findAllByText`)).

Ignored nodes: comments, script, style
[36m<body>[39m
  [36m<div>[39m
    [36m<div[39m
      [33mclass[39m=[32m"max-w-4xl mx-auto p-6 bg-white rounded-lg shadow-lg"[39m
    [36m>[39m
      [36m<h2[39m
        [33mclass[39m=[32m"text-2xl font-bold mb-6 text-gray-800"[39m
      [36m>[39m
        [0mCreate New Persona[0m
      [36m</h2>[39m
      [36m<form[39m
        [33mclass[39m=[32m"space-y-6"[39m
      [36m>[39m
        [36m<div[39m
          [33mclass[39m=[32m"grid grid-cols-1 md:grid-cols-2 gap-6"[39m
        [36m>[39m
          [36m<div>[39m
            [36m<label[39m
              [33mclass[39m=[32m"block text-sm font-medium text-gray-700 mb-2"[39m
            [36m>[39m
              [0mPersona Name *[0m
            [36m</label>[39m
            [36m<input[39m
              [33mclass[39m=[32m"w-full px-3 py-2 border rounded-md focus:outline-none focus:ring-2 focus:ring-blue-500 border-gray-300"[39m
              [33mplaceholder[39m=[32m"Enter persona name"[39m
              [33mtype[39m=[32m"text"[39m
              [33mvalue[39m=[32m""[39m
            [36m/>[39m
          [36m</div>[39m
          [36m<div>[39m
            [36m<label[39m
              [33mclass[39m=[32m"block text-sm font-medium text-gray-700 mb-2"[39m
            [36m>[39m
              [0mProject *[0m
            [36m</label>[39m
            [36m<select[39m
              [33mclass[39m=[32m"w-full px-3 py-2 border rounded-md focus:outline-none focus:ring-2 focus:ring-blue-500 border-gray-300"[39m
            [36m>[39m
              [36m<option[39m
                [33mvalue[39m=[32m""[39m
              [36m>[39m
                [0mSelect a project[0m
              [36m</option>[39m
              [36m<option[39m
                [33mvalue[39m=[32m"1"[39m
              [36m>[39m
                [0mTest Project 1[0m
                [0m - [0m
                [0mTechnology[0m
              [36m</option>[39m
              [36m<option[39m
                [33mvalue[39m=[32m"2"[39m
              [36m>[39m
                [0mTest Project 2[0m
                [0m - [0m
                [0mHealthcare[0m
              [36m</option>[39m
            [36m</select>[39m
          [36m</div>[39m
        [36m</div>[39m
        [36m<div>[39m
          [36m<label[39m
            [33mclass[39m=[32m"block text-sm font-medium text-gray-700 mb-2"[39m
          [36m>[39m
            [0mRole *[0m
          [36m</label>[39m
          [36m<input[39m
            [33mclass[39m=[32m"w-full px-3 py-2 border rounded-md focus:outline-none focus:ring-2 focus:ring-blue-500 border-gray-300"[39m
            [33mplaceholder[39m=[32m"e.g., Product Manager, UX Designer, Developer"[39m
            [33mtype[39m=[32m"text"[39m
            [33mvalue[39m=[32m""[39m
          [36m/>[39m
        [36m</div>[39m
        [36m<div>[39m
          [36m<label[39m
            [33mclass[39m=[32m"block text-sm font-medium text-gray-700 mb-2"[39m
          [36m>[39m
            [0mBackground *[0m
          [36m</label>[39m
          [36m<textarea[39m
            [33mclass[39m=[32m"w-full px-3 py-2 border rounded-md focus:outline-none focus:ring-2 focus:ring-blue-500 border-gray-300"[39m
            [33mplaceholder[39m=[32m"Describe the persona's background, experience, and context..."[39m
            [33mrows[39m=[32m"4"[39m
          [36m/>[39m
        [36m</div>[39m
        [36m<div>[39m
          [36m<label[39m
            [33mclass[39m=[32m"block text-sm font-medium text-gray-700 mb-2"[39m
          [36m>[39m
            [0mPersonality Traits * (3-10 traits)[0m
          [36m</label>[39m
          [36m<div[39m
            [33mclass[39m=[32m"flex gap-2 mb-2"[39m
          [36m>[39m
            [36m<input[39m
              [33mclass[39m=[32m"flex-1 px-3 py-2 border border-gray-300 rounded-md focus:outline-none focus:ring-2 focus:ring-blue-500"[39m
              [33mplaceholder[39m=[32m"Add a personality trait"[39m
              [33mtype[39m=[32m"text"[39m
              [33mvalue[39m=[32m""[39m
            [36m/>[39m
            [36m<button[39m
              [33mclass[39m=[32m"px-4 py-2 bg-green-500 text-white rounded-md hover:bg-green-600 disabled:bg-gray-300 disabled:cursor-not-allowed"[39m
              [33mdisabled[39m=[32m""[39m
              [33mtype[39m=[32m"button"[39m
            [36m>[39m
              [0mAdd[0m
            [36m</button>[39m
          [36m</div>[39m
          [36m<div[39m
            [33mclass[39m=[32m"flex flex-wrap gap-2"[39m
          [36m/>[39m
        [36m</div>[39m
        [36m<div[39m
          [33mclass[39m=[32m"grid grid-cols-1 md:grid-cols-2 gap-6"[39m
        [36m>[39m
          [36m<div>[39m
            [36m<label[39m
              [33mclass[39m=[32m"block text-sm font-medium text-gray-700 mb-2"[39m
            [36m>[39m
              [0mCommunication Style[0m
            [36m</label>[39m
            [36m<select[39m
              [33mclass[39m=[32m"w-full px-3 py-2 border border-gray-300 rounded-md focus:outline-none focus:ring-2 focus:ring-blue-500"[39m
            [36m>[39m
              [36m<option[39m
                [33mvalue[39m=[32m"formal"[39m
              [36m>[39m
                [0mFormal[0m
              [36m</option>[39m
              [36m<option[39m
                [33mvalue[39m=[32m"casual"[39m
              [36m>[39m
                [0mCasual[0m
              [36m</option>[39m
              [36m<option[39m
                [33mvalue[39m=[32m"technical"[39m
              [36m>[39m
                [0mTechnical[0m
              [36m</option>[39m
              [36m<option[39m
                [33mvalue[39m=[32m"collaborative"[39m
              [36m>[39m
                [0mCollaborative[0m
              [36m</option>[39m
              [36m<option[39m
                [33mvalue[39m=[32m"authoritative"[39m
              [36m>[39m
                [0mAuthoritative[0m
              [36m</option>[39m
              [36m<option[39m
                [33mvalue[39m=[32m"supportive"[39m
              [36m>[39m
                [0mSupportive[0m
              [36m</option>[39m
            [36m</select>[39m
          [36m</div>[39m
          [36m<div>[39m
            [36m<label[39m
              [33mclass[39m=[32m"block text-sm font-medium text-gray-700 mb-2"[39m
            [36m>[39m
              [0mDecision Making Style[0m
            [36m</label>[39m
            [36m<select[39m
              [33mclass[39m=[32m"w-full px-3 py-2 border border-gray-300 rounded-md focus:outline-none focus:ring-2 focus:ring-blue-500"[39m
            [36m>[39m
              [36m<option[39m
                [33mvalue[39m=[32m"analytical"[39m
              [36m>[39m
                [0mAnalytical[0m
              [36m</option>[39m
              [36m<option[39m
                [33mvalue[39m=[32m"intuitive"[39m
              [36m>[39m
                [0mIntuitive[0m
              [36m</option>[39m
              [36m<option[39m
                [33mvalue[39m=[32m"consensus-driven"[39m
              [36m>[39m
                [0mConsensus-driven[0m
              [36m</option>[39m
              [36m<option[39m
                [33mvalue[39m=[32m"authoritative"[39m
              [36m>[39m
                [0mAuthoritative[0m
              [36m</option>[39m
              [36m<option[39m
                [33mvalue[39m=[32m"risk-averse"[39m
              [36m>[39m
                [0mRisk-averse[0m
              [36m</option>[39m
              [36m<option[39m
                [33mvalue[39m=[32m"risk-taking"[39m
              [36m>[39m
                [0mRisk-taking[0m
              [36m</option>[39m
            [36m</select>[39m
          [36m</div>[39m
        [36m</div>[39m
        [36m<div>[39m
          [36m<label[39m
            [33mclass[39m=[32m"block text-sm font-medium text-gray-700 mb-2"[39m
          [36m>[39m
            [0mPriorities * (2-8 priorities)[0m
          [36m</label>[39m
          [36m<div[39m
            [33mclass[39m=[32m"flex gap-2 mb-2"[39m
          [36m>[39m
            [36m<input[39m
              [33mclass[39m=[32m"flex-1 px-3 py-2 border border-gray-300 rounded-md focus:outline-none focus:ring-2 focus:ring-blue-500"[39m
              [33mplaceholder[39m=[32m"Add a priority"[39m
              [33mtype[39m=[32m"text"[39m
              [33mvalue[39m=[32m""[39m
            [36m/>[39m
            [36m<button[39m
              [33mclass[39m=[32m"px-4 py-2 bg-green-500 text-white rounded-md hover:bg-green-600 disabled:bg-gray-300 disabled:cursor-not-allowed"[39m
              [33mdisabled[39m=[32m""[39m
              [33mtype[39m=[32m"button"[39m
            [36m>[39m
              [0mAdd[0m
            [36m</button>[39m
          [36m</div>[39m
          [36m<div[39m
            [33mclass[39m=[32m"flex flex-wrap gap-2"[39m
          [36m/>[39m
        [36m</div>[39m
        [36m<div>[39m
          [36m<label[39m
            [33mclass[39m=[32m"block text-sm font-medium text-gray-700 mb-2"[39m
          [36m>[39m
            [0mGoals * (1-5 goals)[0m
          [36m</label>[39m
          [36m<div[39m
            [33mclass[39m=[32m"flex gap-2 mb-2"[39m
          [36m>[39m
            [36m<input[39m
              [33mclass[39m=[32m"flex-1 px-3 py-2 border border-gray-300 rounded-md focus:outline-none focus:ring-2 focus:ring-blue-500"[39m
              [33mplaceholder[39m=[32m"Add a goal"[39m
              [33mtype[39m=[32m"text"[39m
              [33mvalue[39m=[32m""[39m
            [36m/>[39m
            [36m<button[39m
              [33mclass[39m=[32m"px-4 py-2 bg-green-500 text-white rounded-md hover:bg-green-600 disabled:bg-gray-300 disabled:cursor-not-allowed"[39m
              [33mdisabled[39m=[32m""[39m
              [33mtype[39m=[32m"button"[39m
            [36m>[39m
              [0mAdd[0m
            [36m</button>[39m
          [36m</div>[39m
          [36m<div[39m
            [33mclass[39m=[32m"flex flex-wrap gap-2"[39m
          [36m/>[39m
        [36m</div>[39m
        [36m<div[39m
          [33mclass[39m=[32m"bg-gray-50 p-4 rounded-lg"[39m
        [36m>[39m
          [36m<h3[39m
            [33mclass[39m=[32m"text-lg font-semibold text-gray-800 mb-3"[39m
          [36m>[39m
            [0mAI Configuration[0m
          [36m</h3>[39m
          [36m<div[39m
            [33mclass[39m=[32m"grid grid-cols-1 md:grid-cols-2 gap-4 mb-4"[39m
          [36m>[39m
            [36m<div>[39m
              [36m<label[39m
                [33mclass[39m=[32m"block text-sm font-medium text-gray-700 mb-2"[39m
              [36m>[39m
                [0mAI Model[0m
              [36m</label>[39m
              [36m<select[39m
                [33mclass[39m=[32m"w-full px-3 py-2 border border-gray-300 rounded-md focus:outline-none focus:ring-2 focus:ring-blue-500"[39m
              [36m>[39m
                [36m<option[39m
                  [33mvalue[39m=[32m"gpt-4"[39m
                [36m>[39m
                  [0mGPT-4[0m
                [36m</option>[39m
                [36m<option[39m
                  [33mvalue[39m=[32m"gpt-3.5-turbo"[39m
                [36m>[39m
                  [0mGPT-3.5 Turbo[0m
                [36m</option>[39m
                [36m<option[39m
                  [33mvalue[39m=[32m"claude-3"[39m
                [36m>[39m
                  [0mClaude-3[0m
                [36m</option>[39m
                [36m<option[39m
                  [33mvalue[39m=[32m"claude-2"[39m
                [36m>[39m
                  [0mClaude-2[0m
                [36m</option>[39m
              [36m</select>[39m
            [36m</div>[39m
            [36m<div>[39m
              [36m<label[39m
                [33mclass[39m=[32m"block text-sm font-medium text-gray-700 mb-2"[39m
              [36m>[39m
                [0mTemperature: [0m
                [0m0.7[0m
              [36m</label>[39m
              [36m<input[39m
                [33mclass[39m=[32m"w-full"[39m
                [33mmax[39m=[32m"2"[39m
                [33mmin[39m=[32m"0"[39m
                [33mstep[39m=[32m"0.1"[39m
                [33mtype[39m=[32m"range"[39m
                [33mvalue[39m=[32m"0.7"[39m
              [36m/>[39m
              [36m<div[39m
                [33mclass[39m=[32m"flex justify-between text-xs text-gray-500"[39m
              [36m>[39m
                [36m<span>[39m
                  [0mFocused[0m
                [36m</span>[39m
                [36m<span>[39m
                  [0mCreative[0m
                [36m</span>[39m
              [36m</div>[39m
            [36m</div>[39m
          [36m</div>[39m
          [36m<div>[39m
            [36m<label[39m
              [33mclass[39m=[32m"block text-sm font-medium text-gray-700 mb-2"[39m
            [36m>[39m
              [0mSystem Prompt *[0m
            [36m</label>[39m
            [36m<div[39m
              [33mclass[39m=[32m"flex gap-2 mb-2"[39m
            [36m>[39m
              [36m<button[39m
                [33mclass[39m=[32m"px-3 py-1 bg-blue-500 text-white text-sm rounded hover:bg-blue-600 transition-colors"[39m
                [33mtype[39m=[32m"button"[39m
              [36m>[39m
                [0mAuto-Generate[0m
              [36m</button>[39m
            [36m</div>[39m
            [36m<textarea[39m
              [33mclass[39m=[32m"w-full px-3 py-2 border rounded-md focus:outline-none focus:ring-2 focus:ring-blue-500 border-gray-300"[39m
              [33mplaceholder[39m=[32m"Enter the system prompt that will guide the AI's responses..."[39m
              [33mrows[39m=[32m"6"[39m
            [36m/>[39m
          [36m</div>[39m
        [36m</div>[39m
        [36m<div[39m
          [33mclass[39m=[32m"bg-gray-50 p-4 rounded-lg"[39m
        [36m>[39m
          [36m<h3[39m
            [33mclass[39m=[32m"text-lg font-semibold text-gray-800 mb-3"[39m
          [36m>[39m
            [0mAvailability Settings[0m
          [36m</h3>[39m
          [36m<div[39m
            [33mclass[39m=[32m"grid grid-cols-1 md:grid-cols-3 gap-4"[39m
          [36m>[39m
            [36m<div>[39m
              [36m<label[39m
                [33mclass[39m=[32m"block text-sm font-medium text-gray-700 mb-2"[39m
              [36m>[39m
                [0mResponse Time (minutes)[0m
              [36m</label>[39m
              [36m<input[39m
                [33mclass[39m=[32m"w-full px-3 py-2 border border-gray-300 rounded-md focus:outline-none focus:ring-2 focus:ring-blue-500"[39m
                [33mmax[39m=[32m"1440"[39m
                [33mmin[39m=[32m"1"[39m
                [33mtype[39m=[32m"number"[39m
                [33mvalue[39m=[32m"5"[39m
              [36m/>[39m
            [36m</div>[39m
            [36m<div>[39m
              [36m<label[39m
                [33mclass[39m=[32m"block text-sm font-medium text-gray-700 mb-2"[39m
              [36m>[39m
                [0mStart Time[0m
              [36m</label>[39m
              [36m<input[39m
                [33mclass[39m=[32m"w-full px-3 py-2 border border-gray-300 rounded-md focus:outline-none focus:ring-2 focus:ring-blue-500"[39m
                [33mtype[39m=[32m"time"[39m
                [33mvalue[39m=[32m"09:00"[39m
              [36m/>[39m
            [36m</div>[39m
            [36m<div>[39m
              [36m<label[39m
                [33mclass[39m=[32m"block text-sm font-medium text-gray-700 mb-2"[39m
              [36m>[39m
                [0mEnd Time[0m
              [36m</label>[39m
              [36m<input[39m
                [33mclass[39m=[32m"w-full px-3 py-2 border border-gray-300 rounded-md focus:outline-none focus:ring-2 focus:ring-blue-500"[39m
                [33mtype[39m=[32m"time"[39m
                [33mvalue[39m=[32m"17:00"[39m
              [36m/>[39m
            [36m</div>[39m
          [36m</div>[39m
        [36m</div>[39m
        [36m<div[39m
          [33mclass[39m=[32m"flex justify-end gap-4 pt-6 border-t"[39m
        [36m>[39m
          [36m<button[39m
            [33mclass[39m=[32m"px-6 py-2 border border-gray-300 text-gray-700 rounded-md hover:bg-gray-50 transition-colors"[39m
            [33mtype[39m=[32m"button"[39m
          [36m>[39m
            [0mCancel[0m
          [36m</button>[39m
          [36m<button[39m
            [33mclass[39m=[32m"px-6 py-2 bg-blue-500 text-white rounded-md hover:bg-blue-600 disabled:bg-gray-300 disabled:cursor-not-allowed transition-colors"[39m
            [33mtype[39m=[32m"submit"[39m
          [36m>[39m
            [0mCreate Persona[0m
          [36m</button>[39m
        [36m</div>[39m
      [36m</form>[39m
    [36m</div>[39m
  [36m</div>[39m
[36m</body>[39m

Ignored nodes: comments, script, style
[36m<html>[39m
  [36m<head />[39m
  [36m<body>[39m
    [36m<div>[39m
      [36m<div[39m
        [33mclass[39m=[32m"max-w-4xl mx-auto p-6 bg-white rounded-lg shadow-lg"[39m
      [36m>[39m
        [36m<h2[39m
          [33mclass[39m=[32m"text-2xl font-bold mb-6 text-gray-800"[39m
        [36m>[39m
          [0mCreate New Persona[0m
        [36m</h2>[39m
        [36m<form[39m
          [33mclass[39m=[32m"space-y-6"[39m
        [36m>[39m
          [36m<div[39m
            [33mclass[39m=[32m"grid grid-cols-1 md:grid-cols-2 gap-6"[39m
          [36m>[39m
            [36m<div>[39m
              [36m<label[39m
                [33mclass[39m=[32m"block text-sm font-medium text-gray-700 mb-2"[39m
              [36m>[39m
                [0mPersona Name *[0m
              [36m</label>[39m
              [36m<input[39m
                [33mclass[39m=[32m"w-full px-3 py-2 border rounded-md focus:outline-none focus:ring-2 focus:ring-blue-500 border-gray-300"[39m
                [33mplaceholder[39m=[32m"Enter persona name"[39m
                [33mtype[39m=[32m"text"[39m
                [33mvalue[39m=[32m""[39m
              [36m/>[39m
            [36m</div>[39m
            [36m<div>[39m
              [36m<label[39m
                [33mclass[39m=[32m"block text-sm font-medium text-gray-700 mb-2"[39m
              [36m>[39m
                [0mProject *[0m
              [36m</label>[39m
              [36m<select[39m
                [33mclass[39m=[32m"w-full px-3 py-2 border rounded-md focus:outline-none focus:ring-2 focus:ring-blue-500 border-gray-300"[39m
              [36m>[39m
                [36m<option[39m
                  [33mvalue[39m=[32m""[39m
                [36m>[39m
                  [0mSelect a project[0m
                [36m</option>[39m
                [36m<option[39m
                  [33mvalue[39m=[32m"1"[39m
                [36m>[39m
                  [0mTest Project 1[0m
                  [0m - [0m
                  [0mTechnology[0m
                [36m</option>[39m
                [36m<option[39m
                  [33mvalue[39m=[32m"2"[39m
                [36m>[39m
                  [0mTest Project 2[0m
                  [0m - [0m
                  [0mHealthcare[0m
                [36m</option>[39m
              [36m</select>[39m
            [36m</div>[39m
          [36m</div>[39m
          [36m<div>[39m
            [36m<label[39m
              [33mclass[39m=[32m"block text-sm font-medium text-gray-700 mb-2"[39m
            [36m>[39m
              [0mRole *[0m
            [36m</label>[39m
            [36m<input[39m
              [33mclass[39m=[32m"w-full px-3 py-2 border rounded-md focus:outline-none focus:ring-2 focus:ring-blue-500 border-gray-300"[39m
              [33mplaceholder[39m=[32m"e.g., Product Manager, UX Designer, Developer"[39m
              [33mtype[39m=[32m"text"[39m
              [33mvalue[39m=[32m""[39m
            [36m/>[39m
          [36m</div>[39m
          [36m<div>[39m
            [36m<label[39m
              [33mclass[39m=[32m"block text-sm font-medium text-gray-700 mb-2"[39m
            [36m>[39m
              [0mBackground *[0m
            [36m</label>[39m
            [36m<textarea[39m
              [33mclass[39m=[32m"w-full px-3 py-2 border rounded-md focus:outline-none focus:ring-2 focus:ring-blue-500 border-gray-300"[39m
              [33mplaceholder[39m=[32m"Describe the persona's background, experience, and context..."[39m
              [33mrows[39m=[32m"4"[39m
            [36m/>[39m
          [36m</div>[39m
          [36m<div>[39m
            [36m<label[39m
              [33mclass[39m=[32m"block text-sm font-medium text-gray-700 mb-2"[39m
            [36m>[39m
              [0mPersonality Traits * (3-10 traits)[0m
            [36m</label>[39m
            [36m<div[39m
              [33mclass[39m=[32m"flex gap-2 mb-2"[39m
            [36m>[39m
              [36m<input[39m
                [33mclass[39m=[32m"flex-1 px-3 py-2 border border-gray-300 rounded-md focus:outline-none focus:ring-2 focus:ring-blue-500"[39m
                [33mplaceholder[39m=[32m"Add a personality trait"[39m
                [33mtype[39m=[32m"text"[39m
                [33mvalue[39m=[32m""[39m
              [36m/>[39m
              [36m<button[39m
                [33mclass[39m=[32m"px-4 py-2 bg-green-500 text-white rounded-md hover:bg-green-600 disabled:bg-gray-300 disabled:cursor-not-allowed"[39m
                [33mdisabled[39m=[32m""[39m
                [33mtype[39m=[32m"button"[39m
              [36m>[39m
                [0mAdd[0m
              [36m</button>[39m
            [36m</div>[39m
            [36m<div[39m
              [33mclass[39m=[32m"flex flex-wrap gap-2"[39m
            [36m/>[39m
          [36m</div>[39m
          [36m<div[39m
            [33mclass[39m=[32m"grid grid-cols-1 md:grid-cols-2 gap-6"[39m
          [36m>[39m
            [36m<div>[39m
              [36m<label[39m
                [33mclass[39m=[32m"block text-sm font-medium text-gray-700 mb-2"[39m
              [36m>[39m
                [0mCommunication Style[0m
              [36m</label>[39m
              [36m<select[39m
                [33mclass[39m=[32m"w-full px-3 py-2 border border-gray-300 rounded-md focus:outline-none focus:ring-2 focus:ring-blue-500"[39m
              [36m>[39m
                [36m<option[39m
                  [33mvalue[39m=[32m"formal"[39m
                [36m>[39m
                  [0mFormal[0m
                [36m</option>[39m
                [36m<option[39m
                  [33mvalue[39m=[32m"casual"[39m
                [36m>[39m
                  [0mCasual[0m
                [36m</option>[39m
                [36m<option[39m
                  [33mvalue[39m=[32m"technical"[39m
                [36m>[39m
                  [0mTechnical[0m
                [36m</option>[39m
                [36m<option[39m
                  [33mvalue[39m=[32m"collaborative"[39m
                [36m>[39m
                  [0mCollaborative[0m
                [36m</option>[39m
                [36m<option[39m
                  [33mvalue[39m=[32m"authoritative"[39m
                [36m>[39m
                  [0mAuthoritative[0m
                [36m</option>[39m
                [36m<option[39m
                  [33mvalue[39m=[32m"supportive"[39m
                [36m>[39m
                  [0mSupportive[0m
                [36m</option>[39m
              [36m</select>[39m
            [36m</div>[39m
            [36m<div>[39m
              [36m<label[39m
                [33mclass[39m=[32m"block text-sm font-medium text-gray-700 mb-2"[39m
              [36m>[39m
                [0mDecision Making Style[0m
              [36m</label>[39m
              [36m<select[39m
                [33mclass[39m=[32m"w-full px-3 py-2 border border-gray-300 rounded-md focus:outline-none focus:ring-2 focus:ring-blue-500"[39m
              [36m>[39m
                [36m<option[39m
                  [33mvalue[39m=[32m"analytical"[39m
                [36m>[39m
                  [0mAnalytical[0m
                [36m</option>[39m
                [36m<option[39m
                  [33mvalue[39m=[32m"intuitive"[39m
                [36m>[39m
                  [0mIntuitive[0m
                [36m</option>[39m
                [36m<option[39m
                  [33mvalue[39m=[32m"consensus-driven"[39m
                [36m>[39m
                  [0mConsensus-driven[0m
                [36m</option>[39m
                [36m<option[39m
                  [33mvalue[39m=[32m"authoritative"[39m
                [36m>[39m
                  [0mAuthoritative[0m
                [36m</option>[39m
                [36m<option[39m
                  [33mvalue[39m=[32m"risk-averse"[39m
                [36m>[39m
                  [0mRisk-averse[0m
                [36m</option>[39m
                [36m<option[39m
                  [33mvalue[39m=[32m"risk-taking"[39m
                [36m>[39m
                  [0mRisk-taking[0m
                [36m</option>[39m
              [36m</select>[39m
            [36m</div>[39m
          [36m</div>[39m
          [36m<div>[39m
            [36m<label[39m
              [33mclass[39m=[32m"block text-sm font-medium text-gray-700 mb-2"[39m
            [36m>[39m
              [0mPriorities * (2-8 priorities)[0m
            [36m</label>[39m
            [36m<div[39m
              [33mclass[39m=[32m"flex gap-2 mb-2"[39m
            [36m>[39m
              [36m<input[39m
                [33mclass[39m=[32m"flex-1 px-3 py-2 border border-gray-300 rounded-md focus:outline-none focus:ring-2 focus:ring-blue-500"[39m
                [33mplaceholder[39m=[32m"Add a priority"[39m
                [33mtype[39m=[32m"text"[39m
                [33mvalue[39m=[32m""[39m
              [36m/>[39m
              [36m<button[39m
                [33mclass[39m=[32m"px-4 py-2 bg-green-500 text-white rounded-md hover:bg-green-600 disabled:bg-gray-300 disabled:cursor-not-allowed"[39m
                [33mdisabled[39m=[32m""[39m
                [33mtype[39m=[32m"button"[39m
              [36m>[39m
                [0mAdd[0m
              [36m</button>[39m
            [36m</div>[39m
            [36m<div[39m
              [33mclass[39m=[32m"flex flex-wrap gap-2"[39m
            [36m/>[39m
          [36m</div>[39m
          [36m<div>[39m
            [36m<label[39m
              [33mclass[39m=[32m"block text-sm font-medium text-gray-700 mb-2"[39m
            [36m>[39m
              [0mGoals * (1-5 goals)[0m
            [36m</label>[39m
            [36m<div[39m
              [33mclass[39m=[32m"flex gap-2 mb-2"[39m
            [36m>[39m
              [36m<input[39m
                [33mclass[39m=[32m"flex-1 px-3 py-2 border border-gray-300 rounded-md focus:outline-none focus:ring-2 focus:ring-blue-500"[39m
                [33mplaceholder[39m=[32m"Add a goal"[39m
                [33mtype[39m=[32m"text"[39m
                [33mvalue[39m=[32m""[39m
              [36m/>[39m
              [36m<button[39m
                [33mclass[39m=[32m"px-4 py-2 bg-green-500 text-white rounded-md hover:bg-green-600 disabled:bg-gray-300 disabled:cursor-not-allowed"[39m
                [33mdisabled[39m=[32m""[39m
                [33mtype[39m=[32m"button"[39m
              [36m>[39m
                [0mAdd[0m
              [36m</button>[39m
            [36m</div>[39m
            [36m<div[39m
              [33mclass[39m=[32m"flex flex-wrap gap-2"[39m
            [36m/>[39m
          [36m</div>[39m
          [36m<div[39m
            [33mclass[39m=[32m"bg-gray-50 p-4 rounded-lg"[39m
          [36m>[39m
            [36m<h3[39m
              [33mclass[39m=[32m"text-lg font-semibold text-gray-800 mb-3"[39m
            [36m>[39m
              [0mAI Configuration[0m
            [36m</h3>[39m
            [36m<div[39m
              [33mclass[39m=[32m"grid grid-cols-1 md:grid-cols-2 gap-4 mb-4"[39m
            [36m>[39m
              [36m<div>[39m
                [36m<label[39m
                  [33mclass[39m=[32m"block text-sm font-medium text-gray-700 mb-2"[39m
                [36m>[39m
                  [0mAI Model[0m
                [36m</label>[39m
                [36m<select[39m
                  [33mclass[39m=[32m"w-full px-3 py-2 border border-gray-300 rounded-md focus:outline-none focus:ring-2 focus:ring-blue-500"[39m
                [36m>[39m
                  [36m<option[39m
                    [33mvalue[39m=[32m"gpt-4"[39m
                  [36m>[39m
                    [0mGPT-4[0m
                  [36m</option>[39m
                  [36m<option[39m
                    [33mvalue[39m=[32m"gpt-3.5-turbo"[39m
                  [36m>[39m
                    [0mGPT-3.5 Turbo[0m
                  [36m</option>[39m
                  [36m<option[39m
                    [33mvalue[39m=[32m"claude-3"[39m
                  [36m>[39m
                    [0mClaude-3[0m
                  [36m</option>[39m
                  [36m<option[39m
                    [33mvalue[39m=[32m"claude-2"[39m
                  [36m>[39m
                    [0mClaude-2[0m
                  [36m</option>[39m
                [36m</select>[39m
              [36m</div>[39m
              [36m<div>[39m
                [36m<label[39m
                  [33mclass[39m=[32m"block text-sm font-medium text-gray-700 mb-2"[39m
                [36m>[39m
                  [0mTemperature: [0m
                  [0m0.7[0m
                [36m</label>[39m
                [36m<input[39m
                  [33mclass[39m=[32m"w-full"[39m
                  [33mmax[39m=[32m"2"[39m
                  [33mmin[39m=[32m"0"[39m
                  [33mstep[39m=[32m"0.1"[39m
                  [33mtype[39m=[32m"range"[39m
                  [33mvalue[39m=[32m"0.7"[39m
                [36m/>[39m
                [36m<div[39m
                  [33mclass[39m=[32m"flex justify-between text-xs text-gray-500"[39m
                [36m>[39m
                  [36m<span>[39m
                    [0mFocused[0m
                  [36m</span>[39m
                  [36m<span>[39m
                    [0mCreative[0m
                  [36m</span>[39m
                [36m</div>[39m
              [36m</div>[39m
            [36m</div>[39m
            [36m<div>[39m
              [36m<label[39m
                [33mclass[39m=[32m"block text-sm font-medium text-gray-700 mb-2"[39m
              [36m>[39m
                [0mSystem Prompt *[0m
              [36m</label>[39m
              [36m<div[39m
                [33mclass[39m=[32m"flex gap-2 mb-2"[39m
              [36m>[39m
                [36m<button[39m
                  [33mclass[39m=[32m"px-3 py-1 bg-blue-500 text-white text-sm rounded hover:bg-blue-600 transition-colors"[39m
                  [33mtype[39m=[32m"button"[39m
                [36m>[39m
                  [0mAuto-Generate[0m
                [36m</button>[39m
              [36m</div>[39m
              [36m<textarea[39m
                [33mclass[39m=[32m"w-full px-3 py-2 border rounded-md focus:outline-none focus:ring-2 focus:ring-blue-500 border-gray-300"[39m
                [33mplaceholder[39m=[32m"Enter the system prompt that will guide the AI's responses..."[39m
                [33mrows[39m=[32m"6"[39m
              [36m/>[39m
            [36m</div>[39m
          [36m</div>[39m
          [36m<div[39m
            [33mclass[39m=[32m"bg-gray-50 p-4 rounded-lg"[39m
          [36m>[39m
            [36m<h3[39m
              [33mclass[39m=[32m"text-lg font-semibold text-gray-800 mb-3"[39m
            [36m>[39m
              [0mAvailability Settings[0m
            [36m</h3>[39m
            [36m<div[39m
              [33mclass[39m=[32m"grid grid-cols-1 md:grid-cols-3 gap-4"[39m
            [36m>[39m
              [36m<div>[39m
                [36m<label[39m
                  [33mclass[39m=[32m"block text-sm font-medium text-gray-700 mb-2"[39m
                [36m>[39m
                  [0mResponse Time (minutes)[0m
                [36m</label>[39m
                [36m<input[39m
                  [33mclass[39m=[32m"w-full px-3 py-2 border border-gray-300 rounded-md focus:outline-none focus:ring-2 focus:ring-blue-500"[39m
                  [33mmax[39m=[32m"1440"[39m
                  [33mmin[39m=[32m"1"[39m
                  [33mtype[39m=[32m"number"[39m
                  [33mvalue[39m=[32m"5"[39m
                [36m/>[39m
              [36m</div>[39m
              [36m<div>[39m
                [36m<label[39m
                  [33mclass[39m=[32m"block text-sm font-medium text-gray-700 mb-2"[39m
                [36m>[39m
                  [0mStart Time[0m
                [36m</label>[39m
                [36m<input[39m
                  [33mclass[39m=[32m"w-full px-3 py-2 border border-gray-300 rounded-md focus:outline-none focus:ring-2 focus:ring-blue-500"[39m
                  [33mtype[39m=[32m"time"[39m
                  [33mvalue[39m=[32m"09:00"[39m
                [36m/>[39m
              [36m</div>[39m
              [36m<div>[39m
                [36m<label[39m
                  [33mclass[39m=[32m"block text-sm font-medium text-gray-700 mb-2"[39m
                [36m>[39m
                  [0mEnd Time[0m
                [36m</label>[39m
                [36m<input[39m
                  [33mclass[39m=[32m"w-full px-3 py-2 border border-gray-300 rounded-md focus:outline-none focus:ring-2 focus:ring-blue-500"[39m
                  [33mtype[39m=[32m"time"[39m
                  [33mvalue[39m=[32m"17:00"[39m
                [36m/>[39m
              [36m</div>[39m
            [36m</div>[39m
          [36m</div>[39m
          [36m<div[39m
            [33mclass[39m=[32m"flex justify-end gap-4 pt-6 border-t"[39m
          [36m>[39m
            [36m<button[39m
              [33mclass[39m=[32m"px-6 py-2 border border-gray-300 text-gray-700 rounded-md hover:bg-gray-50 transition-colors"[39m
              [33mtype[39m=[32m"button"[39m
            [36m>[39m
              [0mCancel[0m
            [36m</button>[39m
            [36m<button[39m
              [33mclass[39m=[32m"px-6 py-2 bg-blue-500 text-white rounded-md hover:bg-blue-600 disabled:bg-gray-300 disabled:cursor-not-allowed transition-colors"[39m
              [33mtype[39m=[32m"submit"[39m
            [36m>[39m
              [0mCreate Persona[0m
            [36m</button>[39m
          [36m</div>[39m
        [36m</form>[39m
      [36m</div>[39m
    [36m</div>[39m
  [36m</body>[39m
[36m</html>[39m
   ✓ PersonaForm > adds priorities 12ms
   ✓ PersonaForm > adds goals 7ms
   × PersonaForm > generates system prompt when Auto-Generate is clicked 1008ms
     → Found a label with the text of: /Persona Name/, however no form control was found associated to that label. Make sure you're using the "for" attribute or "aria-labelledby" attribute correctly.

Ignored nodes: comments, script, style
[36m<body>[39m
  [36m<div>[39m
    [36m<div[39m
      [33mclass[39m=[32m"max-w-4xl mx-auto p-6 bg-white rounded-lg shadow-lg"[39m
    [36m>[39m
      [36m<h2[39m
        [33mclass[39m=[32m"text-2xl font-bold mb-6 text-gray-800"[39m
      [36m>[39m
        [0mCreate New Persona[0m
      [36m</h2>[39m
      [36m<form[39m
        [33mclass[39m=[32m"space-y-6"[39m
      [36m>[39m
        [36m<div[39m
          [33mclass[39m=[32m"grid grid-cols-1 md:grid-cols-2 gap-6"[39m
        [36m>[39m
          [36m<div>[39m
            [36m<label[39m
              [33mclass[39m=[32m"block text-sm font-medium text-gray-700 mb-2"[39m
            [36m>[39m
              [0mPersona Name *[0m
            [36m</label>[39m
            [36m<input[39m
              [33mclass[39m=[32m"w-full px-3 py-2 border rounded-md focus:outline-none focus:ring-2 focus:ring-blue-500 border-gray-300"[39m
              [33mplaceholder[39m=[32m"Enter persona name"[39m
              [33mtype[39m=[32m"text"[39m
              [33mvalue[39m=[32m""[39m
            [36m/>[39m
          [36m</div>[39m
          [36m<div>[39m
            [36m<label[39m
              [33mclass[39m=[32m"block text-sm font-medium text-gray-700 mb-2"[39m
            [36m>[39m
              [0mProject *[0m
            [36m</label>[39m
            [36m<select[39m
              [33mclass[39m=[32m"w-full px-3 py-2 border rounded-md focus:outline-none focus:ring-2 focus:ring-blue-500 border-gray-300"[39m
            [36m>[39m
              [36m<option[39m
                [33mvalue[39m=[32m""[39m
              [36m>[39m
                [0mSelect a project[0m
              [36m</option>[39m
              [36m<option[39m
                [33mvalue[39m=[32m"1"[39m
              [36m>[39m
                [0mTest Project 1[0m
                [0m - [0m
                [0mTechnology[0m
              [36m</option>[39m
              [36m<option[39m
                [33mvalue[39m=[32m"2"[39m
              [36m>[39m
                [0mTest Project 2[0m
                [0m - [0m
                [0mHealthcare[0m
              [36m</option>[39m
            [36m</select>[39m
          [36m</div>[39m
        [36m</div>[39m
        [36m<div>[39m
          [36m<label[39m
            [33mclass[39m=[32m"block text-sm font-medium text-gray-700 mb-2"[39m
          [36m>[39m
            [0mRole *[0m
          [36m</label>[39m
          [36m<input[39m
            [33mclass[39m=[32m"w-full px-3 py-2 border rounded-md focus:outline-none focus:ring-2 focus:ring-blue-500 border-gray-300"[39m
            [33mplaceholder[39m=[32m"e.g., Product Manager, UX Designer, Developer"[39m
            [33mtype[39m=[32m"text"[39m
            [33mvalue[39m=[32m""[39m
          [36m/>[39m
        [36m</div>[39m
        [36m<div>[39m
          [36m<label[39m
            [33mclass[39m=[32m"block text-sm font-medium text-gray-700 mb-2"[39m
          [36m>[39m
            [0mBackground *[0m
          [36m</label>[39m
          [36m<textarea[39m
            [33mclass[39m=[32m"w-full px-3 py-2 border rounded-md focus:outline-none focus:ring-2 focus:ring-blue-500 border-gray-300"[39m
            [33mplaceholder[39m=[32m"Describe the persona's background, experience, and context..."[39m
            [33mrows[39m=[32m"4"[39m
          [36m/>[39m
        [36m</div>[39m
        [36m<div>[39m
          [36m<label[39m
            [33mclass[39m=[32m"block text-sm font-medium text-gray-700 mb-2"[39m
          [36m>[39m
            [0mPersonality Traits * (3-10 traits)[0m
          [36m</label>[39m
          [36m<div[39m
            [33mclass[39m=[32m"flex gap-2 mb-2"[39m
          [36m>[39m
            [36m<input[39m
              [33mclass[39m=[32m"flex-1 px-3 py-2 border border-gray-300 rounded-md focus:outline-none focus:ring-2 focus:ring-blue-500"[39m
              [33mplaceholder[39m=[32m"Add a personality trait"[39m
              [33mtype[39m=[32m"text"[39m
              [33mvalue[39m=[32m""[39m
            [36m/>[39m
            [36m<button[39m
              [33mclass[39m=[32m"px-4 py-2 bg-green-500 text-white rounded-md hover:bg-green-600 disabled:bg-gray-300 disabled:cursor-not-allowed"[39m
              [33mdisabled[39m=[32m""[39m
              [33mtype[39m=[32m"button"[39m
            [36m>[39m
              [0mAdd[0m
            [36m</button>[39m
          [36m</div>[39m
          [36m<div[39m
            [33mclass[39m=[32m"flex flex-wrap gap-2"[39m
          [36m/>[39m
        [36m</div>[39m
        [36m<div[39m
          [33mclass[39m=[32m"grid grid-cols-1 md:grid-cols-2 gap-6"[39m
        [36m>[39m
          [36m<div>[39m
            [36m<label[39m
              [33mclass[39m=[32m"block text-sm font-medium text-gray-700 mb-2"[39m
            [36m>[39m
              [0mCommunication Style[0m
            [36m</label>[39m
            [36m<select[39m
              [33mclass[39m=[32m"w-full px-3 py-2 border border-gray-300 rounded-md focus:outline-none focus:ring-2 focus:ring-blue-500"[39m
            [36m>[39m
              [36m<option[39m
                [33mvalue[39m=[32m"formal"[39m
              [36m>[39m
                [0mFormal[0m
              [36m</option>[39m
              [36m<option[39m
                [33mvalue[39m=[32m"casual"[39m
              [36m>[39m
                [0mCasual[0m
              [36m</option>[39m
              [36m<option[39m
                [33mvalue[39m=[32m"technical"[39m
              [36m>[39m
                [0mTechnical[0m
              [36m</option>[39m
              [36m<option[39m
                [33mvalue[39m=[32m"collaborative"[39m
              [36m>[39m
                [0mCollaborative[0m
              [36m</option>[39m
              [36m<option[39m
                [33mvalue[39m=[32m"authoritative"[39m
              [36m>[39m
                [0mAuthoritative[0m
              [36m</option>[39m
              [36m<option[39m
                [33mvalue[39m=[32m"supportive"[39m
              [36m>[39m
                [0mSupportive[0m
              [36m</option>[39m
            [36m</select>[39m
          [36m</div>[39m
          [36m<div>[39m
            [36m<label[39m
              [33mclass[39m=[32m"block text-sm font-medium text-gray-700 mb-2"[39m
            [36m>[39m
              [0mDecision Making Style[0m
            [36m</label>[39m
            [36m<select[39m
              [33mclass[39m=[32m"w-full px-3 py-2 border border-gray-300 rounded-md focus:outline-none focus:ring-2 focus:ring-blue-500"[39m
            [36m>[39m
              [36m<option[39m
                [33mvalue[39m=[32m"analytical"[39m
              [36m>[39m
                [0mAnalytical[0m
              [36m</option>[39m
              [36m<option[39m
                [33mvalue[39m=[32m"intuitive"[39m
              [36m>[39m
                [0mIntuitive[0m
              [36m</option>[39m
              [36m<option[39m
                [33mvalue[39m=[32m"consensus-driven"[39m
              [36m>[39m
                [0mConsensus-driven[0m
              [36m</option>[39m
              [36m<option[39m
                [33mvalue[39m=[32m"authoritative"[39m
              [36m>[39m
                [0mAuthoritative[0m
              [36m</option>[39m
              [36m<option[39m
                [33mvalue[39m=[32m"risk-averse"[39m
              [36m>[39m
                [0mRisk-averse[0m
              [36m</option>[39m
              [36m<option[39m
                [33mvalue[39m=[32m"risk-taking"[39m
              [36m>[39m
                [0mRisk-taking[0m
              [36m</option>[39m
            [36m</select>[39m
          [36m</div>[39m
        [36m</div>[39m
        [36m<div>[39m
          [36m<label[39m
            [33mclass[39m=[32m"block text-sm font-medium text-gray-700 mb-2"[39m
          [36m>[39m
            [0mPriorities * (2-8 priorities)[0m
          [36m</label>[39m
          [36m<div[39m
            [33mclass[39m=[32m"flex gap-2 mb-2"[39m
          [36m>[39m
            [36m<input[39m
              [33mclass[39m=[32m"flex-1 px-3 py-2 border border-gray-300 rounded-md focus:outline-none focus:ring-2 focus:ring-blue-500"[39m
              [33mplaceholder[39m=[32m"Add a priority"[39m
              [33mtype[39m=[32m"text"[39m
              [33mvalue[39m=[32m""[39m
            [36m/>[39m
            [36m<button[39m
              [33mclass[39m=[32m"px-4 py-2 bg-green-500 text-white rounded-md hover:bg-green-600 disabled:bg-gray-300 disabled:cursor-not-allowed"[39m
              [33mdisabled[39m=[32m""[39m
              [33mtype[39m=[32m"button"[39m
            [36m>[39m
              [0mAdd[0m
            [36m</button>[39m
          [36m</div>[39m
          [36m<div[39m
            [33mclass[39m=[32m"flex flex-wrap gap-2"[39m
          [36m/>[39m
        [36m</div>[39m
        [36m<div>[39m
          [36m<label[39m
            [33mclass[39m=[32m"block text-sm font-medium text-gray-700 mb-2"[39m
          [36m>[39m
            [0mGoals * (1-5 goals)[0m
          [36m</label>[39m
          [36m<div[39m
            [33mclass[39m=[32m"flex gap-2 mb-2"[39m
          [36m>[39m
            [36m<input[39m
              [33mclass[39m=[32m"flex-1 px-3 py-2 border border-gray-300 rounded-md focus:outline-none focus:ring-2 focus:ring-blue-500"[39m
              [33mplaceholder[39m=[32m"Add a goal"[39m
              [33mtype[39m=[32m"text"[39m
              [33mvalue[39m=[32m""[39m
            [36m/>[39m
            [36m<button[39m
              [33mclass[39m=[32m"px-4 py-2 bg-green-500 text-white rounded-md hover:bg-green-600 disabled:bg-gray-300 disabled:cursor-not-allowed"[39m
              [33mdisabled[39m=[32m""[39m
              [33mtype[39m=[32m"button"[39m
            [36m>[39m
              [0mAdd[0m
            [36m</button>[39m
          [36m</div>[39m
          [36m<div[39m
            [33mclass[39m=[32m"flex flex-wrap gap-2"[39m
          [36m/>[39m
        [36m</div>[39m
        [36m<div[39m
          [33mclass[39m=[32m"bg-gray-50 p-4 rounded-lg"[39m
        [36m>[39m
          [36m<h3[39m
            [33mclass[39m=[32m"text-lg font-semibold text-gray-800 mb-3"[39m
          [36m>[39m
            [0mAI Configuration[0m
          [36m</h3>[39m
          [36m<div[39m
            [33mclass[39m=[32m"grid grid-cols-1 md:grid-cols-2 gap-4 mb-4"[39m
          [36m>[39m
            [36m<div>[39m
              [36m<label[39m
                [33mclass[39m=[32m"block text-sm font-medium text-gray-700 mb-2"[39m
              [36m>[39m
                [0mAI Model[0m
              [36m</label>[39m
              [36m<select[39m
                [33mclass[39m=[32m"w-full px-3 py-2 border border-gray-300 rounded-md focus:outline-none focus:ring-2 focus:ring-blue-500"[39m
              [36m>[39m
                [36m<option[39m
                  [33mvalue[39m=[32m"gpt-4"[39m
                [36m>[39m
                  [0mGPT-4[0m
                [36m</option>[39m
                [36m<option[39m
                  [33mvalue[39m=[32m"gpt-3.5-turbo"[39m
                [36m>[39m
                  [0mGPT-3.5 Turbo[0m
                [36m</option>[39m
                [36m<option[39m
                  [33mvalue[39m=[32m"claude-3"[39m
                [36m>[39m
                  [0mClaude-3[0m
                [36m</option>[39m
                [36m<option[39m
                  [33mvalue[39m=[32m"claude-2"[39m
                [36m>[39m
                  [0mClaude-2[0m
                [36m</option>[39m
              [36m</select>[39m
            [36m</div>[39m
            [36m<div>[39m
              [36m<label[39m
                [33mclass[39m=[32m"block text-sm font-medium text-gray-700 mb-2"[39m
              [36m>[39m
                [0mTemperature: [0m
                [0m0.7[0m
              [36m</label>[39m
              [36m<input[39m
                [33mclass[39m=[32m"w-full"[39m
                [33mmax[39m=[32m"2"[39m
                [33mmin[39m=[32m"0"[39m
                [33mstep[39m=[32m"0.1"[39m
                [33mtype[39m=[32m"range"[39m
                [33mvalue[39m=[32m"0.7"[39m
              [36m/>[39m
              [36m<div[39m
                [33mclass[39m=[32m"flex justify-between text-xs text-gray-500"[39m
              [36m>[39m
                [36m<span>[39m
                  [0mFocused[0m
                [36m</span>[39m
                [36m<span>[39m
                  [0mCreative[0m
                [36m</span>[39m
              [36m</div>[39m
            [36m</div>[39m
          [36m</div>[39m
          [36m<div>[39m
            [36m<label[39m
              [33mclass[39m=[32m"block text-sm font-medium text-gray-700 mb-2"[39m
            [36m>[39m
              [0mSystem Prompt *[0m
            [36m</label>[39m
            [36m<div[39m
              [33mclass[39m=[32m"flex gap-2 mb-2"[39m
            [36m>[39m
              [36m<button[39m
                [33mclass[39m=[32m"px-3 py-1 bg-blue-500 text-white text-sm rounded hover:bg-blue-600 transition-colors"[39m
                [33mtype[39m=[32m"button"[39m
              [36m>[39m
                [0mAuto-Generate[0m
              [36m</button>[39m
            [36m</div>[39m
            [36m<textarea[39m
              [33mclass[39m=[32m"w-full px-3 py-2 border rounded-md focus:outline-none focus:ring-2 focus:ring-blue-500 border-gray-300"[39m
              [33mplaceholder[39m=[32m"Enter the system prompt that will guide the AI's responses..."[39m
              [33mrows[39m=[32m"6"[39m
            [36m/>[39m
          [36m</div>[39m
        [36m</div>[39m
        [36m<div[39m
          [33mclass[39m=[32m"bg-gray-50 p-4 rounded-lg"[39m
        [36m>[39m
          [36m<h3[39m
            [33mclass[39m=[32m"text-lg font-semibold text-gray-800 mb-3"[39m
          [36m>[39m
            [0mAvailability Settings[0m
          [36m</h3>[39m
          [36m<div[39m
            [33mclass[39m=[32m"grid grid-cols-1 md:grid-cols-3 gap-4"[39m
          [36m>[39m
            [36m<div>[39m
              [36m<label[39m
                [33mclass[39m=[32m"block text-sm font-medium text-gray-700 mb-2"[39m
              [36m>[39m
                [0mResponse Time (minutes)[0m
              [36m</label>[39m
              [36m<input[39m
                [33mclass[39m=[32m"w-full px-3 py-2 border border-gray-300 rounded-md focus:outline-none focus:ring-2 focus:ring-blue-500"[39m
                [33mmax[39m=[32m"1440"[39m
                [33mmin[39m=[32m"1"[39m
                [33mtype[39m=[32m"number"[39m
                [33mvalue[39m=[32m"5"[39m
              [36m/>[39m
            [36m</div>[39m
            [36m<div>[39m
              [36m<label[39m
                [33mclass[39m=[32m"block text-sm font-medium text-gray-700 mb-2"[39m
              [36m>[39m
                [0mStart Time[0m
              [36m</label>[39m
              [36m<input[39m
                [33mclass[39m=[32m"w-full px-3 py-2 border border-gray-300 rounded-md focus:outline-none focus:ring-2 focus:ring-blue-500"[39m
                [33mtype[39m=[32m"time"[39m
                [33mvalue[39m=[32m"09:00"[39m
              [36m/>[39m
            [36m</div>[39m
            [36m<div>[39m
              [36m<label[39m
                [33mclass[39m=[32m"block text-sm font-medium text-gray-700 mb-2"[39m
              [36m>[39m
                [0mEnd Time[0m
              [36m</label>[39m
              [36m<input[39m
                [33mclass[39m=[32m"w-full px-3 py-2 border border-gray-300 rounded-md focus:outline-none focus:ring-2 focus:ring-blue-500"[39m
                [33mtype[39m=[32m"time"[39m
                [33mvalue[39m=[32m"17:00"[39m
              [36m/>[39m
            [36m</div>[39m
          [36m</div>[39m
        [36m</div>[39m
        [36m<div[39m
          [33mclass[39m=[32m"flex justify-end gap-4 pt-6 border-t"[39m
        [36m>[39m
          [36m<button[39m
            [33mclass[39m=[32m"px-6 py-2 border border-gray-300 text-gray-700 rounded-md hover:bg-gray-50 transition-colors"[39m
            [33mtype[39m=[32m"button"[39m
          [36m>[39m
            [0mCancel[0m
          [36m</button>[39m
          [36m<button[39m
            [33mclass[39m=[32m"px-6 py-2 bg-blue-500 text-white rounded-md hover:bg-blue-600 disabled:bg-gray-300 disabled:cursor-not-allowed transition-colors"[39m
            [33mtype[39m=[32m"submit"[39m
          [36m>[39m
            [0mCreate Persona[0m
          [36m</button>[39m
        [36m</div>[39m
      [36m</form>[39m
    [36m</div>[39m
  [36m</div>[39m
[36m</body>[39m

Ignored nodes: comments, script, style
[36m<html>[39m
  [36m<head />[39m
  [36m<body>[39m
    [36m<div>[39m
      [36m<div[39m
        [33mclass[39m=[32m"max-w-4xl mx-auto p-6 bg-white rounded-lg shadow-lg"[39m
      [36m>[39m
        [36m<h2[39m
          [33mclass[39m=[32m"text-2xl font-bold mb-6 text-gray-800"[39m
        [36m>[39m
          [0mCreate New Persona[0m
        [36m</h2>[39m
        [36m<form[39m
          [33mclass[39m=[32m"space-y-6"[39m
        [36m>[39m
          [36m<div[39m
            [33mclass[39m=[32m"grid grid-cols-1 md:grid-cols-2 gap-6"[39m
          [36m>[39m
            [36m<div>[39m
              [36m<label[39m
                [33mclass[39m=[32m"block text-sm font-medium text-gray-700 mb-2"[39m
              [36m>[39m
                [0mPersona Name *[0m
              [36m</label>[39m
              [36m<input[39m
                [33mclass[39m=[32m"w-full px-3 py-2 border rounded-md focus:outline-none focus:ring-2 focus:ring-blue-500 border-gray-300"[39m
                [33mplaceholder[39m=[32m"Enter persona name"[39m
                [33mtype[39m=[32m"text"[39m
                [33mvalue[39m=[32m""[39m
              [36m/>[39m
            [36m</div>[39m
            [36m<div>[39m
              [36m<label[39m
                [33mclass[39m=[32m"block text-sm font-medium text-gray-700 mb-2"[39m
              [36m>[39m
                [0mProject *[0m
              [36m</label>[39m
              [36m<select[39m
                [33mclass[39m=[32m"w-full px-3 py-2 border rounded-md focus:outline-none focus:ring-2 focus:ring-blue-500 border-gray-300"[39m
              [36m>[39m
                [36m<option[39m
                  [33mvalue[39m=[32m""[39m
                [36m>[39m
                  [0mSelect a project[0m
                [36m</option>[39m
                [36m<option[39m
                  [33mvalue[39m=[32m"1"[39m
                [36m>[39m
                  [0mTest Project 1[0m
                  [0m - [0m
                  [0mTechnology[0m
                [36m</option>[39m
                [36m<option[39m
                  [33mvalue[39m=[32m"2"[39m
                [36m>[39m
                  [0mTest Project 2[0m
                  [0m - [0m
                  [0mHealthcare[0m
                [36m</option>[39m
              [36m</select>[39m
            [36m</div>[39m
          [36m</div>[39m
          [36m<div>[39m
            [36m<label[39m
              [33mclass[39m=[32m"block text-sm font-medium text-gray-700 mb-2"[39m
            [36m>[39m
              [0mRole *[0m
            [36m</label>[39m
            [36m<input[39m
              [33mclass[39m=[32m"w-full px-3 py-2 border rounded-md focus:outline-none focus:ring-2 focus:ring-blue-500 border-gray-300"[39m
              [33mplaceholder[39m=[32m"e.g., Product Manager, UX Designer, Developer"[39m
              [33mtype[39m=[32m"text"[39m
              [33mvalue[39m=[32m""[39m
            [36m/>[39m
          [36m</div>[39m
          [36m<div>[39m
            [36m<label[39m
              [33mclass[39m=[32m"block text-sm font-medium text-gray-700 mb-2"[39m
            [36m>[39m
              [0mBackground *[0m
            [36m</label>[39m
            [36m<textarea[39m
              [33mclass[39m=[32m"w-full px-3 py-2 border rounded-md focus:outline-none focus:ring-2 focus:ring-blue-500 border-gray-300"[39m
              [33mplaceholder[39m=[32m"Describe the persona's background, experience, and context..."[39m
              [33mrows[39m=[32m"4"[39m
            [36m/>[39m
          [36m</div>[39m
          [36m<div>[39m
            [36m<label[39m
              [33mclass[39m=[32m"block text-sm font-medium text-gray-700 mb-2"[39m
            [36m>[39m
              [0mPersonality Traits * (3-10 traits)[0m
            [36m</label>[39m
            [36m<div[39m
              [33mclass[39m=[32m"flex gap-2 mb-2"[39m
            [36m>[39m
              [36m<input[39m
                [33mclass[39m=[32m"flex-1 px-3 py-2 border border-gray-300 rounded-md focus:outline-none focus:ring-2 focus:ring-blue-500"[39m
                [33mplaceholder[39m=[32m"Add a personality trait"[39m
                [33mtype[39m=[32m"text"[39m
                [33mvalue[39m=[32m""[39m
              [36m/>[39m
              [36m<button[39m
                [33mclass[39m=[32m"px-4 py-2 bg-green-500 text-white rounded-md hover:bg-green-600 disabled:bg-gray-300 disabled:cursor-not-allowed"[39m
                [33mdisabled[39m=[32m""[39m
                [33mtype[39m=[32m"button"[39m
              [36m>[39m
                [0mAdd[0m
              [36m</button>[39m
            [36m</div>[39m
            [36m<div[39m
              [33mclass[39m=[32m"flex flex-wrap gap-2"[39m
            [36m/>[39m
          [36m</div>[39m
          [36m<div[39m
            [33mclass[39m=[32m"grid grid-cols-1 md:grid-cols-2 gap-6"[39m
          [36m>[39m
            [36m<div>[39m
              [36m<label[39m
                [33mclass[39m=[32m"block text-sm font-medium text-gray-700 mb-2"[39m
              [36m>[39m
                [0mCommunication Style[0m
              [36m</label>[39m
              [36m<select[39m
                [33mclass[39m=[32m"w-full px-3 py-2 border border-gray-300 rounded-md focus:outline-none focus:ring-2 focus:ring-blue-500"[39m
              [36m>[39m
                [36m<option[39m
                  [33mvalue[39m=[32m"formal"[39m
                [36m>[39m
                  [0mFormal[0m
                [36m</option>[39m
                [36m<option[39m
                  [33mvalue[39m=[32m"casual"[39m
                [36m>[39m
                  [0mCasual[0m
                [36m</option>[39m
                [36m<option[39m
                  [33mvalue[39m=[32m"technical"[39m
                [36m>[39m
                  [0mTechnical[0m
                [36m</option>[39m
                [36m<option[39m
                  [33mvalue[39m=[32m"collaborative"[39m
                [36m>[39m
                  [0mCollaborative[0m
                [36m</option>[39m
                [36m<option[39m
                  [33mvalue[39m=[32m"authoritative"[39m
                [36m>[39m
                  [0mAuthoritative[0m
                [36m</option>[39m
                [36m<option[39m
                  [33mvalue[39m=[32m"supportive"[39m
                [36m>[39m
                  [0mSupportive[0m
                [36m</option>[39m
              [36m</select>[39m
            [36m</div>[39m
            [36m<div>[39m
              [36m<label[39m
                [33mclass[39m=[32m"block text-sm font-medium text-gray-700 mb-2"[39m
              [36m>[39m
                [0mDecision Making Style[0m
              [36m</label>[39m
              [36m<select[39m
                [33mclass[39m=[32m"w-full px-3 py-2 border border-gray-300 rounded-md focus:outline-none focus:ring-2 focus:ring-blue-500"[39m
              [36m>[39m
                [36m<option[39m
                  [33mvalue[39m=[32m"analytical"[39m
                [36m>[39m
                  [0mAnalytical[0m
                [36m</option>[39m
                [36m<option[39m
                  [33mvalue[39m=[32m"intuitive"[39m
                [36m>[39m
                  [0mIntuitive[0m
                [36m</option>[39m
                [36m<option[39m
                  [33mvalue[39m=[32m"consensus-driven"[39m
                [36m>[39m
                  [0mConsensus-driven[0m
                [36m</option>[39m
                [36m<option[39m
                  [33mvalue[39m=[32m"authoritative"[39m
                [36m>[39m
                  [0mAuthoritative[0m
                [36m</option>[39m
                [36m<option[39m
                  [33mvalue[39m=[32m"risk-averse"[39m
                [36m>[39m
                  [0mRisk-averse[0m
                [36m</option>[39m
                [36m<option[39m
                  [33mvalue[39m=[32m"risk-taking"[39m
                [36m>[39m
                  [0mRisk-taking[0m
                [36m</option>[39m
              [36m</select>[39m
            [36m</div>[39m
          [36m</div>[39m
          [36m<div>[39m
            [36m<label[39m
              [33mclass[39m=[32m"block text-sm font-medium text-gray-700 mb-2"[39m
            [36m>[39m
              [0mPriorities * (2-8 priorities)[0m
            [36m</label>[39m
            [36m<div[39m
              [33mclass[39m=[32m"flex gap-2 mb-2"[39m
            [36m>[39m
              [36m<input[39m
                [33mclass[39m=[32m"flex-1 px-3 py-2 border border-gray-300 rounded-md focus:outline-none focus:ring-2 focus:ring-blue-500"[39m
                [33mplaceholder[39m=[32m"Add a priority"[39m
                [33mtype[39m=[32m"text"[39m
                [33mvalue[39m=[32m""[39m
              [36m/>[39m
              [36m<button[39m
                [33mclass[39m=[32m"px-4 py-2 bg-green-500 text-white rounded-md hover:bg-green-600 disabled:bg-gray-300 disabled:cursor-not-allowed"[39m
                [33mdisabled[39m=[32m""[39m
                [33mtype[39m=[32m"button"[39m
              [36m>[39m
                [0mAdd[0m
              [36m</button>[39m
            [36m</div>[39m
            [36m<div[39m
              [33mclass[39m=[32m"flex flex-wrap gap-2"[39m
            [36m/>[39m
          [36m</div>[39m
          [36m<div>[39m
            [36m<label[39m
              [33mclass[39m=[32m"block text-sm font-medium text-gray-700 mb-2"[39m
            [36m>[39m
              [0mGoals * (1-5 goals)[0m
            [36m</label>[39m
            [36m<div[39m
              [33mclass[39m=[32m"flex gap-2 mb-2"[39m
            [36m>[39m
              [36m<input[39m
                [33mclass[39m=[32m"flex-1 px-3 py-2 border border-gray-300 rounded-md focus:outline-none focus:ring-2 focus:ring-blue-500"[39m
                [33mplaceholder[39m=[32m"Add a goal"[39m
                [33mtype[39m=[32m"text"[39m
                [33mvalue[39m=[32m""[39m
              [36m/>[39m
              [36m<button[39m
                [33mclass[39m=[32m"px-4 py-2 bg-green-500 text-white rounded-md hover:bg-green-600 disabled:bg-gray-300 disabled:cursor-not-allowed"[39m
                [33mdisabled[39m=[32m""[39m
                [33mtype[39m=[32m"button"[39m
              [36m>[39m
                [0mAdd[0m
              [36m</button>[39m
            [36m</div>[39m
            [36m<div[39m
              [33mclass[39m=[32m"flex flex-wrap gap-2"[39m
            [36m/>[39m
          [36m</div>[39m
          [36m<div[39m
            [33mclass[39m=[32m"bg-gray-50 p-4 rounded-lg"[39m
          [36m>[39m
            [36m<h3[39m
              [33mclass[39m=[32m"text-lg font-semibold text-gray-800 mb-3"[39m
            [36m>[39m
              [0mAI Configuration[0m
            [36m</h3>[39m
            [36m<div[39m
              [33mclass[39m=[32m"grid grid-cols-1 md:grid-cols-2 gap-4 mb-4"[39m
            [36m>[39m
              [36m<div>[39m
                [36m<label[39m
                  [33mclass[39m=[32m"block text-sm font-medium text-gray-700 mb-2"[39m
                [36m>[39m
                  [0mAI Model[0m
                [36m</label>[39m
                [36m<select[39m
                  [33mclass[39m=[32m"w-full px-3 py-2 border border-gray-300 rounded-md focus:outline-none focus:ring-2 focus:ring-blue-500"[39m
                [36m>[39m
                  [36m<option[39m
                    [33mvalue[39m=[32m"gpt-4"[39m
                  [36m>[39m
                    [0mGPT-4[0m
                  [36m</option>[39m
                  [36m<option[39m
                    [33mvalue[39m=[32m"gpt-3.5-turbo"[39m
                  [36m>[39m
                    [0mGPT-3.5 Turbo[0m
                  [36m</option>[39m
                  [36m<option[39m
                    [33mvalue[39m=[32m"claude-3"[39m
                  [36m>[39m
                    [0mClaude-3[0m
                  [36m</option>[39m
                  [36m<option[39m
                    [33mvalue[39m=[32m"claude-2"[39m
                  [36m>[39m
                    [0mClaude-2[0m
                  [36m</option>[39m
                [36m</select>[39m
              [36m</div>[39m
              [36m<div>[39m
                [36m<label[39m
                  [33mclass[39m=[32m"block text-sm font-medium text-gray-700 mb-2"[39m
                [36m>[39m
                  [0mTemperature: [0m
                  [0m0.7[0m
                [36m</label>[39m
                [36m<input[39m
                  [33mclass[39m=[32m"w-full"[39m
                  [33mmax[39m=[32m"2"[39m
                  [33mmin[39m=[32m"0"[39m
                  [33mstep[39m=[32m"0.1"[39m
                  [33mtype[39m=[32m"range"[39m
                  [33mvalue[39m=[32m"0.7"[39m
                [36m/>[39m
                [36m<div[39m
                  [33mclass[39m=[32m"flex justify-between text-xs text-gray-500"[39m
                [36m>[39m
                  [36m<span>[39m
                    [0mFocused[0m
                  [36m</span>[39m
                  [36m<span>[39m
                    [0mCreative[0m
                  [36m</span>[39m
                [36m</div>[39m
              [36m</div>[39m
            [36m</div>[39m
            [36m<div>[39m
              [36m<label[39m
                [33mclass[39m=[32m"block text-sm font-medium text-gray-700 mb-2"[39m
              [36m>[39m
                [0mSystem Prompt *[0m
              [36m</label>[39m
              [36m<div[39m
                [33mclass[39m=[32m"flex gap-2 mb-2"[39m
              [36m>[39m
                [36m<button[39m
                  [33mclass[39m=[32m"px-3 py-1 bg-blue-500 text-white text-sm rounded hover:bg-blue-600 transition-colors"[39m
                  [33mtype[39m=[32m"button"[39m
                [36m>[39m
                  [0mAuto-Generate[0m
                [36m</button>[39m
              [36m</div>[39m
              [36m<textarea[39m
                [33mclass[39m=[32m"w-full px-3 py-2 border rounded-md focus:outline-none focus:ring-2 focus:ring-blue-500 border-gray-300"[39m
                [33mplaceholder[39m=[32m"Enter the system prompt that will guide the AI's responses..."[39m
                [33mrows[39m=[32m"6"[39m
              [36m/>[39m
            [36m</div>[39m
          [36m</div>[39m
          [36m<div[39m
            [33mclass[39m=[32m"bg-gray-50 p-4 rounded-lg"[39m
          [36m>[39m
            [36m<h3[39m
              [33mclass[39m=[32m"text-lg font-semibold text-gray-800 mb-3"[39m
            [36m>[39m
              [0mAvailability Settings[0m
            [36m</h3>[39m
            [36m<div[39m
              [33mclass[39m=[32m"grid grid-cols-1 md:grid-cols-3 gap-4"[39m
            [36m>[39m
              [36m<div>[39m
                [36m<label[39m
                  [33mclass[39m=[32m"block text-sm font-medium text-gray-700 mb-2"[39m
                [36m>[39m
                  [0mResponse Time (minutes)[0m
                [36m</label>[39m
                [36m<input[39m
                  [33mclass[39m=[32m"w-full px-3 py-2 border border-gray-300 rounded-md focus:outline-none focus:ring-2 focus:ring-blue-500"[39m
                  [33mmax[39m=[32m"1440"[39m
                  [33mmin[39m=[32m"1"[39m
                  [33mtype[39m=[32m"number"[39m
                  [33mvalue[39m=[32m"5"[39m
                [36m/>[39m
              [36m</div>[39m
              [36m<div>[39m
                [36m<label[39m
                  [33mclass[39m=[32m"block text-sm font-medium text-gray-700 mb-2"[39m
                [36m>[39m
                  [0mStart Time[0m
                [36m</label>[39m
                [36m<input[39m
                  [33mclass[39m=[32m"w-full px-3 py-2 border border-gray-300 rounded-md focus:outline-none focus:ring-2 focus:ring-blue-500"[39m
                  [33mtype[39m=[32m"time"[39m
                  [33mvalue[39m=[32m"09:00"[39m
                [36m/>[39m
              [36m</div>[39m
              [36m<div>[39m
                [36m<label[39m
                  [33mclass[39m=[32m"block text-sm font-medium text-gray-700 mb-2"[39m
                [36m>[39m
                  [0mEnd Time[0m
                [36m</label>[39m
                [36m<input[39m
                  [33mclass[39m=[32m"w-full px-3 py-2 border border-gray-300 rounded-md focus:outline-none focus:ring-2 focus:ring-blue-500"[39m
                  [33mtype[39m=[32m"time"[39m
                  [33mvalue[39m=[32m"17:00"[39m
                [36m/>[39m
              [36m</div>[39m
            [36m</div>[39m
          [36m</div>[39m
          [36m<div[39m
            [33mclass[39m=[32m"flex justify-end gap-4 pt-6 border-t"[39m
          [36m>[39m
            [36m<button[39m
              [33mclass[39m=[32m"px-6 py-2 border border-gray-300 text-gray-700 rounded-md hover:bg-gray-50 transition-colors"[39m
              [33mtype[39m=[32m"button"[39m
            [36m>[39m
              [0mCancel[0m
            [36m</button>[39m
            [36m<button[39m
              [33mclass[39m=[32m"px-6 py-2 bg-blue-500 text-white rounded-md hover:bg-blue-600 disabled:bg-gray-300 disabled:cursor-not-allowed transition-colors"[39m
              [33mtype[39m=[32m"submit"[39m
            [36m>[39m
              [0mCreate Persona[0m
            [36m</button>[39m
          [36m</div>[39m
        [36m</form>[39m
      [36m</div>[39m
    [36m</div>[39m
  [36m</body>[39m
[36m</html>[39m
   ✓ PersonaForm > validates required fields on submit 13ms
   × PersonaForm > submits form with valid data 1006ms
     → Found a label with the text of: /Persona Name/, however no form control was found associated to that label. Make sure you're using the "for" attribute or "aria-labelledby" attribute correctly.

Ignored nodes: comments, script, style
[36m<body>[39m
  [36m<div>[39m
    [36m<div[39m
      [33mclass[39m=[32m"max-w-4xl mx-auto p-6 bg-white rounded-lg shadow-lg"[39m
    [36m>[39m
      [36m<h2[39m
        [33mclass[39m=[32m"text-2xl font-bold mb-6 text-gray-800"[39m
      [36m>[39m
        [0mCreate New Persona[0m
      [36m</h2>[39m
      [36m<form[39m
        [33mclass[39m=[32m"space-y-6"[39m
      [36m>[39m
        [36m<div[39m
          [33mclass[39m=[32m"grid grid-cols-1 md:grid-cols-2 gap-6"[39m
        [36m>[39m
          [36m<div>[39m
            [36m<label[39m
              [33mclass[39m=[32m"block text-sm font-medium text-gray-700 mb-2"[39m
            [36m>[39m
              [0mPersona Name *[0m
            [36m</label>[39m
            [36m<input[39m
              [33mclass[39m=[32m"w-full px-3 py-2 border rounded-md focus:outline-none focus:ring-2 focus:ring-blue-500 border-gray-300"[39m
              [33mplaceholder[39m=[32m"Enter persona name"[39m
              [33mtype[39m=[32m"text"[39m
              [33mvalue[39m=[32m""[39m
            [36m/>[39m
          [36m</div>[39m
          [36m<div>[39m
            [36m<label[39m
              [33mclass[39m=[32m"block text-sm font-medium text-gray-700 mb-2"[39m
            [36m>[39m
              [0mProject *[0m
            [36m</label>[39m
            [36m<select[39m
              [33mclass[39m=[32m"w-full px-3 py-2 border rounded-md focus:outline-none focus:ring-2 focus:ring-blue-500 border-gray-300"[39m
            [36m>[39m
              [36m<option[39m
                [33mvalue[39m=[32m""[39m
              [36m>[39m
                [0mSelect a project[0m
              [36m</option>[39m
              [36m<option[39m
                [33mvalue[39m=[32m"1"[39m
              [36m>[39m
                [0mTest Project 1[0m
                [0m - [0m
                [0mTechnology[0m
              [36m</option>[39m
              [36m<option[39m
                [33mvalue[39m=[32m"2"[39m
              [36m>[39m
                [0mTest Project 2[0m
                [0m - [0m
                [0mHealthcare[0m
              [36m</option>[39m
            [36m</select>[39m
          [36m</div>[39m
        [36m</div>[39m
        [36m<div>[39m
          [36m<label[39m
            [33mclass[39m=[32m"block text-sm font-medium text-gray-700 mb-2"[39m
          [36m>[39m
            [0mRole *[0m
          [36m</label>[39m
          [36m<input[39m
            [33mclass[39m=[32m"w-full px-3 py-2 border rounded-md focus:outline-none focus:ring-2 focus:ring-blue-500 border-gray-300"[39m
            [33mplaceholder[39m=[32m"e.g., Product Manager, UX Designer, Developer"[39m
            [33mtype[39m=[32m"text"[39m
            [33mvalue[39m=[32m""[39m
          [36m/>[39m
        [36m</div>[39m
        [36m<div>[39m
          [36m<label[39m
            [33mclass[39m=[32m"block text-sm font-medium text-gray-700 mb-2"[39m
          [36m>[39m
            [0mBackground *[0m
          [36m</label>[39m
          [36m<textarea[39m
            [33mclass[39m=[32m"w-full px-3 py-2 border rounded-md focus:outline-none focus:ring-2 focus:ring-blue-500 border-gray-300"[39m
            [33mplaceholder[39m=[32m"Describe the persona's background, experience, and context..."[39m
            [33mrows[39m=[32m"4"[39m
          [36m/>[39m
        [36m</div>[39m
        [36m<div>[39m
          [36m<label[39m
            [33mclass[39m=[32m"block text-sm font-medium text-gray-700 mb-2"[39m
          [36m>[39m
            [0mPersonality Traits * (3-10 traits)[0m
          [36m</label>[39m
          [36m<div[39m
            [33mclass[39m=[32m"flex gap-2 mb-2"[39m
          [36m>[39m
            [36m<input[39m
              [33mclass[39m=[32m"flex-1 px-3 py-2 border border-gray-300 rounded-md focus:outline-none focus:ring-2 focus:ring-blue-500"[39m
              [33mplaceholder[39m=[32m"Add a personality trait"[39m
              [33mtype[39m=[32m"text"[39m
              [33mvalue[39m=[32m""[39m
            [36m/>[39m
            [36m<button[39m
              [33mclass[39m=[32m"px-4 py-2 bg-green-500 text-white rounded-md hover:bg-green-600 disabled:bg-gray-300 disabled:cursor-not-allowed"[39m
              [33mdisabled[39m=[32m""[39m
              [33mtype[39m=[32m"button"[39m
            [36m>[39m
              [0mAdd[0m
            [36m</button>[39m
          [36m</div>[39m
          [36m<div[39m
            [33mclass[39m=[32m"flex flex-wrap gap-2"[39m
          [36m/>[39m
        [36m</div>[39m
        [36m<div[39m
          [33mclass[39m=[32m"grid grid-cols-1 md:grid-cols-2 gap-6"[39m
        [36m>[39m
          [36m<div>[39m
            [36m<label[39m
              [33mclass[39m=[32m"block text-sm font-medium text-gray-700 mb-2"[39m
            [36m>[39m
              [0mCommunication Style[0m
            [36m</label>[39m
            [36m<select[39m
              [33mclass[39m=[32m"w-full px-3 py-2 border border-gray-300 rounded-md focus:outline-none focus:ring-2 focus:ring-blue-500"[39m
            [36m>[39m
              [36m<option[39m
                [33mvalue[39m=[32m"formal"[39m
              [36m>[39m
                [0mFormal[0m
              [36m</option>[39m
              [36m<option[39m
                [33mvalue[39m=[32m"casual"[39m
              [36m>[39m
                [0mCasual[0m
              [36m</option>[39m
              [36m<option[39m
                [33mvalue[39m=[32m"technical"[39m
              [36m>[39m
                [0mTechnical[0m
              [36m</option>[39m
              [36m<option[39m
                [33mvalue[39m=[32m"collaborative"[39m
              [36m>[39m
                [0mCollaborative[0m
              [36m</option>[39m
              [36m<option[39m
                [33mvalue[39m=[32m"authoritative"[39m
              [36m>[39m
                [0mAuthoritative[0m
              [36m</option>[39m
              [36m<option[39m
                [33mvalue[39m=[32m"supportive"[39m
              [36m>[39m
                [0mSupportive[0m
              [36m</option>[39m
            [36m</select>[39m
          [36m</div>[39m
          [36m<div>[39m
            [36m<label[39m
              [33mclass[39m=[32m"block text-sm font-medium text-gray-700 mb-2"[39m
            [36m>[39m
              [0mDecision Making Style[0m
            [36m</label>[39m
            [36m<select[39m
              [33mclass[39m=[32m"w-full px-3 py-2 border border-gray-300 rounded-md focus:outline-none focus:ring-2 focus:ring-blue-500"[39m
            [36m>[39m
              [36m<option[39m
                [33mvalue[39m=[32m"analytical"[39m
              [36m>[39m
                [0mAnalytical[0m
              [36m</option>[39m
              [36m<option[39m
                [33mvalue[39m=[32m"intuitive"[39m
              [36m>[39m
                [0mIntuitive[0m
              [36m</option>[39m
              [36m<option[39m
                [33mvalue[39m=[32m"consensus-driven"[39m
              [36m>[39m
                [0mConsensus-driven[0m
              [36m</option>[39m
              [36m<option[39m
                [33mvalue[39m=[32m"authoritative"[39m
              [36m>[39m
                [0mAuthoritative[0m
              [36m</option>[39m
              [36m<option[39m
                [33mvalue[39m=[32m"risk-averse"[39m
              [36m>[39m
                [0mRisk-averse[0m
              [36m</option>[39m
              [36m<option[39m
                [33mvalue[39m=[32m"risk-taking"[39m
              [36m>[39m
                [0mRisk-taking[0m
              [36m</option>[39m
            [36m</select>[39m
          [36m</div>[39m
        [36m</div>[39m
        [36m<div>[39m
          [36m<label[39m
            [33mclass[39m=[32m"block text-sm font-medium text-gray-700 mb-2"[39m
          [36m>[39m
            [0mPriorities * (2-8 priorities)[0m
          [36m</label>[39m
          [36m<div[39m
            [33mclass[39m=[32m"flex gap-2 mb-2"[39m
          [36m>[39m
            [36m<input[39m
              [33mclass[39m=[32m"flex-1 px-3 py-2 border border-gray-300 rounded-md focus:outline-none focus:ring-2 focus:ring-blue-500"[39m
              [33mplaceholder[39m=[32m"Add a priority"[39m
              [33mtype[39m=[32m"text"[39m
              [33mvalue[39m=[32m""[39m
            [36m/>[39m
            [36m<button[39m
              [33mclass[39m=[32m"px-4 py-2 bg-green-500 text-white rounded-md hover:bg-green-600 disabled:bg-gray-300 disabled:cursor-not-allowed"[39m
              [33mdisabled[39m=[32m""[39m
              [33mtype[39m=[32m"button"[39m
            [36m>[39m
              [0mAdd[0m
            [36m</button>[39m
          [36m</div>[39m
          [36m<div[39m
            [33mclass[39m=[32m"flex flex-wrap gap-2"[39m
          [36m/>[39m
        [36m</div>[39m
        [36m<div>[39m
          [36m<label[39m
            [33mclass[39m=[32m"block text-sm font-medium text-gray-700 mb-2"[39m
          [36m>[39m
            [0mGoals * (1-5 goals)[0m
          [36m</label>[39m
          [36m<div[39m
            [33mclass[39m=[32m"flex gap-2 mb-2"[39m
          [36m>[39m
            [36m<input[39m
              [33mclass[39m=[32m"flex-1 px-3 py-2 border border-gray-300 rounded-md focus:outline-none focus:ring-2 focus:ring-blue-500"[39m
              [33mplaceholder[39m=[32m"Add a goal"[39m
              [33mtype[39m=[32m"text"[39m
              [33mvalue[39m=[32m""[39m
            [36m/>[39m
            [36m<button[39m
              [33mclass[39m=[32m"px-4 py-2 bg-green-500 text-white rounded-md hover:bg-green-600 disabled:bg-gray-300 disabled:cursor-not-allowed"[39m
              [33mdisabled[39m=[32m""[39m
              [33mtype[39m=[32m"button"[39m
            [36m>[39m
              [0mAdd[0m
            [36m</button>[39m
          [36m</div>[39m
          [36m<div[39m
            [33mclass[39m=[32m"flex flex-wrap gap-2"[39m
          [36m/>[39m
        [36m</div>[39m
        [36m<div[39m
          [33mclass[39m=[32m"bg-gray-50 p-4 rounded-lg"[39m
        [36m>[39m
          [36m<h3[39m
            [33mclass[39m=[32m"text-lg font-semibold text-gray-800 mb-3"[39m
          [36m>[39m
            [0mAI Configuration[0m
          [36m</h3>[39m
          [36m<div[39m
            [33mclass[39m=[32m"grid grid-cols-1 md:grid-cols-2 gap-4 mb-4"[39m
          [36m>[39m
            [36m<div>[39m
              [36m<label[39m
                [33mclass[39m=[32m"block text-sm font-medium text-gray-700 mb-2"[39m
              [36m>[39m
                [0mAI Model[0m
              [36m</label>[39m
              [36m<select[39m
                [33mclass[39m=[32m"w-full px-3 py-2 border border-gray-300 rounded-md focus:outline-none focus:ring-2 focus:ring-blue-500"[39m
              [36m>[39m
                [36m<option[39m
                  [33mvalue[39m=[32m"gpt-4"[39m
                [36m>[39m
                  [0mGPT-4[0m
                [36m</option>[39m
                [36m<option[39m
                  [33mvalue[39m=[32m"gpt-3.5-turbo"[39m
                [36m>[39m
                  [0mGPT-3.5 Turbo[0m
                [36m</option>[39m
                [36m<option[39m
                  [33mvalue[39m=[32m"claude-3"[39m
                [36m>[39m
                  [0mClaude-3[0m
                [36m</option>[39m
                [36m<option[39m
                  [33mvalue[39m=[32m"claude-2"[39m
                [36m>[39m
                  [0mClaude-2[0m
                [36m</option>[39m
              [36m</select>[39m
            [36m</div>[39m
            [36m<div>[39m
              [36m<label[39m
                [33mclass[39m=[32m"block text-sm font-medium text-gray-700 mb-2"[39m
              [36m>[39m
                [0mTemperature: [0m
                [0m0.7[0m
              [36m</label>[39m
              [36m<input[39m
                [33mclass[39m=[32m"w-full"[39m
                [33mmax[39m=[32m"2"[39m
                [33mmin[39m=[32m"0"[39m
                [33mstep[39m=[32m"0.1"[39m
                [33mtype[39m=[32m"range"[39m
                [33mvalue[39m=[32m"0.7"[39m
              [36m/>[39m
              [36m<div[39m
                [33mclass[39m=[32m"flex justify-between text-xs text-gray-500"[39m
              [36m>[39m
                [36m<span>[39m
                  [0mFocused[0m
                [36m</span>[39m
                [36m<span>[39m
                  [0mCreative[0m
                [36m</span>[39m
              [36m</div>[39m
            [36m</div>[39m
          [36m</div>[39m
          [36m<div>[39m
            [36m<label[39m
              [33mclass[39m=[32m"block text-sm font-medium text-gray-700 mb-2"[39m
            [36m>[39m
              [0mSystem Prompt *[0m
            [36m</label>[39m
            [36m<div[39m
              [33mclass[39m=[32m"flex gap-2 mb-2"[39m
            [36m>[39m
              [36m<button[39m
                [33mclass[39m=[32m"px-3 py-1 bg-blue-500 text-white text-sm rounded hover:bg-blue-600 transition-colors"[39m
                [33mtype[39m=[32m"button"[39m
              [36m>[39m
                [0mAuto-Generate[0m
              [36m</button>[39m
            [36m</div>[39m
            [36m<textarea[39m
              [33mclass[39m=[32m"w-full px-3 py-2 border rounded-md focus:outline-none focus:ring-2 focus:ring-blue-500 border-gray-300"[39m
              [33mplaceholder[39m=[32m"Enter the system prompt that will guide the AI's responses..."[39m
              [33mrows[39m=[32m"6"[39m
            [36m/>[39m
          [36m</div>[39m
        [36m</div>[39m
        [36m<div[39m
          [33mclass[39m=[32m"bg-gray-50 p-4 rounded-lg"[39m
        [36m>[39m
          [36m<h3[39m
            [33mclass[39m=[32m"text-lg font-semibold text-gray-800 mb-3"[39m
          [36m>[39m
            [0mAvailability Settings[0m
          [36m</h3>[39m
          [36m<div[39m
            [33mclass[39m=[32m"grid grid-cols-1 md:grid-cols-3 gap-4"[39m
          [36m>[39m
            [36m<div>[39m
              [36m<label[39m
                [33mclass[39m=[32m"block text-sm font-medium text-gray-700 mb-2"[39m
              [36m>[39m
                [0mResponse Time (minutes)[0m
              [36m</label>[39m
              [36m<input[39m
                [33mclass[39m=[32m"w-full px-3 py-2 border border-gray-300 rounded-md focus:outline-none focus:ring-2 focus:ring-blue-500"[39m
                [33mmax[39m=[32m"1440"[39m
                [33mmin[39m=[32m"1"[39m
                [33mtype[39m=[32m"number"[39m
                [33mvalue[39m=[32m"5"[39m
              [36m/>[39m
            [36m</div>[39m
            [36m<div>[39m
              [36m<label[39m
                [33mclass[39m=[32m"block text-sm font-medium text-gray-700 mb-2"[39m
              [36m>[39m
                [0mStart Time[0m
              [36m</label>[39m
              [36m<input[39m
                [33mclass[39m=[32m"w-full px-3 py-2 border border-gray-300 rounded-md focus:outline-none focus:ring-2 focus:ring-blue-500"[39m
                [33mtype[39m=[32m"time"[39m
                [33mvalue[39m=[32m"09:00"[39m
              [36m/>[39m
            [36m</div>[39m
            [36m<div>[39m
              [36m<label[39m
                [33mclass[39m=[32m"block text-sm font-medium text-gray-700 mb-2"[39m
              [36m>[39m
                [0mEnd Time[0m
              [36m</label>[39m
              [36m<input[39m
                [33mclass[39m=[32m"w-full px-3 py-2 border border-gray-300 rounded-md focus:outline-none focus:ring-2 focus:ring-blue-500"[39m
                [33mtype[39m=[32m"time"[39m
                [33mvalue[39m=[32m"17:00"[39m
              [36m/>[39m
            [36m</div>[39m
          [36m</div>[39m
        [36m</div>[39m
        [36m<div[39m
          [33mclass[39m=[32m"flex justify-end gap-4 pt-6 border-t"[39m
        [36m>[39m
          [36m<button[39m
            [33mclass[39m=[32m"px-6 py-2 border border-gray-300 text-gray-700 rounded-md hover:bg-gray-50 transition-colors"[39m
            [33mtype[39m=[32m"button"[39m
          [36m>[39m
            [0mCancel[0m
          [36m</button>[39m
          [36m<button[39m
            [33mclass[39m=[32m"px-6 py-2 bg-blue-500 text-white rounded-md hover:bg-blue-600 disabled:bg-gray-300 disabled:cursor-not-allowed transition-colors"[39m
            [33mtype[39m=[32m"submit"[39m
          [36m>[39m
            [0mCreate Persona[0m
          [36m</button>[39m
        [36m</div>[39m
      [36m</form>[39m
    [36m</div>[39m
  [36m</div>[39m
[36m</body>[39m

Ignored nodes: comments, script, style
[36m<html>[39m
  [36m<head />[39m
  [36m<body>[39m
    [36m<div>[39m
      [36m<div[39m
        [33mclass[39m=[32m"max-w-4xl mx-auto p-6 bg-white rounded-lg shadow-lg"[39m
      [36m>[39m
        [36m<h2[39m
          [33mclass[39m=[32m"text-2xl font-bold mb-6 text-gray-800"[39m
        [36m>[39m
          [0mCreate New Persona[0m
        [36m</h2>[39m
        [36m<form[39m
          [33mclass[39m=[32m"space-y-6"[39m
        [36m>[39m
          [36m<div[39m
            [33mclass[39m=[32m"grid grid-cols-1 md:grid-cols-2 gap-6"[39m
          [36m>[39m
            [36m<div>[39m
              [36m<label[39m
                [33mclass[39m=[32m"block text-sm font-medium text-gray-700 mb-2"[39m
              [36m>[39m
                [0mPersona Name *[0m
              [36m</label>[39m
              [36m<input[39m
                [33mclass[39m=[32m"w-full px-3 py-2 border rounded-md focus:outline-none focus:ring-2 focus:ring-blue-500 border-gray-300"[39m
                [33mplaceholder[39m=[32m"Enter persona name"[39m
                [33mtype[39m=[32m"text"[39m
                [33mvalue[39m=[32m""[39m
              [36m/>[39m
            [36m</div>[39m
            [36m<div>[39m
              [36m<label[39m
                [33mclass[39m=[32m"block text-sm font-medium text-gray-700 mb-2"[39m
              [36m>[39m
                [0mProject *[0m
              [36m</label>[39m
              [36m<select[39m
                [33mclass[39m=[32m"w-full px-3 py-2 border rounded-md focus:outline-none focus:ring-2 focus:ring-blue-500 border-gray-300"[39m
              [36m>[39m
                [36m<option[39m
                  [33mvalue[39m=[32m""[39m
                [36m>[39m
                  [0mSelect a project[0m
                [36m</option>[39m
                [36m<option[39m
                  [33mvalue[39m=[32m"1"[39m
                [36m>[39m
                  [0mTest Project 1[0m
                  [0m - [0m
                  [0mTechnology[0m
                [36m</option>[39m
                [36m<option[39m
                  [33mvalue[39m=[32m"2"[39m
                [36m>[39m
                  [0mTest Project 2[0m
                  [0m - [0m
                  [0mHealthcare[0m
                [36m</option>[39m
              [36m</select>[39m
            [36m</div>[39m
          [36m</div>[39m
          [36m<div>[39m
            [36m<label[39m
              [33mclass[39m=[32m"block text-sm font-medium text-gray-700 mb-2"[39m
            [36m>[39m
              [0mRole *[0m
            [36m</label>[39m
            [36m<input[39m
              [33mclass[39m=[32m"w-full px-3 py-2 border rounded-md focus:outline-none focus:ring-2 focus:ring-blue-500 border-gray-300"[39m
              [33mplaceholder[39m=[32m"e.g., Product Manager, UX Designer, Developer"[39m
              [33mtype[39m=[32m"text"[39m
              [33mvalue[39m=[32m""[39m
            [36m/>[39m
          [36m</div>[39m
          [36m<div>[39m
            [36m<label[39m
              [33mclass[39m=[32m"block text-sm font-medium text-gray-700 mb-2"[39m
            [36m>[39m
              [0mBackground *[0m
            [36m</label>[39m
            [36m<textarea[39m
              [33mclass[39m=[32m"w-full px-3 py-2 border rounded-md focus:outline-none focus:ring-2 focus:ring-blue-500 border-gray-300"[39m
              [33mplaceholder[39m=[32m"Describe the persona's background, experience, and context..."[39m
              [33mrows[39m=[32m"4"[39m
            [36m/>[39m
          [36m</div>[39m
          [36m<div>[39m
            [36m<label[39m
              [33mclass[39m=[32m"block text-sm font-medium text-gray-700 mb-2"[39m
            [36m>[39m
              [0mPersonality Traits * (3-10 traits)[0m
            [36m</label>[39m
            [36m<div[39m
              [33mclass[39m=[32m"flex gap-2 mb-2"[39m
            [36m>[39m
              [36m<input[39m
                [33mclass[39m=[32m"flex-1 px-3 py-2 border border-gray-300 rounded-md focus:outline-none focus:ring-2 focus:ring-blue-500"[39m
                [33mplaceholder[39m=[32m"Add a personality trait"[39m
                [33mtype[39m=[32m"text"[39m
                [33mvalue[39m=[32m""[39m
              [36m/>[39m
              [36m<button[39m
                [33mclass[39m=[32m"px-4 py-2 bg-green-500 text-white rounded-md hover:bg-green-600 disabled:bg-gray-300 disabled:cursor-not-allowed"[39m
                [33mdisabled[39m=[32m""[39m
                [33mtype[39m=[32m"button"[39m
              [36m>[39m
                [0mAdd[0m
              [36m</button>[39m
            [36m</div>[39m
            [36m<div[39m
              [33mclass[39m=[32m"flex flex-wrap gap-2"[39m
            [36m/>[39m
          [36m</div>[39m
          [36m<div[39m
            [33mclass[39m=[32m"grid grid-cols-1 md:grid-cols-2 gap-6"[39m
          [36m>[39m
            [36m<div>[39m
              [36m<label[39m
                [33mclass[39m=[32m"block text-sm font-medium text-gray-700 mb-2"[39m
              [36m>[39m
                [0mCommunication Style[0m
              [36m</label>[39m
              [36m<select[39m
                [33mclass[39m=[32m"w-full px-3 py-2 border border-gray-300 rounded-md focus:outline-none focus:ring-2 focus:ring-blue-500"[39m
              [36m>[39m
                [36m<option[39m
                  [33mvalue[39m=[32m"formal"[39m
                [36m>[39m
                  [0mFormal[0m
                [36m</option>[39m
                [36m<option[39m
                  [33mvalue[39m=[32m"casual"[39m
                [36m>[39m
                  [0mCasual[0m
                [36m</option>[39m
                [36m<option[39m
                  [33mvalue[39m=[32m"technical"[39m
                [36m>[39m
                  [0mTechnical[0m
                [36m</option>[39m
                [36m<option[39m
                  [33mvalue[39m=[32m"collaborative"[39m
                [36m>[39m
                  [0mCollaborative[0m
                [36m</option>[39m
                [36m<option[39m
                  [33mvalue[39m=[32m"authoritative"[39m
                [36m>[39m
                  [0mAuthoritative[0m
                [36m</option>[39m
                [36m<option[39m
                  [33mvalue[39m=[32m"supportive"[39m
                [36m>[39m
                  [0mSupportive[0m
                [36m</option>[39m
              [36m</select>[39m
            [36m</div>[39m
            [36m<div>[39m
              [36m<label[39m
                [33mclass[39m=[32m"block text-sm font-medium text-gray-700 mb-2"[39m
              [36m>[39m
                [0mDecision Making Style[0m
              [36m</label>[39m
              [36m<select[39m
                [33mclass[39m=[32m"w-full px-3 py-2 border border-gray-300 rounded-md focus:outline-none focus:ring-2 focus:ring-blue-500"[39m
              [36m>[39m
                [36m<option[39m
                  [33mvalue[39m=[32m"analytical"[39m
                [36m>[39m
                  [0mAnalytical[0m
                [36m</option>[39m
                [36m<option[39m
                  [33mvalue[39m=[32m"intuitive"[39m
                [36m>[39m
                  [0mIntuitive[0m
                [36m</option>[39m
                [36m<option[39m
                  [33mvalue[39m=[32m"consensus-driven"[39m
                [36m>[39m
                  [0mConsensus-driven[0m
                [36m</option>[39m
                [36m<option[39m
                  [33mvalue[39m=[32m"authoritative"[39m
                [36m>[39m
                  [0mAuthoritative[0m
                [36m</option>[39m
                [36m<option[39m
                  [33mvalue[39m=[32m"risk-averse"[39m
                [36m>[39m
                  [0mRisk-averse[0m
                [36m</option>[39m
                [36m<option[39m
                  [33mvalue[39m=[32m"risk-taking"[39m
                [36m>[39m
                  [0mRisk-taking[0m
                [36m</option>[39m
              [36m</select>[39m
            [36m</div>[39m
          [36m</div>[39m
          [36m<div>[39m
            [36m<label[39m
              [33mclass[39m=[32m"block text-sm font-medium text-gray-700 mb-2"[39m
            [36m>[39m
              [0mPriorities * (2-8 priorities)[0m
            [36m</label>[39m
            [36m<div[39m
              [33mclass[39m=[32m"flex gap-2 mb-2"[39m
            [36m>[39m
              [36m<input[39m
                [33mclass[39m=[32m"flex-1 px-3 py-2 border border-gray-300 rounded-md focus:outline-none focus:ring-2 focus:ring-blue-500"[39m
                [33mplaceholder[39m=[32m"Add a priority"[39m
                [33mtype[39m=[32m"text"[39m
                [33mvalue[39m=[32m""[39m
              [36m/>[39m
              [36m<button[39m
                [33mclass[39m=[32m"px-4 py-2 bg-green-500 text-white rounded-md hover:bg-green-600 disabled:bg-gray-300 disabled:cursor-not-allowed"[39m
                [33mdisabled[39m=[32m""[39m
                [33mtype[39m=[32m"button"[39m
              [36m>[39m
                [0mAdd[0m
              [36m</button>[39m
            [36m</div>[39m
            [36m<div[39m
              [33mclass[39m=[32m"flex flex-wrap gap-2"[39m
            [36m/>[39m
          [36m</div>[39m
          [36m<div>[39m
            [36m<label[39m
              [33mclass[39m=[32m"block text-sm font-medium text-gray-700 mb-2"[39m
            [36m>[39m
              [0mGoals * (1-5 goals)[0m
            [36m</label>[39m
            [36m<div[39m
              [33mclass[39m=[32m"flex gap-2 mb-2"[39m
            [36m>[39m
              [36m<input[39m
                [33mclass[39m=[32m"flex-1 px-3 py-2 border border-gray-300 rounded-md focus:outline-none focus:ring-2 focus:ring-blue-500"[39m
                [33mplaceholder[39m=[32m"Add a goal"[39m
                [33mtype[39m=[32m"text"[39m
                [33mvalue[39m=[32m""[39m
              [36m/>[39m
              [36m<button[39m
                [33mclass[39m=[32m"px-4 py-2 bg-green-500 text-white rounded-md hover:bg-green-600 disabled:bg-gray-300 disabled:cursor-not-allowed"[39m
                [33mdisabled[39m=[32m""[39m
                [33mtype[39m=[32m"button"[39m
              [36m>[39m
                [0mAdd[0m
              [36m</button>[39m
            [36m</div>[39m
            [36m<div[39m
              [33mclass[39m=[32m"flex flex-wrap gap-2"[39m
            [36m/>[39m
          [36m</div>[39m
          [36m<div[39m
            [33mclass[39m=[32m"bg-gray-50 p-4 rounded-lg"[39m
          [36m>[39m
            [36m<h3[39m
              [33mclass[39m=[32m"text-lg font-semibold text-gray-800 mb-3"[39m
            [36m>[39m
              [0mAI Configuration[0m
            [36m</h3>[39m
            [36m<div[39m
              [33mclass[39m=[32m"grid grid-cols-1 md:grid-cols-2 gap-4 mb-4"[39m
            [36m>[39m
              [36m<div>[39m
                [36m<label[39m
                  [33mclass[39m=[32m"block text-sm font-medium text-gray-700 mb-2"[39m
                [36m>[39m
                  [0mAI Model[0m
                [36m</label>[39m
                [36m<select[39m
                  [33mclass[39m=[32m"w-full px-3 py-2 border border-gray-300 rounded-md focus:outline-none focus:ring-2 focus:ring-blue-500"[39m
                [36m>[39m
                  [36m<option[39m
                    [33mvalue[39m=[32m"gpt-4"[39m
                  [36m>[39m
                    [0mGPT-4[0m
                  [36m</option>[39m
                  [36m<option[39m
                    [33mvalue[39m=[32m"gpt-3.5-turbo"[39m
                  [36m>[39m
                    [0mGPT-3.5 Turbo[0m
                  [36m</option>[39m
                  [36m<option[39m
                    [33mvalue[39m=[32m"claude-3"[39m
                  [36m>[39m
                    [0mClaude-3[0m
                  [36m</option>[39m
                  [36m<option[39m
                    [33mvalue[39m=[32m"claude-2"[39m
                  [36m>[39m
                    [0mClaude-2[0m
                  [36m</option>[39m
                [36m</select>[39m
              [36m</div>[39m
              [36m<div>[39m
                [36m<label[39m
                  [33mclass[39m=[32m"block text-sm font-medium text-gray-700 mb-2"[39m
                [36m>[39m
                  [0mTemperature: [0m
                  [0m0.7[0m
                [36m</label>[39m
                [36m<input[39m
                  [33mclass[39m=[32m"w-full"[39m
                  [33mmax[39m=[32m"2"[39m
                  [33mmin[39m=[32m"0"[39m
                  [33mstep[39m=[32m"0.1"[39m
                  [33mtype[39m=[32m"range"[39m
                  [33mvalue[39m=[32m"0.7"[39m
                [36m/>[39m
                [36m<div[39m
                  [33mclass[39m=[32m"flex justify-between text-xs text-gray-500"[39m
                [36m>[39m
                  [36m<span>[39m
                    [0mFocused[0m
                  [36m</span>[39m
                  [36m<span>[39m
                    [0mCreative[0m
                  [36m</span>[39m
                [36m</div>[39m
              [36m</div>[39m
            [36m</div>[39m
            [36m<div>[39m
              [36m<label[39m
                [33mclass[39m=[32m"block text-sm font-medium text-gray-700 mb-2"[39m
              [36m>[39m
                [0mSystem Prompt *[0m
              [36m</label>[39m
              [36m<div[39m
                [33mclass[39m=[32m"flex gap-2 mb-2"[39m
              [36m>[39m
                [36m<button[39m
                  [33mclass[39m=[32m"px-3 py-1 bg-blue-500 text-white text-sm rounded hover:bg-blue-600 transition-colors"[39m
                  [33mtype[39m=[32m"button"[39m
                [36m>[39m
                  [0mAuto-Generate[0m
                [36m</button>[39m
              [36m</div>[39m
              [36m<textarea[39m
                [33mclass[39m=[32m"w-full px-3 py-2 border rounded-md focus:outline-none focus:ring-2 focus:ring-blue-500 border-gray-300"[39m
                [33mplaceholder[39m=[32m"Enter the system prompt that will guide the AI's responses..."[39m
                [33mrows[39m=[32m"6"[39m
              [36m/>[39m
            [36m</div>[39m
          [36m</div>[39m
          [36m<div[39m
            [33mclass[39m=[32m"bg-gray-50 p-4 rounded-lg"[39m
          [36m>[39m
            [36m<h3[39m
              [33mclass[39m=[32m"text-lg font-semibold text-gray-800 mb-3"[39m
            [36m>[39m
              [0mAvailability Settings[0m
            [36m</h3>[39m
            [36m<div[39m
              [33mclass[39m=[32m"grid grid-cols-1 md:grid-cols-3 gap-4"[39m
            [36m>[39m
              [36m<div>[39m
                [36m<label[39m
                  [33mclass[39m=[32m"block text-sm font-medium text-gray-700 mb-2"[39m
                [36m>[39m
                  [0mResponse Time (minutes)[0m
                [36m</label>[39m
                [36m<input[39m
                  [33mclass[39m=[32m"w-full px-3 py-2 border border-gray-300 rounded-md focus:outline-none focus:ring-2 focus:ring-blue-500"[39m
                  [33mmax[39m=[32m"1440"[39m
                  [33mmin[39m=[32m"1"[39m
                  [33mtype[39m=[32m"number"[39m
                  [33mvalue[39m=[32m"5"[39m
                [36m/>[39m
              [36m</div>[39m
              [36m<div>[39m
                [36m<label[39m
                  [33mclass[39m=[32m"block text-sm font-medium text-gray-700 mb-2"[39m
                [36m>[39m
                  [0mStart Time[0m
                [36m</label>[39m
                [36m<input[39m
                  [33mclass[39m=[32m"w-full px-3 py-2 border border-gray-300 rounded-md focus:outline-none focus:ring-2 focus:ring-blue-500"[39m
                  [33mtype[39m=[32m"time"[39m
                  [33mvalue[39m=[32m"09:00"[39m
                [36m/>[39m
              [36m</div>[39m
              [36m<div>[39m
                [36m<label[39m
                  [33mclass[39m=[32m"block text-sm font-medium text-gray-700 mb-2"[39m
                [36m>[39m
                  [0mEnd Time[0m
                [36m</label>[39m
                [36m<input[39m
                  [33mclass[39m=[32m"w-full px-3 py-2 border border-gray-300 rounded-md focus:outline-none focus:ring-2 focus:ring-blue-500"[39m
                  [33mtype[39m=[32m"time"[39m
                  [33mvalue[39m=[32m"17:00"[39m
                [36m/>[39m
              [36m</div>[39m
            [36m</div>[39m
          [36m</div>[39m
          [36m<div[39m
            [33mclass[39m=[32m"flex justify-end gap-4 pt-6 border-t"[39m
          [36m>[39m
            [36m<button[39m
              [33mclass[39m=[32m"px-6 py-2 border border-gray-300 text-gray-700 rounded-md hover:bg-gray-50 transition-colors"[39m
              [33mtype[39m=[32m"button"[39m
            [36m>[39m
              [0mCancel[0m
            [36m</button>[39m
            [36m<button[39m
              [33mclass[39m=[32m"px-6 py-2 bg-blue-500 text-white rounded-md hover:bg-blue-600 disabled:bg-gray-300 disabled:cursor-not-allowed transition-colors"[39m
              [33mtype[39m=[32m"submit"[39m
            [36m>[39m
              [0mCreate Persona[0m
            [36m</button>[39m
          [36m</div>[39m
        [36m</form>[39m
      [36m</div>[39m
    [36m</div>[39m
  [36m</body>[39m
[36m</html>[39m
   ✓ PersonaForm > calls onCancel when Cancel button is clicked 6ms
   ✓ PersonaForm > displays loading state when submitting 6ms
   ✓ PersonaForm > displays edit mode when initialData is provided 8ms
   × PersonaForm > handles API errors gracefully 1007ms
     → Unable to find an element with the text: Failed to load projects. This could be because the text is broken up by multiple elements. In this case, you can provide a function for your text matcher to make your matcher more flexible.

Ignored nodes: comments, script, style
[36m<body>[39m
  [36m<div>[39m
    [36m<div[39m
      [33mclass[39m=[32m"max-w-4xl mx-auto p-6 bg-white rounded-lg shadow-lg"[39m
    [36m>[39m
      [36m<h2[39m
        [33mclass[39m=[32m"text-2xl font-bold mb-6 text-gray-800"[39m
      [36m>[39m
        [0mCreate New Persona[0m
      [36m</h2>[39m
      [36m<form[39m
        [33mclass[39m=[32m"space-y-6"[39m
      [36m>[39m
        [36m<div[39m
          [33mclass[39m=[32m"grid grid-cols-1 md:grid-cols-2 gap-6"[39m
        [36m>[39m
          [36m<div>[39m
            [36m<label[39m
              [33mclass[39m=[32m"block text-sm font-medium text-gray-700 mb-2"[39m
            [36m>[39m
              [0mPersona Name *[0m
            [36m</label>[39m
            [36m<input[39m
              [33mclass[39m=[32m"w-full px-3 py-2 border rounded-md focus:outline-none focus:ring-2 focus:ring-blue-500 border-gray-300"[39m
              [33mplaceholder[39m=[32m"Enter persona name"[39m
              [33mtype[39m=[32m"text"[39m
              [33mvalue[39m=[32m""[39m
            [36m/>[39m
          [36m</div>[39m
          [36m<div>[39m
            [36m<label[39m
              [33mclass[39m=[32m"block text-sm font-medium text-gray-700 mb-2"[39m
            [36m>[39m
              [0mProject *[0m
            [36m</label>[39m
            [36m<select[39m
              [33mclass[39m=[32m"w-full px-3 py-2 border rounded-md focus:outline-none focus:ring-2 focus:ring-blue-500 border-gray-300"[39m
            [36m>[39m
              [36m<option[39m
                [33mvalue[39m=[32m""[39m
              [36m>[39m
                [0mSelect a project[0m
              [36m</option>[39m
              [36m<option[39m
                [33mvalue[39m=[32m"1"[39m
              [36m>[39m
                [0mTest Project 1[0m
                [0m - [0m
                [0mTechnology[0m
              [36m</option>[39m
              [36m<option[39m
                [33mvalue[39m=[32m"2"[39m
              [36m>[39m
                [0mTest Project 2[0m
                [0m - [0m
                [0mHealthcare[0m
              [36m</option>[39m
            [36m</select>[39m
          [36m</div>[39m
        [36m</div>[39m
        [36m<div>[39m
          [36m<label[39m
            [33mclass[39m=[32m"block text-sm font-medium text-gray-700 mb-2"[39m
          [36m>[39m
            [0mRole *[0m
          [36m</label>[39m
          [36m<input[39m
            [33mclass[39m=[32m"w-full px-3 py-2 border rounded-md focus:outline-none focus:ring-2 focus:ring-blue-500 border-gray-300"[39m
            [33mplaceholder[39m=[32m"e.g., Product Manager, UX Designer, Developer"[39m
            [33mtype[39m=[32m"text"[39m
            [33mvalue[39m=[32m""[39m
          [36m/>[39m
        [36m</div>[39m
        [36m<div>[39m
          [36m<label[39m
            [33mclass[39m=[32m"block text-sm font-medium text-gray-700 mb-2"[39m
          [36m>[39m
            [0mBackground *[0m
          [36m</label>[39m
          [36m<textarea[39m
            [33mclass[39m=[32m"w-full px-3 py-2 border rounded-md focus:outline-none focus:ring-2 focus:ring-blue-500 border-gray-300"[39m
            [33mplaceholder[39m=[32m"Describe the persona's background, experience, and context..."[39m
            [33mrows[39m=[32m"4"[39m
          [36m/>[39m
        [36m</div>[39m
        [36m<div>[39m
          [36m<label[39m
            [33mclass[39m=[32m"block text-sm font-medium text-gray-700 mb-2"[39m
          [36m>[39m
            [0mPersonality Traits * (3-10 traits)[0m
          [36m</label>[39m
          [36m<div[39m
            [33mclass[39m=[32m"flex gap-2 mb-2"[39m
          [36m>[39m
            [36m<input[39m
              [33mclass[39m=[32m"flex-1 px-3 py-2 border border-gray-300 rounded-md focus:outline-none focus:ring-2 focus:ring-blue-500"[39m
              [33mplaceholder[39m=[32m"Add a personality trait"[39m
              [33mtype[39m=[32m"text"[39m
              [33mvalue[39m=[32m""[39m
            [36m/>[39m
            [36m<button[39m
              [33mclass[39m=[32m"px-4 py-2 bg-green-500 text-white rounded-md hover:bg-green-600 disabled:bg-gray-300 disabled:cursor-not-allowed"[39m
              [33mdisabled[39m=[32m""[39m
              [33mtype[39m=[32m"button"[39m
            [36m>[39m
              [0mAdd[0m
            [36m</button>[39m
          [36m</div>[39m
          [36m<div[39m
            [33mclass[39m=[32m"flex flex-wrap gap-2"[39m
          [36m/>[39m
        [36m</div>[39m
        [36m<div[39m
          [33mclass[39m=[32m"grid grid-cols-1 md:grid-cols-2 gap-6"[39m
        [36m>[39m
          [36m<div>[39m
            [36m<label[39m
              [33mclass[39m=[32m"block text-sm font-medium text-gray-700 mb-2"[39m
            [36m>[39m
              [0mCommunication Style[0m
            [36m</label>[39m
            [36m<select[39m
              [33mclass[39m=[32m"w-full px-3 py-2 border border-gray-300 rounded-md focus:outline-none focus:ring-2 focus:ring-blue-500"[39m
            [36m>[39m
              [36m<option[39m
                [33mvalue[39m=[32m"formal"[39m
              [36m>[39m
                [0mFormal[0m
              [36m</option>[39m
              [36m<option[39m
                [33mvalue[39m=[32m"casual"[39m
              [36m>[39m
                [0mCasual[0m
              [36m</option>[39m
              [36m<option[39m
                [33mvalue[39m=[32m"technical"[39m
              [36m>[39m
                [0mTechnical[0m
              [36m</option>[39m
              [36m<option[39m
                [33mvalue[39m=[32m"collaborative"[39m
              [36m>[39m
                [0mCollaborative[0m
              [36m</option>[39m
              [36m<option[39m
                [33mvalue[39m=[32m"authoritative"[39m
              [36m>[39m
                [0mAuthoritative[0m
              [36m</option>[39m
              [36m<option[39m
                [33mvalue[39m=[32m"supportive"[39m
              [36m>[39m
                [0mSupportive[0m
              [36m</option>[39m
            [36m</select>[39m
          [36m</div>[39m
          [36m<div>[39m
            [36m<label[39m
              [33mclass[39m=[32m"block text-sm font-medium text-gray-700 mb-2"[39m
            [36m>[39m
              [0mDecision Making Style[0m
            [36m</label>[39m
            [36m<select[39m
              [33mclass[39m=[32m"w-full px-3 py-2 border border-gray-300 rounded-md focus:outline-none focus:ring-2 focus:ring-blue-500"[39m
            [36m>[39m
              [36m<option[39m
                [33mvalue[39m=[32m"analytical"[39m
              [36m>[39m
                [0mAnalytical[0m
              [36m</option>[39m
              [36m<option[39m
                [33mvalue[39m=[32m"intuitive"[39m
              [36m>[39m
                [0mIntuitive[0m
              [36m</option>[39m
              [36m<option[39m
                [33mvalue[39m=[32m"consensus-driven"[39m
              [36m>[39m
                [0mConsensus-driven[0m
              [36m</option>[39m
              [36m<option[39m
                [33mvalue[39m=[32m"authoritative"[39m
              [36m>[39m
                [0mAuthoritative[0m
              [36m</option>[39m
              [36m<option[39m
                [33mvalue[39m=[32m"risk-averse"[39m
              [36m>[39m
                [0mRisk-averse[0m
              [36m</option>[39m
              [36m<option[39m
                [33mvalue[39m=[32m"risk-taking"[39m
              [36m>[39m
                [0mRisk-taking[0m
              [36m</option>[39m
            [36m</select>[39m
          [36m</div>[39m
        [36m</div>[39m
        [36m<div>[39m
          [36m<label[39m
            [33mclass[39m=[32m"block text-sm font-medium text-gray-700 mb-2"[39m
          [36m>[39m
            [0mPriorities * (2-8 priorities)[0m
          [36m</label>[39m
          [36m<div[39m
            [33mclass[39m=[32m"flex gap-2 mb-2"[39m
          [36m>[39m
            [36m<input[39m
              [33mclass[39m=[32m"flex-1 px-3 py-2 border border-gray-300 rounded-md focus:outline-none focus:ring-2 focus:ring-blue-500"[39m
              [33mplaceholder[39m=[32m"Add a priority"[39m
              [33mtype[39m=[32m"text"[39m
              [33mvalue[39m=[32m""[39m
            [36m/>[39m
            [36m<button[39m
              [33mclass[39m=[32m"px-4 py-2 bg-green-500 text-white rounded-md hover:bg-green-600 disabled:bg-gray-300 disabled:cursor-not-allowed"[39m
              [33mdisabled[39m=[32m""[39m
              [33mtype[39m=[32m"button"[39m
            [36m>[39m
              [0mAdd[0m
            [36m</button>[39m
          [36m</div>[39m
          [36m<div[39m
            [33mclass[39m=[32m"flex flex-wrap gap-2"[39m
          [36m/>[39m
        [36m</div>[39m
        [36m<div>[39m
          [36m<label[39m
            [33mclass[39m=[32m"block text-sm font-medium text-gray-700 mb-2"[39m
          [36m>[39m
            [0mGoals * (1-5 goals)[0m
          [36m</label>[39m
          [36m<div[39m
            [33mclass[39m=[32m"flex gap-2 mb-2"[39m
          [36m>[39m
            [36m<input[39m
              [33mclass[39m=[32m"flex-1 px-3 py-2 border border-gray-300 rounded-md focus:outline-none focus:ring-2 focus:ring-blue-500"[39m
              [33mplaceholder[39m=[32m"Add a goal"[39m
              [33mtype[39m=[32m"text"[39m
              [33mvalue[39m=[32m""[39m
            [36m/>[39m
            [36m<button[39m
              [33mclass[39m=[32m"px-4 py-2 bg-green-500 text-white rounded-md hover:bg-green-600 disabled:bg-gray-300 disabled:cursor-not-allowed"[39m
              [33mdisabled[39m=[32m""[39m
              [33mtype[39m=[32m"button"[39m
            [36m>[39m
              [0mAdd[0m
            [36m</button>[39m
          [36m</div>[39m
          [36m<div[39m
            [33mclass[39m=[32m"flex flex-wrap gap-2"[39m
          [36m/>[39m
        [36m</div>[39m
        [36m<div[39m
          [33mclass[39m=[32m"bg-gray-50 p-4 rounded-lg"[39m
        [36m>[39m
          [36m<h3[39m
            [33mclass[39m=[32m"text-lg font-semibold text-gray-800 mb-3"[39m
          [36m>[39m
            [0mAI Configuration[0m
          [36m</h3>[39m
          [36m<div[39m
            [33mclass[39m=[32m"grid grid-cols-1 md:grid-cols-2 gap-4 mb-4"[39m
          [36m>[39m
            [36m<div>[39m
              [36m<label[39m
                [33mclass[39m=[32m"block text-sm font-medium text-gray-700 mb-2"[39m
              [36m>[39m
                [0mAI Model[0m
              [36m</label>[39m
              [36m<select[39m
                [33mclass[39m=[32m"w-full px-3 py-2 border border-gray-300 rounded-md focus:outline-none focus:ring-2 focus:ring-blue-500"[39m
              [36m>[39m
                [36m<option[39m
                  [33mvalue[39m=[32m"gpt-4"[39m
                [36m>[39m
                  [0mGPT-4[0m
                [36m</option>[39m
                [36m<option[39m
                  [33mvalue[39m=[32m"gpt-3.5-turbo"[39m
                [36m>[39m
                  [0mGPT-3.5 Turbo[0m
                [36m</option>[39m
                [36m<option[39m
                  [33mvalue[39m=[32m"claude-3"[39m
                [36m>[39m
                  [0mClaude-3[0m
                [36m</option>[39m
                [36m<option[39m
                  [33mvalue[39m=[32m"claude-2"[39m
                [36m>[39m
                  [0mClaude-2[0m
                [36m</option>[39m
              [36m</select>[39m
            [36m</div>[39m
            [36m<div>[39m
              [36m<label[39m
                [33mclass[39m=[32m"block text-sm font-medium text-gray-700 mb-2"[39m
              [36m>[39m
                [0mTemperature: [0m
                [0m0.7[0m
              [36m</label>[39m
              [36m<input[39m
                [33mclass[39m=[32m"w-full"[39m
                [33mmax[39m=[32m"2"[39m
                [33mmin[39m=[32m"0"[39m
                [33mstep[39m=[32m"0.1"[39m
                [33mtype[39m=[32m"range"[39m
                [33mvalue[39m=[32m"0.7"[39m
              [36m/>[39m
              [36m<div[39m
                [33mclass[39m=[32m"flex justify-between text-xs text-gray-500"[39m
              [36m>[39m
                [36m<span>[39m
                  [0mFocused[0m
                [36m</span>[39m
                [36m<span>[39m
                  [0mCreative[0m
                [36m</span>[39m
              [36m</div>[39m
            [36m</div>[39m
          [36m</div>[39m
          [36m<div>[39m
            [36m<label[39m
              [33mclass[39m=[32m"block text-sm font-medium text-gray-700 mb-2"[39m
            [36m>[39m
              [0mSystem Prompt *[0m
            [36m</label>[39m
            [36m<div[39m
              [33mclass[39m=[32m"flex gap-2 mb-2"[39m
            [36m>[39m
              [36m<button[39m
                [33mclass[39m=[32m"px-3 py-1 bg-blue-500 text-white text-sm rounded hover:bg-blue-600 transition-colors"[39m
                [33mtype[39m=[32m"button"[39m
              [36m>[39m
                [0mAuto-Generate[0m
              [36m</button>[39m
            [36m</div>[39m
            [36m<textarea[39m
              [33mclass[39m=[32m"w-full px-3 py-2 border rounded-md focus:outline-none focus:ring-2 focus:ring-blue-500 border-gray-300"[39m
              [33mplaceholder[39m=[32m"Enter the system prompt that will guide the AI's responses..."[39m
              [33mrows[39m=[32m"6"[39m
            [36m/>[39m
          [36m</div>[39m
        [36m</div>[39m
        [36m<div[39m
          [33mclass[39m=[32m"bg-gray-50 p-4 rounded-lg"[39m
        [36m>[39m
          [36m<h3[39m
            [33mclass[39m=[32m"text-lg font-semibold text-gray-800 mb-3"[39m
          [36m>[39m
            [0mAvailability Settings[0m
          [36m</h3>[39m
          [36m<div[39m
            [33mclass[39m=[32m"grid grid-cols-1 md:grid-cols-3 gap-4"[39m
          [36m>[39m
            [36m<div>[39m
              [36m<label[39m
                [33mclass[39m=[32m"block text-sm font-medium text-gray-700 mb-2"[39m
              [36m>[39m
                [0mResponse Time (minutes)[0m
              [36m</label>[39m
              [36m<input[39m
                [33mclass[39m=[32m"w-full px-3 py-2 border border-gray-300 rounded-md focus:outline-none focus:ring-2 focus:ring-blue-500"[39m
                [33mmax[39m=[32m"1440"[39m
                [33mmin[39m=[32m"1"[39m
                [33mtype[39m=[32m"number"[39m
                [33mvalue[39m=[32m"5"[39m
              [36m/>[39m
            [36m</div>[39m
            [36m<div>[39m
              [36m<label[39m
                [33mclass[39m=[32m"block text-sm font-medium text-gray-700 mb-2"[39m
              [36m>[39m
                [0mStart Time[0m
              [36m</label>[39m
              [36m<input[39m
                [33mclass[39m=[32m"w-full px-3 py-2 border border-gray-300 rounded-md focus:outline-none focus:ring-2 focus:ring-blue-500"[39m
                [33mtype[39m=[32m"time"[39m
                [33mvalue[39m=[32m"09:00"[39m
              [36m/>[39m
            [36m</div>[39m
            [36m<div>[39m
              [36m<label[39m
                [33mclass[39m=[32m"block text-sm font-medium text-gray-700 mb-2"[39m
              [36m>[39m
                [0mEnd Time[0m
              [36m</label>[39m
              [36m<input[39m
                [33mclass[39m=[32m"w-full px-3 py-2 border border-gray-300 rounded-md focus:outline-none focus:ring-2 focus:ring-blue-500"[39m
                [33mtype[39m=[32m"time"[39m
                [33mvalue[39m=[32m"17:00"[39m
              [36m/>[39m
            [36m</div>[39m
          [36m</div>[39m
        [36m</div>[39m
        [36m<div[39m
          [33mclass[39m=[32m"flex justify-end gap-4 pt-6 border-t"[39m
        [36m>[39m
          [36m<button[39m
            [33mclass[39m=[32m"px-6 py-2 border border-gray-300 text-gray-700 rounded-md hover:bg-gray-50 transition-colors"[39m
            [33mtype[39m=[32m"button"[39m
          [36m>[39m
            [0mCancel[0m
          [36m</button>[39m
          [36m<button[39m
            [33mclass[39m=[32m"px-6 py-2 bg-blue-500 text-white rounded-md hover:bg-blue-600 disabled:bg-gray-300 disabled:cursor-not-allowed transition-colors"[39m
            [33mtype[39m=[32m"submit"[39m
          [36m>[39m
            [0mCreate Persona[0m
          [36m</button>[39m
        [36m</div>[39m
      [36m</form>[39m
    [36m</div>[39m
  [36m</div>[39m
[36m</body>[39m

Ignored nodes: comments, script, style
[36m<html>[39m
  [36m<head />[39m
  [36m<body>[39m
    [36m<div>[39m
      [36m<div[39m
        [33mclass[39m=[32m"max-w-4xl mx-auto p-6 bg-white rounded-lg shadow-lg"[39m
      [36m>[39m
        [36m<h2[39m
          [33mclass[39m=[32m"text-2xl font-bold mb-6 text-gray-800"[39m
        [36m>[39m
          [0mCreate New Persona[0m
        [36m</h2>[39m
        [36m<form[39m
          [33mclass[39m=[32m"space-y-6"[39m
        [36m>[39m
          [36m<div[39m
            [33mclass[39m=[32m"grid grid-cols-1 md:grid-cols-2 gap-6"[39m
          [36m>[39m
            [36m<div>[39m
              [36m<label[39m
                [33mclass[39m=[32m"block text-sm font-medium text-gray-700 mb-2"[39m
              [36m>[39m
                [0mPersona Name *[0m
              [36m</label>[39m
              [36m<input[39m
                [33mclass[39m=[32m"w-full px-3 py-2 border rounded-md focus:outline-none focus:ring-2 focus:ring-blue-500 border-gray-300"[39m
                [33mplaceholder[39m=[32m"Enter persona name"[39m
                [33mtype[39m=[32m"text"[39m
                [33mvalue[39m=[32m""[39m
              [36m/>[39m
            [36m</div>[39m
            [36m<div>[39m
              [36m<label[39m
                [33mclass[39m=[32m"block text-sm font-medium text-gray-700 mb-2"[39m
              [36m>[39m
                [0mProject *[0m
              [36m</label>[39m
              [36m<select[39m
                [33mclass[39m=[32m"w-full px-3 py-2 border rounded-md focus:outline-none focus:ring-2 focus:ring-blue-500 border-gray-300"[39m
              [36m>[39m
                [36m<option[39m
                  [33mvalue[39m=[32m""[39m
                [36m>[39m
                  [0mSelect a project[0m
                [36m</option>[39m
                [36m<option[39m
                  [33mvalue[39m=[32m"1"[39m
                [36m>[39m
                  [0mTest Project 1[0m
                  [0m - [0m
                  [0mTechnology[0m
                [36m</option>[39m
                [36m<option[39m
                  [33mvalue[39m=[32m"2"[39m
                [36m>[39m
                  [0mTest Project 2[0m
                  [0m - [0m
                  [0mHealthcare[0m
                [36m</option>[39m
              [36m</select>[39m
            [36m</div>[39m
          [36m</div>[39m
          [36m<div>[39m
            [36m<label[39m
              [33mclass[39m=[32m"block text-sm font-medium text-gray-700 mb-2"[39m
            [36m>[39m
              [0mRole *[0m
            [36m</label>[39m
            [36m<input[39m
              [33mclass[39m=[32m"w-full px-3 py-2 border rounded-md focus:outline-none focus:ring-2 focus:ring-blue-500 border-gray-300"[39m
              [33mplaceholder[39m=[32m"e.g., Product Manager, UX Designer, Developer"[39m
              [33mtype[39m=[32m"text"[39m
              [33mvalue[39m=[32m""[39m
            [36m/>[39m
          [36m</div>[39m
          [36m<div>[39m
            [36m<label[39m
              [33mclass[39m=[32m"block text-sm font-medium text-gray-700 mb-2"[39m
            [36m>[39m
              [0mBackground *[0m
            [36m</label>[39m
            [36m<textarea[39m
              [33mclass[39m=[32m"w-full px-3 py-2 border rounded-md focus:outline-none focus:ring-2 focus:ring-blue-500 border-gray-300"[39m
              [33mplaceholder[39m=[32m"Describe the persona's background, experience, and context..."[39m
              [33mrows[39m=[32m"4"[39m
            [36m/>[39m
          [36m</div>[39m
          [36m<div>[39m
            [36m<label[39m
              [33mclass[39m=[32m"block text-sm font-medium text-gray-700 mb-2"[39m
            [36m>[39m
              [0mPersonality Traits * (3-10 traits)[0m
            [36m</label>[39m
            [36m<div[39m
              [33mclass[39m=[32m"flex gap-2 mb-2"[39m
            [36m>[39m
              [36m<input[39m
                [33mclass[39m=[32m"flex-1 px-3 py-2 border border-gray-300 rounded-md focus:outline-none focus:ring-2 focus:ring-blue-500"[39m
                [33mplaceholder[39m=[32m"Add a personality trait"[39m
                [33mtype[39m=[32m"text"[39m
                [33mvalue[39m=[32m""[39m
              [36m/>[39m
              [36m<button[39m
                [33mclass[39m=[32m"px-4 py-2 bg-green-500 text-white rounded-md hover:bg-green-600 disabled:bg-gray-300 disabled:cursor-not-allowed"[39m
                [33mdisabled[39m=[32m""[39m
                [33mtype[39m=[32m"button"[39m
              [36m>[39m
                [0mAdd[0m
              [36m</button>[39m
            [36m</div>[39m
            [36m<div[39m
              [33mclass[39m=[32m"flex flex-wrap gap-2"[39m
            [36m/>[39m
          [36m</div>[39m
          [36m<div[39m
            [33mclass[39m=[32m"grid grid-cols-1 md:grid-cols-2 gap-6"[39m
          [36m>[39m
            [36m<div>[39m
              [36m<label[39m
                [33mclass[39m=[32m"block text-sm font-medium text-gray-700 mb-2"[39m
              [36m>[39m
                [0mCommunication Style[0m
              [36m</label>[39m
              [36m<select[39m
                [33mclass[39m=[32m"w-full px-3 py-2 border border-gray-300 rounded-md focus:outline-none focus:ring-2 focus:ring-blue-500"[39m
              [36m>[39m
                [36m<option[39m
                  [33mvalue[39m=[32m"formal"[39m
                [36m>[39m
                  [0mFormal[0m
                [36m</option>[39m
                [36m<option[39m
                  [33mvalue[39m=[32m"casual"[39m
                [36m>[39m
                  [0mCasual[0m
                [36m</option>[39m
                [36m<option[39m
                  [33mvalue[39m=[32m"technical"[39m
                [36m>[39m
                  [0mTechnical[0m
                [36m</option>[39m
                [36m<option[39m
                  [33mvalue[39m=[32m"collaborative"[39m
                [36m>[39m
                  [0mCollaborative[0m
                [36m</option>[39m
                [36m<option[39m
                  [33mvalue[39m=[32m"authoritative"[39m
                [36m>[39m
                  [0mAuthoritative[0m
                [36m</option>[39m
                [36m<option[39m
                  [33mvalue[39m=[32m"supportive"[39m
                [36m>[39m
                  [0mSupportive[0m
                [36m</option>[39m
              [36m</select>[39m
            [36m</div>[39m
            [36m<div>[39m
              [36m<label[39m
                [33mclass[39m=[32m"block text-sm font-medium text-gray-700 mb-2"[39m
              [36m>[39m
                [0mDecision Making Style[0m
              [36m</label>[39m
              [36m<select[39m
                [33mclass[39m=[32m"w-full px-3 py-2 border border-gray-300 rounded-md focus:outline-none focus:ring-2 focus:ring-blue-500"[39m
              [36m>[39m
                [36m<option[39m
                  [33mvalue[39m=[32m"analytical"[39m
                [36m>[39m
                  [0mAnalytical[0m
                [36m</option>[39m
                [36m<option[39m
                  [33mvalue[39m=[32m"intuitive"[39m
                [36m>[39m
                  [0mIntuitive[0m
                [36m</option>[39m
                [36m<option[39m
                  [33mvalue[39m=[32m"consensus-driven"[39m
                [36m>[39m
                  [0mConsensus-driven[0m
                [36m</option>[39m
                [36m<option[39m
                  [33mvalue[39m=[32m"authoritative"[39m
                [36m>[39m
                  [0mAuthoritative[0m
                [36m</option>[39m
                [36m<option[39m
                  [33mvalue[39m=[32m"risk-averse"[39m
                [36m>[39m
                  [0mRisk-averse[0m
                [36m</option>[39m
                [36m<option[39m
                  [33mvalue[39m=[32m"risk-taking"[39m
                [36m>[39m
                  [0mRisk-taking[0m
                [36m</option>[39m
              [36m</select>[39m
            [36m</div>[39m
          [36m</div>[39m
          [36m<div>[39m
            [36m<label[39m
              [33mclass[39m=[32m"block text-sm font-medium text-gray-700 mb-2"[39m
            [36m>[39m
              [0mPriorities * (2-8 priorities)[0m
            [36m</label>[39m
            [36m<div[39m
              [33mclass[39m=[32m"flex gap-2 mb-2"[39m
            [36m>[39m
              [36m<input[39m
                [33mclass[39m=[32m"flex-1 px-3 py-2 border border-gray-300 rounded-md focus:outline-none focus:ring-2 focus:ring-blue-500"[39m
                [33mplaceholder[39m=[32m"Add a priority"[39m
                [33mtype[39m=[32m"text"[39m
                [33mvalue[39m=[32m""[39m
              [36m/>[39m
              [36m<button[39m
                [33mclass[39m=[32m"px-4 py-2 bg-green-500 text-white rounded-md hover:bg-green-600 disabled:bg-gray-300 disabled:cursor-not-allowed"[39m
                [33mdisabled[39m=[32m""[39m
                [33mtype[39m=[32m"button"[39m
              [36m>[39m
                [0mAdd[0m
              [36m</button>[39m
            [36m</div>[39m
            [36m<div[39m
              [33mclass[39m=[32m"flex flex-wrap gap-2"[39m
            [36m/>[39m
          [36m</div>[39m
          [36m<div>[39m
            [36m<label[39m
              [33mclass[39m=[32m"block text-sm font-medium text-gray-700 mb-2"[39m
            [36m>[39m
              [0mGoals * (1-5 goals)[0m
            [36m</label>[39m
            [36m<div[39m
              [33mclass[39m=[32m"flex gap-2 mb-2"[39m
            [36m>[39m
              [36m<input[39m
                [33mclass[39m=[32m"flex-1 px-3 py-2 border border-gray-300 rounded-md focus:outline-none focus:ring-2 focus:ring-blue-500"[39m
                [33mplaceholder[39m=[32m"Add a goal"[39m
                [33mtype[39m=[32m"text"[39m
                [33mvalue[39m=[32m""[39m
              [36m/>[39m
              [36m<button[39m
                [33mclass[39m=[32m"px-4 py-2 bg-green-500 text-white rounded-md hover:bg-green-600 disabled:bg-gray-300 disabled:cursor-not-allowed"[39m
                [33mdisabled[39m=[32m""[39m
                [33mtype[39m=[32m"button"[39m
              [36m>[39m
                [0mAdd[0m
              [36m</button>[39m
            [36m</div>[39m
            [36m<div[39m
              [33mclass[39m=[32m"flex flex-wrap gap-2"[39m
            [36m/>[39m
          [36m</div>[39m
          [36m<div[39m
            [33mclass[39m=[32m"bg-gray-50 p-4 rounded-lg"[39m
          [36m>[39m
            [36m<h3[39m
              [33mclass[39m=[32m"text-lg font-semibold text-gray-800 mb-3"[39m
            [36m>[39m
              [0mAI Configuration[0m
            [36m</h3>[39m
            [36m<div[39m
              [33mclass[39m=[32m"grid grid-cols-1 md:grid-cols-2 gap-4 mb-4"[39m
            [36m>[39m
              [36m<div>[39m
                [36m<label[39m
                  [33mclass[39m=[32m"block text-sm font-medium text-gray-700 mb-2"[39m
                [36m>[39m
                  [0mAI Model[0m
                [36m</label>[39m
                [36m<select[39m
                  [33mclass[39m=[32m"w-full px-3 py-2 border border-gray-300 rounded-md focus:outline-none focus:ring-2 focus:ring-blue-500"[39m
                [36m>[39m
                  [36m<option[39m
                    [33mvalue[39m=[32m"gpt-4"[39m
                  [36m>[39m
                    [0mGPT-4[0m
                  [36m</option>[39m
                  [36m<option[39m
                    [33mvalue[39m=[32m"gpt-3.5-turbo"[39m
                  [36m>[39m
                    [0mGPT-3.5 Turbo[0m
                  [36m</option>[39m
                  [36m<option[39m
                    [33mvalue[39m=[32m"claude-3"[39m
                  [36m>[39m
                    [0mClaude-3[0m
                  [36m</option>[39m
                  [36m<option[39m
                    [33mvalue[39m=[32m"claude-2"[39m
                  [36m>[39m
                    [0mClaude-2[0m
                  [36m</option>[39m
                [36m</select>[39m
              [36m</div>[39m
              [36m<div>[39m
                [36m<label[39m
                  [33mclass[39m=[32m"block text-sm font-medium text-gray-700 mb-2"[39m
                [36m>[39m
                  [0mTemperature: [0m
                  [0m0.7[0m
                [36m</label>[39m
                [36m<input[39m
                  [33mclass[39m=[32m"w-full"[39m
                  [33mmax[39m=[32m"2"[39m
                  [33mmin[39m=[32m"0"[39m
                  [33mstep[39m=[32m"0.1"[39m
                  [33mtype[39m=[32m"range"[39m
                  [33mvalue[39m=[32m"0.7"[39m
                [36m/>[39m
                [36m<div[39m
                  [33mclass[39m=[32m"flex justify-between text-xs text-gray-500"[39m
                [36m>[39m
                  [36m<span>[39m
                    [0mFocused[0m
                  [36m</span>[39m
                  [36m<span>[39m
                    [0mCreative[0m
                  [36m</span>[39m
                [36m</div>[39m
              [36m</div>[39m
            [36m</div>[39m
            [36m<div>[39m
              [36m<label[39m
                [33mclass[39m=[32m"block text-sm font-medium text-gray-700 mb-2"[39m
              [36m>[39m
                [0mSystem Prompt *[0m
              [36m</label>[39m
              [36m<div[39m
                [33mclass[39m=[32m"flex gap-2 mb-2"[39m
              [36m>[39m
                [36m<button[39m
                  [33mclass[39m=[32m"px-3 py-1 bg-blue-500 text-white text-sm rounded hover:bg-blue-600 transition-colors"[39m
                  [33mtype[39m=[32m"button"[39m
                [36m>[39m
                  [0mAuto-Generate[0m
                [36m</button>[39m
              [36m</div>[39m
              [36m<textarea[39m
                [33mclass[39m=[32m"w-full px-3 py-2 border rounded-md focus:outline-none focus:ring-2 focus:ring-blue-500 border-gray-300"[39m
                [33mplaceholder[39m=[32m"Enter the system prompt that will guide the AI's responses..."[39m
                [33mrows[39m=[32m"6"[39m
              [36m/>[39m
            [36m</div>[39m
          [36m</div>[39m
          [36m<div[39m
            [33mclass[39m=[32m"bg-gray-50 p-4 rounded-lg"[39m
          [36m>[39m
            [36m<h3[39m
              [33mclass[39m=[32m"text-lg font-semibold text-gray-800 mb-3"[39m
            [36m>[39m
              [0mAvailability Settings[0m
            [36m</h3>[39m
            [36m<div[39m
              [33mclass[39m=[32m"grid grid-cols-1 md:grid-cols-3 gap-4"[39m
            [36m>[39m
              [36m<div>[39m
                [36m<label[39m
                  [33mclass[39m=[32m"block text-sm font-medium text-gray-700 mb-2"[39m
                [36m>[39m
                  [0mResponse Time (minutes)[0m
                [36m</label>[39m
                [36m<input[39m
                  [33mclass[39m=[32m"w-full px-3 py-2 border border-gray-300 rounded-md focus:outline-none focus:ring-2 focus:ring-blue-500"[39m
                  [33mmax[39m=[32m"1440"[39m
                  [33mmin[39m=[32m"1"[39m
                  [33mtype[39m=[32m"number"[39m
                  [33mvalue[39m=[32m"5"[39m
                [36m/>[39m
              [36m</div>[39m
              [36m<div>[39m
                [36m<label[39m
                  [33mclass[39m=[32m"block text-sm font-medium text-gray-700 mb-2"[39m
                [36m>[39m
                  [0mStart Time[0m
                [36m</label>[39m
                [36m<input[39m
                  [33mclass[39m=[32m"w-full px-3 py-2 border border-gray-300 rounded-md focus:outline-none focus:ring-2 focus:ring-blue-500"[39m
                  [33mtype[39m=[32m"time"[39m
                  [33mvalue[39m=[32m"09:00"[39m
                [36m/>[39m
              [36m</div>[39m
              [36m<div>[39m
                [36m<label[39m
                  [33mclass[39m=[32m"block text-sm font-medium text-gray-700 mb-2"[39m
                [36m>[39m
                  [0mEnd Time[0m
                [36m</label>[39m
                [36m<input[39m
                  [33mclass[39m=[32m"w-full px-3 py-2 border border-gray-300 rounded-md focus:outline-none focus:ring-2 focus:ring-blue-500"[39m
                  [33mtype[39m=[32m"time"[39m
                  [33mvalue[39m=[32m"17:00"[39m
                [36m/>[39m
              [36m</div>[39m
            [36m</div>[39m
          [36m</div>[39m
          [36m<div[39m
            [33mclass[39m=[32m"flex justify-end gap-4 pt-6 border-t"[39m
          [36m>[39m
            [36m<button[39m
              [33mclass[39m=[32m"px-6 py-2 border border-gray-300 text-gray-700 rounded-md hover:bg-gray-50 transition-colors"[39m
              [33mtype[39m=[32m"button"[39m
            [36m>[39m
              [0mCancel[0m
            [36m</button>[39m
            [36m<button[39m
              [33mclass[39m=[32m"px-6 py-2 bg-blue-500 text-white rounded-md hover:bg-blue-600 disabled:bg-gray-300 disabled:cursor-not-allowed transition-colors"[39m
              [33mtype[39m=[32m"submit"[39m
            [36m>[39m
              [0mCreate Persona[0m
            [36m</button>[39m
          [36m</div>[39m
        [36m</form>[39m
      [36m</div>[39m
    [36m</div>[39m
  [36m</body>[39m
[36m</html>[39m
   × PersonaForm > handles suggestion API errors gracefully 1007ms
     → Found a label with the text of: /Project/, however no form control was found associated to that label. Make sure you're using the "for" attribute or "aria-labelledby" attribute correctly.

Ignored nodes: comments, script, style
[36m<body>[39m
  [36m<div>[39m
    [36m<div[39m
      [33mclass[39m=[32m"max-w-4xl mx-auto p-6 bg-white rounded-lg shadow-lg"[39m
    [36m>[39m
      [36m<h2[39m
        [33mclass[39m=[32m"text-2xl font-bold mb-6 text-gray-800"[39m
      [36m>[39m
        [0mCreate New Persona[0m
      [36m</h2>[39m
      [36m<form[39m
        [33mclass[39m=[32m"space-y-6"[39m
      [36m>[39m
        [36m<div[39m
          [33mclass[39m=[32m"grid grid-cols-1 md:grid-cols-2 gap-6"[39m
        [36m>[39m
          [36m<div>[39m
            [36m<label[39m
              [33mclass[39m=[32m"block text-sm font-medium text-gray-700 mb-2"[39m
            [36m>[39m
              [0mPersona Name *[0m
            [36m</label>[39m
            [36m<input[39m
              [33mclass[39m=[32m"w-full px-3 py-2 border rounded-md focus:outline-none focus:ring-2 focus:ring-blue-500 border-gray-300"[39m
              [33mplaceholder[39m=[32m"Enter persona name"[39m
              [33mtype[39m=[32m"text"[39m
              [33mvalue[39m=[32m""[39m
            [36m/>[39m
          [36m</div>[39m
          [36m<div>[39m
            [36m<label[39m
              [33mclass[39m=[32m"block text-sm font-medium text-gray-700 mb-2"[39m
            [36m>[39m
              [0mProject *[0m
            [36m</label>[39m
            [36m<select[39m
              [33mclass[39m=[32m"w-full px-3 py-2 border rounded-md focus:outline-none focus:ring-2 focus:ring-blue-500 border-gray-300"[39m
            [36m>[39m
              [36m<option[39m
                [33mvalue[39m=[32m""[39m
              [36m>[39m
                [0mSelect a project[0m
              [36m</option>[39m
              [36m<option[39m
                [33mvalue[39m=[32m"1"[39m
              [36m>[39m
                [0mTest Project 1[0m
                [0m - [0m
                [0mTechnology[0m
              [36m</option>[39m
              [36m<option[39m
                [33mvalue[39m=[32m"2"[39m
              [36m>[39m
                [0mTest Project 2[0m
                [0m - [0m
                [0mHealthcare[0m
              [36m</option>[39m
            [36m</select>[39m
          [36m</div>[39m
        [36m</div>[39m
        [36m<div>[39m
          [36m<label[39m
            [33mclass[39m=[32m"block text-sm font-medium text-gray-700 mb-2"[39m
          [36m>[39m
            [0mRole *[0m
          [36m</label>[39m
          [36m<input[39m
            [33mclass[39m=[32m"w-full px-3 py-2 border rounded-md focus:outline-none focus:ring-2 focus:ring-blue-500 border-gray-300"[39m
            [33mplaceholder[39m=[32m"e.g., Product Manager, UX Designer, Developer"[39m
            [33mtype[39m=[32m"text"[39m
            [33mvalue[39m=[32m""[39m
          [36m/>[39m
        [36m</div>[39m
        [36m<div>[39m
          [36m<label[39m
            [33mclass[39m=[32m"block text-sm font-medium text-gray-700 mb-2"[39m
          [36m>[39m
            [0mBackground *[0m
          [36m</label>[39m
          [36m<textarea[39m
            [33mclass[39m=[32m"w-full px-3 py-2 border rounded-md focus:outline-none focus:ring-2 focus:ring-blue-500 border-gray-300"[39m
            [33mplaceholder[39m=[32m"Describe the persona's background, experience, and context..."[39m
            [33mrows[39m=[32m"4"[39m
          [36m/>[39m
        [36m</div>[39m
        [36m<div>[39m
          [36m<label[39m
            [33mclass[39m=[32m"block text-sm font-medium text-gray-700 mb-2"[39m
          [36m>[39m
            [0mPersonality Traits * (3-10 traits)[0m
          [36m</label>[39m
          [36m<div[39m
            [33mclass[39m=[32m"flex gap-2 mb-2"[39m
          [36m>[39m
            [36m<input[39m
              [33mclass[39m=[32m"flex-1 px-3 py-2 border border-gray-300 rounded-md focus:outline-none focus:ring-2 focus:ring-blue-500"[39m
              [33mplaceholder[39m=[32m"Add a personality trait"[39m
              [33mtype[39m=[32m"text"[39m
              [33mvalue[39m=[32m""[39m
            [36m/>[39m
            [36m<button[39m
              [33mclass[39m=[32m"px-4 py-2 bg-green-500 text-white rounded-md hover:bg-green-600 disabled:bg-gray-300 disabled:cursor-not-allowed"[39m
              [33mdisabled[39m=[32m""[39m
              [33mtype[39m=[32m"button"[39m
            [36m>[39m
              [0mAdd[0m
            [36m</button>[39m
          [36m</div>[39m
          [36m<div[39m
            [33mclass[39m=[32m"flex flex-wrap gap-2"[39m
          [36m/>[39m
        [36m</div>[39m
        [36m<div[39m
          [33mclass[39m=[32m"grid grid-cols-1 md:grid-cols-2 gap-6"[39m
        [36m>[39m
          [36m<div>[39m
            [36m<label[39m
              [33mclass[39m=[32m"block text-sm font-medium text-gray-700 mb-2"[39m
            [36m>[39m
              [0mCommunication Style[0m
            [36m</label>[39m
            [36m<select[39m
              [33mclass[39m=[32m"w-full px-3 py-2 border border-gray-300 rounded-md focus:outline-none focus:ring-2 focus:ring-blue-500"[39m
            [36m>[39m
              [36m<option[39m
                [33mvalue[39m=[32m"formal"[39m
              [36m>[39m
                [0mFormal[0m
              [36m</option>[39m
              [36m<option[39m
                [33mvalue[39m=[32m"casual"[39m
              [36m>[39m
                [0mCasual[0m
              [36m</option>[39m
              [36m<option[39m
                [33mvalue[39m=[32m"technical"[39m
              [36m>[39m
                [0mTechnical[0m
              [36m</option>[39m
              [36m<option[39m
                [33mvalue[39m=[32m"collaborative"[39m
              [36m>[39m
                [0mCollaborative[0m
              [36m</option>[39m
              [36m<option[39m
                [33mvalue[39m=[32m"authoritative"[39m
              [36m>[39m
                [0mAuthoritative[0m
              [36m</option>[39m
              [36m<option[39m
                [33mvalue[39m=[32m"supportive"[39m
              [36m>[39m
                [0mSupportive[0m
              [36m</option>[39m
            [36m</select>[39m
          [36m</div>[39m
          [36m<div>[39m
            [36m<label[39m
              [33mclass[39m=[32m"block text-sm font-medium text-gray-700 mb-2"[39m
            [36m>[39m
              [0mDecision Making Style[0m
            [36m</label>[39m
            [36m<select[39m
              [33mclass[39m=[32m"w-full px-3 py-2 border border-gray-300 rounded-md focus:outline-none focus:ring-2 focus:ring-blue-500"[39m
            [36m>[39m
              [36m<option[39m
                [33mvalue[39m=[32m"analytical"[39m
              [36m>[39m
                [0mAnalytical[0m
              [36m</option>[39m
              [36m<option[39m
                [33mvalue[39m=[32m"intuitive"[39m
              [36m>[39m
                [0mIntuitive[0m
              [36m</option>[39m
              [36m<option[39m
                [33mvalue[39m=[32m"consensus-driven"[39m
              [36m>[39m
                [0mConsensus-driven[0m
              [36m</option>[39m
              [36m<option[39m
                [33mvalue[39m=[32m"authoritative"[39m
              [36m>[39m
                [0mAuthoritative[0m
              [36m</option>[39m
              [36m<option[39m
                [33mvalue[39m=[32m"risk-averse"[39m
              [36m>[39m
                [0mRisk-averse[0m
              [36m</option>[39m
              [36m<option[39m
                [33mvalue[39m=[32m"risk-taking"[39m
              [36m>[39m
                [0mRisk-taking[0m
              [36m</option>[39m
            [36m</select>[39m
          [36m</div>[39m
        [36m</div>[39m
        [36m<div>[39m
          [36m<label[39m
            [33mclass[39m=[32m"block text-sm font-medium text-gray-700 mb-2"[39m
          [36m>[39m
            [0mPriorities * (2-8 priorities)[0m
          [36m</label>[39m
          [36m<div[39m
            [33mclass[39m=[32m"flex gap-2 mb-2"[39m
          [36m>[39m
            [36m<input[39m
              [33mclass[39m=[32m"flex-1 px-3 py-2 border border-gray-300 rounded-md focus:outline-none focus:ring-2 focus:ring-blue-500"[39m
              [33mplaceholder[39m=[32m"Add a priority"[39m
              [33mtype[39m=[32m"text"[39m
              [33mvalue[39m=[32m""[39m
            [36m/>[39m
            [36m<button[39m
              [33mclass[39m=[32m"px-4 py-2 bg-green-500 text-white rounded-md hover:bg-green-600 disabled:bg-gray-300 disabled:cursor-not-allowed"[39m
              [33mdisabled[39m=[32m""[39m
              [33mtype[39m=[32m"button"[39m
            [36m>[39m
              [0mAdd[0m
            [36m</button>[39m
          [36m</div>[39m
          [36m<div[39m
            [33mclass[39m=[32m"flex flex-wrap gap-2"[39m
          [36m/>[39m
        [36m</div>[39m
        [36m<div>[39m
          [36m<label[39m
            [33mclass[39m=[32m"block text-sm font-medium text-gray-700 mb-2"[39m
          [36m>[39m
            [0mGoals * (1-5 goals)[0m
          [36m</label>[39m
          [36m<div[39m
            [33mclass[39m=[32m"flex gap-2 mb-2"[39m
          [36m>[39m
            [36m<input[39m
              [33mclass[39m=[32m"flex-1 px-3 py-2 border border-gray-300 rounded-md focus:outline-none focus:ring-2 focus:ring-blue-500"[39m
              [33mplaceholder[39m=[32m"Add a goal"[39m
              [33mtype[39m=[32m"text"[39m
              [33mvalue[39m=[32m""[39m
            [36m/>[39m
            [36m<button[39m
              [33mclass[39m=[32m"px-4 py-2 bg-green-500 text-white rounded-md hover:bg-green-600 disabled:bg-gray-300 disabled:cursor-not-allowed"[39m
              [33mdisabled[39m=[32m""[39m
              [33mtype[39m=[32m"button"[39m
            [36m>[39m
              [0mAdd[0m
            [36m</button>[39m
          [36m</div>[39m
          [36m<div[39m
            [33mclass[39m=[32m"flex flex-wrap gap-2"[39m
          [36m/>[39m
        [36m</div>[39m
        [36m<div[39m
          [33mclass[39m=[32m"bg-gray-50 p-4 rounded-lg"[39m
        [36m>[39m
          [36m<h3[39m
            [33mclass[39m=[32m"text-lg font-semibold text-gray-800 mb-3"[39m
          [36m>[39m
            [0mAI Configuration[0m
          [36m</h3>[39m
          [36m<div[39m
            [33mclass[39m=[32m"grid grid-cols-1 md:grid-cols-2 gap-4 mb-4"[39m
          [36m>[39m
            [36m<div>[39m
              [36m<label[39m
                [33mclass[39m=[32m"block text-sm font-medium text-gray-700 mb-2"[39m
              [36m>[39m
                [0mAI Model[0m
              [36m</label>[39m
              [36m<select[39m
                [33mclass[39m=[32m"w-full px-3 py-2 border border-gray-300 rounded-md focus:outline-none focus:ring-2 focus:ring-blue-500"[39m
              [36m>[39m
                [36m<option[39m
                  [33mvalue[39m=[32m"gpt-4"[39m
                [36m>[39m
                  [0mGPT-4[0m
                [36m</option>[39m
                [36m<option[39m
                  [33mvalue[39m=[32m"gpt-3.5-turbo"[39m
                [36m>[39m
                  [0mGPT-3.5 Turbo[0m
                [36m</option>[39m
                [36m<option[39m
                  [33mvalue[39m=[32m"claude-3"[39m
                [36m>[39m
                  [0mClaude-3[0m
                [36m</option>[39m
                [36m<option[39m
                  [33mvalue[39m=[32m"claude-2"[39m
                [36m>[39m
                  [0mClaude-2[0m
                [36m</option>[39m
              [36m</select>[39m
            [36m</div>[39m
            [36m<div>[39m
              [36m<label[39m
                [33mclass[39m=[32m"block text-sm font-medium text-gray-700 mb-2"[39m
              [36m>[39m
                [0mTemperature: [0m
                [0m0.7[0m
              [36m</label>[39m
              [36m<input[39m
                [33mclass[39m=[32m"w-full"[39m
                [33mmax[39m=[32m"2"[39m
                [33mmin[39m=[32m"0"[39m
                [33mstep[39m=[32m"0.1"[39m
                [33mtype[39m=[32m"range"[39m
                [33mvalue[39m=[32m"0.7"[39m
              [36m/>[39m
              [36m<div[39m
                [33mclass[39m=[32m"flex justify-between text-xs text-gray-500"[39m
              [36m>[39m
                [36m<span>[39m
                  [0mFocused[0m
                [36m</span>[39m
                [36m<span>[39m
                  [0mCreative[0m
                [36m</span>[39m
              [36m</div>[39m
            [36m</div>[39m
          [36m</div>[39m
          [36m<div>[39m
            [36m<label[39m
              [33mclass[39m=[32m"block text-sm font-medium text-gray-700 mb-2"[39m
            [36m>[39m
              [0mSystem Prompt *[0m
            [36m</label>[39m
            [36m<div[39m
              [33mclass[39m=[32m"flex gap-2 mb-2"[39m
            [36m>[39m
              [36m<button[39m
                [33mclass[39m=[32m"px-3 py-1 bg-blue-500 text-white text-sm rounded hover:bg-blue-600 transition-colors"[39m
                [33mtype[39m=[32m"button"[39m
              [36m>[39m
                [0mAuto-Generate[0m
              [36m</button>[39m
            [36m</div>[39m
            [36m<textarea[39m
              [33mclass[39m=[32m"w-full px-3 py-2 border rounded-md focus:outline-none focus:ring-2 focus:ring-blue-500 border-gray-300"[39m
              [33mplaceholder[39m=[32m"Enter the system prompt that will guide the AI's responses..."[39m
              [33mrows[39m=[32m"6"[39m
            [36m/>[39m
          [36m</div>[39m
        [36m</div>[39m
        [36m<div[39m
          [33mclass[39m=[32m"bg-gray-50 p-4 rounded-lg"[39m
        [36m>[39m
          [36m<h3[39m
            [33mclass[39m=[32m"text-lg font-semibold text-gray-800 mb-3"[39m
          [36m>[39m
            [0mAvailability Settings[0m
          [36m</h3>[39m
          [36m<div[39m
            [33mclass[39m=[32m"grid grid-cols-1 md:grid-cols-3 gap-4"[39m
          [36m>[39m
            [36m<div>[39m
              [36m<label[39m
                [33mclass[39m=[32m"block text-sm font-medium text-gray-700 mb-2"[39m
              [36m>[39m
                [0mResponse Time (minutes)[0m
              [36m</label>[39m
              [36m<input[39m
                [33mclass[39m=[32m"w-full px-3 py-2 border border-gray-300 rounded-md focus:outline-none focus:ring-2 focus:ring-blue-500"[39m
                [33mmax[39m=[32m"1440"[39m
                [33mmin[39m=[32m"1"[39m
                [33mtype[39m=[32m"number"[39m
                [33mvalue[39m=[32m"5"[39m
              [36m/>[39m
            [36m</div>[39m
            [36m<div>[39m
              [36m<label[39m
                [33mclass[39m=[32m"block text-sm font-medium text-gray-700 mb-2"[39m
              [36m>[39m
                [0mStart Time[0m
              [36m</label>[39m
              [36m<input[39m
                [33mclass[39m=[32m"w-full px-3 py-2 border border-gray-300 rounded-md focus:outline-none focus:ring-2 focus:ring-blue-500"[39m
                [33mtype[39m=[32m"time"[39m
                [33mvalue[39m=[32m"09:00"[39m
              [36m/>[39m
            [36m</div>[39m
            [36m<div>[39m
              [36m<label[39m
                [33mclass[39m=[32m"block text-sm font-medium text-gray-700 mb-2"[39m
              [36m>[39m
                [0mEnd Time[0m
              [36m</label>[39m
              [36m<input[39m
                [33mclass[39m=[32m"w-full px-3 py-2 border border-gray-300 rounded-md focus:outline-none focus:ring-2 focus:ring-blue-500"[39m
                [33mtype[39m=[32m"time"[39m
                [33mvalue[39m=[32m"17:00"[39m
              [36m/>[39m
            [36m</div>[39m
          [36m</div>[39m
        [36m</div>[39m
        [36m<div[39m
          [33mclass[39m=[32m"flex justify-end gap-4 pt-6 border-t"[39m
        [36m>[39m
          [36m<button[39m
            [33mclass[39m=[32m"px-6 py-2 border border-gray-300 text-gray-700 rounded-md hover:bg-gray-50 transition-colors"[39m
            [33mtype[39m=[32m"button"[39m
          [36m>[39m
            [0mCancel[0m
          [36m</button>[39m
          [36m<button[39m
            [33mclass[39m=[32m"px-6 py-2 bg-blue-500 text-white rounded-md hover:bg-blue-600 disabled:bg-gray-300 disabled:cursor-not-allowed transition-colors"[39m
            [33mtype[39m=[32m"submit"[39m
          [36m>[39m
            [0mCreate Persona[0m
          [36m</button>[39m
        [36m</div>[39m
      [36m</form>[39m
    [36m</div>[39m
  [36m</div>[39m
[36m</body>[39m

Ignored nodes: comments, script, style
[36m<html>[39m
  [36m<head />[39m
  [36m<body>[39m
    [36m<div>[39m
      [36m<div[39m
        [33mclass[39m=[32m"max-w-4xl mx-auto p-6 bg-white rounded-lg shadow-lg"[39m
      [36m>[39m
        [36m<h2[39m
          [33mclass[39m=[32m"text-2xl font-bold mb-6 text-gray-800"[39m
        [36m>[39m
          [0mCreate New Persona[0m
        [36m</h2>[39m
        [36m<form[39m
          [33mclass[39m=[32m"space-y-6"[39m
        [36m>[39m
          [36m<div[39m
            [33mclass[39m=[32m"grid grid-cols-1 md:grid-cols-2 gap-6"[39m
          [36m>[39m
            [36m<div>[39m
              [36m<label[39m
                [33mclass[39m=[32m"block text-sm font-medium text-gray-700 mb-2"[39m
              [36m>[39m
                [0mPersona Name *[0m
              [36m</label>[39m
              [36m<input[39m
                [33mclass[39m=[32m"w-full px-3 py-2 border rounded-md focus:outline-none focus:ring-2 focus:ring-blue-500 border-gray-300"[39m
                [33mplaceholder[39m=[32m"Enter persona name"[39m
                [33mtype[39m=[32m"text"[39m
                [33mvalue[39m=[32m""[39m
              [36m/>[39m
            [36m</div>[39m
            [36m<div>[39m
              [36m<label[39m
                [33mclass[39m=[32m"block text-sm font-medium text-gray-700 mb-2"[39m
              [36m>[39m
                [0mProject *[0m
              [36m</label>[39m
              [36m<select[39m
                [33mclass[39m=[32m"w-full px-3 py-2 border rounded-md focus:outline-none focus:ring-2 focus:ring-blue-500 border-gray-300"[39m
              [36m>[39m
                [36m<option[39m
                  [33mvalue[39m=[32m""[39m
                [36m>[39m
                  [0mSelect a project[0m
                [36m</option>[39m
                [36m<option[39m
                  [33mvalue[39m=[32m"1"[39m
                [36m>[39m
                  [0mTest Project 1[0m
                  [0m - [0m
                  [0mTechnology[0m
                [36m</option>[39m
                [36m<option[39m
                  [33mvalue[39m=[32m"2"[39m
                [36m>[39m
                  [0mTest Project 2[0m
                  [0m - [0m
                  [0mHealthcare[0m
                [36m</option>[39m
              [36m</select>[39m
            [36m</div>[39m
          [36m</div>[39m
          [36m<div>[39m
            [36m<label[39m
              [33mclass[39m=[32m"block text-sm font-medium text-gray-700 mb-2"[39m
            [36m>[39m
              [0mRole *[0m
            [36m</label>[39m
            [36m<input[39m
              [33mclass[39m=[32m"w-full px-3 py-2 border rounded-md focus:outline-none focus:ring-2 focus:ring-blue-500 border-gray-300"[39m
              [33mplaceholder[39m=[32m"e.g., Product Manager, UX Designer, Developer"[39m
              [33mtype[39m=[32m"text"[39m
              [33mvalue[39m=[32m""[39m
            [36m/>[39m
          [36m</div>[39m
          [36m<div>[39m
            [36m<label[39m
              [33mclass[39m=[32m"block text-sm font-medium text-gray-700 mb-2"[39m
            [36m>[39m
              [0mBackground *[0m
            [36m</label>[39m
            [36m<textarea[39m
              [33mclass[39m=[32m"w-full px-3 py-2 border rounded-md focus:outline-none focus:ring-2 focus:ring-blue-500 border-gray-300"[39m
              [33mplaceholder[39m=[32m"Describe the persona's background, experience, and context..."[39m
              [33mrows[39m=[32m"4"[39m
            [36m/>[39m
          [36m</div>[39m
          [36m<div>[39m
            [36m<label[39m
              [33mclass[39m=[32m"block text-sm font-medium text-gray-700 mb-2"[39m
            [36m>[39m
              [0mPersonality Traits * (3-10 traits)[0m
            [36m</label>[39m
            [36m<div[39m
              [33mclass[39m=[32m"flex gap-2 mb-2"[39m
            [36m>[39m
              [36m<input[39m
                [33mclass[39m=[32m"flex-1 px-3 py-2 border border-gray-300 rounded-md focus:outline-none focus:ring-2 focus:ring-blue-500"[39m
                [33mplaceholder[39m=[32m"Add a personality trait"[39m
                [33mtype[39m=[32m"text"[39m
                [33mvalue[39m=[32m""[39m
              [36m/>[39m
              [36m<button[39m
                [33mclass[39m=[32m"px-4 py-2 bg-green-500 text-white rounded-md hover:bg-green-600 disabled:bg-gray-300 disabled:cursor-not-allowed"[39m
                [33mdisabled[39m=[32m""[39m
                [33mtype[39m=[32m"button"[39m
              [36m>[39m
                [0mAdd[0m
              [36m</button>[39m
            [36m</div>[39m
            [36m<div[39m
              [33mclass[39m=[32m"flex flex-wrap gap-2"[39m
            [36m/>[39m
          [36m</div>[39m
          [36m<div[39m
            [33mclass[39m=[32m"grid grid-cols-1 md:grid-cols-2 gap-6"[39m
          [36m>[39m
            [36m<div>[39m
              [36m<label[39m
                [33mclass[39m=[32m"block text-sm font-medium text-gray-700 mb-2"[39m
              [36m>[39m
                [0mCommunication Style[0m
              [36m</label>[39m
              [36m<select[39m
                [33mclass[39m=[32m"w-full px-3 py-2 border border-gray-300 rounded-md focus:outline-none focus:ring-2 focus:ring-blue-500"[39m
              [36m>[39m
                [36m<option[39m
                  [33mvalue[39m=[32m"formal"[39m
                [36m>[39m
                  [0mFormal[0m
                [36m</option>[39m
                [36m<option[39m
                  [33mvalue[39m=[32m"casual"[39m
                [36m>[39m
                  [0mCasual[0m
                [36m</option>[39m
                [36m<option[39m
                  [33mvalue[39m=[32m"technical"[39m
                [36m>[39m
                  [0mTechnical[0m
                [36m</option>[39m
                [36m<option[39m
                  [33mvalue[39m=[32m"collaborative"[39m
                [36m>[39m
                  [0mCollaborative[0m
                [36m</option>[39m
                [36m<option[39m
                  [33mvalue[39m=[32m"authoritative"[39m
                [36m>[39m
                  [0mAuthoritative[0m
                [36m</option>[39m
                [36m<option[39m
                  [33mvalue[39m=[32m"supportive"[39m
                [36m>[39m
                  [0mSupportive[0m
                [36m</option>[39m
              [36m</select>[39m
            [36m</div>[39m
            [36m<div>[39m
              [36m<label[39m
                [33mclass[39m=[32m"block text-sm font-medium text-gray-700 mb-2"[39m
              [36m>[39m
                [0mDecision Making Style[0m
              [36m</label>[39m
              [36m<select[39m
                [33mclass[39m=[32m"w-full px-3 py-2 border border-gray-300 rounded-md focus:outline-none focus:ring-2 focus:ring-blue-500"[39m
              [36m>[39m
                [36m<option[39m
                  [33mvalue[39m=[32m"analytical"[39m
                [36m>[39m
                  [0mAnalytical[0m
                [36m</option>[39m
                [36m<option[39m
                  [33mvalue[39m=[32m"intuitive"[39m
                [36m>[39m
                  [0mIntuitive[0m
                [36m</option>[39m
                [36m<option[39m
                  [33mvalue[39m=[32m"consensus-driven"[39m
                [36m>[39m
                  [0mConsensus-driven[0m
                [36m</option>[39m
                [36m<option[39m
                  [33mvalue[39m=[32m"authoritative"[39m
                [36m>[39m
                  [0mAuthoritative[0m
                [36m</option>[39m
                [36m<option[39m
                  [33mvalue[39m=[32m"risk-averse"[39m
                [36m>[39m
                  [0mRisk-averse[0m
                [36m</option>[39m
                [36m<option[39m
                  [33mvalue[39m=[32m"risk-taking"[39m
                [36m>[39m
                  [0mRisk-taking[0m
                [36m</option>[39m
              [36m</select>[39m
            [36m</div>[39m
          [36m</div>[39m
          [36m<div>[39m
            [36m<label[39m
              [33mclass[39m=[32m"block text-sm font-medium text-gray-700 mb-2"[39m
            [36m>[39m
              [0mPriorities * (2-8 priorities)[0m
            [36m</label>[39m
            [36m<div[39m
              [33mclass[39m=[32m"flex gap-2 mb-2"[39m
            [36m>[39m
              [36m<input[39m
                [33mclass[39m=[32m"flex-1 px-3 py-2 border border-gray-300 rounded-md focus:outline-none focus:ring-2 focus:ring-blue-500"[39m
                [33mplaceholder[39m=[32m"Add a priority"[39m
                [33mtype[39m=[32m"text"[39m
                [33mvalue[39m=[32m""[39m
              [36m/>[39m
              [36m<button[39m
                [33mclass[39m=[32m"px-4 py-2 bg-green-500 text-white rounded-md hover:bg-green-600 disabled:bg-gray-300 disabled:cursor-not-allowed"[39m
                [33mdisabled[39m=[32m""[39m
                [33mtype[39m=[32m"button"[39m
              [36m>[39m
                [0mAdd[0m
              [36m</button>[39m
            [36m</div>[39m
            [36m<div[39m
              [33mclass[39m=[32m"flex flex-wrap gap-2"[39m
            [36m/>[39m
          [36m</div>[39m
          [36m<div>[39m
            [36m<label[39m
              [33mclass[39m=[32m"block text-sm font-medium text-gray-700 mb-2"[39m
            [36m>[39m
              [0mGoals * (1-5 goals)[0m
            [36m</label>[39m
            [36m<div[39m
              [33mclass[39m=[32m"flex gap-2 mb-2"[39m
            [36m>[39m
              [36m<input[39m
                [33mclass[39m=[32m"flex-1 px-3 py-2 border border-gray-300 rounded-md focus:outline-none focus:ring-2 focus:ring-blue-500"[39m
                [33mplaceholder[39m=[32m"Add a goal"[39m
                [33mtype[39m=[32m"text"[39m
                [33mvalue[39m=[32m""[39m
              [36m/>[39m
              [36m<button[39m
                [33mclass[39m=[32m"px-4 py-2 bg-green-500 text-white rounded-md hover:bg-green-600 disabled:bg-gray-300 disabled:cursor-not-allowed"[39m
                [33mdisabled[39m=[32m""[39m
                [33mtype[39m=[32m"button"[39m
              [36m>[39m
                [0mAdd[0m
              [36m</button>[39m
            [36m</div>[39m
            [36m<div[39m
              [33mclass[39m=[32m"flex flex-wrap gap-2"[39m
            [36m/>[39m
          [36m</div>[39m
          [36m<div[39m
            [33mclass[39m=[32m"bg-gray-50 p-4 rounded-lg"[39m
          [36m>[39m
            [36m<h3[39m
              [33mclass[39m=[32m"text-lg font-semibold text-gray-800 mb-3"[39m
            [36m>[39m
              [0mAI Configuration[0m
            [36m</h3>[39m
            [36m<div[39m
              [33mclass[39m=[32m"grid grid-cols-1 md:grid-cols-2 gap-4 mb-4"[39m
            [36m>[39m
              [36m<div>[39m
                [36m<label[39m
                  [33mclass[39m=[32m"block text-sm font-medium text-gray-700 mb-2"[39m
                [36m>[39m
                  [0mAI Model[0m
                [36m</label>[39m
                [36m<select[39m
                  [33mclass[39m=[32m"w-full px-3 py-2 border border-gray-300 rounded-md focus:outline-none focus:ring-2 focus:ring-blue-500"[39m
                [36m>[39m
                  [36m<option[39m
                    [33mvalue[39m=[32m"gpt-4"[39m
                  [36m>[39m
                    [0mGPT-4[0m
                  [36m</option>[39m
                  [36m<option[39m
                    [33mvalue[39m=[32m"gpt-3.5-turbo"[39m
                  [36m>[39m
                    [0mGPT-3.5 Turbo[0m
                  [36m</option>[39m
                  [36m<option[39m
                    [33mvalue[39m=[32m"claude-3"[39m
                  [36m>[39m
                    [0mClaude-3[0m
                  [36m</option>[39m
                  [36m<option[39m
                    [33mvalue[39m=[32m"claude-2"[39m
                  [36m>[39m
                    [0mClaude-2[0m
                  [36m</option>[39m
                [36m</select>[39m
              [36m</div>[39m
              [36m<div>[39m
                [36m<label[39m
                  [33mclass[39m=[32m"block text-sm font-medium text-gray-700 mb-2"[39m
                [36m>[39m
                  [0mTemperature: [0m
                  [0m0.7[0m
                [36m</label>[39m
                [36m<input[39m
                  [33mclass[39m=[32m"w-full"[39m
                  [33mmax[39m=[32m"2"[39m
                  [33mmin[39m=[32m"0"[39m
                  [33mstep[39m=[32m"0.1"[39m
                  [33mtype[39m=[32m"range"[39m
                  [33mvalue[39m=[32m"0.7"[39m
                [36m/>[39m
                [36m<div[39m
                  [33mclass[39m=[32m"flex justify-between text-xs text-gray-500"[39m
                [36m>[39m
                  [36m<span>[39m
                    [0mFocused[0m
                  [36m</span>[39m
                  [36m<span>[39m
                    [0mCreative[0m
                  [36m</span>[39m
                [36m</div>[39m
              [36m</div>[39m
            [36m</div>[39m
            [36m<div>[39m
              [36m<label[39m
                [33mclass[39m=[32m"block text-sm font-medium text-gray-700 mb-2"[39m
              [36m>[39m
                [0mSystem Prompt *[0m
              [36m</label>[39m
              [36m<div[39m
                [33mclass[39m=[32m"flex gap-2 mb-2"[39m
              [36m>[39m
                [36m<button[39m
                  [33mclass[39m=[32m"px-3 py-1 bg-blue-500 text-white text-sm rounded hover:bg-blue-600 transition-colors"[39m
                  [33mtype[39m=[32m"button"[39m
                [36m>[39m
                  [0mAuto-Generate[0m
                [36m</button>[39m
              [36m</div>[39m
              [36m<textarea[39m
                [33mclass[39m=[32m"w-full px-3 py-2 border rounded-md focus:outline-none focus:ring-2 focus:ring-blue-500 border-gray-300"[39m
                [33mplaceholder[39m=[32m"Enter the system prompt that will guide the AI's responses..."[39m
                [33mrows[39m=[32m"6"[39m
              [36m/>[39m
            [36m</div>[39m
          [36m</div>[39m
          [36m<div[39m
            [33mclass[39m=[32m"bg-gray-50 p-4 rounded-lg"[39m
          [36m>[39m
            [36m<h3[39m
              [33mclass[39m=[32m"text-lg font-semibold text-gray-800 mb-3"[39m
            [36m>[39m
              [0mAvailability Settings[0m
            [36m</h3>[39m
            [36m<div[39m
              [33mclass[39m=[32m"grid grid-cols-1 md:grid-cols-3 gap-4"[39m
            [36m>[39m
              [36m<div>[39m
                [36m<label[39m
                  [33mclass[39m=[32m"block text-sm font-medium text-gray-700 mb-2"[39m
                [36m>[39m
                  [0mResponse Time (minutes)[0m
                [36m</label>[39m
                [36m<input[39m
                  [33mclass[39m=[32m"w-full px-3 py-2 border border-gray-300 rounded-md focus:outline-none focus:ring-2 focus:ring-blue-500"[39m
                  [33mmax[39m=[32m"1440"[39m
                  [33mmin[39m=[32m"1"[39m
                  [33mtype[39m=[32m"number"[39m
                  [33mvalue[39m=[32m"5"[39m
                [36m/>[39m
              [36m</div>[39m
              [36m<div>[39m
                [36m<label[39m
                  [33mclass[39m=[32m"block text-sm font-medium text-gray-700 mb-2"[39m
                [36m>[39m
                  [0mStart Time[0m
                [36m</label>[39m
                [36m<input[39m
                  [33mclass[39m=[32m"w-full px-3 py-2 border border-gray-300 rounded-md focus:outline-none focus:ring-2 focus:ring-blue-500"[39m
                  [33mtype[39m=[32m"time"[39m
                  [33mvalue[39m=[32m"09:00"[39m
                [36m/>[39m
              [36m</div>[39m
              [36m<div>[39m
                [36m<label[39m
                  [33mclass[39m=[32m"block text-sm font-medium text-gray-700 mb-2"[39m
                [36m>[39m
                  [0mEnd Time[0m
                [36m</label>[39m
                [36m<input[39m
                  [33mclass[39m=[32m"w-full px-3 py-2 border border-gray-300 rounded-md focus:outline-none focus:ring-2 focus:ring-blue-500"[39m
                  [33mtype[39m=[32m"time"[39m
                  [33mvalue[39m=[32m"17:00"[39m
                [36m/>[39m
              [36m</div>[39m
            [36m</div>[39m
          [36m</div>[39m
          [36m<div[39m
            [33mclass[39m=[32m"flex justify-end gap-4 pt-6 border-t"[39m
          [36m>[39m
            [36m<button[39m
              [33mclass[39m=[32m"px-6 py-2 border border-gray-300 text-gray-700 rounded-md hover:bg-gray-50 transition-colors"[39m
              [33mtype[39m=[32m"button"[39m
            [36m>[39m
              [0mCancel[0m
            [36m</button>[39m
            [36m<button[39m
              [33mclass[39m=[32m"px-6 py-2 bg-blue-500 text-white rounded-md hover:bg-blue-600 disabled:bg-gray-300 disabled:cursor-not-allowed transition-colors"[39m
              [33mtype[39m=[32m"submit"[39m
            [36m>[39m
              [0mCreate Persona[0m
            [36m</button>[39m
          [36m</div>[39m
        [36m</form>[39m
      [36m</div>[39m
    [36m</div>[39m
  [36m</body>[39m
[36m</html>[39m
   × PersonaForm > handles submit errors gracefully 1007ms
     → Found a label with the text of: /Persona Name/, however no form control was found associated to that label. Make sure you're using the "for" attribute or "aria-labelledby" attribute correctly.

Ignored nodes: comments, script, style
[36m<body>[39m
  [36m<div>[39m
    [36m<div[39m
      [33mclass[39m=[32m"max-w-4xl mx-auto p-6 bg-white rounded-lg shadow-lg"[39m
    [36m>[39m
      [36m<h2[39m
        [33mclass[39m=[32m"text-2xl font-bold mb-6 text-gray-800"[39m
      [36m>[39m
        [0mCreate New Persona[0m
      [36m</h2>[39m
      [36m<form[39m
        [33mclass[39m=[32m"space-y-6"[39m
      [36m>[39m
        [36m<div[39m
          [33mclass[39m=[32m"grid grid-cols-1 md:grid-cols-2 gap-6"[39m
        [36m>[39m
          [36m<div>[39m
            [36m<label[39m
              [33mclass[39m=[32m"block text-sm font-medium text-gray-700 mb-2"[39m
            [36m>[39m
              [0mPersona Name *[0m
            [36m</label>[39m
            [36m<input[39m
              [33mclass[39m=[32m"w-full px-3 py-2 border rounded-md focus:outline-none focus:ring-2 focus:ring-blue-500 border-gray-300"[39m
              [33mplaceholder[39m=[32m"Enter persona name"[39m
              [33mtype[39m=[32m"text"[39m
              [33mvalue[39m=[32m""[39m
            [36m/>[39m
          [36m</div>[39m
          [36m<div>[39m
            [36m<label[39m
              [33mclass[39m=[32m"block text-sm font-medium text-gray-700 mb-2"[39m
            [36m>[39m
              [0mProject *[0m
            [36m</label>[39m
            [36m<select[39m
              [33mclass[39m=[32m"w-full px-3 py-2 border rounded-md focus:outline-none focus:ring-2 focus:ring-blue-500 border-gray-300"[39m
            [36m>[39m
              [36m<option[39m
                [33mvalue[39m=[32m""[39m
              [36m>[39m
                [0mSelect a project[0m
              [36m</option>[39m
              [36m<option[39m
                [33mvalue[39m=[32m"1"[39m
              [36m>[39m
                [0mTest Project 1[0m
                [0m - [0m
                [0mTechnology[0m
              [36m</option>[39m
              [36m<option[39m
                [33mvalue[39m=[32m"2"[39m
              [36m>[39m
                [0mTest Project 2[0m
                [0m - [0m
                [0mHealthcare[0m
              [36m</option>[39m
            [36m</select>[39m
          [36m</div>[39m
        [36m</div>[39m
        [36m<div>[39m
          [36m<label[39m
            [33mclass[39m=[32m"block text-sm font-medium text-gray-700 mb-2"[39m
          [36m>[39m
            [0mRole *[0m
          [36m</label>[39m
          [36m<input[39m
            [33mclass[39m=[32m"w-full px-3 py-2 border rounded-md focus:outline-none focus:ring-2 focus:ring-blue-500 border-gray-300"[39m
            [33mplaceholder[39m=[32m"e.g., Product Manager, UX Designer, Developer"[39m
            [33mtype[39m=[32m"text"[39m
            [33mvalue[39m=[32m""[39m
          [36m/>[39m
        [36m</div>[39m
        [36m<div>[39m
          [36m<label[39m
            [33mclass[39m=[32m"block text-sm font-medium text-gray-700 mb-2"[39m
          [36m>[39m
            [0mBackground *[0m
          [36m</label>[39m
          [36m<textarea[39m
            [33mclass[39m=[32m"w-full px-3 py-2 border rounded-md focus:outline-none focus:ring-2 focus:ring-blue-500 border-gray-300"[39m
            [33mplaceholder[39m=[32m"Describe the persona's background, experience, and context..."[39m
            [33mrows[39m=[32m"4"[39m
          [36m/>[39m
        [36m</div>[39m
        [36m<div>[39m
          [36m<label[39m
            [33mclass[39m=[32m"block text-sm font-medium text-gray-700 mb-2"[39m
          [36m>[39m
            [0mPersonality Traits * (3-10 traits)[0m
          [36m</label>[39m
          [36m<div[39m
            [33mclass[39m=[32m"flex gap-2 mb-2"[39m
          [36m>[39m
            [36m<input[39m
              [33mclass[39m=[32m"flex-1 px-3 py-2 border border-gray-300 rounded-md focus:outline-none focus:ring-2 focus:ring-blue-500"[39m
              [33mplaceholder[39m=[32m"Add a personality trait"[39m
              [33mtype[39m=[32m"text"[39m
              [33mvalue[39m=[32m""[39m
            [36m/>[39m
            [36m<button[39m
              [33mclass[39m=[32m"px-4 py-2 bg-green-500 text-white rounded-md hover:bg-green-600 disabled:bg-gray-300 disabled:cursor-not-allowed"[39m
              [33mdisabled[39m=[32m""[39m
              [33mtype[39m=[32m"button"[39m
            [36m>[39m
              [0mAdd[0m
            [36m</button>[39m
          [36m</div>[39m
          [36m<div[39m
            [33mclass[39m=[32m"flex flex-wrap gap-2"[39m
          [36m/>[39m
        [36m</div>[39m
        [36m<div[39m
          [33mclass[39m=[32m"grid grid-cols-1 md:grid-cols-2 gap-6"[39m
        [36m>[39m
          [36m<div>[39m
            [36m<label[39m
              [33mclass[39m=[32m"block text-sm font-medium text-gray-700 mb-2"[39m
            [36m>[39m
              [0mCommunication Style[0m
            [36m</label>[39m
            [36m<select[39m
              [33mclass[39m=[32m"w-full px-3 py-2 border border-gray-300 rounded-md focus:outline-none focus:ring-2 focus:ring-blue-500"[39m
            [36m>[39m
              [36m<option[39m
                [33mvalue[39m=[32m"formal"[39m
              [36m>[39m
                [0mFormal[0m
              [36m</option>[39m
              [36m<option[39m
                [33mvalue[39m=[32m"casual"[39m
              [36m>[39m
                [0mCasual[0m
              [36m</option>[39m
              [36m<option[39m
                [33mvalue[39m=[32m"technical"[39m
              [36m>[39m
                [0mTechnical[0m
              [36m</option>[39m
              [36m<option[39m
                [33mvalue[39m=[32m"collaborative"[39m
              [36m>[39m
                [0mCollaborative[0m
              [36m</option>[39m
              [36m<option[39m
                [33mvalue[39m=[32m"authoritative"[39m
              [36m>[39m
                [0mAuthoritative[0m
              [36m</option>[39m
              [36m<option[39m
                [33mvalue[39m=[32m"supportive"[39m
              [36m>[39m
                [0mSupportive[0m
              [36m</option>[39m
            [36m</select>[39m
          [36m</div>[39m
          [36m<div>[39m
            [36m<label[39m
              [33mclass[39m=[32m"block text-sm font-medium text-gray-700 mb-2"[39m
            [36m>[39m
              [0mDecision Making Style[0m
            [36m</label>[39m
            [36m<select[39m
              [33mclass[39m=[32m"w-full px-3 py-2 border border-gray-300 rounded-md focus:outline-none focus:ring-2 focus:ring-blue-500"[39m
            [36m>[39m
              [36m<option[39m
                [33mvalue[39m=[32m"analytical"[39m
              [36m>[39m
                [0mAnalytical[0m
              [36m</option>[39m
              [36m<option[39m
                [33mvalue[39m=[32m"intuitive"[39m
              [36m>[39m
                [0mIntuitive[0m
              [36m</option>[39m
              [36m<option[39m
                [33mvalue[39m=[32m"consensus-driven"[39m
              [36m>[39m
                [0mConsensus-driven[0m
              [36m</option>[39m
              [36m<option[39m
                [33mvalue[39m=[32m"authoritative"[39m
              [36m>[39m
                [0mAuthoritative[0m
              [36m</option>[39m
              [36m<option[39m
                [33mvalue[39m=[32m"risk-averse"[39m
              [36m>[39m
                [0mRisk-averse[0m
              [36m</option>[39m
              [36m<option[39m
                [33mvalue[39m=[32m"risk-taking"[39m
              [36m>[39m
                [0mRisk-taking[0m
              [36m</option>[39m
            [36m</select>[39m
          [36m</div>[39m
        [36m</div>[39m
        [36m<div>[39m
          [36m<label[39m
            [33mclass[39m=[32m"block text-sm font-medium text-gray-700 mb-2"[39m
          [36m>[39m
            [0mPriorities * (2-8 priorities)[0m
          [36m</label>[39m
          [36m<div[39m
            [33mclass[39m=[32m"flex gap-2 mb-2"[39m
          [36m>[39m
            [36m<input[39m
              [33mclass[39m=[32m"flex-1 px-3 py-2 border border-gray-300 rounded-md focus:outline-none focus:ring-2 focus:ring-blue-500"[39m
              [33mplaceholder[39m=[32m"Add a priority"[39m
              [33mtype[39m=[32m"text"[39m
              [33mvalue[39m=[32m""[39m
            [36m/>[39m
            [36m<button[39m
              [33mclass[39m=[32m"px-4 py-2 bg-green-500 text-white rounded-md hover:bg-green-600 disabled:bg-gray-300 disabled:cursor-not-allowed"[39m
              [33mdisabled[39m=[32m""[39m
              [33mtype[39m=[32m"button"[39m
            [36m>[39m
              [0mAdd[0m
            [36m</button>[39m
          [36m</div>[39m
          [36m<div[39m
            [33mclass[39m=[32m"flex flex-wrap gap-2"[39m
          [36m/>[39m
        [36m</div>[39m
        [36m<div>[39m
          [36m<label[39m
            [33mclass[39m=[32m"block text-sm font-medium text-gray-700 mb-2"[39m
          [36m>[39m
            [0mGoals * (1-5 goals)[0m
          [36m</label>[39m
          [36m<div[39m
            [33mclass[39m=[32m"flex gap-2 mb-2"[39m
          [36m>[39m
            [36m<input[39m
              [33mclass[39m=[32m"flex-1 px-3 py-2 border border-gray-300 rounded-md focus:outline-none focus:ring-2 focus:ring-blue-500"[39m
              [33mplaceholder[39m=[32m"Add a goal"[39m
              [33mtype[39m=[32m"text"[39m
              [33mvalue[39m=[32m""[39m
            [36m/>[39m
            [36m<button[39m
              [33mclass[39m=[32m"px-4 py-2 bg-green-500 text-white rounded-md hover:bg-green-600 disabled:bg-gray-300 disabled:cursor-not-allowed"[39m
              [33mdisabled[39m=[32m""[39m
              [33mtype[39m=[32m"button"[39m
            [36m>[39m
              [0mAdd[0m
            [36m</button>[39m
          [36m</div>[39m
          [36m<div[39m
            [33mclass[39m=[32m"flex flex-wrap gap-2"[39m
          [36m/>[39m
        [36m</div>[39m
        [36m<div[39m
          [33mclass[39m=[32m"bg-gray-50 p-4 rounded-lg"[39m
        [36m>[39m
          [36m<h3[39m
            [33mclass[39m=[32m"text-lg font-semibold text-gray-800 mb-3"[39m
          [36m>[39m
            [0mAI Configuration[0m
          [36m</h3>[39m
          [36m<div[39m
            [33mclass[39m=[32m"grid grid-cols-1 md:grid-cols-2 gap-4 mb-4"[39m
          [36m>[39m
            [36m<div>[39m
              [36m<label[39m
                [33mclass[39m=[32m"block text-sm font-medium text-gray-700 mb-2"[39m
              [36m>[39m
                [0mAI Model[0m
              [36m</label>[39m
              [36m<select[39m
                [33mclass[39m=[32m"w-full px-3 py-2 border border-gray-300 rounded-md focus:outline-none focus:ring-2 focus:ring-blue-500"[39m
              [36m>[39m
                [36m<option[39m
                  [33mvalue[39m=[32m"gpt-4"[39m
                [36m>[39m
                  [0mGPT-4[0m
                [36m</option>[39m
                [36m<option[39m
                  [33mvalue[39m=[32m"gpt-3.5-turbo"[39m
                [36m>[39m
                  [0mGPT-3.5 Turbo[0m
                [36m</option>[39m
                [36m<option[39m
                  [33mvalue[39m=[32m"claude-3"[39m
                [36m>[39m
                  [0mClaude-3[0m
                [36m</option>[39m
                [36m<option[39m
                  [33mvalue[39m=[32m"claude-2"[39m
                [36m>[39m
                  [0mClaude-2[0m
                [36m</option>[39m
              [36m</select>[39m
            [36m</div>[39m
            [36m<div>[39m
              [36m<label[39m
                [33mclass[39m=[32m"block text-sm font-medium text-gray-700 mb-2"[39m
              [36m>[39m
                [0mTemperature: [0m
                [0m0.7[0m
              [36m</label>[39m
              [36m<input[39m
                [33mclass[39m=[32m"w-full"[39m
                [33mmax[39m=[32m"2"[39m
                [33mmin[39m=[32m"0"[39m
                [33mstep[39m=[32m"0.1"[39m
                [33mtype[39m=[32m"range"[39m
                [33mvalue[39m=[32m"0.7"[39m
              [36m/>[39m
              [36m<div[39m
                [33mclass[39m=[32m"flex justify-between text-xs text-gray-500"[39m
              [36m>[39m
                [36m<span>[39m
                  [0mFocused[0m
                [36m</span>[39m
                [36m<span>[39m
                  [0mCreative[0m
                [36m</span>[39m
              [36m</div>[39m
            [36m</div>[39m
          [36m</div>[39m
          [36m<div>[39m
            [36m<label[39m
              [33mclass[39m=[32m"block text-sm font-medium text-gray-700 mb-2"[39m
            [36m>[39m
              [0mSystem Prompt *[0m
            [36m</label>[39m
            [36m<div[39m
              [33mclass[39m=[32m"flex gap-2 mb-2"[39m
            [36m>[39m
              [36m<button[39m
                [33mclass[39m=[32m"px-3 py-1 bg-blue-500 text-white text-sm rounded hover:bg-blue-600 transition-colors"[39m
                [33mtype[39m=[32m"button"[39m
              [36m>[39m
                [0mAuto-Generate[0m
              [36m</button>[39m
            [36m</div>[39m
            [36m<textarea[39m
              [33mclass[39m=[32m"w-full px-3 py-2 border rounded-md focus:outline-none focus:ring-2 focus:ring-blue-500 border-gray-300"[39m
              [33mplaceholder[39m=[32m"Enter the system prompt that will guide the AI's responses..."[39m
              [33mrows[39m=[32m"6"[39m
            [36m/>[39m
          [36m</div>[39m
        [36m</div>[39m
        [36m<div[39m
          [33mclass[39m=[32m"bg-gray-50 p-4 rounded-lg"[39m
        [36m>[39m
          [36m<h3[39m
            [33mclass[39m=[32m"text-lg font-semibold text-gray-800 mb-3"[39m
          [36m>[39m
            [0mAvailability Settings[0m
          [36m</h3>[39m
          [36m<div[39m
            [33mclass[39m=[32m"grid grid-cols-1 md:grid-cols-3 gap-4"[39m
          [36m>[39m
            [36m<div>[39m
              [36m<label[39m
                [33mclass[39m=[32m"block text-sm font-medium text-gray-700 mb-2"[39m
              [36m>[39m
                [0mResponse Time (minutes)[0m
              [36m</label>[39m
              [36m<input[39m
                [33mclass[39m=[32m"w-full px-3 py-2 border border-gray-300 rounded-md focus:outline-none focus:ring-2 focus:ring-blue-500"[39m
                [33mmax[39m=[32m"1440"[39m
                [33mmin[39m=[32m"1"[39m
                [33mtype[39m=[32m"number"[39m
                [33mvalue[39m=[32m"5"[39m
              [36m/>[39m
            [36m</div>[39m
            [36m<div>[39m
              [36m<label[39m
                [33mclass[39m=[32m"block text-sm font-medium text-gray-700 mb-2"[39m
              [36m>[39m
                [0mStart Time[0m
              [36m</label>[39m
              [36m<input[39m
                [33mclass[39m=[32m"w-full px-3 py-2 border border-gray-300 rounded-md focus:outline-none focus:ring-2 focus:ring-blue-500"[39m
                [33mtype[39m=[32m"time"[39m
                [33mvalue[39m=[32m"09:00"[39m
              [36m/>[39m
            [36m</div>[39m
            [36m<div>[39m
              [36m<label[39m
                [33mclass[39m=[32m"block text-sm font-medium text-gray-700 mb-2"[39m
              [36m>[39m
                [0mEnd Time[0m
              [36m</label>[39m
              [36m<input[39m
                [33mclass[39m=[32m"w-full px-3 py-2 border border-gray-300 rounded-md focus:outline-none focus:ring-2 focus:ring-blue-500"[39m
                [33mtype[39m=[32m"time"[39m
                [33mvalue[39m=[32m"17:00"[39m
              [36m/>[39m
            [36m</div>[39m
          [36m</div>[39m
        [36m</div>[39m
        [36m<div[39m
          [33mclass[39m=[32m"flex justify-end gap-4 pt-6 border-t"[39m
        [36m>[39m
          [36m<button[39m
            [33mclass[39m=[32m"px-6 py-2 border border-gray-300 text-gray-700 rounded-md hover:bg-gray-50 transition-colors"[39m
            [33mtype[39m=[32m"button"[39m
          [36m>[39m
            [0mCancel[0m
          [36m</button>[39m
          [36m<button[39m
            [33mclass[39m=[32m"px-6 py-2 bg-blue-500 text-white rounded-md hover:bg-blue-600 disabled:bg-gray-300 disabled:cursor-not-allowed transition-colors"[39m
            [33mtype[39m=[32m"submit"[39m
          [36m>[39m
            [0mCreate Persona[0m
          [36m</button>[39m
        [36m</div>[39m
      [36m</form>[39m
    [36m</div>[39m
  [36m</div>[39m
[36m</body>[39m

Ignored nodes: comments, script, style
[36m<html>[39m
  [36m<head />[39m
  [36m<body>[39m
    [36m<div>[39m
      [36m<div[39m
        [33mclass[39m=[32m"max-w-4xl mx-auto p-6 bg-white rounded-lg shadow-lg"[39m
      [36m>[39m
        [36m<h2[39m
          [33mclass[39m=[32m"text-2xl font-bold mb-6 text-gray-800"[39m
        [36m>[39m
          [0mCreate New Persona[0m
        [36m</h2>[39m
        [36m<form[39m
          [33mclass[39m=[32m"space-y-6"[39m
        [36m>[39m
          [36m<div[39m
            [33mclass[39m=[32m"grid grid-cols-1 md:grid-cols-2 gap-6"[39m
          [36m>[39m
            [36m<div>[39m
              [36m<label[39m
                [33mclass[39m=[32m"block text-sm font-medium text-gray-700 mb-2"[39m
              [36m>[39m
                [0mPersona Name *[0m
              [36m</label>[39m
              [36m<input[39m
                [33mclass[39m=[32m"w-full px-3 py-2 border rounded-md focus:outline-none focus:ring-2 focus:ring-blue-500 border-gray-300"[39m
                [33mplaceholder[39m=[32m"Enter persona name"[39m
                [33mtype[39m=[32m"text"[39m
                [33mvalue[39m=[32m""[39m
              [36m/>[39m
            [36m</div>[39m
            [36m<div>[39m
              [36m<label[39m
                [33mclass[39m=[32m"block text-sm font-medium text-gray-700 mb-2"[39m
              [36m>[39m
                [0mProject *[0m
              [36m</label>[39m
              [36m<select[39m
                [33mclass[39m=[32m"w-full px-3 py-2 border rounded-md focus:outline-none focus:ring-2 focus:ring-blue-500 border-gray-300"[39m
              [36m>[39m
                [36m<option[39m
                  [33mvalue[39m=[32m""[39m
                [36m>[39m
                  [0mSelect a project[0m
                [36m</option>[39m
                [36m<option[39m
                  [33mvalue[39m=[32m"1"[39m
                [36m>[39m
                  [0mTest Project 1[0m
                  [0m - [0m
                  [0mTechnology[0m
                [36m</option>[39m
                [36m<option[39m
                  [33mvalue[39m=[32m"2"[39m
                [36m>[39m
                  [0mTest Project 2[0m
                  [0m - [0m
                  [0mHealthcare[0m
                [36m</option>[39m
              [36m</select>[39m
            [36m</div>[39m
          [36m</div>[39m
          [36m<div>[39m
            [36m<label[39m
              [33mclass[39m=[32m"block text-sm font-medium text-gray-700 mb-2"[39m
            [36m>[39m
              [0mRole *[0m
            [36m</label>[39m
            [36m<input[39m
              [33mclass[39m=[32m"w-full px-3 py-2 border rounded-md focus:outline-none focus:ring-2 focus:ring-blue-500 border-gray-300"[39m
              [33mplaceholder[39m=[32m"e.g., Product Manager, UX Designer, Developer"[39m
              [33mtype[39m=[32m"text"[39m
              [33mvalue[39m=[32m""[39m
            [36m/>[39m
          [36m</div>[39m
          [36m<div>[39m
            [36m<label[39m
              [33mclass[39m=[32m"block text-sm font-medium text-gray-700 mb-2"[39m
            [36m>[39m
              [0mBackground *[0m
            [36m</label>[39m
            [36m<textarea[39m
              [33mclass[39m=[32m"w-full px-3 py-2 border rounded-md focus:outline-none focus:ring-2 focus:ring-blue-500 border-gray-300"[39m
              [33mplaceholder[39m=[32m"Describe the persona's background, experience, and context..."[39m
              [33mrows[39m=[32m"4"[39m
            [36m/>[39m
          [36m</div>[39m
          [36m<div>[39m
            [36m<label[39m
              [33mclass[39m=[32m"block text-sm font-medium text-gray-700 mb-2"[39m
            [36m>[39m
              [0mPersonality Traits * (3-10 traits)[0m
            [36m</label>[39m
            [36m<div[39m
              [33mclass[39m=[32m"flex gap-2 mb-2"[39m
            [36m>[39m
              [36m<input[39m
                [33mclass[39m=[32m"flex-1 px-3 py-2 border border-gray-300 rounded-md focus:outline-none focus:ring-2 focus:ring-blue-500"[39m
                [33mplaceholder[39m=[32m"Add a personality trait"[39m
                [33mtype[39m=[32m"text"[39m
                [33mvalue[39m=[32m""[39m
              [36m/>[39m
              [36m<button[39m
                [33mclass[39m=[32m"px-4 py-2 bg-green-500 text-white rounded-md hover:bg-green-600 disabled:bg-gray-300 disabled:cursor-not-allowed"[39m
                [33mdisabled[39m=[32m""[39m
                [33mtype[39m=[32m"button"[39m
              [36m>[39m
                [0mAdd[0m
              [36m</button>[39m
            [36m</div>[39m
            [36m<div[39m
              [33mclass[39m=[32m"flex flex-wrap gap-2"[39m
            [36m/>[39m
          [36m</div>[39m
          [36m<div[39m
            [33mclass[39m=[32m"grid grid-cols-1 md:grid-cols-2 gap-6"[39m
          [36m>[39m
            [36m<div>[39m
              [36m<label[39m
                [33mclass[39m=[32m"block text-sm font-medium text-gray-700 mb-2"[39m
              [36m>[39m
                [0mCommunication Style[0m
              [36m</label>[39m
              [36m<select[39m
                [33mclass[39m=[32m"w-full px-3 py-2 border border-gray-300 rounded-md focus:outline-none focus:ring-2 focus:ring-blue-500"[39m
              [36m>[39m
                [36m<option[39m
                  [33mvalue[39m=[32m"formal"[39m
                [36m>[39m
                  [0mFormal[0m
                [36m</option>[39m
                [36m<option[39m
                  [33mvalue[39m=[32m"casual"[39m
                [36m>[39m
                  [0mCasual[0m
                [36m</option>[39m
                [36m<option[39m
                  [33mvalue[39m=[32m"technical"[39m
                [36m>[39m
                  [0mTechnical[0m
                [36m</option>[39m
                [36m<option[39m
                  [33mvalue[39m=[32m"collaborative"[39m
                [36m>[39m
                  [0mCollaborative[0m
                [36m</option>[39m
                [36m<option[39m
                  [33mvalue[39m=[32m"authoritative"[39m
                [36m>[39m
                  [0mAuthoritative[0m
                [36m</option>[39m
                [36m<option[39m
                  [33mvalue[39m=[32m"supportive"[39m
                [36m>[39m
                  [0mSupportive[0m
                [36m</option>[39m
              [36m</select>[39m
            [36m</div>[39m
            [36m<div>[39m
              [36m<label[39m
                [33mclass[39m=[32m"block text-sm font-medium text-gray-700 mb-2"[39m
              [36m>[39m
                [0mDecision Making Style[0m
              [36m</label>[39m
              [36m<select[39m
                [33mclass[39m=[32m"w-full px-3 py-2 border border-gray-300 rounded-md focus:outline-none focus:ring-2 focus:ring-blue-500"[39m
              [36m>[39m
                [36m<option[39m
                  [33mvalue[39m=[32m"analytical"[39m
                [36m>[39m
                  [0mAnalytical[0m
                [36m</option>[39m
                [36m<option[39m
                  [33mvalue[39m=[32m"intuitive"[39m
                [36m>[39m
                  [0mIntuitive[0m
                [36m</option>[39m
                [36m<option[39m
                  [33mvalue[39m=[32m"consensus-driven"[39m
                [36m>[39m
                  [0mConsensus-driven[0m
                [36m</option>[39m
                [36m<option[39m
                  [33mvalue[39m=[32m"authoritative"[39m
                [36m>[39m
                  [0mAuthoritative[0m
                [36m</option>[39m
                [36m<option[39m
                  [33mvalue[39m=[32m"risk-averse"[39m
                [36m>[39m
                  [0mRisk-averse[0m
                [36m</option>[39m
                [36m<option[39m
                  [33mvalue[39m=[32m"risk-taking"[39m
                [36m>[39m
                  [0mRisk-taking[0m
                [36m</option>[39m
              [36m</select>[39m
            [36m</div>[39m
          [36m</div>[39m
          [36m<div>[39m
            [36m<label[39m
              [33mclass[39m=[32m"block text-sm font-medium text-gray-700 mb-2"[39m
            [36m>[39m
              [0mPriorities * (2-8 priorities)[0m
            [36m</label>[39m
            [36m<div[39m
              [33mclass[39m=[32m"flex gap-2 mb-2"[39m
            [36m>[39m
              [36m<input[39m
                [33mclass[39m=[32m"flex-1 px-3 py-2 border border-gray-300 rounded-md focus:outline-none focus:ring-2 focus:ring-blue-500"[39m
                [33mplaceholder[39m=[32m"Add a priority"[39m
                [33mtype[39m=[32m"text"[39m
                [33mvalue[39m=[32m""[39m
              [36m/>[39m
              [36m<button[39m
                [33mclass[39m=[32m"px-4 py-2 bg-green-500 text-white rounded-md hover:bg-green-600 disabled:bg-gray-300 disabled:cursor-not-allowed"[39m
                [33mdisabled[39m=[32m""[39m
                [33mtype[39m=[32m"button"[39m
              [36m>[39m
                [0mAdd[0m
              [36m</button>[39m
            [36m</div>[39m
            [36m<div[39m
              [33mclass[39m=[32m"flex flex-wrap gap-2"[39m
            [36m/>[39m
          [36m</div>[39m
          [36m<div>[39m
            [36m<label[39m
              [33mclass[39m=[32m"block text-sm font-medium text-gray-700 mb-2"[39m
            [36m>[39m
              [0mGoals * (1-5 goals)[0m
            [36m</label>[39m
            [36m<div[39m
              [33mclass[39m=[32m"flex gap-2 mb-2"[39m
            [36m>[39m
              [36m<input[39m
                [33mclass[39m=[32m"flex-1 px-3 py-2 border border-gray-300 rounded-md focus:outline-none focus:ring-2 focus:ring-blue-500"[39m
                [33mplaceholder[39m=[32m"Add a goal"[39m
                [33mtype[39m=[32m"text"[39m
                [33mvalue[39m=[32m""[39m
              [36m/>[39m
              [36m<button[39m
                [33mclass[39m=[32m"px-4 py-2 bg-green-500 text-white rounded-md hover:bg-green-600 disabled:bg-gray-300 disabled:cursor-not-allowed"[39m
                [33mdisabled[39m=[32m""[39m
                [33mtype[39m=[32m"button"[39m
              [36m>[39m
                [0mAdd[0m
              [36m</button>[39m
            [36m</div>[39m
            [36m<div[39m
              [33mclass[39m=[32m"flex flex-wrap gap-2"[39m
            [36m/>[39m
          [36m</div>[39m
          [36m<div[39m
            [33mclass[39m=[32m"bg-gray-50 p-4 rounded-lg"[39m
          [36m>[39m
            [36m<h3[39m
              [33mclass[39m=[32m"text-lg font-semibold text-gray-800 mb-3"[39m
            [36m>[39m
              [0mAI Configuration[0m
            [36m</h3>[39m
            [36m<div[39m
              [33mclass[39m=[32m"grid grid-cols-1 md:grid-cols-2 gap-4 mb-4"[39m
            [36m>[39m
              [36m<div>[39m
                [36m<label[39m
                  [33mclass[39m=[32m"block text-sm font-medium text-gray-700 mb-2"[39m
                [36m>[39m
                  [0mAI Model[0m
                [36m</label>[39m
                [36m<select[39m
                  [33mclass[39m=[32m"w-full px-3 py-2 border border-gray-300 rounded-md focus:outline-none focus:ring-2 focus:ring-blue-500"[39m
                [36m>[39m
                  [36m<option[39m
                    [33mvalue[39m=[32m"gpt-4"[39m
                  [36m>[39m
                    [0mGPT-4[0m
                  [36m</option>[39m
                  [36m<option[39m
                    [33mvalue[39m=[32m"gpt-3.5-turbo"[39m
                  [36m>[39m
                    [0mGPT-3.5 Turbo[0m
                  [36m</option>[39m
                  [36m<option[39m
                    [33mvalue[39m=[32m"claude-3"[39m
                  [36m>[39m
                    [0mClaude-3[0m
                  [36m</option>[39m
                  [36m<option[39m
                    [33mvalue[39m=[32m"claude-2"[39m
                  [36m>[39m
                    [0mClaude-2[0m
                  [36m</option>[39m
                [36m</select>[39m
              [36m</div>[39m
              [36m<div>[39m
                [36m<label[39m
                  [33mclass[39m=[32m"block text-sm font-medium text-gray-700 mb-2"[39m
                [36m>[39m
                  [0mTemperature: [0m
                  [0m0.7[0m
                [36m</label>[39m
                [36m<input[39m
                  [33mclass[39m=[32m"w-full"[39m
                  [33mmax[39m=[32m"2"[39m
                  [33mmin[39m=[32m"0"[39m
                  [33mstep[39m=[32m"0.1"[39m
                  [33mtype[39m=[32m"range"[39m
                  [33mvalue[39m=[32m"0.7"[39m
                [36m/>[39m
                [36m<div[39m
                  [33mclass[39m=[32m"flex justify-between text-xs text-gray-500"[39m
                [36m>[39m
                  [36m<span>[39m
                    [0mFocused[0m
                  [36m</span>[39m
                  [36m<span>[39m
                    [0mCreative[0m
                  [36m</span>[39m
                [36m</div>[39m
              [36m</div>[39m
            [36m</div>[39m
            [36m<div>[39m
              [36m<label[39m
                [33mclass[39m=[32m"block text-sm font-medium text-gray-700 mb-2"[39m
              [36m>[39m
                [0mSystem Prompt *[0m
              [36m</label>[39m
              [36m<div[39m
                [33mclass[39m=[32m"flex gap-2 mb-2"[39m
              [36m>[39m
                [36m<button[39m
                  [33mclass[39m=[32m"px-3 py-1 bg-blue-500 text-white text-sm rounded hover:bg-blue-600 transition-colors"[39m
                  [33mtype[39m=[32m"button"[39m
                [36m>[39m
                  [0mAuto-Generate[0m
                [36m</button>[39m
              [36m</div>[39m
              [36m<textarea[39m
                [33mclass[39m=[32m"w-full px-3 py-2 border rounded-md focus:outline-none focus:ring-2 focus:ring-blue-500 border-gray-300"[39m
                [33mplaceholder[39m=[32m"Enter the system prompt that will guide the AI's responses..."[39m
                [33mrows[39m=[32m"6"[39m
              [36m/>[39m
            [36m</div>[39m
          [36m</div>[39m
          [36m<div[39m
            [33mclass[39m=[32m"bg-gray-50 p-4 rounded-lg"[39m
          [36m>[39m
            [36m<h3[39m
              [33mclass[39m=[32m"text-lg font-semibold text-gray-800 mb-3"[39m
            [36m>[39m
              [0mAvailability Settings[0m
            [36m</h3>[39m
            [36m<div[39m
              [33mclass[39m=[32m"grid grid-cols-1 md:grid-cols-3 gap-4"[39m
            [36m>[39m
              [36m<div>[39m
                [36m<label[39m
                  [33mclass[39m=[32m"block text-sm font-medium text-gray-700 mb-2"[39m
                [36m>[39m
                  [0mResponse Time (minutes)[0m
                [36m</label>[39m
                [36m<input[39m
                  [33mclass[39m=[32m"w-full px-3 py-2 border border-gray-300 rounded-md focus:outline-none focus:ring-2 focus:ring-blue-500"[39m
                  [33mmax[39m=[32m"1440"[39m
                  [33mmin[39m=[32m"1"[39m
                  [33mtype[39m=[32m"number"[39m
                  [33mvalue[39m=[32m"5"[39m
                [36m/>[39m
              [36m</div>[39m
              [36m<div>[39m
                [36m<label[39m
                  [33mclass[39m=[32m"block text-sm font-medium text-gray-700 mb-2"[39m
                [36m>[39m
                  [0mStart Time[0m
                [36m</label>[39m
                [36m<input[39m
                  [33mclass[39m=[32m"w-full px-3 py-2 border border-gray-300 rounded-md focus:outline-none focus:ring-2 focus:ring-blue-500"[39m
                  [33mtype[39m=[32m"time"[39m
                  [33mvalue[39m=[32m"09:00"[39m
                [36m/>[39m
              [36m</div>[39m
              [36m<div>[39m
                [36m<label[39m
                  [33mclass[39m=[32m"block text-sm font-medium text-gray-700 mb-2"[39m
                [36m>[39m
                  [0mEnd Time[0m
                [36m</label>[39m
                [36m<input[39m
                  [33mclass[39m=[32m"w-full px-3 py-2 border border-gray-300 rounded-md focus:outline-none focus:ring-2 focus:ring-blue-500"[39m
                  [33mtype[39m=[32m"time"[39m
                  [33mvalue[39m=[32m"17:00"[39m
                [36m/>[39m
              [36m</div>[39m
            [36m</div>[39m
          [36m</div>[39m
          [36m<div[39m
            [33mclass[39m=[32m"flex justify-end gap-4 pt-6 border-t"[39m
          [36m>[39m
            [36m<button[39m
              [33mclass[39m=[32m"px-6 py-2 border border-gray-300 text-gray-700 rounded-md hover:bg-gray-50 transition-colors"[39m
              [33mtype[39m=[32m"button"[39m
            [36m>[39m
              [0mCancel[0m
            [36m</button>[39m
            [36m<button[39m
              [33mclass[39m=[32m"px-6 py-2 bg-blue-500 text-white rounded-md hover:bg-blue-600 disabled:bg-gray-300 disabled:cursor-not-allowed transition-colors"[39m
              [33mtype[39m=[32m"submit"[39m
            [36m>[39m
              [0mCreate Persona[0m
            [36m</button>[39m
          [36m</div>[39m
        [36m</form>[39m
      [36m</div>[39m
    [36m</div>[39m
  [36m</body>[39m
[36m</html>[39m

 Test Files  8 failed | 9 passed (17)
      Tests  62 failed | 210 passed | 3 skipped (275)
   Start at  12:28:17
   Duration  12.97s (transform 1.46s, setup 2.47s, collect 6.02s, tests 30.32s, environment 8.48s, prepare 2.26s)

